Starting TASM assembly at 2026-03-22 11:35:09 AM
Input file: ../working/core/game.asm
Generated DOSBox config: C:\Users\nvenh\AppData\Local\Temp\dosbox_tasm_0593ddbbcf304b229bbcb8d9544f3d1e.conf
Running DOSBox...

DOSBox version 0.74-3
Copyright 2002-2019 DOSBox Team, published under GNU GPL.
---
CONFIG:Loading primary settings from config file C:\Users\nvenh\AppData\Local\Temp\dosbox_tasm_0593ddbbcf304b229bbcb8d9544f3d1e.conf

Windows dpi/blurry apps scaling detected! The screen might be too large or not
show properly, please see the DOSBox options file (fullresolution) for details.

MIDI:Opened device:win32
SHELL:Redirect output to "tasm_output_game.txt"
SHELL:Redirect output to "tasm_output_game.txt"

DOSBox exited with code: 0
✓ Created: C:\Projects\Zeliard\3_Assembly\tasm\working\core\game.obj
✓ Created: C:\Projects\Zeliard\3_Assembly\tasm\working\core\game.lst
✓ Created: C:\Projects\Zeliard\3_Assembly\tasm\working\core\game.exe
  → Fixed MZ header: min/max alloc = 0x0201 (513 paragraphs)
Deleted temporary config: C:\Users\nvenh\AppData\Local\Temp\dosbox_tasm_0593ddbbcf304b229bbcb8d9544f3d1e.conf
Assembly completed with exit code: 0
