Starting TASM assembly at 2026-03-22 11:36:40 AM
Input file: ../working/drivers/gmcga.asm
Generated DOSBox config: C:\Users\nvenh\AppData\Local\Temp\dosbox_tasm_fe81eaa8c1654b6caa1d769aa2e97913.conf
Running DOSBox...

DOSBox version 0.74-3
Copyright 2002-2019 DOSBox Team, published under GNU GPL.
---
CONFIG:Loading primary settings from config file C:\Users\nvenh\AppData\Local\Temp\dosbox_tasm_fe81eaa8c1654b6caa1d769aa2e97913.conf

Windows dpi/blurry apps scaling detected! The screen might be too large or not
show properly, please see the DOSBox options file (fullresolution) for details.

MIDI:Opened device:win32
SHELL:Redirect output to "tasm_output_gmcga.txt"
SHELL:Redirect output to "tasm_output_gmcga.txt"

DOSBox exited with code: 0
✓ Created: C:\Projects\Zeliard\3_Assembly\tasm\working\drivers\gmcga.obj
✓ Created: C:\Projects\Zeliard\3_Assembly\tasm\working\drivers\gmcga.lst
✓ Created: C:\Projects\Zeliard\3_Assembly\tasm\working\drivers\gmcga.exe
  → Fixed MZ header: min/max alloc = 0x0201 (513 paragraphs)
Deleted temporary config: C:\Users\nvenh\AppData\Local\Temp\dosbox_tasm_fe81eaa8c1654b6caa1d769aa2e97913.conf
Assembly completed with exit code: 0
