Turbo Assembler	 Version 2.01	     03/22/26 12:38:14	    Page 1
300LVLLD.asm



      1
      2
      3				     ;==========================================================================
      4				     ;
      5				     ;	LEVEL_LOADER - Code Module
      6				     ;
      7				     ;==========================================================================
      8
      9	      =	5432		     target	     EQU   'T2'			     ; Target assembler: TASM-2.X
     10
     11				     include  srmacros.inc
1    12
1    13				     ; Macros which may	be required for	proper re-assembly
1    14
1    15
1    16
1    17
1    18
1    19				     ;-----------------------------------------------------------------------------
1    20				     ; Some assemblers,	like TASM, check each far call and jump, to see	if it is
1    21				     ; in the same segment.  If	so, rather than	produce	the standard five byte far
1    22				     ; instruction it uses a near jump or call.
1    23
1    24				     calls	     macro   dummy1, dummy2, slocation
1    25						     db	     9Ah		     ; forced call far instruction
1    26						     dw	     offset slocation, seg slocation
1    27				     endm
1    28
1    29				     jmps	     macro   dummy1, dummy2, jlocation
1    30						     db	     0EAh		     ; forced jump far instruction
1    31						     dw	     offset jlocation, seg jlocation
1    32				     endm
1    33
1    34
1    35
1    36
1    37				     ;-----------------------------------------------------------------------------
1    38				     ;	Some compilers and some	assemblers will	code a call that goes to a far
1    39				     ;	subroutine in the same segment as:
1    40				     ;
1    41				     ;		     PUSH    CS
1    42				     ;		     CALL    near
1    43				     ;
1    44				     ;	This saves one byte, and is slightly faster.  If the assembler you are
1    45				     ;	using (i.e. MASM, Optasm) does not do this automatically, the following
1    46				     ;	macros are used	to code	the same information.  In other	words, the binary
1    47				     ;	file has "PUSH CS, CALL	near", and Sourcer ensures the same instructions
1    48				     ;	are used!  (macro CALLF)
1    49				     ;
1    50
1    51				     callf	     macro   location
1    52						     push    cs
1    53						     call    near ptr location
1    54				     endm
Turbo Assembler	 Version 2.01	     03/22/26 12:38:14	    Page 2
300LVLLD.asm



1    55
1    56				     ;	Some compilers generate	an unnecessary DS override on the call instruction
1    57				     ;	when compacting	the CALLF type function.  Macro	CALLFX handles this case.
1    58
1    59				     callfx	     macro   location
1    60						     push    cs
1    61						     db	     3Eh
1    62						     call    near ptr location
1    63				     endm
1    64
1    65
1    66				     ;-----------------------------------------------------------------------------
1    67				     ;	Some compilers and some	assemblers will	code a near call that is the
1    68				     ;	selected assembler will	convert	to a short jump	to save	a byte.	 This
1    69				     ;	reconstructs a near jump for these cases.
1    70
1    71				     jmpn	     macro   location
1    72						     db	     0E9h
1    73						     dw	     offset location-$-2
1    74				     endm
1    75
1    76
1    77
     78
     79
     80				     ; The following equates show data references outside the range of the program.
     81
     82	      =	2000		     data_6e	     equ     2000h		     ;*
     83	      =	2026		     data_7e	     equ     2026h		     ;*
     84	      =	2028		     data_8e	     equ     2028h		     ;*
     85	      =	203E		     data_9e	     equ     203Eh		     ;*
     86	      =	3022		     data_10e	     equ     3022h		     ;*
     87	      =	3024		     data_11e	     equ     3024h		     ;*
     88	      =	3026		     data_12e	     equ     3026h		     ;*
     89	      =	3028		     data_13e	     equ     3028h		     ;*
     90	      =	84BE		     data_14e	     equ     84BEh		     ;*
     91	      =	A569		     data_15e	     equ     0A569h		     ;*
     92	      =	A572		     data_16e	     equ     0A572h		     ;*
     93	      =	A59A		     data_17e	     equ     0A59Ah		     ;*
     94	      =	A59B		     data_18e	     equ     0A59Bh		     ;*
     95	      =	A59C		     data_19e	     equ     0A59Ch		     ;*
     96	      =	A59D		     data_20e	     equ     0A59Dh		     ;*
     97	      =	A59E		     data_21e	     equ     0A59Eh		     ;*
     98	      =	A59F		     data_22e	     equ     0A59Fh		     ;*
     99	      =	A5A0		     data_23e	     equ     0A5A0h		     ;*
    100	      =	A5A1		     data_24e	     equ     0A5A1h		     ;*
    101	      =	A5A2		     data_25e	     equ     0A5A2h		     ;*
    102	      =	A5A3		     data_26e	     equ     0A5A3h		     ;*
    103	      =	A5A4		     data_27e	     equ     0A5A4h		     ;*
    104	      =	A5A5		     data_28e	     equ     0A5A5h		     ;*
    105	      =	A5A6		     data_29e	     equ     0A5A6h		     ;*
    106	      =	A5A7		     data_30e	     equ     0A5A7h		     ;*
    107	      =	FF1A		     data_31e	     equ     0FF1Ah		     ;*
    108	      =	FF26		     data_32e	     equ     0FF26h		     ;*
Turbo Assembler	 Version 2.01	     03/22/26 12:38:14	    Page 3
300LVLLD.asm



    109	      =	FF2C		     data_33e	     equ     0FF2Ch		     ;*
    110	      =	FF33		     data_34e	     equ     0FF33h		     ;*
    111	      =	FF75		     data_35e	     equ     0FF75h		     ;*
    112
    113	0000			     seg_a	     segment byte public
    114						     assume  cs:seg_a, ds:seg_a
    115
    116
    117						     org     0
    118
    119	0000			     zr3_00	     proc    far
    120
    121	0000			     start:
    122	0000  A8 05				     test    al,5
    123	0002  00 00				     add     [bx+si],al
    124	0004  02 A0 84BE			     add     ah,ds:data_14e[bx+si]
    125	0008  A5				     movsw			     ; Mov [si]	to es:[di]
    126	0009  2E: 8E 06	FF2C			     mov     es,cs:data_33e
    127	000E  BF 3000				     mov     di,3000h
    128	0011  B0 05				     mov     al,5
    129	0013  2E: FF 16	010C			     call    word ptr cs:[10Ch]
    130	0018  2E: 8E 06	FF2C			     mov     es,cs:data_33e
    131	001D  BE A58F				     mov     si,0A58Fh
    132	0020  BF 6000				     mov     di,6000h
    133	0023  B0 02				     mov     al,2
    134	0025  2E: FF 16	010C			     call    word ptr cs:[10Ch]
    135	002A  1E				     push    ds
    136	002B  2E: 8E 1E	FF2C			     mov     ds,cs:data_33e
    137	0030  BE 6000				     mov     si,6000h
    138	0033  BD D000				     mov     bp,0D000h
    139	0036  B9 0100				     mov     cx,100h
    140	0039  2E: FF 16	3028			     call    word ptr cs:data_13e
    141	003E  1F				     pop     ds
    142	003F  FE 06 00A0			     inc     byte ptr ds:[0A0h]
    143	0043  B0 00				     mov     al,0
    144	0045  80 3E 00A0 09			     cmp     byte ptr ds:[0A0h],9
    145	004A  72 07				     jb	     loc_1		     ; Jump if below
    146	004C  C6 06 00A0 09			     mov     byte ptr ds:[0A0h],9
    147	0051  B0 01				     mov     al,1
    148	0053			     loc_1:
    149	0053  A2 A5A4				     mov     ds:data_27e,al
    150	0056  BB 2552				     mov     bx,2552h
    151	0059  2E: FF 16	203E			     call    word ptr cs:data_9e
    152	005E  80 26 00C2 FE			     and     byte ptr ds:[0C2h],0FEh
    153	0063  BB 0C6E				     mov     bx,0C6Eh
    154	0066  B9 000D				     mov     cx,0Dh
    155
    156	0069			     locloop_2:
    157	0069  F7 C1 0001			     test    cx,1
    158	006D  75 05				     jnz     loc_3		     ; Jump if not zero
    159	006F  C6 06 FF75 1A			     mov     byte ptr ds:data_35e,1Ah
    160	0074			     loc_3:
    161	0074  51				     push    cx
    162	0075  53				     push    bx
Turbo Assembler	 Version 2.01	     03/22/26 12:38:14	    Page 4
300LVLLD.asm



    163	0076  FE 06 00E7			     inc     byte ptr ds:[0E7h]
    164	007A  80 26 00E7 03			     and     byte ptr ds:[0E7h],3
    165	007F  E8 0389				     call    lvload_multiply
    166	0082  E8 040E				     call    lvload_multiply_2
    167	0085  5B				     pop     bx
    168	0086  80 FF 24				     cmp     bh,24h		     ; '$'
    169	0089  74 0F				     je	     loc_4		     ; Jump if equal
    170	008B  53				     push    bx
    171	008C  B9 0218				     mov     cx,218h
    172	008F  32 C0				     xor     al,al		     ; Zero register
    173	0091  2E: FF 16	2000			     call    word ptr cs:data_6e
    174	0096  5B				     pop     bx
    175	0097  80 C7 02				     add     bh,2
    176	009A			     loc_4:
    177	009A  59				     pop     cx
    178	009B  E2 CC				     loop    locloop_2		     ; Loop if cx > 0
    179
    180	009D  C6 06 00E7 04			     mov     byte ptr ds:[0E7h],4
    181	00A2  BB 246E				     mov     bx,246Eh
    182	00A5  E8 0363				     call    lvload_multiply
    183	00A8  B9 0005				     mov     cx,5
    184
    185	00AB			     locloop_5:
    186	00AB  51				     push    cx
    187	00AC  E8 03E4				     call    lvload_multiply_2
    188	00AF  59				     pop     cx
    189	00B0  E2 F9				     loop    locloop_5		     ; Loop if cx > 0
    190
    191	00B2  C6 06 00E7 05			     mov     byte ptr ds:[0E7h],5
    192	00B7			     loc_6:
    193	00B7  BB 246E				     mov     bx,246Eh
    194	00BA  E8 034E				     call    lvload_multiply
    195	00BD  E8 03D3				     call    lvload_multiply_2
    196	00C0  E8 03D0				     call    lvload_multiply_2
    197	00C3  FE 06 00E7			     inc     byte ptr ds:[0E7h]
    198	00C7  80 3E 00E7 09			     cmp     byte ptr ds:[0E7h],9
    199	00CC  72 E9				     jb	     loc_6		     ; Jump if below
    200	00CE  BB 246E				     mov     bx,246Eh
    201	00D1  E8 0337				     call    lvload_multiply
    202	00D4  2E: FF 16	3024			     call    word ptr cs:data_11e
    203	00D9  32 FF				     xor     bh,bh		     ; Zero register
    204	00DB  8A 1E 00A0			     mov     bl,byte ptr ds:[0A0h]
    205	00DF  4B				     dec     bx
    206	00E0  8A 87 A569			     mov     al,ds:data_15e[bx]
    207	00E4  A2 A59A				     mov     ds:data_17e,al
    208	00E7  C6 06 A59B 02			     mov     byte ptr ds:data_18e,2
    209	00EC  E8 03B8				     call    lvload_func_3
    210	00EF  8A 26 A59C			     mov     ah,ds:data_19e
    211	00F3  D0 EC				     shr     ah,1		     ; Shift w/zeros fill
    212	00F5  D0 EC				     shr     ah,1		     ; Shift w/zeros fill
    213	00F7  D0 EC				     shr     ah,1		     ; Shift w/zeros fill
    214	00F9  A0 A59D				     mov     al,ds:data_20e
    215	00FC  B9 0310				     mov     cx,310h
    216	00FF  33 FF				     xor     di,di		     ; Zero register
Turbo Assembler	 Version 2.01	     03/22/26 12:38:14	    Page 5
300LVLLD.asm



    217	0101  2E: FF 16	2026			     call    word ptr cs:data_7e
    218	0106  C6 06 A5A5 00			     mov     byte ptr ds:data_28e,0
    219	010B			     loc_7:
    220	010B  A0 A5A5				     mov     al,ds:data_28e
    221	010E  8A 1E A59C			     mov     bl,ds:data_19e
    222	0112  32 FF				     xor     bh,bh		     ; Zero register
    223	0114  8A 0E A59D			     mov     cl,ds:data_20e
    224	0118  2E: FF 16	3026			     call    word ptr cs:data_12e
    225	011D  E8 0373				     call    lvload_multiply_2
    226	0120  8A 26 A59C			     mov     ah,ds:data_19e
    227	0124  D0 EC				     shr     ah,1		     ; Shift w/zeros fill
    228	0126  D0 EC				     shr     ah,1		     ; Shift w/zeros fill
    229	0128  D0 EC				     shr     ah,1		     ; Shift w/zeros fill
    230	012A  A0 A59D				     mov     al,ds:data_20e
    231	012D  B9 0310				     mov     cx,310h
    232	0130  33 FF				     xor     di,di		     ; Zero register
    233	0132  2E: FF 16	2028			     call    word ptr cs:data_8e
    234	0137  FE 06 A5A5			     inc     byte ptr ds:data_28e
    235	013B  80 3E A5A5 02			     cmp     byte ptr ds:data_28e,2
    236	0140  72 C9				     jb	     loc_7		     ; Jump if below
    237	0142  8A 26 A59C			     mov     ah,ds:data_19e
    238	0146  D0 EC				     shr     ah,1		     ; Shift w/zeros fill
    239	0148  D0 EC				     shr     ah,1		     ; Shift w/zeros fill
    240	014A  D0 EC				     shr     ah,1		     ; Shift w/zeros fill
    241	014C  80 EC 06				     sub     ah,6
    242	014F  A0 A59D				     mov     al,ds:data_20e
    243	0152  B9 1110				     mov     cx,1110h
    244	0155  33 FF				     xor     di,di		     ; Zero register
    245	0157  2E: FF 16	2026			     call    word ptr cs:data_7e
    246	015C  C6 06 FF75 1B			     mov     byte ptr ds:data_35e,1Bh
    247	0161  C6 06 A5A5 00			     mov     byte ptr ds:data_28e,0
    248	0166			     loc_8:
    249	0166  A0 A5A5				     mov     al,ds:data_28e
    250	0169  0C 80				     or	     al,80h
    251	016B  8A 1E A59C			     mov     bl,ds:data_19e
    252	016F  32 FF				     xor     bh,bh		     ; Zero register
    253	0171  83 EB 18				     sub     bx,18h
    254	0174  8A 0E A59D			     mov     cl,ds:data_20e
    255	0178  2E: FF 16	3026			     call    word ptr cs:data_12e
    256	017D  E8 0313				     call    lvload_multiply_2
    257	0180  E8 0310				     call    lvload_multiply_2
    258	0183  8A 26 A59C			     mov     ah,ds:data_19e
    259	0187  D0 EC				     shr     ah,1		     ; Shift w/zeros fill
    260	0189  D0 EC				     shr     ah,1		     ; Shift w/zeros fill
    261	018B  D0 EC				     shr     ah,1		     ; Shift w/zeros fill
    262	018D  80 EC 06				     sub     ah,6
    263	0190  A0 A59D				     mov     al,ds:data_20e
    264	0193  B9 1110				     mov     cx,1110h
    265	0196  33 FF				     xor     di,di		     ; Zero register
    266	0198  2E: FF 16	2028			     call    word ptr cs:data_8e
    267	019D  FE 06 A5A5			     inc     byte ptr ds:data_28e
    268	01A1  80 3E A5A5 02			     cmp     byte ptr ds:data_28e,2
    269	01A6  72 BE				     jb	     loc_8		     ; Jump if below
    270	01A8  BB 2552				     mov     bx,2552h
Turbo Assembler	 Version 2.01	     03/22/26 12:38:14	    Page 6
300LVLLD.asm



    271	01AB  B9 0410				     mov     cx,410h
    272	01AE  32 C0				     xor     al,al		     ; Zero register
    273	01B0  2E: FF 16	2000			     call    word ptr cs:data_6e
    274	01B5  2E: FF 16	3024			     call    word ptr cs:data_11e
    275	01BA  8A 26 A59C			     mov     ah,ds:data_19e
    276	01BE  D0 EC				     shr     ah,1		     ; Shift w/zeros fill
    277	01C0  D0 EC				     shr     ah,1		     ; Shift w/zeros fill
    278	01C2  D0 EC				     shr     ah,1		     ; Shift w/zeros fill
    279	01C4  A0 A59D				     mov     al,ds:data_20e
    280	01C7  B9 0310				     mov     cx,310h
    281	01CA  33 FF				     xor     di,di		     ; Zero register
    282	01CC  2E: FF 16	2026			     call    word ptr cs:data_7e
    283	01D1  C6 06 A5A5 00			     mov     byte ptr ds:data_28e,0
    284	01D6			     loc_9:
    285	01D6  A0 A5A5				     mov     al,ds:data_28e
    286	01D9  8A 1E A59C			     mov     bl,ds:data_19e
    287	01DD  32 FF				     xor     bh,bh		     ; Zero register
    288	01DF  8A 0E A59D			     mov     cl,ds:data_20e
    289	01E3  2E: FF 16	3026			     call    word ptr cs:data_12e
    290	01E8  E8 02A8				     call    lvload_multiply_2
    291	01EB  8A 26 A59C			     mov     ah,ds:data_19e
    292	01EF  D0 EC				     shr     ah,1		     ; Shift w/zeros fill
    293	01F1  D0 EC				     shr     ah,1		     ; Shift w/zeros fill
    294	01F3  D0 EC				     shr     ah,1		     ; Shift w/zeros fill
    295	01F5  A0 A59D				     mov     al,ds:data_20e
    296	01F8  B9 0310				     mov     cx,310h
    297	01FB  33 FF				     xor     di,di		     ; Zero register
    298	01FD  2E: FF 16	2028			     call    word ptr cs:data_8e
    299	0202  FE 06 A5A5			     inc     byte ptr ds:data_28e
    300	0206  80 3E A5A5 04			     cmp     byte ptr ds:data_28e,4
    301	020B  72 C9				     jb	     loc_9		     ; Jump if below
    302	020D  C6 06 A5A7 C8			     mov     byte ptr ds:data_30e,0C8h
    303	0212			     loc_10:
    304	0212  FE 06 A5A6			     inc     byte ptr ds:data_29e
    305	0216  F6 06 A5A6 01			     test    byte ptr ds:data_29e,1
    306	021B  75 19				     jnz     loc_11		     ; Jump if not zero
    307	021D  FE 06 A5A5			     inc     byte ptr ds:data_28e
    308	0221  FE 06 A5A7			     inc     byte ptr ds:data_30e
    309	0225  80 3E A5A7 03			     cmp     byte ptr ds:data_30e,3
    310	022A  72 0A				     jb	     loc_11		     ; Jump if below
    311	022C  C6 06 A5A7 00			     mov     byte ptr ds:data_30e,0
    312	0231  C6 06 FF75 1C			     mov     byte ptr ds:data_35e,1Ch
    313	0236			     loc_11:
    314	0236  8A 26 A59C			     mov     ah,ds:data_19e
    315	023A  D0 EC				     shr     ah,1		     ; Shift w/zeros fill
    316	023C  D0 EC				     shr     ah,1		     ; Shift w/zeros fill
    317	023E  D0 EC				     shr     ah,1		     ; Shift w/zeros fill
    318	0240  A0 A59D				     mov     al,ds:data_20e
    319	0243  B9 0310				     mov     cx,310h
    320	0246  33 FF				     xor     di,di		     ; Zero register
    321	0248  2E: FF 16	2028			     call    word ptr cs:data_8e
    322	024D  E8 02BE				     call    lvload_func_4
    323	0250  9C				     pushf			     ; Push flags
    324	0251  8A 26 A59C			     mov     ah,ds:data_19e
Turbo Assembler	 Version 2.01	     03/22/26 12:38:14	    Page 7
300LVLLD.asm



    325	0255  D0 EC				     shr     ah,1		     ; Shift w/zeros fill
    326	0257  D0 EC				     shr     ah,1		     ; Shift w/zeros fill
    327	0259  D0 EC				     shr     ah,1		     ; Shift w/zeros fill
    328	025B  A0 A59D				     mov     al,ds:data_20e
    329	025E  B9 0310				     mov     cx,310h
    330	0261  33 FF				     xor     di,di		     ; Zero register
    331	0263  2E: FF 16	2026			     call    word ptr cs:data_7e
    332	0268  A0 A5A5				     mov     al,ds:data_28e
    333	026B  24 01				     and     al,1
    334	026D  04 02				     add     al,2
    335	026F  8A 1E A59C			     mov     bl,ds:data_19e
    336	0273  32 FF				     xor     bh,bh		     ; Zero register
    337	0275  8A 0E A59D			     mov     cl,ds:data_20e
    338	0279  2E: FF 16	3026			     call    word ptr cs:data_12e
    339	027E  E8 0212				     call    lvload_multiply_2
    340	0281  9D				     popf			     ; Pop flags
    341	0282  73 8E				     jnc     loc_10		     ; Jump if carry=0
    342	0284  8A 26 A59C			     mov     ah,ds:data_19e
    343	0288  D0 EC				     shr     ah,1		     ; Shift w/zeros fill
    344	028A  D0 EC				     shr     ah,1		     ; Shift w/zeros fill
    345	028C  D0 EC				     shr     ah,1		     ; Shift w/zeros fill
    346	028E  A0 A59D				     mov     al,ds:data_20e
    347	0291  B9 0310				     mov     cx,310h
    348	0294  33 FF				     xor     di,di		     ; Zero register
    349	0296  2E: FF 16	2028			     call    word ptr cs:data_8e
    350	029B  8A 26 A59C			     mov     ah,ds:data_19e
    351	029F  D0 EC				     shr     ah,1		     ; Shift w/zeros fill
    352	02A1  D0 EC				     shr     ah,1		     ; Shift w/zeros fill
    353	02A3  D0 EC				     shr     ah,1		     ; Shift w/zeros fill
    354	02A5  80 EC 06				     sub     ah,6
    355	02A8  A0 A59D				     mov     al,ds:data_20e
    356	02AB  B9 1110				     mov     cx,1110h
    357	02AE  33 FF				     xor     di,di		     ; Zero register
    358	02B0  2E: FF 16	2026			     call    word ptr cs:data_7e
    359	02B5  C6 06 FF75 1B			     mov     byte ptr ds:data_35e,1Bh
    360	02BA  C6 06 A5A5 00			     mov     byte ptr ds:data_28e,0
    361	02BF			     loc_12:
    362	02BF  A0 A5A5				     mov     al,ds:data_28e
    363	02C2  0C 80				     or	     al,80h
    364	02C4  8A 1E A59C			     mov     bl,ds:data_19e
    365	02C8  32 FF				     xor     bh,bh		     ; Zero register
    366	02CA  83 EB 18				     sub     bx,18h
    367	02CD  8A 0E A59D			     mov     cl,ds:data_20e
    368	02D1  2E: FF 16	3026			     call    word ptr cs:data_12e
    369	02D6  E8 01BA				     call    lvload_multiply_2
    370	02D9  E8 01B7				     call    lvload_multiply_2
    371	02DC  8A 26 A59C			     mov     ah,ds:data_19e
    372	02E0  D0 EC				     shr     ah,1		     ; Shift w/zeros fill
    373	02E2  D0 EC				     shr     ah,1		     ; Shift w/zeros fill
    374	02E4  D0 EC				     shr     ah,1		     ; Shift w/zeros fill
    375	02E6  80 EC 06				     sub     ah,6
    376	02E9  A0 A59D				     mov     al,ds:data_20e
    377	02EC  B9 1110				     mov     cx,1110h
    378	02EF  33 FF				     xor     di,di		     ; Zero register
Turbo Assembler	 Version 2.01	     03/22/26 12:38:14	    Page 8
300LVLLD.asm



    379	02F1  2E: FF 16	2028			     call    word ptr cs:data_8e
    380	02F6  FE 06 A5A5			     inc     byte ptr ds:data_28e
    381	02FA  80 3E A5A5 02			     cmp     byte ptr ds:data_28e,2
    382	02FF  72 BE				     jb	     loc_12		     ; Jump if below
    383	0301  A0 A5A4				     mov     al,ds:data_27e
    384	0304  8A 1E 00A0			     mov     bl,byte ptr ds:[0A0h]
    385	0308  FE CB				     dec     bl
    386	030A  32 FF				     xor     bh,bh		     ; Zero register
    387	030C  03 DB				     add     bx,bx
    388	030E  8B 9F A572			     mov     bx,ds:data_16e[bx]
    389	0312  2E: FF 16	203E			     call    word ptr cs:data_9e
    390	0317  8A 26 A59C			     mov     ah,ds:data_19e
    391	031B  D0 EC				     shr     ah,1		     ; Shift w/zeros fill
    392	031D  D0 EC				     shr     ah,1		     ; Shift w/zeros fill
    393	031F  D0 EC				     shr     ah,1		     ; Shift w/zeros fill
    394	0321  A0 A59D				     mov     al,ds:data_20e
    395	0324  B9 0310				     mov     cx,310h
    396	0327  33 FF				     xor     di,di		     ; Zero register
    397	0329  2E: FF 16	2026			     call    word ptr cs:data_7e
    398	032E  C6 06 A5A5 04			     mov     byte ptr ds:data_28e,4
    399	0333			     loc_13:
    400	0333  A0 A5A5				     mov     al,ds:data_28e
    401	0336  FE C8				     dec     al
    402	0338  8A 1E A59C			     mov     bl,ds:data_19e
    403	033C  32 FF				     xor     bh,bh		     ; Zero register
    404	033E  8A 0E A59D			     mov     cl,ds:data_20e
    405	0342  2E: FF 16	3026			     call    word ptr cs:data_12e
    406	0347  E8 0149				     call    lvload_multiply_2
    407	034A  8A 26 A59C			     mov     ah,ds:data_19e
    408	034E  D0 EC				     shr     ah,1		     ; Shift w/zeros fill
    409	0350  D0 EC				     shr     ah,1		     ; Shift w/zeros fill
    410	0352  D0 EC				     shr     ah,1		     ; Shift w/zeros fill
    411	0354  A0 A59D				     mov     al,ds:data_20e
    412	0357  B9 0310				     mov     cx,310h
    413	035A  33 FF				     xor     di,di		     ; Zero register
    414	035C  2E: FF 16	2028			     call    word ptr cs:data_8e
    415	0361  FE 0E A5A5			     dec     byte ptr ds:data_28e
    416	0365  75 CC				     jnz     loc_13		     ; Jump if not zero
    417	0367  1E				     push    ds
    418	0368  2E: 8E 1E	FF2C			     mov     ds,cs:data_33e
    419	036D  BE 3000				     mov     si,3000h
    420	0370  33 C0				     xor     ax,ax		     ; Zero register
    421	0372  CD 60				     int     60h		     ; ??INT Non-standard interrupt
    422	0374  1F				     pop     ds
    423	0375			     loc_14:
    424	0375  F6 06 FF26 FF			     test    byte ptr ds:data_32e,0FFh
    425	037A  74 F9				     jz	     loc_14		     ; Jump if zero
    426	037C  B8 0001				     mov     ax,1
    427	037F  CD 60				     int     60h		     ; ??INT Non-standard interrupt
    428	0381  BB 2456				     mov     bx,2456h
    429	0384  B9 0618				     mov     cx,618h
    430	0387  32 C0				     xor     al,al		     ; Zero register
    431	0389  2E: FF 16	2000			     call    word ptr cs:data_6e
    432	038E  C6 06 00E7 08			     mov     byte ptr ds:[0E7h],8
Turbo Assembler	 Version 2.01	     03/22/26 12:38:14	    Page 9
300LVLLD.asm



    433	0393			     loc_15:
    434	0393  BB 246E				     mov     bx,246Eh
    435	0396  E8 0072				     call    lvload_multiply
    436	0399  E8 00F7				     call    lvload_multiply_2
    437	039C  E8 00F4				     call    lvload_multiply_2
    438	039F  FE 0E 00E7			     dec     byte ptr ds:[0E7h]
    439	03A3  80 3E 00E7 05			     cmp     byte ptr ds:[0E7h],5
    440	03A8  73 E9				     jae     loc_15		     ; Jump if above or	=
    441	03AA  BB 246E				     mov     bx,246Eh
    442	03AD  E8 005B				     call    lvload_multiply
    443	03B0  B9 0005				     mov     cx,5
    444
    445	03B3			     locloop_16:
    446	03B3  51				     push    cx
    447	03B4  E8 00DC				     call    lvload_multiply_2
    448	03B7  59				     pop     cx
    449	03B8  E2 F9				     loop    locloop_16		     ; Loop if cx > 0
    450
    451	03BA  BB 246E				     mov     bx,246Eh
    452	03BD  B9 0218				     mov     cx,218h
    453	03C0  32 C0				     xor     al,al		     ; Zero register
    454	03C2  2E: FF 16	2000			     call    word ptr cs:data_6e
    455	03C7  BB 266E				     mov     bx,266Eh
    456	03CA  B9 000D				     mov     cx,0Dh
    457
    458	03CD			     locloop_17:
    459	03CD  F7 C1 0001			     test    cx,1
    460	03D1  75 05				     jnz     loc_18		     ; Jump if not zero
    461	03D3  C6 06 FF75 1A			     mov     byte ptr ds:data_35e,1Ah
    462	03D8			     loc_18:
    463	03D8  51				     push    cx
    464	03D9  53				     push    bx
    465	03DA  FE 06 00E7			     inc     byte ptr ds:[0E7h]
    466	03DE  80 26 00E7 03			     and     byte ptr ds:[0E7h],3
    467	03E3  E8 0025				     call    lvload_multiply
    468	03E6  E8 00AA				     call    lvload_multiply_2
    469	03E9  5B				     pop     bx
    470	03EA  80 FF 3E				     cmp     bh,3Eh		     ; '>'
    471	03ED  74 0F				     je	     loc_19		     ; Jump if equal
    472	03EF  53				     push    bx
    473	03F0  B9 0218				     mov     cx,218h
    474	03F3  32 C0				     xor     al,al		     ; Zero register
    475	03F5  2E: FF 16	2000			     call    word ptr cs:data_6e
    476	03FA  5B				     pop     bx
    477	03FB  80 C7 02				     add     bh,2
    478	03FE			     loc_19:
    479	03FE  59				     pop     cx
    480	03FF  E2 CC				     loop    locloop_17		     ; Loop if cx > 0
    481
    482	0401  B9 0618				     mov     cx,618h
    483	0404  32 C0				     xor     al,al		     ; Zero register
    484	0406  2E: FF 26	2000			     jmp     word ptr cs:data_6e
    485
    486	040B			     zr3_00	     endp
Turbo Assembler	 Version 2.01	     03/22/26 12:38:14	    Page 10
300LVLLD.asm



    487
    488				     ;ﬂﬂﬂﬂﬂﬂﬂﬂﬂﬂﬂﬂﬂﬂﬂﬂﬂﬂﬂﬂﬂﬂﬂﬂﬂﬂﬂﬂﬂﬂﬂﬂﬂﬂﬂﬂﬂﬂﬂﬂﬂﬂﬂﬂﬂﬂﬂﬂﬂﬂﬂﬂﬂﬂﬂﬂﬂﬂﬂﬂﬂﬂﬂﬂﬂﬂﬂﬂﬂﬂﬂﬂﬂﬂ
    489				     ;				    SUBROUTINE
    490				     ;‹‹‹‹‹‹‹‹‹‹‹‹‹‹‹‹‹‹‹‹‹‹‹‹‹‹‹‹‹‹‹‹‹‹‹‹‹‹‹‹‹‹‹‹‹‹‹‹‹‹‹‹‹‹‹‹‹‹‹‹‹‹‹‹‹‹‹‹‹‹‹‹‹‹
    491
    492	040B			     lvload_multiply	     proc    near
    493	040B  A0 00E7				     mov     al,byte ptr ds:[0E7h]
    494	040E  B1 09				     mov     cl,9
    495	0410  F6 E1				     mul     cl			     ; ax = reg	* al
    496	0412  05 A435				     add     ax,0A435h
    497	0415  8B F0				     mov     si,ax
    498	0417  B9 0003				     mov     cx,3
    499
    500	041A			     locloop_20:
    501	041A  51				     push    cx
    502	041B  B9 0003				     mov     cx,3
    503
    504	041E			     locloop_21:
    505	041E  51				     push    cx
    506	041F  AC				     lodsb			     ; String [si] to al
    507	0420  56				     push    si
    508	0421  53				     push    bx
    509	0422  2E: FF 16	3022			     call    word ptr cs:data_10e
    510	0427  5B				     pop     bx
    511	0428  5E				     pop     si
    512	0429  80 C3 08				     add     bl,8
    513	042C  59				     pop     cx
    514	042D  E2 EF				     loop    locloop_21		     ; Loop if cx > 0
    515
    516	042F  80 EB 18				     sub     bl,18h
    517	0432  80 C7 02				     add     bh,2
    518	0435  59				     pop     cx
    519	0436  E2 E2				     loop    locloop_20		     ; Loop if cx > 0
    520
    521	0438  C3				     retn
    522	0439			     lvload_multiply	     endp
    523
    524	0439  00 02 04 01 03 05			     db	      00h, 02h,	04h, 01h, 03h, 05h
    525	043F  00 00 06 07 09 0B			     db	      00h, 00h,	06h, 07h, 09h, 0Bh
    526	0445  08 0A 0C 00 00 00			     db	      08h, 0Ah,	0Ch, 00h, 00h, 00h
    527	044B  00 02 0E 01 0D 0F			     db	      00h, 02h,	0Eh, 01h, 0Dh, 0Fh
    528	0451  00 00 10 07 09 11			     db	      00h, 00h,	10h, 07h, 09h, 11h
    529	0457  08 0A 12 00 00 00			     db	      08h, 0Ah,	12h, 00h, 00h, 00h
    530	045D  00 14 16 13 15 17			     db	      00h, 14h,	16h, 13h, 15h, 17h
    531	0463  00 00 18 19 00 1C			     db	      00h, 00h,	18h, 19h, 00h, 1Ch
    532	0469  1A 1B 1D 00 00 1E			     db	      1Ah, 1Bh,	1Dh, 00h, 00h, 1Eh
    533	046F  1F 00 23 20 21 24			     db	      1Fh, 00h,	23h, 20h, 21h, 24h
    534	0475  00 22 25 1F 00 23			     db	      00h, 22h,	25h, 1Fh, 00h, 23h
    535	047B  20 26 28 00 27 29			     db	      20h, 26h,	28h, 00h, 27h, 29h
    536	0481  1F 00				     db	      1Fh, 00h
    537	0483  23 2A 2C 28 2B 2D	29+		     db	     '#*,(+-).1#/24035'
    538	      2E 31 23 2F 32 34	30+
    539	      33 35
    540
Turbo Assembler	 Version 2.01	     03/22/26 12:38:14	    Page 11
300LVLLD.asm



    541				     ;ﬂﬂﬂﬂﬂﬂﬂﬂﬂﬂﬂﬂﬂﬂﬂﬂﬂﬂﬂﬂﬂﬂﬂﬂﬂﬂﬂﬂﬂﬂﬂﬂﬂﬂﬂﬂﬂﬂﬂﬂﬂﬂﬂﬂﬂﬂﬂﬂﬂﬂﬂﬂﬂﬂﬂﬂﬂﬂﬂﬂﬂﬂﬂﬂﬂﬂﬂﬂﬂﬂﬂﬂﬂﬂ
    542				     ;				    SUBROUTINE
    543				     ;‹‹‹‹‹‹‹‹‹‹‹‹‹‹‹‹‹‹‹‹‹‹‹‹‹‹‹‹‹‹‹‹‹‹‹‹‹‹‹‹‹‹‹‹‹‹‹‹‹‹‹‹‹‹‹‹‹‹‹‹‹‹‹‹‹‹‹‹‹‹‹‹‹‹
    544
    545	0493			     lvload_multiply_2		     proc    near
    546	0493  8A 0E FF33			     mov     cl,ds:data_34e
    547	0497  B0 04				     mov     al,4
    548	0499  F6 E1				     mul     cl			     ; ax = reg	* al
    549	049B			     loc_22:
    550	049B  38 06 FF1A			     cmp     ds:data_31e,al
    551	049F  72 FA				     jb	     loc_22		     ; Jump if below
    552	04A1  C6 06 FF1A 00			     mov     byte ptr ds:data_31e,0
    553	04A6  C3				     retn
    554	04A7			     lvload_multiply_2		     endp
    555
    556
    557				     ;ﬂﬂﬂﬂﬂﬂﬂﬂﬂﬂﬂﬂﬂﬂﬂﬂﬂﬂﬂﬂﬂﬂﬂﬂﬂﬂﬂﬂﬂﬂﬂﬂﬂﬂﬂﬂﬂﬂﬂﬂﬂﬂﬂﬂﬂﬂﬂﬂﬂﬂﬂﬂﬂﬂﬂﬂﬂﬂﬂﬂﬂﬂﬂﬂﬂﬂﬂﬂﬂﬂﬂﬂﬂﬂ
    558				     ;				    SUBROUTINE
    559				     ;‹‹‹‹‹‹‹‹‹‹‹‹‹‹‹‹‹‹‹‹‹‹‹‹‹‹‹‹‹‹‹‹‹‹‹‹‹‹‹‹‹‹‹‹‹‹‹‹‹‹‹‹‹‹‹‹‹‹‹‹‹‹‹‹‹‹‹‹‹‹‹‹‹‹
    560
    561	04A7			     lvload_func_3	     proc    near
    562	04A7  C6 06 A59C 94			     mov     byte ptr ds:data_19e,94h
    563	04AC  C6 06 A59D 50			     mov     byte ptr ds:data_20e,50h	     ; 'P'
    564	04B1  32 C9				     xor     cl,cl		     ; Zero register
    565	04B3  A0 A59A				     mov     al,ds:data_17e
    566	04B6  2A 06 A59C			     sub     al,ds:data_19e
    567	04BA  74 0A				     jz	     loc_24		     ; Jump if zero
    568	04BC  73 06				     jnc     loc_23		     ; Jump if carry=0
    569	04BE  F6 D8				     neg     al
    570	04C0  FE C9				     dec     cl
    571	04C2  EB 02				     jmp     short loc_24
    572	04C4			     loc_23:
    573	04C4  FE C1				     inc     cl
    574	04C6			     loc_24:
    575	04C6  A2 A5A0				     mov     ds:data_23e,al
    576	04C9  88 0E A59E			     mov     ds:data_21e,cl
    577	04CD  32 C9				     xor     cl,cl		     ; Zero register
    578	04CF  A0 A59B				     mov     al,ds:data_18e
    579	04D2  2A 06 A59D			     sub     al,ds:data_20e
    580	04D6  74 0A				     jz	     loc_26		     ; Jump if zero
    581	04D8  73 06				     jnc     loc_25		     ; Jump if carry=0
    582	04DA  F6 D8				     neg     al
    583	04DC  FE C9				     dec     cl
    584	04DE  EB 02				     jmp     short loc_26
    585	04E0			     loc_25:
    586	04E0  FE C1				     inc     cl
    587	04E2			     loc_26:
    588	04E2  A2 A5A1				     mov     ds:data_24e,al
    589	04E5  88 0E A59F			     mov     ds:data_22e,cl
    590	04E9  A0 A5A0				     mov     al,ds:data_23e
    591	04EC  D0 E8				     shr     al,1		     ; Shift w/zeros fill
    592	04EE  A2 A5A3				     mov     ds:data_26e,al
    593	04F1  C6 06 A5A2 00			     mov     byte ptr ds:data_25e,0
    594	04F6  A0 A5A0				     mov     al,ds:data_23e
Turbo Assembler	 Version 2.01	     03/22/26 12:38:14	    Page 12
300LVLLD.asm



    595	04F9  3A 06 A5A1			     cmp     al,ds:data_24e
    596	04FD  72 01				     jb	     loc_27		     ; Jump if below
    597	04FF  C3				     retn
    598	0500			     loc_27:
    599	0500  A0 A5A1				     mov     al,ds:data_24e
    600	0503  D0 E8				     shr     al,1		     ; Shift w/zeros fill
    601	0505  A2 A5A3				     mov     ds:data_26e,al
    602	0508  C6 06 A5A2 FF			     mov     byte ptr ds:data_25e,0FFh
    603	050D  C3				     retn
    604	050E			     lvload_func_3	     endp
    605
    606
    607				     ;ﬂﬂﬂﬂﬂﬂﬂﬂﬂﬂﬂﬂﬂﬂﬂﬂﬂﬂﬂﬂﬂﬂﬂﬂﬂﬂﬂﬂﬂﬂﬂﬂﬂﬂﬂﬂﬂﬂﬂﬂﬂﬂﬂﬂﬂﬂﬂﬂﬂﬂﬂﬂﬂﬂﬂﬂﬂﬂﬂﬂﬂﬂﬂﬂﬂﬂﬂﬂﬂﬂﬂﬂﬂﬂ
    608				     ;				    SUBROUTINE
    609				     ;‹‹‹‹‹‹‹‹‹‹‹‹‹‹‹‹‹‹‹‹‹‹‹‹‹‹‹‹‹‹‹‹‹‹‹‹‹‹‹‹‹‹‹‹‹‹‹‹‹‹‹‹‹‹‹‹‹‹‹‹‹‹‹‹‹‹‹‹‹‹‹‹‹‹
    610
    611	050E			     lvload_func_4	     proc    near
    612	050E  F6 06 A5A2 FF			     test    byte ptr ds:data_25e,0FFh
    613	0513  75 2C				     jnz     loc_30		     ; Jump if not zero
    614	0515  A0 A5A3				     mov     al,ds:data_26e
    615	0518  2A 06 A5A1			     sub     al,ds:data_24e
    616	051C  73 0C				     jnc     loc_28		     ; Jump if carry=0
    617	051E  02 06 A5A0			     add     al,ds:data_23e
    618	0522  8A 26 A59F			     mov     ah,ds:data_22e
    619	0526  00 26 A59D			     add     ds:data_20e,ah
    620	052A			     loc_28:
    621	052A  A2 A5A3				     mov     ds:data_26e,al
    622	052D  A0 A59E				     mov     al,ds:data_21e
    623	0530  00 06 A59C			     add     ds:data_19e,al
    624	0534  A0 A59A				     mov     al,ds:data_17e
    625	0537  3A 06 A59C			     cmp     al,ds:data_19e
    626	053B  F9				     stc			     ; Set carry flag
    627	053C  75 01				     jnz     loc_29		     ; Jump if not zero
    628	053E  C3				     retn
    629	053F			     loc_29:
    630	053F  F8				     clc			     ; Clear carry flag
    631	0540  C3				     retn
    632	0541			     loc_30:
    633	0541  A0 A5A3				     mov     al,ds:data_26e
    634	0544  2A 06 A5A0			     sub     al,ds:data_23e
    635	0548  73 0C				     jnc     loc_31		     ; Jump if carry=0
    636	054A  02 06 A5A1			     add     al,ds:data_24e
    637	054E  8A 26 A59E			     mov     ah,ds:data_21e
    638	0552  00 26 A59C			     add     ds:data_19e,ah
    639	0556			     loc_31:
    640	0556  A2 A5A3				     mov     ds:data_26e,al
    641	0559  A0 A59F				     mov     al,ds:data_22e
    642	055C  00 06 A59D			     add     ds:data_20e,al
    643	0560  A0 A59B				     mov     al,ds:data_18e
    644	0563  3A 06 A59D			     cmp     al,ds:data_20e
    645	0567  F9				     stc			     ; Set carry flag
    646	0568  75 01				     jnz     loc_32		     ; Jump if not zero
    647	056A  C3				     retn
    648	056B			     loc_32:
Turbo Assembler	 Version 2.01	     03/22/26 12:38:14	    Page 13
300LVLLD.asm



    649	056B  F8				     clc			     ; Clear carry flag
    650	056C  C3				     retn
    651	056D			     lvload_func_4	     endp
    652
    653										     ;*	No entry point to code
    654	056D  3C F4				     cmp     al,0F4h
    655	056F  54				     push    sp
    656	0570  DC 6C C4 84 AC 98			     db	     0DCh, 6Ch,0C4h, 84h,0ACh, 98h
    657	0576  00 0F 00 3D 00 15			     db	      00h, 0Fh,	00h, 3Dh, 00h, 15h
    658	057C  00 37 00 1B 00 31			     db	      00h, 37h,	00h, 1Bh, 00h, 31h
    659	0582  00 21 00 2B 00 26			     db	      00h, 21h,	00h, 2Bh, 00h, 26h
    660	0588  02				     db	      02h
    661	0589  5F 4D 46 41 4E 2E	4D+		     db	     '_MFAN.MSD'
    662	      53 44
    663	0592  00 02				     db	     0,	2
    664	0594  36 44 4D 41 4E 2E	47+		     db	     '6DMAN.GRP'
    665	      52 50
    666	059D  0F*(00)				     db	     15	dup (0)
    667
    668	05AC			     seg_a	     ends
    669
    670
    671
    672						     end     start
Turbo Assembler	 Version 2.01	     03/22/26 12:38:14	    Page 14
Symbol Table




Symbol Name			  Type	 Value

??DATE				  Text	 "03/22/26"
??FILENAME			  Text	 "300LVLLD"
??TIME				  Text	 "12:38:14"
??VERSION			  Number 0201
@CPU				  Text	 0101H
@CURSEG				  Text	 SEG_A
@FILENAME			  Text	 300LVLLD
@WORDSIZE			  Text	 2
DATA_10E			  Number 3022
DATA_11E			  Number 3024
DATA_12E			  Number 3026
DATA_13E			  Number 3028
DATA_14E			  Number 84BE
DATA_15E			  Number A569
DATA_16E			  Number A572
DATA_17E			  Number A59A
DATA_18E			  Number A59B
DATA_19E			  Number A59C
DATA_20E			  Number A59D
DATA_21E			  Number A59E
DATA_22E			  Number A59F
DATA_23E			  Number A5A0
DATA_24E			  Number A5A1
DATA_25E			  Number A5A2
DATA_26E			  Number A5A3
DATA_27E			  Number A5A4
DATA_28E			  Number A5A5
DATA_29E			  Number A5A6
DATA_30E			  Number A5A7
DATA_31E			  Number FF1A
DATA_32E			  Number FF26
DATA_33E			  Number FF2C
DATA_34E			  Number FF33
DATA_35E			  Number FF75
DATA_6E				  Number 2000
DATA_7E				  Number 2026
DATA_8E				  Number 2028
DATA_9E				  Number 203E
LOCLOOP_16			  Near	 SEG_A:03B3
LOCLOOP_17			  Near	 SEG_A:03CD
LOCLOOP_2			  Near	 SEG_A:0069
LOCLOOP_20			  Near	 SEG_A:041A
LOCLOOP_21			  Near	 SEG_A:041E
LOCLOOP_5			  Near	 SEG_A:00AB
LOC_1				  Near	 SEG_A:0053
LOC_10				  Near	 SEG_A:0212
LOC_11				  Near	 SEG_A:0236
LOC_12				  Near	 SEG_A:02BF
LOC_13				  Near	 SEG_A:0333
LOC_14				  Near	 SEG_A:0375
LOC_15				  Near	 SEG_A:0393
Turbo Assembler	 Version 2.01	     03/22/26 12:38:14	    Page 15
Symbol Table



LOC_18				  Near	 SEG_A:03D8
LOC_19				  Near	 SEG_A:03FE
LOC_22				  Near	 SEG_A:049B
LOC_23				  Near	 SEG_A:04C4
LOC_24				  Near	 SEG_A:04C6
LOC_25				  Near	 SEG_A:04E0
LOC_26				  Near	 SEG_A:04E2
LOC_27				  Near	 SEG_A:0500
LOC_28				  Near	 SEG_A:052A
LOC_29				  Near	 SEG_A:053F
LOC_3				  Near	 SEG_A:0074
LOC_30				  Near	 SEG_A:0541
LOC_31				  Near	 SEG_A:0556
LOC_32				  Near	 SEG_A:056B
LOC_4				  Near	 SEG_A:009A
LOC_6				  Near	 SEG_A:00B7
LOC_7				  Near	 SEG_A:010B
LOC_8				  Near	 SEG_A:0166
LOC_9				  Near	 SEG_A:01D6
LVLOAD_FUNC_3			  Near	 SEG_A:04A7
LVLOAD_FUNC_4			  Near	 SEG_A:050E
LVLOAD_MULTIPLY			  Near	 SEG_A:040B
LVLOAD_MULTIPLY_2		  Near	 SEG_A:0493
START				  Near	 SEG_A:0000
TARGET				  Number 5432
ZR3_00				  Far	 SEG_A:0000

Macro Name

CALLF
CALLFX
CALLS
JMPN
JMPS

Groups & Segments		  Bit Size Align  Combine Class

SEG_A				  16  05AC Byte	  Public
