Turbo Assembler	 Version 2.01	     03/28/26 19:49:10	    Page 1
316TILCL.asm



      1
      2
      3				     ;==========================================================================
      4				     ;
      5				     ;	TILE_COLLISION - Code Module
      6				     ;
      7				     ;==========================================================================
      8
      9	      =	5432		     target	     EQU   'T2'			     ; Target assembler: TASM-2.X
     10
     11				     include  srmacros.inc
1    12
1    13				     ; Macros which may	be required for	proper re-assembly
1    14
1    15
1    16
1    17
1    18
1    19				     ;-----------------------------------------------------------------------------
1    20				     ; Some assemblers,	like TASM, check each far call and jump, to see	if it is
1    21				     ; in the same segment.  If	so, rather than	produce	the standard five byte far
1    22				     ; instruction it uses a near jump or call.
1    23
1    24				     calls	     macro   dummy1, dummy2, slocation
1    25						     db	     9Ah		     ; forced call far instruction
1    26						     dw	     offset slocation, seg slocation
1    27				     endm
1    28
1    29				     jmps	     macro   dummy1, dummy2, jlocation
1    30						     db	     0EAh		     ; forced jump far instruction
1    31						     dw	     offset jlocation, seg jlocation
1    32				     endm
1    33
1    34
1    35
1    36
1    37				     ;-----------------------------------------------------------------------------
1    38				     ;	Some compilers and some	assemblers will	code a call that goes to a far
1    39				     ;	subroutine in the same segment as:
1    40				     ;
1    41				     ;		     PUSH    CS
1    42				     ;		     CALL    near
1    43				     ;
1    44				     ;	This saves one byte, and is slightly faster.  If the assembler you are
1    45				     ;	using (i.e. MASM, Optasm) does not do this automatically, the following
1    46				     ;	macros are used	to code	the same information.  In other	words, the binary
1    47				     ;	file has "PUSH CS, CALL	near", and Sourcer ensures the same instructions
1    48				     ;	are used!  (macro CALLF)
1    49				     ;
1    50
1    51				     callf	     macro   location
1    52						     push    cs
1    53						     call    near ptr location
1    54				     endm
Turbo Assembler	 Version 2.01	     03/28/26 19:49:10	    Page 2
316TILCL.asm



1    55
1    56				     ;	Some compilers generate	an unnecessary DS override on the call instruction
1    57				     ;	when compacting	the CALLF type function.  Macro	CALLFX handles this case.
1    58
1    59				     callfx	     macro   location
1    60						     push    cs
1    61						     db	     3Eh
1    62						     call    near ptr location
1    63				     endm
1    64
1    65
1    66				     ;-----------------------------------------------------------------------------
1    67				     ;	Some compilers and some	assemblers will	code a near call that is the
1    68				     ;	selected assembler will	convert	to a short jump	to save	a byte.	 This
1    69				     ;	reconstructs a near jump for these cases.
1    70
1    71				     jmpn	     macro   location
1    72						     db	     0E9h
1    73						     dw	     offset location-$-2
1    74				     endm
1    75
1    76
1    77
     78
     79
     80				     ; The following equates show data references outside the range of the program.
     81
     82	      =	200C		     data_14e	     equ     200Ch		     ;*
     83	      =	6028		     data_15e	     equ     6028h		     ;*
     84	      =	6036		     data_16e	     equ     6036h		     ;*
     85	      =	6038		     data_17e	     equ     6038h		     ;*
     86	      =	8000		     data_18e	     equ     8000h		     ;*
     87	      =	A4BB		     data_19e	     equ     0A4BBh		     ;*
     88	      =	A783		     data_20e	     equ     0A783h		     ;*
     89	      =	A810		     data_21e	     equ     0A810h		     ;*
     90	      =	A87A		     data_22e	     equ     0A87Ah		     ;*
     91	      =	A87D		     data_23e	     equ     0A87Dh		     ;*
     92	      =	A881		     data_24e	     equ     0A881h		     ;*
     93	      =	A89A		     data_25e	     equ     0A89Ah		     ;*
     94	      =	A8B7		     data_26e	     equ     0A8B7h		     ;*
     95	      =	A8D7		     data_27e	     equ     0A8D7h		     ;*
     96	      =	A8DE		     data_28e	     equ     0A8DEh		     ;*
     97	      =	A8FD		     data_29e	     equ     0A8FDh		     ;*
     98	      =	A96C		     data_30e	     equ     0A96Ch		     ;*
     99	      =	A985		     data_31e	     equ     0A985h		     ;*
    100	      =	AA3C		     data_32e	     equ     0AA3Ch		     ;*
    101	      =	AA3E		     data_33e	     equ     0AA3Eh		     ;*
    102	      =	AA3F		     data_34e	     equ     0AA3Fh		     ;*
    103	      =	AA53		     data_35e	     equ     0AA53h		     ;*
    104	      =	AA54		     data_36e	     equ     0AA54h		     ;*
    105	      =	AA55		     data_37e	     equ     0AA55h		     ;*
    106	      =	AA56		     data_38e	     equ     0AA56h		     ;*
    107	      =	AA57		     data_39e	     equ     0AA57h		     ;*
    108	      =	AA58		     data_40e	     equ     0AA58h		     ;*
Turbo Assembler	 Version 2.01	     03/28/26 19:49:10	    Page 3
316TILCL.asm



    109	      =	AA59		     data_41e	     equ     0AA59h		     ;*
    110	      =	AA5A		     data_42e	     equ     0AA5Ah		     ;*
    111	      =	AA5B		     data_43e	     equ     0AA5Bh		     ;*
    112	      =	AA5C		     data_44e	     equ     0AA5Ch		     ;*
    113	      =	AA5D		     data_45e	     equ     0AA5Dh		     ;*
    114	      =	AA5E		     data_46e	     equ     0AA5Eh		     ;*
    115	      =	AA5F		     data_47e	     equ     0AA5Fh		     ;*
    116	      =	AA60		     data_48e	     equ     0AA60h		     ;*
    117	      =	AA61		     data_49e	     equ     0AA61h		     ;*
    118	      =	AA62		     data_50e	     equ     0AA62h		     ;*
    119	      =	AA63		     data_51e	     equ     0AA63h		     ;*
    120	      =	AA64		     data_52e	     equ     0AA64h		     ;*
    121	      =	AA65		     data_53e	     equ     0AA65h		     ;*
    122	      =	AA66		     data_54e	     equ     0AA66h		     ;*
    123	      =	AA67		     data_55e	     equ     0AA67h		     ;*
    124	      =	AA68		     data_56e	     equ     0AA68h		     ;*
    125	      =	AA69		     data_57e	     equ     0AA69h		     ;*
    126	      =	C010		     data_58e	     equ     0C010h		     ;*
    127	      =	ED20		     data_59e	     equ     0ED20h		     ;*
    128	      =	FF2E		     data_60e	     equ     0FF2Eh		     ;*
    129	      =	FF2F		     data_61e	     equ     0FF2Fh		     ;*
    130	      =	FF30		     data_62e	     equ     0FF30h		     ;*
    131	      =	FF75		     data_63e	     equ     0FF75h		     ;*
    132
    133	0000			     seg_a	     segment byte public
    134						     assume  cs:seg_a, ds:seg_a
    135
    136
    137						     org     0
    138
    139	0000			     zr3_16	     proc    far
    140
    141	0000			     start:
    142	0000  A9 000B				     test    ax,0Bh
    143				     ;*		     add     ch,bl
    144	0003  00 DD				     db	      00h,0DDh		     ;	Fixup -	byte match
    145	0005  A2 AA3C				     mov     ds:data_32e,al
    146	0008  0C*(00)				     db	     12	dup (0)
    147	0014  28 1E 1E 1E 1E 1E			     db	      28h, 1Eh,	1Eh, 1Eh, 1Eh, 1Eh
    148	001A  1E 1E				     db	      1Eh, 1Eh
    149	001C  28 28				     db	      28h, 28h
    150	001E  16*(00)				     db	     22	dup (0)
    151	0034  44 A0 6C A0 BC A0			     db	      44h,0A0h,	6Ch,0A0h,0BCh,0A0h
    152	003A  07 A1 52 A1 8E A1			     db	      07h,0A1h,	52h,0A1h, 8Eh,0A1h
    153	0040  DE A1 1F A2 47 A2			     db	     0DEh,0A1h,	1Fh,0A2h, 47h,0A2h
    154	0046  97 A2 00 66 00 67			     db	      97h,0A2h,	00h, 66h, 00h, 67h
    155	004C  6C 00 68 69 6D 6E			     db	      6Ch, 00h,	68h, 69h, 6Dh, 6Eh
    156	0052  00 6C 6D 72 73 00			     db	      00h, 6Ch,	6Dh, 72h, 73h, 00h
    157	0058  83 84 00 86 00 95			     db	      83h, 84h,	00h, 86h, 00h, 95h
    158	005E  B1 98 99 00 9A 9B			     db	     0B1h, 98h,	99h, 00h, 9Ah, 9Bh
    159	0064  9D 9E 00 68 90 6D			     db	      9Dh, 9Eh,	00h, 68h, 90h, 6Dh
    160	006A  91 00 9A 9B 9D FE			     db	      91h, 00h,	9Ah, 9Bh, 9Dh,0FEh
    161	0070  00 73 74 00 00			     db	      00h, 73h,	74h, 00h, 00h
    162	0075  00		     data_3	     db	     0			     ; Data table (indexed access)
Turbo Assembler	 Version 2.01	     03/28/26 19:49:10	    Page 4
316TILCL.asm



    163	0076  6A 6B 6F 70 00 70			     db	      6Ah, 6Bh,	6Fh, 70h, 00h, 70h
    164	007C  71 75 76 00			     db	      71h, 75h,	76h, 00h
    165	0080  77		     data_4	     db	     77h
    166	0081  78 7A 7B 00 78 79			     db	      78h, 7Ah,	7Bh, 00h, 78h, 79h
    167	0087  7B 7C 00 7D 7E 77			     db	      7Bh, 7Ch,	00h, 7Dh, 7Eh, 77h
    168	008D  10 00 7F 01 0C 0D			     db	      10h, 00h,	7Fh, 01h, 0Ch, 0Dh
    169	0093  00 77 10 00 0E 00			     db	      00h, 77h,	10h, 00h, 0Eh, 00h
    170	0099  97 00				     db	      97h, 00h
    171	009B  70				     db	     70h
    172	009C  71		     data_5	     db	     71h		     ; Data table (indexed access)
    173	009D  00				     db	     0
    174	009E			     loc_1:
    175	009E  B3 75				     mov     bl,75h		     ; 'u'
    176				     ;*		     add     [bx+0],dh
    177	00A0  00 77 00				     db	      00h, 77h,	00h	     ;	Fixup -	byte match
    178	00A3  76 00 78 79 00 A6			     db	      76h, 00h,	78h, 79h, 00h,0A6h
    179	00A9  9F 87 A1 00 99			     db	      9Fh, 87h,0A1h, 00h, 99h
    180	00AE  87		     data_6	     db	     87h		     ; Data table (indexed access)
    181	00AF  B3 88 00 A1 A3 8C			     db	     0B3h, 88h,	00h,0A1h,0A3h, 8Ch
    182	00B5  89 00 8A 00 AD 8D			     db	      89h, 00h,	8Ah, 00h,0ADh, 8Dh
    183	00BB  00 AD 8D 8B 10 00			     db	      00h,0ADh,	8Dh, 8Bh, 10h, 00h
    184	00C1  8D 8F 10 7E 00 A6			     db	      8Dh, 8Fh,	10h, 7Eh, 00h,0A6h
    185	00C7  01 0C 0D 00 8E 10			     db	      01h, 0Ch,	0Dh, 00h, 8Eh, 10h
    186	00CD  67 0E 00 6E 6F 73			     db	      67h, 0Eh,	00h, 6Eh, 6Fh, 73h
    187	00D3  A7 00 6A 6B 6F A0			     db	     0A7h, 00h,	6Ah, 6Bh, 6Fh,0A0h
    188	00D9  00 A0 A1 A8 A9 00			     db	      00h,0A0h,0A1h,0A8h,0A9h, 00h
    189	00DF  9F 9F A1 A2 00 A2			     db	      9Fh, 9Fh,0A1h,0A2h, 00h,0A2h
    190	00E5  A3 AA AB 00 A4 A5			     db	     0A3h,0AAh,0ABh, 00h,0A4h,0A5h
    191	00EB  AC AD 00 AC AD 67			     db	     0ACh,0ADh,	00h,0ACh,0ADh, 67h
    192	00F1  0E 00				     db	      0Eh, 00h
    193	00F3  6E 6F				     db	      6Eh, 6Fh
    194	00F5			     loc_2:
    195	00F5  85 A7 8000			     test    sp,ds:data_18e[bx]
    196				     ;*		     add     data_6[bx+di],0B4h
    197	00F9  82 81 AE 00 B4			     db	      82h, 81h,0AEh, 00h,0B4h	     ;	Fixup -	byte match
    198	00FE  D3 C4				     rol     sp,cl		     ; Rotate
    199	0100  94				     xchg    sp,ax
    200				     ;*		     add     bl,dl
    201	0101  00 D3				     db	      00h,0D3h		     ;	Fixup -	byte match
    202	0103  00 94 009Cr			     add     data_5[si],dl
    203				     ;*		     test    si,[si+0]
    204	0107  85 74 00				     db	      85h, 74h,	00h	     ;	Fixup -	byte match
    205	010A  00 00 00 DF E8 E9			     db	      00h, 00h,	00h,0DFh,0E8h,0E9h
    206	0110  00 E0 E1 EA EA 00			     db	      00h,0E0h,0E1h,0EAh,0EAh, 00h
    207	0116  E2 E2 EA EB			     db	     0E2h,0E2h,0EAh,0EBh
    208	011A  E300		     data_7	     dw	     0E300h
    209	011C  E4 00 00 00			     db	     0E4h, 00h,	00h, 00h
    210	0120			     loc_5:
    211	0120  E4 E5				     in	     al,0E5h		     ; port 0E5h ??I/O Non-standard
    212	0122  00 00 00 00 E7 EC			     db	      00h, 00h,	00h, 00h,0E7h,0ECh
    213	0128  ED 00 00 F5 F9 FA			     db	     0EDh, 00h,	00h,0F5h,0F9h,0FAh
    214	012E  00 ED EE F6 F7 00			     db	      00h,0EDh,0EEh,0F6h,0F7h, 00h
    215	0134  EF F0 F8 EA 00 F1			     db	     0EFh,0F0h,0F8h,0EAh, 00h,0F1h
    216	013A  F2 EA EB 00 F3 F4			     db	     0F2h,0EAh,0EBh, 00h,0F3h,0F4h
Turbo Assembler	 Version 2.01	     03/28/26 19:49:10	    Page 5
316TILCL.asm



    217	0140  00 00 00 00 00 F4			     db	      00h, 00h,	00h, 00h, 00h,0F4h
    218	0146  00 00 FB FC B2 96			     db	      00h, 00h,0FBh,0FCh,0B2h, 96h
    219	014C  00 FD FD EA EA 00			     db	      00h,0FDh,0FDh,0EAh,0EAh, 00h
    220	0152  FD F3 E6 A6 00 00			     db	     0FDh,0F3h,0E6h,0A6h, 00h, 00h
    221	0158  92 F9 FA 00 93 BB			     db	      92h,0F9h,0FAh, 00h, 93h,0BBh
    222	015E  BA BF 00 00 CC C8			     db	     0BAh,0BFh,	00h, 00h,0CCh,0C8h
    223	0164  E9 00 CF CF EA EB			     db	     0E9h, 00h,0CFh,0CFh,0EAh,0EBh
    224	016A  00 D0 D1 00 00 00			     db	      00h,0D0h,0D1h, 00h, 00h, 00h
    225	0170  AF 00 00 B0 00 BC			     db	     0AFh, 00h,	00h,0B0h, 00h,0BCh
    226	0176  C1 B2 96 00 CA F1			     db	     0C1h,0B2h,	96h, 00h,0CAh,0F1h
    227	017C  FD FD 00 F2 F3 FD			     db	     0FDh,0FDh,	00h,0F2h,0F3h,0FDh
    228	0182  F3 00 F3 F4 F3 F4			     db	     0F3h, 00h,0F3h,0F4h,0F3h,0F4h
    229	0188  00 FD FD EA EA 00			     db	      00h,0FDh,0FDh,0EAh,0EAh, 00h
    230	018E  FD F3 E6 A6 00 00			     db	     0FDh,0F3h,0E6h,0A6h, 00h, 00h
    231	0194  0E 20 21 00 0F 10			     db	      0Eh, 20h,	21h, 00h, 0Fh, 10h
    232	019A  22 23 00 02 03 19			     db	      22h, 23h,	00h, 02h, 03h, 19h
    233	01A0  10 00 04 05 1A 1B			     db	      10h, 00h,	04h, 05h, 1Ah, 1Bh
    234	01A6  00 1C 1D 24 25 00			     db	      00h, 1Ch,	1Dh, 24h, 25h, 00h
    235	01AC  1E 1F 26 27 00 0E			     db	      1Eh, 1Fh,	26h, 27h, 00h, 0Eh
    236	01B2  0F 20 12 00 0F 10			     db	      0Fh, 20h,	12h, 00h, 0Fh, 10h
    237	01B8  12 3C 00 02 03 19			     db	      12h, 3Ch,	00h, 02h, 03h, 19h
    238	01BE  28 00 04 05 29 2A			     db	      28h, 00h,	04h, 05h, 29h, 2Ah
    239	01C4  00 1C 2B 3D 26 00			     db	      00h, 1Ch,	2Bh, 3Dh, 26h, 00h
    240	01CA  2C 11 27 31 00 0F			     db	      2Ch, 11h,	27h, 31h, 00h, 0Fh
    241	01D0  10 37 38 00 02 03			     db	      10h, 37h,	38h, 00h, 02h, 03h
    242	01D6  32 33 00 04 05 34			     db	      32h, 33h,	00h, 04h, 05h, 34h
    243	01DC  35 00 36 2C 26 27			     db	      35h, 00h,	36h, 2Ch, 26h, 27h
    244	01E2  00 11 11 31 39 00			     db	      00h, 11h,	11h, 31h, 39h, 00h
    245	01E8  06 07 11 5C 00 11			     db	      06h, 07h,	11h, 5Ch, 00h, 11h
    246	01EE  42 3B 48 00 08 09			     db	      42h, 3Bh,	48h, 00h, 08h, 09h
    247	01F4  3E 3F 00 43 44 49			     db	      3Eh, 3Fh,	00h, 43h, 44h, 49h
    248	01FA  4A 00 45 46 4B 4C			     db	      4Ah, 00h,	45h, 46h, 4Bh, 4Ch
    249	0200  00 47 16 4D 4E 00			     db	      00h, 47h,	16h, 4Dh, 4Eh, 00h
    250	0206  11 4F 55 56 00 54			     db	      11h, 4Fh,	55h, 56h, 00h, 54h
    251	020C  16 5B 4E 00 50 51			     db	      16h, 5Bh,	4Eh, 00h, 50h, 51h
    252	0212  57 58 00 52 53 59			     db	      57h, 58h,	00h, 52h, 53h, 59h
    253	0218  5A 00 11 5E 64 65			     db	      5Ah, 00h,	11h, 5Eh, 64h, 65h
    254	021E  00 08 09 5D 3F 00			     db	      00h, 08h,	09h, 5Dh, 3Fh, 00h
    255	0224  5F 60 2D 2E 00 61			     db	      5Fh, 60h,	2Dh, 2Eh, 00h, 61h
    256	022A  62 2F 30 00 63 16			     db	      62h, 2Fh,	30h, 00h, 63h, 16h
    257	0230  3A 4E 00 0A 0B 40			     db	      3Ah, 4Eh,	00h, 0Ah, 0Bh, 40h
    258	0236  41 00 00 00 14 15			     db	      41h, 00h,	00h, 00h, 14h, 15h
    259	023C  00 06 07 11 11 00			     db	      00h, 06h,	07h, 11h, 11h, 00h
    260	0242  13 75 17 77 00 17			     db	      13h, 75h,	17h, 77h, 00h, 17h
    261	0248  77 18 7A 01 00 B6			     db	      77h, 18h,	7Ah, 01h, 00h,0B6h
    262	024E  B7 00 01 00 B5 B6			     db	     0B7h, 00h,	01h, 00h,0B5h,0B6h
    263	0254  00 01 00 B6 B7 00			     db	      00h, 01h,	00h,0B6h,0B7h, 00h
    264	025A  01 00 B7 B8 00 01			     db	      01h, 00h,0B7h,0B8h, 00h, 01h
    265	0260  00 B6 B5 00 01 B9			     db	      00h,0B6h,0B5h, 00h, 01h,0B9h
    266	0266  B6 B8 00 01 BE B8			     db	     0B6h,0B8h,	00h, 01h,0BEh,0B8h
    267	026C  B8 C0 01 B8 C0 C5			     db	     0B8h,0C0h,	01h,0B8h,0C0h,0C5h
    268	0272  C6 01 00 00 C2 C7			     db	     0C6h, 01h,	00h, 00h,0C2h,0C7h
    269	0278  01 BD BE C5 C3 01			     db	      01h,0BDh,0BEh,0C5h,0C3h, 01h
    270	027E  00 00 BD C2 01 C9			     db	      00h, 00h,0BDh,0C2h, 01h,0C9h
Turbo Assembler	 Version 2.01	     03/28/26 19:49:10	    Page 6
316TILCL.asm



    271	0284  B7 CB 00 01 C9 CD			     db	     0B7h,0CBh,	00h, 01h,0C9h,0CDh
    272	028A  CD CE 01 00 C9 BE			     db	     0CDh,0CEh,	01h, 00h,0C9h,0BEh
    273	0290  D2 01 00 CD C2 D2			     db	     0D2h, 01h,	00h,0CDh,0C2h,0D2h
    274	0296  01 CE 00 C2 D4 01			     db	      01h,0CEh,	00h,0C2h,0D4h, 01h
    275	029C  00 00 D5 D8 01 00			     db	      00h, 00h,0D5h,0D8h, 01h, 00h
    276	02A2  00 D8 D9 01 00 00			     db	      00h,0D8h,0D9h, 01h, 00h, 00h
    277	02A8  DA DC 01 00 00 DB			     db	     0DAh,0DCh,	01h, 00h, 00h,0DBh
    278	02AE  DC 01 00 00 DB DE			     db	     0DCh, 01h,	00h, 00h,0DBh,0DEh
    279	02B4  01 00 00 D5 D6 01			     db	      01h, 00h,	00h,0D5h,0D6h, 01h
    280	02BA  00 00 D6 D6 01 00			     db	      00h, 00h,0D6h,0D6h, 01h, 00h
    281	02C0  00 D7 D7 01 00 00			     db	      00h,0D7h,0D7h, 01h, 00h, 00h
    282	02C6  D6 D7 01 00 00 D8			     db	     0D6h,0D7h,	01h, 00h, 00h,0D8h
    283	02CC  D9 01 00 00 DA DB			     db	     0D9h, 01h,	00h, 00h,0DAh,0DBh
    284	02D2  01 00 00 DB DC 01			     db	      01h, 00h,	00h,0DBh,0DCh, 01h
    285	02D8  00 00 DC DB 01 00			     db	      00h, 00h,0DCh,0DBh, 01h, 00h
    286	02DE  00 DD DE 8B 36 10			     db	      00h,0DDh,0DEh, 8Bh, 36h, 10h
    287	02E4  C0 C6 06 59 AA 00			     db	     0C0h,0C6h,	06h, 59h,0AAh, 00h
    288	02EA  C6 06 5A AA 00			     db	     0C6h, 06h,	5Ah,0AAh, 00h
    289	02EF			     loc_6:
    290				     ;*		     cmp     word ptr [si],0FFFFh
    291	02EF  83 3C FF				     db	      83h, 3Ch,0FFh	     ;	Fixup -	byte match
    292	02F2  74 46				     jz	     loc_9		     ; Jump if zero
    293	02F4  8B 04				     mov     ax,[si]
    294	02F6  2E: FF 16	6036			     call    word ptr cs:data_16e
    295	02FB  72 34				     jc	     loc_8		     ; Jump if carry Set
    296	02FD  88 5C 03				     mov     [si+3],bl
    297	0300  8B 44 02				     mov     ax,[si+2]
    298	0303  2E: FF 16	6028			     call    word ptr cs:data_15e
    299	0308  8A 1E AA59			     mov     bl,ds:data_41e
    300	030C  32 FF				     xor     bh,bh		     ; Zero register
    301	030E  8A 87 ED20			     mov     al,ds:data_59e[bx]
    302	0312  88 05				     mov     [di],al
    303	0314  F6 44 05 40			     test    byte ptr [si+5],40h     ; '@'
    304	0318  74 17				     jz	     loc_8		     ; Jump if zero
    305	031A  F6 06 AA5A 80			     test    byte ptr ds:data_42e,80h
    306	031F  75 10				     jnz     loc_8		     ; Jump if not zero
    307	0321  8A 44 05				     mov     al,[si+5]
    308	0324  24 1F				     and     al,1Fh
    309	0326  F6 44 04 1F			     test    byte ptr [si+4],1Fh
    310	032A  75 02				     jnz     loc_7		     ; Jump if not zero
    311	032C  0C 80				     or	     al,80h
    312	032E			     loc_7:
    313	032E  A2 AA5A				     mov     ds:data_42e,al
    314	0331			     loc_8:
    315	0331  FE 06 AA59			     inc     byte ptr ds:data_41e
    316	0335  83 C6 10				     add     si,10h
    317	0338  EB B5				     jmp     short loc_6
    318	033A			     loc_9:
    319	033A  8B 36 C010			     mov     si,ds:data_58e
    320	033E  C7 04 FFFF			     mov     word ptr [si],0FFFFh
    321	0342  F6 06 AA5A FF			     test    byte ptr ds:data_42e,0FFh
    322	0347  74 75				     jz	     loc_14		     ; Jump if zero
    323	0349  A0 AA5A				     mov     al,ds:data_42e
    324	034C  50				     push    ax
Turbo Assembler	 Version 2.01	     03/28/26 19:49:10	    Page 7
316TILCL.asm



    325	034D  24 1F				     and     al,1Fh
    326	034F  2E: FF 16	6038			     call    word ptr cs:data_17e
    327	0354  8A DC				     mov     bl,ah
    328	0356  32 FF				     xor     bh,bh		     ; Zero register
    329	0358  58				     pop     ax
    330	0359  8A E0				     mov     ah,al
    331	035B  80 E4 7F				     and     ah,7Fh
    332	035E  D1 EB				     shr     bx,1		     ; Shift w/zeros fill
    333	0360  80 EC 02				     sub     ah,2
    334	0363  72 04				     jc	     loc_10		     ; Jump if carry Set
    335	0365  D1 EB				     shr     bx,1		     ; Shift w/zeros fill
    336	0367  D1 EB				     shr     bx,1		     ; Shift w/zeros fill
    337	0369			     loc_10:
    338	0369  A8 80				     test    al,80h
    339	036B  74 0E				     jz	     loc_11		     ; Jump if zero
    340	036D  C6 06 AA65 FF			     mov     byte ptr ds:data_53e,0FFh
    341	0372  C6 06 FF75 34			     mov     byte ptr ds:data_63e,34h	     ; '4'
    342	0377  03 DB				     add     bx,bx
    343	0379  EB 0A				     jmp     short loc_12
    344	037B			     loc_11:
    345	037B  C6 06 AA5F FF			     mov     byte ptr ds:data_47e,0FFh
    346	0380  C6 06 FF75 35			     mov     byte ptr ds:data_63e,35h	     ; '5'
    347	0385			     loc_12:
    348	0385  E8 0630				     call    tilecol_func_4
    349	0388  F6 06 AA65 FF			     test    byte ptr ds:data_53e,0FFh
    350	038D  74 2A				     jz	     loc_13		     ; Jump if zero
    351	038F  A0 AA5B				     mov     al,ds:data_43e
    352	0392  3C 06				     cmp     al,6
    353	0394  1A C0				     sbb     al,al
    354	0396  F6 D8				     neg     al
    355	0398  A2 AA66				     mov     ds:data_54e,al
    356	039B  C6 06 AA67 00			     mov     byte ptr ds:data_55e,0
    357	03A0  C6 06 AA56 00			     mov     byte ptr ds:data_38e,0
    358	03A5  C6 06 AA61 00			     mov     byte ptr ds:data_49e,0
    359	03AA  C6 06 AA5F FF			     mov     byte ptr ds:data_47e,0FFh
    360	03AF  C6 06 AA68 FF			     mov     byte ptr ds:data_56e,0FFh
    361	03B4  C6 06 AA60 08			     mov     byte ptr ds:data_48e,8
    362	03B9			     loc_13:
    363	03B9  C6 06 AA65 00			     mov     byte ptr ds:data_53e,0
    364	03BE			     loc_14:
    365	03BE  F6 06 FF2E FF			     test    byte ptr ds:data_60e,0FFh
    366	03C3  74 03				     jz	     loc_15		     ; Jump if zero
    367	03C5  E9 062E				     jmp     loc_60
    368	03C8			     loc_15:
    369	03C8  FE 06 AA5C			     inc     byte ptr ds:data_44e
    370	03CC  F6 06 AA56 FF			     test    byte ptr ds:data_38e,0FFh
    371	03D1  74 03				     jz	     loc_16		     ; Jump if zero
    372	03D3  E9 012A				     jmp     loc_31
    373	03D6			     loc_16:
    374	03D6  F6 06 AA61 FF			     test    byte ptr ds:data_49e,0FFh
    375	03DB  74 03				     jz	     loc_17		     ; Jump if zero
    376				     ;*		     jmp     loc_30		     ;*
    377	03DD  E9 E6 00				     db	     0E9h,0E6h,	00h	     ;	Fixup -	byte match
    378	03E0			     loc_17:
Turbo Assembler	 Version 2.01	     03/28/26 19:49:10	    Page 8
316TILCL.asm



    379	03E0  80 06 AA5E 80			     add     byte ptr ds:data_46e,80h
    380	03E5  73 2D				     jnc     loc_20		     ; Jump if carry=0
    381	03E7  F6 06 AA5F FF			     test    byte ptr ds:data_47e,0FFh
    382	03EC  75 0B				     jnz     loc_18		     ; Jump if not zero
    383	03EE  E8 0134				     call    tilecol_func_1
    384	03F1  72 21				     jc	     loc_20		     ; Jump if carry Set
    385	03F3  FE 06 AA5D			     inc     byte ptr ds:data_45e
    386	03F7  EB 1B				     jmp     short loc_20
    387	03F9			     loc_18:
    388	03F9  FE 0E AA60			     dec     byte ptr ds:data_48e
    389	03FD  75 07				     jnz     loc_19		     ; Jump if not zero
    390	03FF  C6 06 AA5F 00			     mov     byte ptr ds:data_47e,0
    391	0404  EB 0E				     jmp     short loc_20
    392	0406			     loc_19:
    393	0406  E8 012D				     call    tilecol_func_2
    394	0409  1A C0				     sbb     al,al
    395	040B  F6 D0				     not     al
    396	040D  A2 AA5F				     mov     ds:data_47e,al
    397	0410  FE 0E AA5D			     dec     byte ptr ds:data_45e
    398	0414			     loc_20:
    399	0414  F6 06 AA68 FF			     test    byte ptr ds:data_56e,0FFh
    400	0419  75 77				     jnz     loc_28		     ; Jump if not zero
    401	041B  2E: FF 16	011Ar			     call    word ptr cs:data_7
    402	0420  24 C0				     and     al,0C0h
    403	0422  75 28				     jnz     loc_22		     ; Jump if not zero
    404	0424  F6 06 AA5B FF			     test    byte ptr ds:data_43e,0FFh
    405	0429  74 0E				     jz	     loc_21		     ; Jump if zero
    406	042B  80 3E AA5B 04			     cmp     byte ptr ds:data_43e,4
    407	0430  74 07				     je	     loc_21		     ; Jump if equal
    408	0432  80 3E AA5B 07			     cmp     byte ptr ds:data_43e,7
    409	0437  75 13				     jne     loc_22		     ; Jump if not equal
    410	0439			     loc_21:
    411	0439  A0 AA5B				     mov     al,ds:data_43e
    412	043C  A2 AA62				     mov     ds:data_50e,al
    413	043F  C6 06 AA63 00			     mov     byte ptr ds:data_51e,0
    414	0444  C6 06 AA61 FF			     mov     byte ptr ds:data_49e,0FFh
    415	0449  E9 00FA				     jmp     loc_35
    416	044C			     loc_22:
    417	044C  A0 0080r				     mov     al,data_4
    418	044F  04 10				     add     al,10h
    419	0451  3A 06 AA3C			     cmp     al,ds:data_32e
    420	0455  73 11				     jae     loc_24		     ; Jump if above or	=
    421	0457  B0 06				     mov     al,6
    422	0459  80 3E AA5B 06			     cmp     byte ptr ds:data_43e,6
    423	045E  72 02				     jb	     loc_23		     ; Jump if below
    424	0460  B0 07				     mov     al,7
    425	0462			     loc_23:
    426	0462  A2 AA5B				     mov     ds:data_43e,al
    427	0465  E9 00DE				     jmp     loc_35
    428	0468			     loc_24:
    429	0468  2C 05				     sub     al,5
    430	046A  3A 06 AA3C			     cmp     al,ds:data_32e
    431	046E  73 11				     jae     loc_26		     ; Jump if above or	=
    432	0470  B0 00				     mov     al,0
Turbo Assembler	 Version 2.01	     03/28/26 19:49:10	    Page 9
316TILCL.asm



    433	0472  80 3E AA5B 07			     cmp     byte ptr ds:data_43e,7
    434	0477  72 02				     jb	     loc_25		     ; Jump if below
    435	0479  B0 06				     mov     al,6
    436	047B			     loc_25:
    437	047B  A2 AA5B				     mov     ds:data_43e,al
    438	047E  E9 00C5				     jmp     loc_35
    439	0481			     loc_26:
    440	0481  B0 04				     mov     al,4
    441	0483  80 3E AA5B 07			     cmp     byte ptr ds:data_43e,7
    442	0488  72 02				     jb	     loc_27		     ; Jump if below
    443	048A  B0 06				     mov     al,6
    444	048C			     loc_27:
    445	048C  A2 AA5B				     mov     ds:data_43e,al
    446	048F  E9 00B4				     jmp     loc_35
    447	0492			     loc_28:
    448	0492  BB A4B4				     mov     bx,0A4B4h
    449	0495  F6 06 AA66 FF			     test    byte ptr ds:data_54e,0FFh
    450	049A  75 03				     jnz     loc_29		     ; Jump if not zero
    451	049C  BB A4BB				     mov     bx,data_19e
    452	049F			     loc_29:
    453	049F  A0 AA67				     mov     al,ds:data_55e
    454	04A2  D7				     xlat			     ; al=[al+[bx]] table
    455	04A3  0A C0				     or	     al,al		     ; Zero ?
    456	04A5  79 07				     jns     $+9		     ; Jump if not sign
    457	04A7  24 7F				     and     al,7Fh
    458	04A9  C6 06 AA68 00			     mov     byte ptr ds:data_56e,0
    459	04AE  A2 AA5B				     mov     ds:data_43e,al
    460	04B1  FE 06 AA67			     inc     byte ptr ds:data_55e
    461	04B5  E9 008E				     jmp     loc_35
    462										     ;*	No entry point to code
    463	04B8  0A 09				     or	     cl,[bx+di]
    464	04BA  06				     push    es
    465	04BB  03 02				     add     ax,[bp+si]
    466	04BD  03 82 0203			     add     ax,word ptr ss:[203h][bp+si]
    467	04C1  03 02				     add     ax,[bp+si]
    468	04C3  01 03				     add     [bp+di],ax
    469				     ;*		     cmp     dh,6
    470	04C5  82 FE 06				     db	      82h,0FEh,	06h	     ;	Fixup -	byte match
    471	04C8  63 AA A0 63 AA 24			     db	      63h,0AAh,0A0h, 63h,0AAh, 24h
    472	04CE  01 02 06 62 AA A2			     db	      01h, 02h,	06h, 62h,0AAh,0A2h
    473	04D4  5B AA A0 63 AA 3C			     db	      5Bh,0AAh,0A0h, 63h,0AAh, 3Ch
    474	04DA  06 72 69 A0 62 AA			     db	      06h, 72h,	69h,0A0h, 62h,0AAh
    475	04E0  FE C0 A2 5B AA C6			     db	     0FEh,0C0h,0A2h, 5Bh,0AAh,0C6h
    476	04E6  06 57 AA 00 C6 06			     db	      06h, 57h,0AAh, 00h,0C6h, 06h
    477	04EC  64 AA 00 C6 06 61			     db	      64h,0AAh,	00h,0C6h, 06h, 61h
    478	04F2  AA 00 C6 06 56 AA			     db	     0AAh, 00h,0C6h, 06h, 56h,0AAh
    479	04F8  FF C6 06 75 FF 36			     db	     0FFh,0C6h,	06h, 75h,0FFh, 36h
    480	04FE  EB				     db	     0EBh
    481	04FF  46				     db	     46h
    482	0500			     loc_31:
    483	0500  C6 06 FF75 36			     mov     byte ptr ds:data_63e,36h	     ; '6'
    484	0505  A0 AA57				     mov     al,ds:data_39e
    485	0508  FE C0				     inc     al
    486	050A  3C 04				     cmp     al,4
Turbo Assembler	 Version 2.01	     03/28/26 19:49:10	    Page 10
316TILCL.asm



    487	050C  72 02				     jb	     loc_32		     ; Jump if below
    488	050E  B0 02				     mov     al,2
    489	0510			     loc_32:
    490	0510  A2 AA57				     mov     ds:data_39e,al
    491	0513  FE 06 AA64			     inc     byte ptr ds:data_52e
    492	0517  A0 AA64				     mov     al,ds:data_52e
    493	051A  3C 0A				     cmp     al,0Ah
    494	051C  72 28				     jb	     loc_35		     ; Jump if below
    495	051E  C6 06 AA56 00			     mov     byte ptr ds:data_38e,0
    496	0523  EB 21				     jmp     short loc_35
    497
    498	0525			     zr3_16	     endp
    499
    500				     ;ßßßßßßßßßßßßßßßßßßßßßßßßßßßßßßßßßßßßßßßßßßßßßßßßßßßßßßßßßßßßßßßßßßßßßßßßßß
    501				     ;				    SUBROUTINE
    502				     ;ÜÜÜÜÜÜÜÜÜÜÜÜÜÜÜÜÜÜÜÜÜÜÜÜÜÜÜÜÜÜÜÜÜÜÜÜÜÜÜÜÜÜÜÜÜÜÜÜÜÜÜÜÜÜÜÜÜÜÜÜÜÜÜÜÜÜÜÜÜÜÜÜÜÜ
    503
    504	0525			     tilecol_func_1	     proc    near
    505	0525  A1 AA3C				     mov     ax,ds:data_32e
    506	0528  48				     dec     ax
    507	0529  BB 000E				     mov     bx,0Eh
    508	052C  2B D8				     sub     bx,ax
    509	052E  F5				     cmc			     ; Complement carry
    510	052F  73 01				     jnc     loc_33		     ; Jump if carry=0
    511	0531  C3				     retn
    512	0532			     loc_33:
    513	0532  A3 AA3C				     mov     ds:data_32e,ax
    514	0535  C3				     retn
    515	0536			     tilecol_func_1	     endp
    516
    517
    518				     ;ßßßßßßßßßßßßßßßßßßßßßßßßßßßßßßßßßßßßßßßßßßßßßßßßßßßßßßßßßßßßßßßßßßßßßßßßßß
    519				     ;				    SUBROUTINE
    520				     ;ÜÜÜÜÜÜÜÜÜÜÜÜÜÜÜÜÜÜÜÜÜÜÜÜÜÜÜÜÜÜÜÜÜÜÜÜÜÜÜÜÜÜÜÜÜÜÜÜÜÜÜÜÜÜÜÜÜÜÜÜÜÜÜÜÜÜÜÜÜÜÜÜÜÜ
    521
    522	0536			     tilecol_func_2	     proc    near
    523	0536  A1 AA3C				     mov     ax,ds:data_32e
    524	0539  40				     inc     ax
    525	053A  BB 001E				     mov     bx,1Eh
    526	053D  2B D8				     sub     bx,ax
    527	053F  73 01				     jnc     loc_34		     ; Jump if carry=0
    528	0541  C3				     retn
    529	0542			     loc_34:
    530	0542  A3 AA3C				     mov     ds:data_32e,ax
    531	0545  C3				     retn
    532	0546			     tilecol_func_2	     endp
    533
    534	0546			     loc_35:
    535	0546  0E				     push    cs
    536	0547  07				     pop     es
    537	0548  BF AA69				     mov     di,data_57e
    538	054B  B8 FFFF				     mov     ax,0FFFFh
    539	054E  B9 00A0				     mov     cx,0A0h
    540	0551  F3> AB				     rep     stosw		     ; Rep when	cx >0 Store ax to es:[di]
Turbo Assembler	 Version 2.01	     03/28/26 19:49:10	    Page 11
316TILCL.asm



    541	0553  C6 06 AA53 00			     mov     byte ptr ds:data_35e,0
    542	0558  C6 06 AA54 01			     mov     byte ptr ds:data_36e,1
    543	055D  8A 1E AA5B			     mov     bl,ds:data_43e
    544	0561  02 DB				     add     bl,bl
    545	0563  32 FF				     xor     bh,bh		     ; Zero register
    546	0565  8B B7 A783			     mov     si,ds:data_20e[bx]
    547	0569  8B AF A810			     mov     bp,ds:data_21e[bx]
    548	056D  B9 000C				     mov     cx,0Ch
    549	0570  E8 01E9				     call    tilecol_multiply
    550	0573  C6 06 AA53 0C			     mov     byte ptr ds:data_35e,0Ch
    551	0578  C6 06 AA54 00			     mov     byte ptr ds:data_36e,0
    552	057D  8A 1E AA5C			     mov     bl,ds:data_44e
    553	0581  80 E3 01				     and     bl,1
    554	0584  02 DB				     add     bl,bl
    555	0586  8B B7 A8DE			     mov     si,ds:data_28e[bx]
    556	058A  8B AF A8FD			     mov     bp,ds:data_29e[bx]
    557	058E  B9 000B				     mov     cx,0Bh
    558	0591  E8 01C8				     call    tilecol_multiply
    559	0594  C6 06 AA53 09			     mov     byte ptr ds:data_35e,9
    560	0599  C6 06 AA54 06			     mov     byte ptr ds:data_36e,6
    561	059E  8A 1E AA5D			     mov     bl,ds:data_45e
    562	05A2  80 E3 03				     and     bl,3
    563	05A5  02 DB				     add     bl,bl
    564	05A7  8B B7 A881			     mov     si,ds:data_24e[bx]
    565	05AB  8B AF A89A			     mov     bp,ds:data_25e[bx]
    566	05AF  B9 0007				     mov     cx,7
    567	05B2  E8 01A7				     call    tilecol_multiply
    568	05B5  C6 06 AA53 11			     mov     byte ptr ds:data_35e,11h
    569	05BA  C6 06 AA54 06			     mov     byte ptr ds:data_36e,6
    570	05BF  8A 1E AA5D			     mov     bl,ds:data_45e
    571	05C3  80 E3 03				     and     bl,3
    572	05C6  02 DB				     add     bl,bl
    573	05C8  8B B7 A8B7			     mov     si,ds:data_26e[bx]
    574	05CC  BD A8D7				     mov     bp,data_27e
    575	05CF  B9 0007				     mov     cx,7
    576	05D2  E8 0187				     call    tilecol_multiply
    577	05D5  C6 06 AA53 19			     mov     byte ptr ds:data_35e,19h
    578	05DA  C6 06 AA54 08			     mov     byte ptr ds:data_36e,8
    579	05DF  BE A87A				     mov     si,data_22e
    580	05E2  BD A87D				     mov     bp,data_23e
    581	05E5  B9 0004				     mov     cx,4
    582	05E8  E8 0171				     call    tilecol_multiply
    583	05EB  C6 06 AA59 00			     mov     byte ptr ds:data_41e,0
    584	05F0  A1 AA3C				     mov     ax,ds:data_32e
    585	05F3  8B 36 C010			     mov     si,ds:data_58e
    586	05F7  BF AA69				     mov     di,data_57e
    587	05FA  B9 001D				     mov     cx,1Dh
    588	05FD			     loc_36:
    589	05FD  51				     push    cx
    590	05FE  57				     push    di
    591	05FF  50				     push    ax
    592	0600  2E: FF 16	6036			     call    word ptr cs:data_16e
    593	0605  58				     pop     ax
    594	0606  88 1E AA55			     mov     ds:data_37e,bl
Turbo Assembler	 Version 2.01	     03/28/26 19:49:10	    Page 12
316TILCL.asm



    595	060A  72 72				     jc	     loc_40		     ; Jump if carry Set
    596	060C  32 C9				     xor     cl,cl		     ; Zero register
    597	060E			     loc_37:
    598	060E  51				     push    cx
    599	060F  50				     push    ax
    600	0610  80 3D FF				     cmp     byte ptr [di],0FFh
    601	0613  74 5F				     je	     loc_39		     ; Jump if equal
    602	0615  89 04				     mov     [si],ax
    603	0617  A0 AA3E				     mov     al,ds:data_33e
    604	061A  02 C1				     add     al,cl
    605	061C  24 3F				     and     al,3Fh		     ; '?'
    606	061E  88 44 02				     mov     [si+2],al
    607	0621  A0 AA55				     mov     al,ds:data_37e
    608	0624  88 44 03				     mov     [si+3],al
    609	0627  8A 05				     mov     al,[di]
    610	0629  8A E0				     mov     ah,al
    611	062B  D0 E8				     shr     al,1		     ; Shift w/zeros fill
    612	062D  D0 E8				     shr     al,1		     ; Shift w/zeros fill
    613	062F  D0 E8				     shr     al,1		     ; Shift w/zeros fill
    614	0631  D0 E8				     shr     al,1		     ; Shift w/zeros fill
    615	0633  8A 1E FF2E			     mov     bl,ds:data_60e
    616	0637  F6 D3				     not     bl
    617	0639  80 E3 80				     and     bl,80h
    618	063C  0A C3				     or	     al,bl
    619	063E  88 44 04				     mov     [si+4],al
    620	0641  88 64 06				     mov     [si+6],ah
    621	0644  C6 44 05 00			     mov     byte ptr [si+5],0
    622	0648  F6 06 AA5A FF			     test    byte ptr ds:data_42e,0FFh
    623	064D  74 04				     jz	     loc_38		     ; Jump if zero
    624	064F  80 4C 05 20			     or	     byte ptr [si+5],20h     ; ' '
    625	0653			     loc_38:
    626	0653  57				     push    di
    627	0654  8B 44 02				     mov     ax,[si+2]
    628	0657  2E: FF 16	6028			     call    word ptr cs:data_15e
    629	065C  8A 1E AA59			     mov     bl,ds:data_41e
    630	0660  32 FF				     xor     bh,bh		     ; Zero register
    631	0662  8A C3				     mov     al,bl
    632	0664  0C 80				     or	     al,80h
    633	0666  86 05				     xchg    [di],al
    634	0668  88 87 ED20			     mov     ds:data_59e[bx],al
    635	066C  83 C6 10				     add     si,10h
    636	066F  FE 06 AA59			     inc     byte ptr ds:data_41e
    637	0673  5F				     pop     di
    638	0674			     loc_39:
    639	0674  47				     inc     di
    640	0675  58				     pop     ax
    641	0676  59				     pop     cx
    642	0677  FE C1				     inc     cl
    643	0679  80 F9 0A				     cmp     cl,0Ah
    644	067C  75 90				     jne     loc_37		     ; Jump if not equal
    645	067E			     loc_40:
    646	067E  40				     inc     ax
    647	067F  5F				     pop     di
    648	0680  83 C7 0A				     add     di,0Ah
Turbo Assembler	 Version 2.01	     03/28/26 19:49:10	    Page 13
316TILCL.asm



    649	0683  59				     pop     cx
    650	0684  E2 02				     loop    locloop_41		     ; Loop if cx > 0
    651
    652	0686  EB 03				     jmp     short loc_42
    653
    654	0688			     locloop_41:
    655	0688  E9 FF72				     jmp     loc_36
    656	068B			     loc_42:
    657	068B  C7 04 FFFF			     mov     word ptr [si],0FFFFh
    658	068F  F6 06 AA56 FF			     test    byte ptr ds:data_38e,0FFh
    659	0694  75 01				     jnz     loc_43		     ; Jump if not zero
    660	0696  C3				     retn
    661	0697			     loc_43:
    662	0697  BF A917				     mov     di,0A917h
    663	069A  BD A930				     mov     bp,0A930h
    664	069D  80 3E AA5B 06			     cmp     byte ptr ds:data_43e,6
    665	06A2  72 06				     jb	     loc_44		     ; Jump if below
    666	06A4  BF A96C				     mov     di,data_30e
    667	06A7  BD A985				     mov     bp,data_31e
    668	06AA			     loc_44:
    669	06AA  8A 1E AA57			     mov     bl,ds:data_39e
    670	06AE  80 E3 03				     and     bl,3
    671	06B1  02 DB				     add     bl,bl
    672	06B3  32 FF				     xor     bh,bh		     ; Zero register
    673	06B5  8B 39				     mov     di,[bx+di]
    674	06B7  57				     push    di
    675	06B8  8B FD				     mov     di,bp
    676	06BA  8B 29				     mov     bp,[bx+di]
    677	06BC  5F				     pop     di
    678	06BD  A1 AA3C				     mov     ax,ds:data_32e
    679	06C0  2D 000A				     sub     ax,0Ah
    680	06C3  80 3E AA5B 05			     cmp     byte ptr ds:data_43e,5
    681	06C8  75 03				     jne     loc_45		     ; Jump if not equal
    682	06CA  05 0004				     add     ax,4
    683	06CD			     loc_45:
    684	06CD  B9 000D				     mov     cx,0Dh
    685	06D0			     loc_46:
    686	06D0  51				     push    cx
    687	06D1  50				     push    ax
    688	06D2  2E: FF 16	6036			     call    word ptr cs:data_16e
    689	06D7  58				     pop     ax
    690	06D8  88 1E AA55			     mov     ds:data_37e,bl
    691	06DC  73 0E				     jnc     loc_49		     ; Jump if carry=0
    692	06DE  B9 0008				     mov     cx,8
    693
    694	06E1			     locloop_47:
    695	06E1  3E: D0 46	00			     rol     byte ptr ds:[bp],1	     ; Rotate
    696	06E5  73 01				     jnc     loc_48		     ; Jump if carry=0
    697	06E7  47				     inc     di
    698	06E8			     loc_48:
    699	06E8  E2 F7				     loop    locloop_47		     ; Loop if cx > 0
    700
    701	06EA  EB 61				     jmp     short loc_52
    702	06EC			     loc_49:
Turbo Assembler	 Version 2.01	     03/28/26 19:49:10	    Page 14
316TILCL.asm



    703	06EC  32 C9				     xor     cl,cl		     ; Zero register
    704	06EE			     loc_50:
    705	06EE  51				     push    cx
    706	06EF  50				     push    ax
    707	06F0  3E: D0 46	00			     rol     byte ptr ds:[bp],1	     ; Rotate
    708	06F4  73 4E				     jnc     loc_51		     ; Jump if carry=0
    709	06F6  89 04				     mov     [si],ax
    710	06F8  A0 AA3E				     mov     al,ds:data_33e
    711	06FB  02 C1				     add     al,cl
    712	06FD  04 04				     add     al,4
    713	06FF  24 3F				     and     al,3Fh		     ; '?'
    714	0701  88 44 02				     mov     [si+2],al
    715	0704  A0 AA55				     mov     al,ds:data_37e
    716	0707  88 44 03				     mov     [si+3],al
    717	070A  8A 05				     mov     al,[di]
    718	070C  8A E0				     mov     ah,al
    719	070E  D0 E8				     shr     al,1		     ; Shift w/zeros fill
    720	0710  D0 E8				     shr     al,1		     ; Shift w/zeros fill
    721	0712  D0 E8				     shr     al,1		     ; Shift w/zeros fill
    722	0714  D0 E8				     shr     al,1		     ; Shift w/zeros fill
    723	0716  0C 20				     or	     al,20h		     ; ' '
    724	0718  88 44 04				     mov     [si+4],al
    725	071B  88 64 06				     mov     [si+6],ah
    726	071E  C6 44 05 00			     mov     byte ptr [si+5],0
    727	0722  57				     push    di
    728	0723  8B 44 02				     mov     ax,[si+2]
    729	0726  2E: FF 16	6028			     call    word ptr cs:data_15e
    730	072B  8A 1E AA59			     mov     bl,ds:data_41e
    731	072F  32 FF				     xor     bh,bh		     ; Zero register
    732	0731  8A C3				     mov     al,bl
    733	0733  0C 80				     or	     al,80h
    734	0735  86 05				     xchg    [di],al
    735	0737  88 87 ED20			     mov     ds:data_59e[bx],al
    736	073B  83 C6 10				     add     si,10h
    737	073E  FE 06 AA59			     inc     byte ptr ds:data_41e
    738	0742  5F				     pop     di
    739	0743  47				     inc     di
    740	0744			     loc_51:
    741	0744  58				     pop     ax
    742	0745  59				     pop     cx
    743	0746  FE C1				     inc     cl
    744	0748  80 F9 08				     cmp     cl,8
    745	074B  75 A1				     jne     loc_50		     ; Jump if not equal
    746	074D			     loc_52:
    747	074D  40				     inc     ax
    748	074E  45				     inc     bp
    749	074F  59				     pop     cx
    750	0750  E2 02				     loop    locloop_53		     ; Loop if cx > 0
    751
    752	0752  EB 03				     jmp     short loc_54
    753
    754	0754			     locloop_53:
    755	0754  E9 FF79				     jmp     loc_46
    756	0757			     loc_54:
Turbo Assembler	 Version 2.01	     03/28/26 19:49:10	    Page 15
316TILCL.asm



    757	0757  C7 04 FFFF			     mov     word ptr [si],0FFFFh
    758	075B  C3				     retn
    759
    760				     ;ßßßßßßßßßßßßßßßßßßßßßßßßßßßßßßßßßßßßßßßßßßßßßßßßßßßßßßßßßßßßßßßßßßßßßßßßßß
    761				     ;				    SUBROUTINE
    762				     ;ÜÜÜÜÜÜÜÜÜÜÜÜÜÜÜÜÜÜÜÜÜÜÜÜÜÜÜÜÜÜÜÜÜÜÜÜÜÜÜÜÜÜÜÜÜÜÜÜÜÜÜÜÜÜÜÜÜÜÜÜÜÜÜÜÜÜÜÜÜÜÜÜÜÜ
    763
    764	075C			     tilecol_multiply		     proc    near
    765	075C  A0 AA53				     mov     al,ds:data_35e
    766	075F  B3 0A				     mov     bl,0Ah
    767	0761  F6 E3				     mul     bl			     ; ax = reg	* al
    768	0763  8A 1E AA54			     mov     bl,ds:data_36e
    769	0767  32 FF				     xor     bh,bh		     ; Zero register
    770	0769  03 C3				     add     ax,bx
    771	076B  05 AA69				     add     ax,0AA69h
    772	076E  8B F8				     mov     di,ax
    773
    774	0770			     locloop_55:
    775	0770  51				     push    cx
    776	0771  B9 0008				     mov     cx,8
    777
    778	0774			     locloop_56:
    779	0774  3E: D0 46	00			     rol     byte ptr ds:[bp],1	     ; Rotate
    780	0778  73 03				     jnc     loc_57		     ; Jump if carry=0
    781	077A  AC				     lodsb			     ; String [si] to al
    782	077B  88 05				     mov     [di],al
    783	077D			     loc_57:
    784	077D  47				     inc     di
    785	077E  E2 F4				     loop    locloop_56		     ; Loop if cx > 0
    786
    787	0780  47				     inc     di
    788	0781  47				     inc     di
    789	0782  45				     inc     bp
    790	0783  59				     pop     cx
    791	0784  E2 EA				     loop    locloop_55		     ; Loop if cx > 0
    792
    793	0786  C3				     retn
    794	0787			     tilecol_multiply		     endp
    795
    796										     ;*	No entry point to code
    797	0787  99				     cwd			     ; Word to double word
    798	0788  A7				     cmpsw			     ; Cmp [si]	to es:[di]
    799	0789  AF				     scasw			     ; Scan es:[di] for	ax
    800	078A  A7				     cmpsw			     ; Cmp [si]	to es:[di]
    801	078B  A4				     movsb			     ; Mov [si]	to es:[di]
    802	078C  A7				     cmpsw			     ; Cmp [si]	to es:[di]
    803	078D  BA C5A7				     mov     dx,0C5A7h
    804	0790  A7				     cmpsw			     ; Cmp [si]	to es:[di]
    805	0791  CF				     iret			     ; Interrupt return
    806										     ;*	No entry point to code
    807	0792  A7				     cmpsw			     ; Cmp [si]	to es:[di]
    808	0793  DA A7 E4 A7 FA A7			     db	     0DAh,0A7h,0E4h,0A7h,0FAh,0A7h
    809	0799  EF A7 05 A8 00 02			     db	     0EFh,0A7h,	05h,0A8h, 00h, 02h
    810	079F  01 10 11 12 13 14			     db	      01h, 10h,	11h, 12h, 13h, 14h
Turbo Assembler	 Version 2.01	     03/28/26 19:49:10	    Page 16
316TILCL.asm



    811	07A5  15 17 16 00 02 06			     db	      15h, 17h,	16h, 00h, 02h, 06h
    812	07AB  10 11 12 13 14 15			     db	      10h, 11h,	12h, 13h, 14h, 15h
    813	07B1  17 16 00 03 01 2E			     db	      17h, 16h,	00h, 03h, 01h, 2Eh
    814	07B7  11 12 13 14 15 17			     db	      11h, 12h,	13h, 14h, 15h, 17h
    815	07BD  16 00 03 06 2E 11			     db	      16h, 00h,	03h, 06h, 2Eh, 11h
    816	07C3  12 13 14 15 17 16			     db	      12h, 13h,	14h, 15h, 17h, 16h
    817	07C9  05 04 19 18 13 1A			     db	      05h, 04h,	19h, 18h, 13h, 1Ah
    818	07CF  14 15 17 16 07 04			     db	      14h, 15h,	17h, 16h, 07h, 04h
    819	07D5  76 77 18 13 1A 14			     db	      76h, 77h,	18h, 13h, 1Ah, 14h
    820	07DB  15 17 16 05 04 1C			     db	      15h, 17h,	16h, 05h, 04h, 1Ch
    821	07E1  1B 1D 1E 1F 20 22			     db	      1Bh, 1Dh,	1Eh, 1Fh, 20h, 22h
    822	07E7  16 00 02 01			     db	      16h, 00h,	02h, 01h
    823	07EB  23 24				     db	     '#$'
    824	07ED  25 26 27 28 29 21			     db	     '%&', 27h,	'()!'
    825	07F3  00 02 06				     db	     0,	2, 6
    826	07F6  23 24				     db	     '#$'
    827	07F8  25 26 27 28 29 21			     db	     '%&', 27h,	'()!'
    828	07FE  00 03 01				     db	     0,	3, 1
    829	0801  2A 24				     db	     '*$'
    830	0803  25 26 27 28 29 21			     db	     '%&', 27h,	'()!'
    831	0809  00 03 06				     db	     0,	3, 6
    832	080C  2A 24				     db	     '*$'
    833	080E  25 26 27 28 29 21	26		     db	     '%&', 27h,	'()!&'
    834	0815  A8 32 A8 26 A8 32			     db	     0A8h, 32h,0A8h, 26h,0A8h, 32h
    835	081B  A8 3E A8 4A A8 56			     db	     0A8h, 3Eh,0A8h, 4Ah,0A8h, 56h
    836	0821  A8 62 A8 6E A8 62			     db	     0A8h, 62h,0A8h, 6Eh,0A8h, 62h
    837	0827  A8 6E A8 00 00 00			     db	     0A8h, 6Eh,0A8h, 00h, 00h, 00h
    838	082D  80 40 80 20 80 50			     db	      80h, 40h,	80h, 20h, 80h, 50h
    839	0833  16 00 04 00 00 00			     db	      16h, 00h,	04h, 00h, 00h, 00h
    840	0839  80 20 80 20 80 50			     db	      80h, 20h,	80h, 20h, 80h, 50h
    841	083F  16 00 04 00 00 00			     db	      16h, 00h,	04h, 00h, 00h, 00h
    842	0845  00 00 20 80 20 90			     db	      00h, 00h,	20h, 80h, 20h, 90h
    843	084B  36 00 04 00 00 00			     db	      36h, 00h,	04h, 00h, 00h, 00h
    844	0851  00 00 20 80 30 90			     db	      00h, 00h,	20h, 80h, 30h, 90h
    845	0857  36 00 04 00 00 08			     db	      36h, 00h,	04h, 00h, 00h, 08h
    846	085D  20 10 20 10 00 18			     db	      20h, 10h,	20h, 10h, 00h, 18h
    847	0863  0A 00 04 08 04 08			     db	      0Ah, 00h,	04h, 08h, 04h, 08h
    848	0869  04 08 04 08 04 00			     db	      04h, 08h,	04h, 08h, 04h, 00h
    849	086F  06 00 04 08 02 08			     db	      06h, 00h,	04h, 08h, 02h, 08h
    850	0875  04 08 04 08 04 00			     db	      04h, 08h,	04h, 08h, 04h, 00h
    851	087B  06 00 04 2B 2C 2D			     db	      06h, 00h,	04h, 2Bh, 2Ch, 2Dh
    852	0881  80 00 80 80 89 A8			     db	      80h, 00h,	80h, 80h, 89h,0A8h
    853	0887  8F A8 95 A8 8F A8			     db	      8Fh,0A8h,	95h,0A8h, 8Fh,0A8h
    854	088D  50 51 52 54 53 55	56+		     db	     'PQRTSUVWXZY[\]_^`'
    855	      57 58 5A 59 5B 5C	5D+
    856	      5F 5E 60
    857	089E  A2 A8 A9 A8 B0 A8			     db	     0A2h,0A8h,0A9h,0A8h,0B0h,0A8h
    858	08A4  A9 A8 20 00 20 00			     db	     0A9h,0A8h,	20h, 00h, 20h, 00h
    859	08AA  A0 00 A0 00 20 20			     db	     0A0h, 00h,0A0h, 00h, 20h, 20h
    860	08B0  00 A0 00 A0 00 00			     db	      00h,0A0h,	00h,0A0h, 00h, 00h
    861	08B6  20 00 A0 00 A0 BF			     db	      20h, 00h,0A0h, 00h,0A0h,0BFh
    862	08BC  A8 C7 A8 CF A8 C7			     db	     0A8h,0C7h,0A8h,0CFh,0A8h,0C7h
    863	08C2  A8				     db	     0A8h
    864	08C3  75 62 63 64 73 65	74+		     db	     'ubcdsetfugcisjthaklpsqtr'
Turbo Assembler	 Version 2.01	     03/28/26 19:49:10	    Page 17
316TILCL.asm



    865	      66 75 67 63 69 73	6A+
    866	      74 68 61 6B 6C 70	73+
    867	      71 74 72
    868	08DB  A0 00 A0 00 A0 00			     db	     0A0h, 00h,0A0h, 00h,0A0h, 00h
    869	08E1  A0 E2 A8 F1 A8			     db	     0A0h,0E2h,0A8h,0F1h,0A8h
    870	08E6  36 35 37 3C 30 38	3D+		     db	     '657<08=19>2:;34@AFBGJCHKIDE'
    871	      31 39 3E 32 3A 3B	33+
    872	      34 40 41 46 42 47	4A+
    873	      43 48 4B 49 44 45
    874	0901  01 A9 0C A9 10 40			     db	      01h,0A9h,	0Ch,0A9h, 10h, 40h
    875	0907  28 80 28 80 28 80			     db	      28h, 80h,	28h, 80h, 28h, 80h
    876	090D  30 80 80 10 00 28			     db	      30h, 80h,	80h, 10h, 00h, 28h
    877	0913  00 58 00 58 10 40			     db	      00h, 58h,	00h, 58h, 10h, 40h
    878	0919  00 40 1F A9 20 A9			     db	      00h, 40h,	1Fh,0A9h, 20h,0A9h
    879	091F  23 A9 2A A9 80 83			     db	      23h,0A9h,	2Ah,0A9h, 80h, 83h
    880	0925  82 81 8A 89 86 87			     db	      82h, 81h,	8Ah, 89h, 86h, 87h
    881	092B  85 88 84 8D 8E 8C			     db	      85h, 88h,	84h, 8Dh, 8Eh, 8Ch
    882	0931  8F 8B 81 38 A9 45			     db	      8Fh, 8Bh,	81h, 38h,0A9h, 45h
    883	0937  A9 52 A9 5F A9			     db	     0A9h, 52h,0A9h, 5Fh,0A9h
    884	093C  0C*(00)				     db	     12	dup (0)
    885	0948  80 00 00				     db	      80h, 00h,	00h
    886	094B  07*(00)				     db	     7 dup (0)
    887	0952  10 00 40 80 00 00			     db	      10h, 00h,	40h, 80h, 00h, 00h
    888	0958  00 00 00 08 00 08			     db	      00h, 00h,	00h, 08h, 00h, 08h
    889	095E  00 18 20 08 80 00			     db	      00h, 18h,	20h, 08h, 80h, 00h
    890	0964  00 00 00 00 08 00			     db	      00h, 00h,	00h, 00h, 08h, 00h
    891	096A  08 10 08 20 00 80			     db	      08h, 10h,	08h, 20h, 00h, 80h
    892	0970  74 A9 76 A9 79 A9			     db	      74h,0A9h,	76h,0A9h, 79h,0A9h
    893	0976  7F A9 90 91 92 93			     db	      7Fh,0A9h,	90h, 91h, 92h, 93h
    894	097C  94 95 96 97 98 96			     db	      94h, 95h,	96h, 97h, 98h, 96h
    895	0982  99 9A 9B 9B 9C 9B			     db	      99h, 9Ah,	9Bh, 9Bh, 9Ch, 9Bh
    896	0988  9D 8D A9 9A A9 A7			     db	      9Dh, 8Dh,0A9h, 9Ah,0A9h,0A7h
    897	098E  A9 A7 A9				     db	     0A9h,0A7h,0A9h
    898	0991  08*(00)				     db	     8 dup (0)
    899	0999  20 20				     db	      20h, 20h
    900	099B  08*(00)				     db	     8 dup (0)
    901	09A3  20 00 20 00 20 00			     db	      20h, 00h,	20h, 00h, 20h, 00h
    902	09A9  00 00 20 20 00 20			     db	      00h, 00h,	20h, 20h, 00h, 20h
    903	09AF  00 20 00 20 00 20			     db	      00h, 20h,	00h, 20h, 00h, 20h
    904	09B5  00 00 00				     db	      00h, 00h,	00h
    905
    906				     ;ßßßßßßßßßßßßßßßßßßßßßßßßßßßßßßßßßßßßßßßßßßßßßßßßßßßßßßßßßßßßßßßßßßßßßßßßßß
    907				     ;				    SUBROUTINE
    908				     ;ÜÜÜÜÜÜÜÜÜÜÜÜÜÜÜÜÜÜÜÜÜÜÜÜÜÜÜÜÜÜÜÜÜÜÜÜÜÜÜÜÜÜÜÜÜÜÜÜÜÜÜÜÜÜÜÜÜÜÜÜÜÜÜÜÜÜÜÜÜÜÜÜÜÜ
    909
    910	09B8			     tilecol_func_4	     proc    near
    911	09B8  A1 AA3F				     mov     ax,ds:data_34e
    912	09BB  2B C3				     sub     ax,bx
    913	09BD  73 02				     jnc     loc_58		     ; Jump if carry=0
    914	09BF  33 C0				     xor     ax,ax		     ; Zero register
    915	09C1			     loc_58:
    916	09C1  A3 AA3F				     mov     ds:data_34e,ax
    917	09C4  8B D8				     mov     bx,ax
    918	09C6  50				     push    ax
Turbo Assembler	 Version 2.01	     03/28/26 19:49:10	    Page 18
316TILCL.asm



    919	09C7  2E: FF 16	200C			     call    word ptr cs:data_14e
    920	09CC  58				     pop     ax
    921	09CD  0B C0				     or	     ax,ax		     ; Zero ?
    922	09CF  74 01				     jz	     loc_59		     ; Jump if zero
    923	09D1  C3				     retn
    924	09D2			     loc_59:
    925	09D2  C6 06 AA58 00			     mov     byte ptr ds:data_40e,0
    926	09D7  C6 06 FF2E FF			     mov     byte ptr ds:data_60e,0FFh
    927	09DC  C6 06 AA58 00			     mov     byte ptr ds:data_40e,0
    928	09E1  C6 06 AA65 00			     mov     byte ptr ds:data_53e,0
    929	09E6  C6 06 AA67 00			     mov     byte ptr ds:data_55e,0
    930	09EB  C6 06 AA56 00			     mov     byte ptr ds:data_38e,0
    931	09F0  C6 06 AA61 00			     mov     byte ptr ds:data_49e,0
    932	09F5  C3				     retn
    933	09F6			     tilecol_func_4	     endp
    934
    935	09F6			     loc_60:
    936	09F6  80 3E AA58 28			     cmp     byte ptr ds:data_40e,28h	     ; '('
    937	09FB  73 3D				     jae     loc_63		     ; Jump if above or	=
    938	09FD  C6 06 FF2F FF			     mov     byte ptr ds:data_61e,0FFh
    939	0A02  FE 06 AA58			     inc     byte ptr ds:data_40e
    940	0A06  80 3E AA58 1E			     cmp     byte ptr ds:data_40e,1Eh
    941	0A0B  73 20				     jae     loc_62		     ; Jump if above or	=
    942	0A0D  FE 06 AA5C			     inc     byte ptr ds:data_44e
    943	0A11  A0 AA5C				     mov     al,ds:data_44e
    944	0A14  24 01				     and     al,1
    945	0A16  04 02				     add     al,2
    946	0A18  A2 AA5B				     mov     ds:data_43e,al
    947	0A1B  A0 AA5C				     mov     al,ds:data_44e
    948	0A1E  24 03				     and     al,3
    949	0A20  74 03				     jz	     loc_61		     ; Jump if zero
    950	0A22  E9 FB21				     jmp     loc_35
    951	0A25			     loc_61:
    952	0A25  C6 06 FF75 37			     mov     byte ptr ds:data_63e,37h	     ; '7'
    953	0A2A  E9 FB19				     jmp     loc_35
    954	0A2D			     loc_62:
    955	0A2D  C6 06 AA5C 01			     mov     byte ptr ds:data_44e,1
    956	0A32  C6 06 AA5B 0A			     mov     byte ptr ds:data_43e,0Ah
    957	0A37  E9 FB0C				     jmp     loc_35
    958	0A3A			     loc_63:
    959	0A3A  C6 06 FF30 FF			     mov     byte ptr ds:data_62e,0FFh
    960	0A3F  C3				     retn
    961										     ;*	No entry point to code
    962	0A40  1E				     push    ds
    963	0A41  00 08				     add     [bx+si],cl
    964	0A43  20 03				     and     [bp+di],al
    965				     ;*		     loopnz  locloop_64		     ;*Loop if zf=0, cx>0
    966
    967	0A45  E0 2E				     db	     0E0h, 2Eh		     ;	Fixup -	byte match
    968	0A47  05 4900				     add     ax,4900h
    969	0A4A  AA				     stosb			     ; Store al	to es:[di]
    970	0A4B  C4 09				     les     cx,dword ptr [bx+di]    ; Load seg:offset ptr
    971	0A4D  11 BB 0600			     adc     word ptr ss:[600h][bp+di],di
    972	0A51  44				     inc     sp
Turbo Assembler	 Version 2.01	     03/28/26 19:49:10	    Page 19
316TILCL.asm



    973				     ;*		     jc	     loc_65		     ;*Jump if carry Set
    974	0A52  72 61				     db	      72h, 61h		     ;	Fixup -	byte match
    975	0A54  67 6F 6E				     db	      67h, 6Fh,	6Eh
    976	0A57  0156*(00)				     db	     342 dup (0)
    977
    978	0BAD			     seg_a	     ends
    979
    980
    981
    982						     end     start
Turbo Assembler	 Version 2.01	     03/28/26 19:49:10	    Page 20
Symbol Table




Symbol Name			  Type	 Value

??DATE				  Text	 "03/28/26"
??FILENAME			  Text	 "316TILCL"
??TIME				  Text	 "19:49:10"
??VERSION			  Number 0201
@CPU				  Text	 0101H
@CURSEG				  Text	 SEG_A
@FILENAME			  Text	 316TILCL
@WORDSIZE			  Text	 2
DATA_14E			  Number 200C
DATA_15E			  Number 6028
DATA_16E			  Number 6036
DATA_17E			  Number 6038
DATA_18E			  Number 8000
DATA_19E			  Number A4BB
DATA_20E			  Number A783
DATA_21E			  Number A810
DATA_22E			  Number A87A
DATA_23E			  Number A87D
DATA_24E			  Number A881
DATA_25E			  Number A89A
DATA_26E			  Number A8B7
DATA_27E			  Number A8D7
DATA_28E			  Number A8DE
DATA_29E			  Number A8FD
DATA_3				  Byte	 SEG_A:0075
DATA_30E			  Number A96C
DATA_31E			  Number A985
DATA_32E			  Number AA3C
DATA_33E			  Number AA3E
DATA_34E			  Number AA3F
DATA_35E			  Number AA53
DATA_36E			  Number AA54
DATA_37E			  Number AA55
DATA_38E			  Number AA56
DATA_39E			  Number AA57
DATA_4				  Byte	 SEG_A:0080
DATA_40E			  Number AA58
DATA_41E			  Number AA59
DATA_42E			  Number AA5A
DATA_43E			  Number AA5B
DATA_44E			  Number AA5C
DATA_45E			  Number AA5D
DATA_46E			  Number AA5E
DATA_47E			  Number AA5F
DATA_48E			  Number AA60
DATA_49E			  Number AA61
DATA_5				  Byte	 SEG_A:009C
DATA_50E			  Number AA62
DATA_51E			  Number AA63
DATA_52E			  Number AA64
DATA_53E			  Number AA65
Turbo Assembler	 Version 2.01	     03/28/26 19:49:10	    Page 21
Symbol Table



DATA_54E			  Number AA66
DATA_55E			  Number AA67
DATA_56E			  Number AA68
DATA_57E			  Number AA69
DATA_58E			  Number C010
DATA_59E			  Number ED20
DATA_6				  Byte	 SEG_A:00AE
DATA_60E			  Number FF2E
DATA_61E			  Number FF2F
DATA_62E			  Number FF30
DATA_63E			  Number FF75
DATA_7				  Word	 SEG_A:011A
LOCLOOP_41			  Near	 SEG_A:0688
LOCLOOP_47			  Near	 SEG_A:06E1
LOCLOOP_53			  Near	 SEG_A:0754
LOCLOOP_55			  Near	 SEG_A:0770
LOCLOOP_56			  Near	 SEG_A:0774
LOC_1				  Near	 SEG_A:009E
LOC_10				  Near	 SEG_A:0369
LOC_11				  Near	 SEG_A:037B
LOC_12				  Near	 SEG_A:0385
LOC_13				  Near	 SEG_A:03B9
LOC_14				  Near	 SEG_A:03BE
LOC_15				  Near	 SEG_A:03C8
LOC_16				  Near	 SEG_A:03D6
LOC_17				  Near	 SEG_A:03E0
LOC_18				  Near	 SEG_A:03F9
LOC_19				  Near	 SEG_A:0406
LOC_2				  Near	 SEG_A:00F5
LOC_20				  Near	 SEG_A:0414
LOC_21				  Near	 SEG_A:0439
LOC_22				  Near	 SEG_A:044C
LOC_23				  Near	 SEG_A:0462
LOC_24				  Near	 SEG_A:0468
LOC_25				  Near	 SEG_A:047B
LOC_26				  Near	 SEG_A:0481
LOC_27				  Near	 SEG_A:048C
LOC_28				  Near	 SEG_A:0492
LOC_29				  Near	 SEG_A:049F
LOC_31				  Near	 SEG_A:0500
LOC_32				  Near	 SEG_A:0510
LOC_33				  Near	 SEG_A:0532
LOC_34				  Near	 SEG_A:0542
LOC_35				  Near	 SEG_A:0546
LOC_36				  Near	 SEG_A:05FD
LOC_37				  Near	 SEG_A:060E
LOC_38				  Near	 SEG_A:0653
LOC_39				  Near	 SEG_A:0674
LOC_40				  Near	 SEG_A:067E
LOC_42				  Near	 SEG_A:068B
LOC_43				  Near	 SEG_A:0697
LOC_44				  Near	 SEG_A:06AA
LOC_45				  Near	 SEG_A:06CD
LOC_46				  Near	 SEG_A:06D0
Turbo Assembler	 Version 2.01	     03/28/26 19:49:10	    Page 22
Symbol Table



LOC_48				  Near	 SEG_A:06E8
LOC_49				  Near	 SEG_A:06EC
LOC_5				  Near	 SEG_A:0120
LOC_50				  Near	 SEG_A:06EE
LOC_51				  Near	 SEG_A:0744
LOC_52				  Near	 SEG_A:074D
LOC_54				  Near	 SEG_A:0757
LOC_57				  Near	 SEG_A:077D
LOC_58				  Near	 SEG_A:09C1
LOC_59				  Near	 SEG_A:09D2
LOC_6				  Near	 SEG_A:02EF
LOC_60				  Near	 SEG_A:09F6
LOC_61				  Near	 SEG_A:0A25
LOC_62				  Near	 SEG_A:0A2D
LOC_63				  Near	 SEG_A:0A3A
LOC_7				  Near	 SEG_A:032E
LOC_8				  Near	 SEG_A:0331
LOC_9				  Near	 SEG_A:033A
START				  Near	 SEG_A:0000
TARGET				  Number 5432
TILECOL_FUNC_1			  Near	 SEG_A:0525
TILECOL_FUNC_2			  Near	 SEG_A:0536
TILECOL_FUNC_4			  Near	 SEG_A:09B8
TILECOL_MULTIPLY		  Near	 SEG_A:075C
ZR3_16				  Far	 SEG_A:0000

Macro Name

CALLF
CALLFX
CALLS
JMPN
JMPS

Groups & Segments		  Bit Size Align  Combine Class

SEG_A				  16  0BAD Byte	  Public
