Turbo Assembler	 Version 2.01	     03/22/26 17:38:00	    Page 1
356LVGRP.asm



      1
      2
      3				     ;лллллллллллллллллллллллллллллллллллллллллллллллллллллллллллллллллллллллллл
      4				     ;лл								      лл
      5				     ;лл			     ZR356FUL				      лл
      6				     ;лл								      лл
      7				     ;лл      Created:	 22-Mar-26					      лл
      8				     ;лл      Code type: zero start					      лл
      9				     ;лл      Passes:	 9	    Analysis Options on: none		      лл
     10				     ;лл								      лл
     11				     ;лллллллллллллллллллллллллллллллллллллллллллллллллллллллллллллллллллллллллл
     12
     13	      =	5432		     target	     EQU   'T2'			     ; Target assembler: TASM-2.X
     14
     15				     include  srmacros.inc
1    16
1    17				     ; Macros which may	be required for	proper re-assembly
1    18
1    19
1    20
1    21
1    22
1    23				     ;-----------------------------------------------------------------------------
1    24				     ; Some assemblers,	like TASM, check each far call and jump, to see	if it is
1    25				     ; in the same segment.  If	so, rather than	produce	the standard five byte far
1    26				     ; instruction it uses a near jump or call.
1    27
1    28				     calls	     macro   dummy1, dummy2, slocation
1    29						     db	     9Ah		     ; forced call far instruction
1    30						     dw	     offset slocation, seg slocation
1    31				     endm
1    32
1    33				     jmps	     macro   dummy1, dummy2, jlocation
1    34						     db	     0EAh		     ; forced jump far instruction
1    35						     dw	     offset jlocation, seg jlocation
1    36				     endm
1    37
1    38
1    39
1    40
1    41				     ;-----------------------------------------------------------------------------
1    42				     ;	Some compilers and some	assemblers will	code a call that goes to a far
1    43				     ;	subroutine in the same segment as:
1    44				     ;
1    45				     ;		     PUSH    CS
1    46				     ;		     CALL    near
1    47				     ;
1    48				     ;	This saves one byte, and is slightly faster.  If the assembler you are
1    49				     ;	using (i.e. MASM, Optasm) does not do this automatically, the following
1    50				     ;	macros are used	to code	the same information.  In other	words, the binary
1    51				     ;	file has "PUSH CS, CALL	near", and Sourcer ensures the same instructions
1    52				     ;	are used!  (macro CALLF)
1    53				     ;
1    54
Turbo Assembler	 Version 2.01	     03/22/26 17:38:00	    Page 2
356LVGRP.asm



1    55				     callf	     macro   location
1    56						     push    cs
1    57						     call    near ptr location
1    58				     endm
1    59
1    60				     ;	Some compilers generate	an unnecessary DS override on the call instruction
1    61				     ;	when compacting	the CALLF type function.  Macro	CALLFX handles this case.
1    62
1    63				     callfx	     macro   location
1    64						     push    cs
1    65						     db	     3Eh
1    66						     call    near ptr location
1    67				     endm
1    68
1    69
1    70				     ;-----------------------------------------------------------------------------
1    71				     ;	Some compilers and some	assemblers will	code a near call that is the
1    72				     ;	selected assembler will	convert	to a short jump	to save	a byte.	 This
1    73				     ;	reconstructs a near jump for these cases.
1    74
1    75				     jmpn	     macro   location
1    76						     db	     0E9h
1    77						     dw	     offset location-$-2
1    78				     endm
1    79
1    80
1    81
     82
     83
     84				     ; The following equates show data references outside the range of the program.
     85
     86	      =	0CC0		     data_1e	     equ     0CC0h		     ;*
     87	      =	5B01		     data_2e	     equ     5B01h		     ;*
     88	      =	5D01		     data_3e	     equ     5D01h		     ;*
     89	      =	5E15		     data_4e	     equ     5E15h		     ;*
     90	      =	80A9		     data_5e	     equ     80A9h		     ;*
     91	      =	5500		     data_6e	     equ     5500h		     ;*
     92	      =	5515		     data_7e	     equ     5515h		     ;*
     93	      =	2804		     data_21e	     equ     2804h		     ;*
     94	      =	2B38		     data_22e	     equ     2B38h		     ;*
     95	      =	300C		     data_23e	     equ     300Ch		     ;*
     96	      =	3903		     data_24e	     equ     3903h		     ;*
     97	      =	3940		     data_25e	     equ     3940h		     ;*
     98	      =	4600		     data_26e	     equ     4600h		     ;*
     99	      =	4642		     data_27e	     equ     4642h		     ;*
    100	      =	5000		     data_28e	     equ     5000h		     ;*
    101	      =	5400		     data_29e	     equ     5400h		     ;*
    102	      =	5D01		     data_30e	     equ     5D01h		     ;*
    103	      =	7E00		     data_31e	     equ     7E00h		     ;*
    104	      =	80A0		     data_32e	     equ     80A0h		     ;*
    105	      =	9E03		     data_33e	     equ     9E03h		     ;*
    106	      =	A0E0		     data_34e	     equ     0A0E0h		     ;*
    107	      =	A333		     data_35e	     equ     0A333h		     ;*
    108	      =	A800		     data_36e	     equ     0A800h		     ;*
Turbo Assembler	 Version 2.01	     03/22/26 17:38:00	    Page 3
356LVGRP.asm



    109	      =	A8AA		     data_37e	     equ     0A8AAh		     ;*
    110	      =	AA00		     data_38e	     equ     0AA00h		     ;*
    111	      =	B7C0		     data_39e	     equ     0B7C0h		     ;*
    112	      =	B808		     data_40e	     equ     0B808h		     ;*
    113	      =	FA01		     data_41e	     equ     0FA01h		     ;*
    114
    115	0000			     seg_a	     segment byte public
    116						     assume  cs:seg_a, ds:seg_a
    117
    118
    119						     org     0
    120
    121	0000			     ZR356FUL	     proc    far
    122
    123	0000			     start:
    124				     ;*		     jc	     loc_3		     ;*Jump if carry Set
    125	0000  72 18				     db	      72h, 18h		     ;	Fixup -	byte match
    126	0002  00 00				     add     [bx+si],al
    127	0004  00 06 0039r			     add     byte ptr data_9,al
    128	0008  4E				     dec     si
    129	0009  02 63 80				     add     ah,[bp+di-80h]
    130	000C  91				     xchg    cx,ax
    131	000D  20 9C 9E03			     and     ds:data_33e[si],bl
    132	0011  AA				     stosb			     ; Store al	to es:[di]
    133	0012  9F				     lahf			     ; Load ah from flags
    134	0013  08 B3 B7C0			     or	     ss:data_39e[bp+di],dh
    135	0017  40				     inc     ax
    136	0018  B9 BD01				     mov     cx,0BD01h
    137	001B  A8 C5				     test    al,0C5h
    138	001D  04 C7				     add     al,0C7h
    139	001F  A0 10CDr				     mov     al,data_20
    140	0022  DB 30 E2 0A E5 0C			     db	     0DBh, 30h,0E2h, 0Ah,0E5h, 0Ch
    141	0028  E6 EA E7 2A F9 50			     db	     0E6h,0EAh,0E7h, 2Ah,0F9h, 50h
    142	002E  FF FF				     db	     0FFh,0FFh
    143	0030  2F39		     data_8	     dw	     2F39h		     ; Data table (indexed access)
    144	0032  0A 39 01 2B 39 01			     db	      0Ah, 39h,	01h, 2Bh, 39h, 01h
    145	0038  BF				     db	     0BFh
    146	0039  0200		     data_9	     dw	     200h		     ; Data table (indexed access)
    147	003B  2A FF 00 2B 39 06			     db	      2Ah,0FFh,	00h, 2Bh, 39h, 06h
    148	0041  80 39 01 80 39 01			     db	      80h, 39h,	01h, 80h, 39h, 01h
    149	0047  E8 00 80 00 FE 00			     db	     0E8h, 00h,	80h, 00h,0FEh, 00h
    150	004D  80 00 FF 80 E0 00			     db	      80h, 00h,0FFh, 80h,0E0h, 00h
    151	0053  FF EA FA 39 00 BF			     db	     0FFh,0EAh,0FAh, 39h, 00h,0BFh
    152	0059  00 02 00 2F 39 01			     db	      00h, 02h,	00h, 2Fh, 39h, 01h
    153	005F  0A 39 14 FF 80 E0			     db	      0Ah, 39h,	14h,0FFh, 80h,0E0h
    154	0065  00 FE 00 80 00 E8			     db	      00h,0FEh,	00h, 80h, 00h,0E8h
    155	006B  00 80 00 80 39 01			     db	      00h, 80h,	00h, 80h, 39h, 01h
    156	0071  80 39 01 80 39 0A			     db	      80h, 39h,	01h, 80h, 39h, 0Ah
    157	0077  03 00 02 00 0F 00			     db	      03h, 00h,	02h, 00h, 0Fh, 00h
    158	007D  02 9C 00				     db	      02h, 9Ch,	00h
    159	0080  0002		     data_10	     dw	     2			     ; Data table (indexed access)
    160	0082  30 3C 20 08 00 CC			     db	      30h, 3Ch,	20h, 08h, 00h,0CCh
    161	0088  39 00 03 0C 39 01			     db	      39h, 00h,	03h, 0Ch, 39h, 01h
    162	008E  03 00 02				     db	      03h, 00h,	02h
Turbo Assembler	 Version 2.01	     03/22/26 17:38:00	    Page 4
356LVGRP.asm



    163	0091  3FF0		     data_11	     dw	     3FF0h
    164	0093  80 28 39 02 C0 00			     db	      80h, 28h,	39h, 02h,0C0h, 00h
    165	0099  80 00 0C 00 08 39			     db	      80h, 00h,	0Ch, 00h, 08h, 39h
    166	009F  03 F0 30 A0 20 0C			     db	      03h,0F0h,	30h,0A0h, 20h, 0Ch
    167	00A5  00 08 39 03 C0 CF			     db	      00h, 08h,	39h, 03h,0C0h,0CFh
    168	00AB  80 00 0C CF 39 01			     db	      80h, 00h,	0Ch,0CFh, 39h, 01h
    169	00B1  03 00 02 0C C0 39			     db	      03h, 00h,	02h, 0Ch,0C0h, 39h
    170	00B7  01 0F 00 02 33 30			     db	      01h, 0Fh,	00h, 02h, 33h, 30h
    171	00BD  20 39 04 C3 00 82			     db	      20h, 39h,	04h,0C3h, 00h, 82h
    172	00C3  00 03 39 00 CC 00			     db	      00h, 03h,	39h, 00h,0CCh, 00h
    173	00C9  80 00 03 C0 00 80			     db	      80h, 00h,	03h,0C0h, 00h, 80h
    174	00CF  CC				     db	     0CCh
    175	00D0  0539		     data_12	     dw	     539h
    176	00D2  DB 00 00 20 03 00			     db	     0DBh, 00h,	00h, 20h, 03h, 00h
    177	00D8  02 00 F0 00			     db	      02h, 00h,0F0h, 00h
    178	00DC  3920		     data_13	     dw	     3920h		     ; Data table (indexed access)
    179	00DE  07 03 00 02 39 03			     db	      07h, 03h,	00h, 02h, 39h, 03h
    180	00E4  C0 00 80 39 00 03			     db	     0C0h, 00h,	80h, 39h, 00h, 03h
    181	00EA  00 02 39 03 3C 00			     db	      00h, 02h,	39h, 03h, 3Ch, 00h
    182	00F0  20 DB 00 20 39 03			     db	      20h,0DBh,	00h, 20h, 39h, 03h
    183	00F6  03 0C 02 08 39 06			     db	      03h, 0Ch,	02h, 08h, 39h, 06h
    184	00FC  30 00 20 00 9C 00			     db	      30h, 00h,	20h, 00h, 9Ch, 00h
    185	0102  4E 00 C0 00 80 00			     db	      4Eh, 00h,0C0h, 00h, 80h, 00h
    186	0108  03 39 02 0C 00 08			     db	      03h, 39h,	02h, 0Ch, 00h, 08h
    187	010E  00 C0 00 80 00 03			     db	      00h,0C0h,	00h, 80h, 00h, 03h
    188	0114  00 02 39 0A 03 00			     db	      00h, 02h,	39h, 0Ah, 03h, 00h
    189	011A  02 00 C0 00 80 00			     db	      02h, 00h,0C0h, 00h, 80h, 00h
    190	0120  F0 00 A0 00 F0 00			     db	     0F0h, 00h,0A0h, 00h,0F0h, 00h
    191	0126  80 00 03 00 02 39			     db	      80h, 00h,	03h, 00h, 02h, 39h
    192	012C  08 03 00 02 DB 00			     db	      08h, 03h,	00h, 02h,0DBh, 00h
    193	0132  91 00 39 0F 1F 39			     db	      91h, 00h,	39h, 0Fh, 1Fh, 39h
    194	0138  01				     db	      01h
    195	0139  39FD		     data_14	     dw	     39FDh		     ; Data table (indexed access)
    196	013B  00 03 FE 39 00 06			     db	      00h, 03h,0FEh, 39h, 00h, 06h
    197	0141  F8 39 00 0D E8 00			     db	     0F8h, 39h,	00h, 0Dh,0E8h, 00h
    198	0147  05 39 0A D0 39 01			     db	      05h, 39h,	0Ah,0D0h, 39h, 01h
    199	014D  52 39 01 8A 40 39			     db	      52h, 39h,	01h, 8Ah, 40h, 39h
    200	0153  01 20 39 01 10 A0			     db	      01h, 20h,	39h, 01h, 10h,0A0h
    201	0159  00 0D 90 00 03 0D			     db	      00h, 0Dh,	90h, 00h, 03h, 0Dh
    202	015F  40 00 05 06 40 39			     db	      40h, 00h,	05h, 06h, 40h, 39h
    203	0165  00 03 39 02 A0 39			     db	      00h, 03h,	39h, 02h,0A0h, 39h
    204	016B  01 15 39 09 10 C0			     db	      01h, 15h,	39h, 09h, 10h,0C0h
    205	0171  39 00 10 A0 39 00			     db	      39h, 00h,	10h,0A0h, 39h, 00h
    206	0177  20 39 01 40 39 00			     db	      20h, 39h,	01h, 40h, 39h, 00h
    207	017D  02 39 01 50 39 16			     db	      02h, 39h,	01h, 50h, 39h, 16h
    208	0183  1F 39 01 FD 39 00			     db	      1Fh, 39h,	01h,0FDh, 39h, 00h
    209	0189  03 FE 39 00 06 F8			     db	      03h,0FEh,	39h, 00h, 06h,0F8h
    210	018F  00 05 0D E8 00 13			     db	      00h, 05h,	0Dh,0E8h, 00h, 13h
    211	0195  39 0A D0 39 01 52			     db	      39h, 0Ah,0D0h, 39h, 01h, 52h
    212	019B  39 01 8A 40 39 01			     db	      39h, 01h,	8Ah, 40h, 39h, 01h
    213	01A1  20 50 39 00 10 A8			     db	      20h, 50h,	39h, 00h, 10h,0A8h
    214	01A7  00 0D 90 00 2F 0D			     db	      00h, 0Dh,	90h, 00h, 2Fh, 0Dh
    215	01AD  40 00 17 06 40 00			     db	      40h, 00h,	17h, 06h, 40h, 00h
    216	01B3  0A 03 39 02 A0 39			     db	      0Ah, 03h,	39h, 02h,0A0h, 39h
Turbo Assembler	 Version 2.01	     03/22/26 17:38:00	    Page 5
356LVGRP.asm



    217	01B9  01 15 39 09 10 D0			     db	      01h, 15h,	39h, 09h, 10h,0D0h
    218	01BF  39 00 10 A8 39 00			     db	      39h, 00h,	10h,0A8h, 39h, 00h
    219	01C5  20 40 39 00 40 39			     db	      20h, 40h,	39h, 00h, 40h, 39h
    220	01CB  00 02 39 01 50 39			     db	      00h, 02h,	39h, 01h, 50h, 39h
    221	01D1  16 1F 39 01 FD 39			     db	      16h, 1Fh,	39h, 01h,0FDh, 39h
    222	01D7  00 03 FE 00 01 06			     db	      00h, 03h,0FEh, 00h, 01h, 06h
    223	01DD  F8 00 07 0D E9 00			     db	     0F8h, 00h,	07h, 0Dh,0E9h, 00h
    224	01E3  16 39 0A D0 39 01			     db	      16h, 39h,	0Ah,0D0h, 39h, 01h
    225	01E9  52 39 01 8A 40 20			     db	      52h, 39h,	01h, 8Ah, 40h, 20h
    226	01EF  39 00 20 F5 00 40			     db	      39h, 00h,	20h,0F5h, 00h, 40h
    227	01F5  10 BA 00 0D 92 00			     db	      10h,0BAh,	00h, 0Dh, 92h, 00h
    228	01FB  2D 0D 45 00 3A 06			     db	      2Dh, 0Dh,	45h, 00h, 3Ah, 06h
    229	0201  40 00 1F 03 39 00			     db	      40h, 00h,	1Fh, 03h, 39h, 00h
    230	0207  0A 00 A0 39 01 15			     db	      0Ah, 00h,0A0h, 39h, 01h, 15h
    231	020D  39 08 80 10 7D 00			     db	      39h, 08h,	80h, 10h, 7Dh, 00h
    232	0213  40 10 BA 39 00 20			     db	      40h, 10h,0BAh, 39h, 00h, 20h
    233	0219  D4 39 00 40 A0 00			     db	     0D4h, 39h,	00h, 40h,0A0h, 00h
    234	021F  02 39 01 50 39 0C			     db	      02h, 39h,	01h, 50h, 39h, 0Ch
    235	0225  32 39 01 08 00 03			     db	      32h, 39h,	01h, 08h, 00h, 03h
    236	022B  00 03 00 08 00 06			     db	      00h, 03h,	00h, 08h, 00h, 06h
    237	0231  39 01 0F 00 20 00			     db	      39h, 01h,	0Fh, 00h, 20h, 00h
    238	0237  1F 00 20 00 1F 39			     db	      1Fh, 00h,	20h, 00h, 1Fh, 39h
    239	023D  01 3F 39 00 32 00			     db	      01h, 3Fh,	39h, 00h, 32h, 00h
    240	0243  C0 00 C8 00 A0 00			     db	     0C0h, 00h,0C8h, 00h,0A0h, 00h
    241	0249  A0 00 80 00 AC 39			     db	     0A0h, 00h,	80h, 00h,0ACh, 39h
    242	024F  01 B8 39 01 BA 39			     db	      01h,0B8h,	39h, 01h,0BAh, 39h
    243	0255  01 AA 39 01 EA 39			     db	      01h,0AAh,	39h, 01h,0EAh, 39h
    244	025B  02 3F 39 01 0A 00			     db	      02h, 3Fh,	39h, 01h, 0Ah, 00h
    245	0261  03 00 03 00 02 00			     db	      03h, 00h,	03h, 00h, 02h, 00h
    246	0267  02 00 0F 00 0F 00			     db	      02h, 00h,	0Fh, 00h, 0Fh, 00h
    247	026D  0C 00 0C 39 08 AA			     db	      0Ch, 00h,	0Ch, 39h, 08h,0AAh
    248	0273  00 C0 00 E8 00 B0			     db	      00h,0C0h,	00h,0E8h, 00h,0B0h
    249	0279  00 B0 00 D0 00 D0			     db	      00h,0B0h,	00h,0D0h, 00h,0D0h
    250	027F  00 BC 00 BC 00 0C			     db	      00h,0BCh,	00h,0BCh, 00h, 0Ch
    251	0285  00 0C 39 22 03 00			     db	      00h, 0Ch,	39h, 22h, 03h, 00h
    252	028B  08 00 07 39 0C 03			     db	      08h, 00h,	07h, 39h, 0Ch, 03h
    253	0291  39 01 03 C0 39 00			     db	      39h, 01h,	03h,0C0h, 39h, 00h
    254	0297  3C 30 8E 00 7E 3C			     db	      3Ch, 30h,	8Eh, 00h, 7Eh, 3Ch
    255	029D  02 00 EE 80 39 01			     db	      02h, 00h,0EEh, 80h, 39h, 01h
    256	02A3  3F 39 01 3E 39 01			     db	      3Fh, 39h,	01h, 3Eh, 39h, 01h
    257	02A9  3A 00 FC 00 FE 0E			     db	      3Ah, 00h,0FCh, 00h,0FEh, 0Eh
    258	02AF  EC 0E EE 08 B8 08			     db	     0ECh, 0Eh,0EEh, 08h,0B8h, 08h
    259	02B5  B8 00 20 00 20 00			     db	     0B8h, 00h,	20h, 00h, 20h, 00h
    260	02BB  E0 00 E0 39 00 BA			     db	     0E0h, 00h,0E0h, 39h, 00h,0BAh
    261	02C1  80 39 00 EA 39 01			     db	      80h, 39h,	00h,0EAh, 39h, 01h
    262	02C7  AA 39 01 A8 39 01			     db	     0AAh, 39h,	01h,0A8h, 39h, 01h
    263	02CD  A0 39 20 08 00 07			     db	     0A0h, 39h,	20h, 08h, 00h, 07h
    264	02D3  00 80 00 7F 39 00			     db	      00h, 80h,	00h, 7Fh, 39h, 00h
    265	02D9  03 EA 39 14 F0 30			     db	      03h,0EAh,	39h, 14h,0F0h, 30h
    266	02DF  39 00 A8 C0 39 00			     db	      39h, 00h,0A8h,0C0h, 39h, 00h
    267	02E5  AA 30 00 0A 03 AA			     db	     0AAh, 30h,	00h, 0Ah, 03h,0AAh
    268	02EB  00 2A 00 AA 30 AB			     db	      00h, 2Ah,	00h,0AAh, 30h,0ABh
    269	02F1  30 AB 0F 38 0C 3B			     db	      30h,0ABh,	0Fh, 38h, 0Ch, 3Bh
    270	02F7  02 20 02 2E 3A A0			     db	      02h, 20h,	02h, 2Eh, 3Ah,0A0h
Turbo Assembler	 Version 2.01	     03/22/26 17:38:00	    Page 6
356LVGRP.asm



    271	02FD  3A AA 39 06 A0 00			     db	      3Ah,0AAh,	39h, 06h,0A0h, 00h
    272	0303  A2 00 A8 00 A8 F0			     db	     0A2h, 00h,0A8h, 00h,0A8h,0F0h
    273	0309  A8 00 AB 39 01 FA			     db	     0A8h, 00h,0ABh, 39h, 01h,0FAh
    274	030F  39 01 A8 39 01 80			     db	      39h, 01h,0A8h, 39h, 01h, 80h
    275	0315  39 0F 0C 30 0C 30			     db	      39h, 0Fh,	0Ch, 30h, 0Ch, 30h
    276	031B  0C C0 0C C3 0F 00			     db	      0Ch,0C0h,	0Ch,0C3h, 0Fh, 00h
    277	0321  2C 00 0C 20 3C 22			     db	      2Ch, 00h,	0Ch, 20h, 3Ch, 22h
    278	0327  0E E8 3E EA 00 AE			     db	      0Eh,0E8h,	3Eh,0EAh, 00h,0AEh
    279	032D  28 AE 39 0C E0 39			     db	      28h,0AEh,	39h, 0Ch,0E0h, 39h
    280	0333  01 BE 39 01 AF 80			     db	      01h,0BEh,	39h, 01h,0AFh, 80h
    281	0339  0039		     data_15	     dw	     39h		     ; Data table (indexed access)
    282	033B  AA E0 39 00 A0 30			     db	     0AAh,0E0h,	39h, 00h,0A0h, 30h
    283	0341  00 BB 08 BB 00 2A			     db	      00h,0BBh,	08h,0BBh, 00h, 2Ah
    284	0347  00 2A 39 01 3A 39			     db	      00h, 2Ah,	39h, 01h, 3Ah, 39h
    285	034D  00 0C E3 39 00 03			     db	      00h, 0Ch,0E3h, 39h, 00h, 03h
    286	0353  0C 39 01 82 39 06			     db	      0Ch, 39h,	01h, 82h, 39h, 06h
    287	0359  80 00 80 30 E0 00			     db	      80h, 00h,	80h, 30h,0E0h, 00h
    288	035F  E0 00 AA 00 AA 39			     db	     0E0h, 00h,0AAh, 00h,0AAh, 39h
    289	0365  01 80 39 13 40 39			     db	      01h, 80h,	39h, 13h, 40h, 39h
    290	036B  00				     db	      00h
    291
    292	036C			     locloop_4:
    293	036C  01 80 5000			     add     ds:data_28e[bx+si],ax
    294	0370  02 80 2804			     add     al,ds:data_21e[bx+si]
    295				     ;*		     add     bx,ax
    296	0374  01 C3				     db	      01h,0C3h		     ;	Fixup -	byte match
    297				     ;*		     add     bl,ch
    298	0376  00 EB				     db	      00h,0EBh		     ;	Fixup -	byte match
    299	0378  0E				     push    cs
    300	0379  CC				     int     3			     ; Debug breakpoint
    301				     ;*		     add     dh,ch
    302	037A  00 EE				     db	      00h,0EEh		     ;	Fixup -	byte match
    303	037C  05 00F0				     add     ax,0F0h
    304	037F  C3				     retn
    305										     ;*	No entry point to code
    306	0380  35 00C2				     xor     ax,0C2h
    307	0383  C2 0ACA				     retn    0ACAh
    308	0386  00 15 EA 80 00 75			     db	      00h, 15h,0EAh, 80h, 00h, 75h
    309	038C  50 39 00 AA 80 39			     db	      50h, 39h,	00h,0AAh, 80h, 39h
    310	0392  00 54 39 01 08 39			     db	      00h, 54h,	39h, 01h, 08h, 39h
    311	0398  05 40 39 03 EE 80			     db	      05h, 40h,	39h, 03h,0EEh, 80h
    312	039E  EE AB 0A E0 0A E0			     db	     0EEh,0ABh,	0Ah,0E0h, 0Ah,0E0h
    313	03A4  0B B8 0B B8 02 AE			     db	      0Bh,0B8h,	0Bh,0B8h, 02h,0AEh
    314	03AA  02 AE 00 0A 03 AA			     db	      02h,0AEh,	00h, 0Ah, 03h,0AAh
    315	03B0  39 00 CE 38 39 00			     db	      39h, 00h,0CEh, 38h, 39h, 00h
    316	03B6  30 C0 39 00 08 20			     db	      30h,0C0h,	39h, 00h, 08h, 20h
    317	03BC  39 0A 0C 00 0C 00			     db	      39h, 0Ah,	0Ch, 00h, 0Ch, 00h
    318	03C2  A0 00 A0 39 17 0C			     db	     0A0h, 00h,0A0h, 39h, 17h, 0Ch
    319	03C8  30 0C 30 0C C0 0C			     db	      30h, 0Ch,	30h, 0Ch,0C0h, 0Ch
    320	03CE  C0 0F 00 0C 02 0C			     db	     0C0h, 0Fh,	00h, 0Ch, 02h, 0Ch
    321	03D4  20 0C 2B 0E E8 2E			     db	      20h, 0Ch,	2Bh, 0Eh,0E8h, 2Eh
    322	03DA  EA 39 14 A8 39 01			     db	     0EAh, 39h,	14h,0A8h, 39h, 01h
    323	03E0  AA 39 01 EA 80 00			     db	     0AAh, 39h,	01h,0EAh, 80h, 00h
    324	03E6  AE 2E AE 00 33 3A			     db	     0AEh, 2Eh,0AEh, 00h, 33h, 3Ah
Turbo Assembler	 Version 2.01	     03/22/26 17:38:00	    Page 7
356LVGRP.asm



    325	03EC  FF 00 22 20 EE 39			     db	     0FFh, 00h,	22h, 20h,0EEh, 39h
    326	03F2  00 83 AE 39 00 03			     db	      00h, 83h,0AEh, 39h, 00h, 03h
    327	03F8  0C 39 0C BE A0 80			     db	      0Ch, 39h,	0Ch,0BEh,0A0h, 80h
    328	03FE  00 83 A0 E0 00 E0			     db	      00h, 83h,0A0h,0E0h, 00h,0E0h
    329	0404  E0 AA 00 AA 28 39			     db	     0E0h,0AAh,	00h,0AAh, 28h, 39h
    330	040A  0F C3 00 C3 00 CC			     db	      0Fh,0C3h,	00h,0C3h, 00h,0CCh
    331	0410  00 CC 00 F0 00 C0			     db	      00h,0CCh,	00h,0F0h, 00h,0C0h
    332	0416  00 C2				     db	      00h,0C2h
    333	0418  00		     data_16	     db	     0
    334	0419  C2 00 EE 00 EE 00			     db	     0C2h, 00h,0EEh, 00h,0EEh, 00h
    335	041F  08 02 8B 39 00 06			     db	      08h, 02h,	8Bh, 39h, 00h, 06h
    336	0425  8F 08 10 02 2F 39			     db	      8Fh, 08h,	10h, 02h, 2Fh, 39h
    337	042B  0C C0 39 01 E0 39			     db	      0Ch,0C0h,	39h, 01h,0E0h, 39h
    338	0431  01 F0 00 08 00 B8			     db	      01h,0F0h,	00h, 08h, 00h,0B8h
    339	0437  00 0E 00 5E 39 00			     db	      00h, 0Eh,	00h, 5Eh, 39h, 00h
    340	043D  40 1A BA 39 00 1A			     db	      40h, 1Ah,0BAh, 39h, 00h, 1Ah
    341	0443  F5 39 00 28 E8 39			     db	     0F5h, 39h,	00h, 28h,0E8h, 39h
    342	0449  00 2B D0 39 00 2B			     db	      00h, 2Bh,0D0h, 39h, 00h, 2Bh
    343	044F  C0 39 00 23 39 01			     db	     0C0h, 39h,	00h, 23h, 39h, 01h
    344	0455  0C 39 03 0A 80 AA			     db	      0Ch, 39h,	03h, 0Ah, 80h,0AAh
    345	045B  80 00 20 38 20 00			     db	      80h, 00h,	20h, 38h, 20h, 00h
    346	0461  60 C0 60 39 00 20			     db	      60h,0C0h,	60h, 39h, 00h, 20h
    347	0467  39 1E C0 39 00 03			     db	      39h, 1Eh,0C0h, 39h, 00h, 03h
    348	046D  C0 39 00 0C 3C 00			     db	     0C0h, 39h,	00h, 0Ch, 3Ch, 00h
    349	0473  E0 3C EF 00 80 03			     db	     0E0h, 3Ch,0EFh, 00h, 80h, 03h
    350	0479  BA 39 18 80 39 01			     db	     0BAh, 39h,	18h, 80h, 39h, 01h
    351	047F  A0 39 01 03 AE 39			     db	     0A0h, 39h,	01h, 03h,0AEh, 39h
    352	0485  01 EB 39 01 EA 39			     db	      01h,0EBh,	39h, 01h,0EAh, 39h
    353	048B  01 3A 39 01 0A 39			     db	      01h, 3Ah,	39h, 01h, 0Ah, 39h
    354	0491  0C A8 39 01 A8 39			     db	      0Ch,0A8h,	39h, 01h,0A8h, 39h
    355	0497  01 A8 00 3F 00 BF			     db	      01h,0A8h,	00h, 3Fh, 00h,0BFh
    356	049D  00 3B B0 BB B0 2E			     db	      00h, 3Bh,0B0h,0BBh,0B0h, 2Eh
    357	04A3  20 2E 20 08 00 08			     db	      20h, 2Eh,	20h, 08h, 00h, 08h
    358	04A9  00 0B 00 0B 39 14			     db	      00h, 0Bh,	00h, 0Bh, 39h, 14h
    359	04AF  08 0C 07 00 20 03			     db	      08h, 0Ch,	07h, 00h, 20h, 03h
    360	04B5  1E 39 00 0C FA 39			     db	      1Eh, 39h,	00h, 0Ch,0FAh, 39h
    361	04BB  14 F0 39 01 AA			     db	      14h,0F0h,	39h, 01h,0AAh
    362	04C0  39				     db	     39h
    363	04C1			     loc_6:
    364	04C1  01 AA 0080r			     add     ss:data_10[bp+si],bp
    365	04C5  0A 00				     or	     al,[bx+si]
    366	04C7  CA 2A00				     retf    2A00h
    367										     ;*	No entry point to code
    368				     ;*		     pop     cs			     ; Dangerous-8088 only
    369	04CA  0F				     db	     0Fh		     ;	Fixup -	byte match
    370	04CB  2A 00				     sub     al,[bx+si]
    371	04CD  0A 00				     or	     al,[bx+si]
    372	04CF  FA				     cli			     ; Disable interrupts
    373	04D0  39 01				     cmp     [bx+di],ax
    374	04D2  AF				     scasw			     ; Scan es:[di] for	ax
    375	04D3  39 01				     cmp     [bx+di],ax
    376	04D5  2A 39				     sub     bh,[bx+di]
    377	04D7  01 02				     add     [bp+si],ax
    378	04D9  39 06 0080r			     cmp     data_10,ax
Turbo Assembler	 Version 2.01	     03/22/26 17:38:00	    Page 8
356LVGRP.asm



    379	04DD  AA				     stosb			     ; Store al	to es:[di]
    380	04DE  80 A8 AA00 00			     sub     byte ptr ds:data_38e[bx+si],0
    381				     ;*		     jmp     far ptr loc_2	     ;*
    382	04E3  EA				     db	     0EAh
    383	04E4  EA08 2308				     dw	     0EA08h, 2308h	     ;	Fixup -	byte match
    384										     ;*	No entry point to code
    385	04E8  A0 A0E0				     mov     al,ds:data_34e
    386	04EB  20 80 80A0			     and     ds:data_32e[bx+si],al
    387	04EF  0A A8 A8AA			     or	     ch,ds:data_37e[bx+si]
    388	04F3  39 13				     cmp     [bp+di],dx
    389	04F5  08 00				     or	     [bx+si],al
    390	04F7  07				     pop     es
    391	04F8  00 80 7E00			     add     ds:data_31e[bx+si],al
    392	04FC  39 00				     cmp     [bx+si],ax
    393	04FE  03 FA				     add     di,dx
    394	0500  08 00				     or	     [bx+si],al
    395	0502  07				     pop     es
    396	0503  AA				     stosb			     ; Store al	to es:[di]
    397	0504  39 00				     cmp     [bx+si],ax
    398	0506  0C 0A				     or	     al,0Ah
    399	0508  39 06 300C			     cmp     ds:data_23e,ax
    400	050C  0C 30				     or	     al,30h		     ; '0'
    401	050E  03 30				     add     si,[bx+si]
    402	0510  C3				     retn
    403										     ;*	No entry point to code
    404	0511  30 03				     xor     [bp+di],al
    405	0513  30 00				     xor     [bx+si],al
    406	0515  3C 08				     cmp     al,8
    407	0517  30 88 2B38			     xor     ds:data_22e[bx+si],cl
    408	051B  B0 AB				     mov     al,0ABh
    409	051D  B8 00BA				     mov     ax,0BAh
    410	0520  BA 0028				     mov     dx,28h
    411	0523  02 0C				     add     cl,[si]
    412	0525  02 00				     add     al,[bx+si]
    413	0527  0B 00				     or	     ax,[bx+si]
    414	0529  0B 00				     or	     ax,[bx+si]
    415				     ;*		     jmp     far ptr loc_1	     ;*
    416	052B  EA				     db	     0EAh
    417	052C  EA00 0139				     dw	     0EA00h, 139h	     ;	Fixup -	byte match
    418										     ;*	No entry point to code
    419	0530  02 39				     add     bh,[bx+di]
    420	0532  0E				     push    cs
    421	0533  EE				     out     dx,al		     ; port 28h	??I/O Non-standard
    422				     ;*		     add     dh,ch
    423	0534  00 EE				     db	      00h,0EEh		     ;	Fixup -	byte match
    424	0536  20 A8 A800			     and     ds:data_36e[bx+si],ch
    425	053A  39 01				     cmp     [bx+di],ax
    426	053C  AC				     lodsb			     ; String [si] to al
    427	053D  39 01				     cmp     [bx+di],ax
    428	053F  CB				     retf
    429										     ;*	No entry point to code
    430	0540  30 39				     xor     [bx+di],bh
    431	0542  00 30				     add     [bx+si],dh
    432	0544  C0 39 00 82 39 07			     db	     0C0h, 39h,	00h, 82h, 39h, 07h
Turbo Assembler	 Version 2.01	     03/22/26 17:38:00	    Page 9
356LVGRP.asm



    433	054A  26 40 D9 B8 39 00			     db	      26h, 40h,0D9h,0B8h, 39h, 00h
    434	0550  0A AF 39 00 01 55			     db	      0Ah,0AFh,	39h, 00h, 01h, 55h
    435	0556  39 01 2A 39 01 10			     db	      39h, 01h,	2Ah, 39h, 01h, 10h
    436	055C  39 05 02 39 07 02			     db	      39h, 05h,	02h, 39h, 07h, 02h
    437	0562  80 39 00 01 40 0E			     db	      80h, 39h,	00h, 01h, 40h, 0Eh
    438	0568  00 01 A0 1C 00 C3			     db	      00h, 01h,0A0h, 1Ch, 00h,0C3h
    439	056E  70 D7 00 33 A0 77			     db	      70h,0D7h,	00h, 33h,0A0h, 77h
    440	0574  00 33 AC C3 00 43			     db	      00h, 33h,0ACh,0C3h, 00h, 43h
    441	057A  53 43 39 0B 30 00			     db	      53h, 43h,	39h, 0Bh, 30h, 00h
    442	0580  30 00 05 00 05 39			     db	      30h, 00h,	05h, 00h, 05h, 39h
    443	0586  0A 01 77 D5 77 07			     db	      0Ah, 01h,	77h,0D5h, 77h, 07h
    444	058C  50 07 50 1D D0 1D			     db	      50h, 07h,	50h, 1Dh,0D0h, 1Dh
    445	0592  D0 75 40 75 40 50			     db	     0D0h, 75h,	40h, 75h, 40h, 50h
    446	0598  00 55 C0 39 00 1C			     db	      00h, 55h,0C0h, 39h, 00h, 1Ch
    447	059E  73 39 00 03 0C 39			     db	      73h, 39h,	00h, 03h, 0Ch, 39h
    448	05A4  00 04 10 39 15 3E			     db	      00h, 04h,	10h, 39h, 15h, 3Eh
    449	05AA  39 01 EA 39 00 03			     db	      39h, 01h,0EAh, 39h, 00h, 03h
    450	05B0  AF 39 0A 0C 30 0C			     db	     0AFh, 39h,	0Ah, 0Ch, 30h, 0Ch
    451	05B6  30 03 30 03 30 03			     db	      30h, 03h,	30h, 03h, 30h, 03h
    452	05BC  30 80 30 08 30 E8			     db	      30h, 80h,	30h, 08h, 30h,0E8h
    453	05C2  30 2B B0 AB BC 39			     db	      30h, 2Bh,0B0h,0ABh,0BCh, 39h
    454	05C8  00 0E BA 00 02 0E			     db	      00h, 0Eh,0BAh, 00h, 02h, 0Eh
    455	05CE  82 00 0B 0A 0B 00			     db	      82h, 00h,	0Bh, 0Ah, 0Bh, 00h
    456	05D4  EA 38 EA 39 0E BA			     db	     0EAh, 38h,0EAh, 39h, 0Eh,0BAh
    457	05DA  00 BA AC CC 00 FF			     db	      00h,0BAh,0ACh,0CCh, 00h,0FFh
    458	05E0  A8 88 00 BB 08 39			     db	     0A8h, 88h,	00h,0BBh, 08h, 39h
    459	05E6  00 BA C2 39 00 30			     db	      00h,0BAh,0C2h, 39h, 00h, 30h
    460	05EC  C0 39 17 01 00 02			     db	     0C0h, 39h,	17h, 01h, 00h, 02h
    461	05F2  00 04 00 0B 39 01			     db	      00h, 04h,	00h, 0Bh, 39h, 01h
    462	05F8  0F 00 30 00 1D 00			     db	      0Fh, 00h,	30h, 00h, 1Dh, 00h
    463	05FE  F0 00 7A C3 00 C3			     db	     0F0h, 00h,	7Ah,0C3h, 00h,0C3h
    464	0604  00 33 00 33 00 33			     db	      00h, 33h,	00h, 33h, 00h, 33h
    465	060A  00 03 00 43 00			     db	      00h, 03h,	00h, 43h, 00h
    466	060F  43				     db	     43h
    467
    468	0610			     locloop_7:
    469				     ;*		     add     [bx+0],dh
    470	0610  00 77 00				     db	      00h, 77h,	00h	     ;	Fixup -	byte match
    471	0613  77 00 10 00 D1 40			     db	      77h, 00h,	10h, 00h,0D1h, 40h
    472	0619  39 00 F1				     db	      39h, 00h,0F1h
    473	061C  20 39				     db	      20h, 39h
    474	061E			     loc_8:
    475				     ;*		     add     ah,bh
    476	061E  00 FC				     db	      00h,0FCh		     ;	Fixup -	byte match
    477	0620  50				     push    ax
    478	0621  03 D0				     add     dx,ax
    479	0623  03 D5				     add     dx,bp
    480	0625  04 00				     add     al,0
    481	0627  04 1C				     add     al,1Ch
    482	0629  06				     push    es
    483	062A  00 06 3903			     add     ds:data_24e,al
    484	062E  01 04				     add     [si],ax
    485	0630  39 10				     cmp     [bx+si],dx
    486	0632  5F				     pop     di
Turbo Assembler	 Version 2.01	     03/22/26 17:38:00	    Page 10
356LVGRP.asm



    487	0633  50				     push    ax
    488	0634  39 00				     cmp     [bx+si],ax
    489	0636  AF				     scasw			     ; Scan es:[di] for	ax
    490	0637  48				     dec     ax
    491	0638  39 00				     cmp     [bx+si],ax
    492	063A  17				     pop     ss
    493	063B  94				     xchg    sp,ax
    494	063C  39 00				     cmp     [bx+si],ax
    495	063E  0B D4				     or	     dx,sp
    496	0640  39 00				     cmp     [bx+si],ax
    497	0642  03 D4				     add     dx,sp
    498	0644  39 01				     cmp     [bx+di],ax
    499	0646  C4 39				     les     di,dword ptr [bx+di]    ; Load seg:offset ptr
    500	0648  01 30				     add     [bx+si],si
    501	064A  39 06 0091r			     cmp     data_11,ax
    502	064E  18 18				     sbb     [bx+si],bl
    503	0650  02 00				     add     al,[bx+si]
    504	0652  2A 28				     sub     ch,[bx+si]
    505	0654  02 08				     add     cl,[bx+si]
    506	0656  02 08				     add     cl,[bx+si]
    507				     ;*		     add     ah,cl
    508	0658  00 CC				     db	      00h,0CCh		     ;	Fixup -	byte match
    509				     ;*		     add     ah,cl
    510	065A  00 CC				     db	      00h,0CCh		     ;	Fixup -	byte match
    511	065C  00 A8 5400			     add     ds:data_29e[bx+si],ch
    512	0660  03 AA 5500			     add     bp,ss:data_6e[bp+si]
    513	0664  0E				     push    cs
    514	0665  A2 5D01				     mov     ds:data_30e,al
    515	0668  19 A8 00DCr			     sbb     data_13[bx+si],bp
    516	066C  B1 54				     mov     cl,54h		     ; 'T'
    517	066E  BC 0200				     mov     sp,200h
    518	0671  AA				     stosb			     ; Store al	to es:[di]
    519	0672  E8 AC00				     call    $-53FDh
    520				     ;*		     adc     bh,bh
    521	0675  10 FF				     db	      10h,0FFh		     ;	Fixup -	byte match
    522	0677  45				     inc     bp
    523	0678  10 08				     adc     [bx+si],cl
    524	067A  7B A2				     jnp     loc_8		     ; Jump if not parity
    525	067C  C5 00				     lds     ax,dword ptr [bx+si]    ; Load seg:offset ptr
    526	067E  E0 90				     loopnz  locloop_7		     ; Loop if zf=0, cx>0
    527
    528	0680  8F 40 60				     pop     word ptr [bx+si+60h]
    529	0683  18 0A				     sbb     [bp+si],cl
    530	0685  A0 0CC0				     mov     al,ds:data_1e
    531	0688  02 A8 5702			     add     ch,byte ptr ds:[5702h][bx+si]
    532	068C  02 A0 5B01			     add     ah,ds:data_2e[bx+si]
    533	0690  0E				     push    cs
    534	0691  88 05				     mov     [di],al
    535	0693  76 3A				     jbe     $+3Ch		     ; Jump if below or	=
    536	0695  A0 5E15				     mov     al,ds:data_4e
    537	0698  3A AA 5515			     cmp     ch,ss:data_7e[bp+si]
    538	069C  3A AA 5515			     cmp     ch,ss:data_7e[bp+si]
    539	06A0  3E AA 15 55 0F FA			     db	      3Eh,0AAh,	15h, 55h, 0Fh,0FAh
    540	06A6  05 FA 39 08 C0 00			     db	      05h,0FAh,	39h, 08h,0C0h, 00h
Turbo Assembler	 Version 2.01	     03/22/26 17:38:00	    Page 11
356LVGRP.asm



    541	06AC  80 00 70 00 08 00			     db	      80h, 00h,	70h, 00h, 08h, 00h
    542	06B2  B0 00 63 00 7A 00			     db	     0B0h, 00h,	63h, 00h, 7Ah, 00h
    543	06B8  A8 08 02 A0 9E 00			     db	     0A8h, 08h,	02h,0A0h, 9Eh, 00h
    544	06BE  A2 A2 39 06 63 00			     db	     0A2h,0A2h,	39h, 06h, 63h, 00h
    545	06C4  60 60 0A 08 AA A8			     db	      60h, 60h,	0Ah, 08h,0AAh,0A8h
    546	06CA  00 CC 00 CC 00 A8			     db	      00h,0CCh,	00h,0CCh, 00h,0A8h
    547	06D0  00 54 03 AA 00 55			     db	      00h, 54h,	03h,0AAh, 00h, 55h
    548	06D6  0E A2 01 5D 02 A8			     db	      0Eh,0A2h,	01h, 5Dh, 02h,0A8h
    549	06DC  02 57 0A A0 05 5B			     db	      02h, 57h,	0Ah,0A0h, 05h, 5Bh
    550	06E2  3A 88 15 76 EA A2			     db	      3Ah, 88h,	15h, 76h,0EAh,0A2h
    551	06E8  55 5D EA A8 55 57			     db	      55h, 5Dh,0EAh,0A8h, 55h, 57h
    552	06EE  EA AA 55 55 FA AA			     db	     0EAh,0AAh,	55h, 55h,0FAh,0AAh
    553	06F4  55 55 3F EA 17 EA			     db	      55h, 55h,	3Fh,0EAh, 17h,0EAh
    554	06FA  39 08 C0 39 01 C0			     db	      39h, 08h,0C0h, 39h, 01h,0C0h
    555	0700  00 28 00 80 00 02			     db	      00h, 28h,	00h, 80h, 00h, 02h
    556	0706  00 F8 00 A0 20 0A			     db	      00h,0F8h,	00h,0A0h, 20h, 0Ah
    557	070C  80 AA A8 8A 39 08			     db	      80h,0AAh,0A8h, 8Ah, 39h, 08h
    558	0712  80 00 60 00 02 00			     db	      80h, 00h,	60h, 00h, 02h, 00h
    559	0718  A2 00 CC 00 CC 00			     db	     0A2h, 00h,0CCh, 00h,0CCh, 00h
    560	071E  A8 00 54 03 AA 00			     db	     0A8h, 00h,	54h, 03h,0AAh, 00h
    561	0724  55 0E A2 01 5D 39			     db	      55h, 0Eh,0A2h, 01h, 5Dh, 39h
    562	072A  06 80 00 60 39 01			     db	      06h, 80h,	00h, 60h, 39h, 01h
    563	0730  A0 39 13 4E 00 01			     db	     0A0h, 39h,	13h, 4Eh, 00h, 01h
    564	0736  81 39 00 02 82 00			     db	      81h, 39h,	00h, 02h, 82h, 00h
    565	073C  82 00 82 03 0C 03			     db	      82h, 00h,	82h, 03h, 0Ch, 03h
    566	0742  0C 02 A0 01 50 0E			     db	      0Ch, 02h,0A0h, 01h, 50h, 0Eh
    567	0748  A8 01 54 3A 88 05			     db	     0A8h, 01h,	54h, 3Ah, 88h, 05h
    568	074E  76 39 04 80 39 01			     db	      76h, 39h,	04h, 80h, 39h, 01h
    569	0754  80 39 13 02 A0 01			     db	      80h, 39h,	13h, 02h,0A0h, 01h
    570	075A  5E 0A 88 09 67 0E			     db	      5Eh, 0Ah,	88h, 09h, 67h, 0Eh
    571	0760  88 05 76 0E A0 05			     db	      88h, 05h,	76h, 0Eh,0A0h, 05h
    572	0766  5E 0E AA 05 55 0E			     db	      5Eh, 0Eh,0AAh, 05h, 55h, 0Eh
    573	076C  AA 05 55 0F AA 05			     db	     0AAh, 05h,	55h, 0Fh,0AAh, 05h
    574	0772  55 03 FE 01 7E 39			     db	      55h, 03h,0FEh, 01h, 7Eh, 39h
    575	0778  08 C0 00 80 00 70			     db	      08h,0C0h,	00h, 80h, 00h, 70h
    576	077E  00 08 00 B0 00 63			     db	      00h, 08h,	00h,0B0h, 00h, 63h
    577	0784  00 7A 00 A8 08 02			     db	      00h, 7Ah,	00h,0A8h, 08h, 02h
    578	078A  A0 9E 00 A8 A2 00			     db	     0A0h, 9Eh,	00h,0A8h,0A2h, 00h
    579	0790  07 4A CF 00 C4 23			     db	      07h, 4Ah,0CFh, 00h,0C4h, 23h
    580	0796  F7 0C 1B 03 DF 1A			     db	     0F7h, 0Ch,	1Bh, 03h,0DFh, 1Ah
    581	079C  9D E0 0F 02 8D E0			     db	      9Dh,0E0h,	0Fh, 02h, 8Dh,0E0h
    582	07A2  1A 35 04 39 00 2A			     db	      1Ah, 35h,	04h, 39h, 00h, 2Ah
    583	07A8  C9 40 20 10 94 E0			     db	     0C9h, 40h,	20h, 10h, 94h,0E0h
    584	07AE  61 39 02 91 00 18			     db	      61h, 39h,	02h, 91h, 00h, 18h
    585	07B4  18 00 80 28 A8 20			     db	      18h, 00h,	80h, 28h,0A8h, 20h
    586	07BA  80 20 80 33 00 33			     db	      80h, 20h,	80h, 33h, 00h, 33h
    587	07C0  00 2A 00 15 00 AA			     db	      00h, 2Ah,	00h, 15h, 00h,0AAh
    588	07C6  80 55 40 8A A0 75			     db	      80h, 55h,	40h, 8Ah,0A0h, 75h
    589	07CC  50 39 09 03 00 02			     db	      50h, 39h,	09h, 03h, 00h, 02h
    590	07D2  00 0D 00 20 00 1E			     db	      00h, 0Dh,	00h, 20h, 00h, 1Eh
    591	07D8  4E 00 01 AD 20 2A			     db	      4Eh, 00h,	01h,0ADh, 20h, 2Ah
    592	07DE  1A 80 EA AA 4A 8A			     db	      1Ah, 80h,0EAh,0AAh, 4Ah, 8Ah
    593	07E4  2A 80 D5 80 0A 80			     db	      2Ah, 80h,0D5h, 80h, 0Ah, 80h
    594	07EA  E4 00 22 A0 9D 20			     db	     0E4h, 00h,	22h,0A0h, 9Dh, 20h
Turbo Assembler	 Version 2.01	     03/22/26 17:38:00	    Page 12
356LVGRP.asm



    595	07F0  0A A8 B5 08 AA A8			     db	      0Ah,0A8h,0B5h, 08h,0AAh,0A8h
    596	07F6  54 08 AA A8 40 08			     db	      54h, 08h,0AAh,0A8h, 40h, 08h
    597	07FC  AA A8 00 28 AA A0			     db	     0AAh,0A8h,	00h, 28h,0AAh,0A0h
    598	0802  AA A0 39 06 9F 00			     db	     0AAh,0A0h,	39h, 06h, 9Fh, 00h
    599	0808  06 06 20 A0 2A AA			     db	      06h, 06h,	20h,0A0h, 2Ah,0AAh
    600	080E  33 00 33 00 2A 00			     db	      33h, 00h,	33h, 00h, 2Ah, 00h
    601	0814  15 00 AA 80 55 40			     db	      15h, 00h,0AAh, 80h, 55h, 40h
    602	081A  8A A0				     db	      8Ah,0A0h
    603	081C  75 50 39 09			     db	      75h, 50h,	39h, 09h
    604	0820  03		     data_18	     db	     3
    605	0821  39 01 03 00 28 00			     db	      39h, 01h,	03h, 00h, 28h, 00h
    606	0827  16 00 80 00 6F 08			     db	      16h, 00h,	80h, 00h, 6Fh, 08h
    607	082D  0A 06 A0 2A AA 10			     db	      0Ah, 06h,0A0h, 2Ah,0AAh, 10h
    608	0833  A2 2A 80 D4 80 0A			     db	     0A2h, 2Ah,	80h,0D4h, 80h, 0Ah
    609	0839  A0 E4 00 22 A8 9D			     db	     0A0h,0E4h,	00h, 22h,0A8h, 9Dh
    610	083F  08 8A AA 75 02 2A			     db	      08h, 8Ah,0AAh, 75h, 02h, 2Ah
    611	0845  AA D4 02 9E 00 50			     db	     0AAh,0D4h,	02h, 9Eh, 00h, 50h
    612	084B  02 9E 00 00 0A AA			     db	      02h, 9Eh,	00h, 00h, 0Ah,0AAh
    613	0851  A8 AA A8 39 07 08			     db	     0A8h,0AAh,0A8h, 39h, 07h, 08h
    614	0857  00 06 39 01 0A 39			     db	      00h, 06h,	39h, 01h, 0Ah, 39h
    615	085D  16 08 00 06 00 80			     db	      16h, 08h,	00h, 06h, 00h, 80h
    616	0863  00 8A 00 33 00 33			     db	      00h, 8Ah,	00h, 33h, 00h, 33h
    617	0869  00 2A 00 15 00 AA			     db	      00h, 2Ah,	00h, 15h, 00h,0AAh
    618	086F  80 55 40 8A A0 75			     db	      80h, 55h,	40h, 8Ah,0A0h, 75h
    619	0875  50 39 03 02 00 01			     db	      50h, 39h,	03h, 02h, 00h, 01h
    620	087B  39 01 02 39 16 02			     db	      39h, 01h,	02h, 39h, 16h, 02h
    621	0881  00 81 80 39 00 82			     db	      00h, 81h,	80h, 39h, 00h, 82h
    622	0887  80 82 00 82 00 30			     db	      80h, 82h,	00h, 82h, 00h, 30h
    623	088D  C0 30 C0 0A 80 05			     db	     0C0h, 30h,0C0h, 0Ah, 80h, 05h
    624	0893  40 2A A0 15 50 22			     db	      40h, 2Ah,0A0h, 15h, 50h, 22h
    625	0899  A8 5D 54 39 09 03			     db	     0A8h, 5Dh,	54h, 39h, 09h, 03h
    626	089F  00 02 00 0D 00 20			     db	      00h, 02h,	00h, 0Dh, 00h, 20h
    627	08A5  00 1E 4E 00 01 AD			     db	      00h, 1Eh,	4Eh, 00h, 01h,0ADh
    628	08AB  20 2A 1A 80 EA AA			     db	      20h, 2Ah,	1Ah, 80h,0EAh,0AAh
    629	08B1  4A 2A 0A 80 B5 00			     db	      4Ah, 2Ah,	0Ah, 80h,0B5h, 00h
    630	08B7  22 A0 D9 20 22 A0			     db	      22h,0A0h,0D9h, 20h, 22h,0A0h
    631	08BD  9D 20 0A A0 B5 20			     db	      9Dh, 20h,	0Ah,0A0h,0B5h, 20h
    632	08C3  AA A0 54 20 AA A0			     db	     0AAh,0A0h,	54h, 20h,0AAh,0A0h
    633	08C9  40 20 AA A0 00 A0			     db	      40h, 20h,0AAh,0A0h, 00h,0A0h
    634	08CF  AA 80 AA 80 39 07			     db	     0AAh, 80h,0AAh, 80h, 39h, 07h
    635	08D5  06 00 09 00 20 00			     db	      06h, 00h,	09h, 00h, 20h, 00h
    636	08DB  50 01 39 00 80 39			     db	      50h, 01h,	39h, 00h, 80h, 39h
    637	08E1  02 01 20 39 00 02			     db	      02h, 01h,	20h, 39h, 00h, 02h
    638	08E7  70 00 30 39 06 80			     db	      70h, 00h,	30h, 39h, 06h, 80h
    639	08ED  00 70 00 04 00 0B			     db	      00h, 70h,	00h, 04h, 00h, 0Bh
    640	08F3  39 00 80 00 40 39			     db	      39h, 00h,	80h, 00h, 40h, 39h
    641	08F9  01 30 00 10 00 08			     db	      01h, 30h,	00h, 10h, 00h, 08h
    642	08FF  7D 08 3C C5 00 D3			     db	      7Dh, 08h,	3Ch,0C5h, 00h,0D3h
    643	0905  00 50 1D 55 39 00			     db	      00h, 50h,	1Dh, 55h, 39h, 00h
    644	090B  29 82 02 40 55 05			     db	      29h, 82h,	02h, 40h, 55h, 05h
    645	0911  02 C0 28 08 00 80			     db	      02h,0C0h,	28h, 08h, 00h, 80h
    646	0917  01 54 39 01 18 00			     db	      01h, 54h,	39h, 01h, 18h, 00h
    647	091D  02 39 01 03 AA A0			     db	      02h, 39h,	01h, 03h,0AAh,0A0h
    648	0923  0A 06 55 50 05 03			     db	      0Ah, 06h,	55h, 50h, 05h, 03h
Turbo Assembler	 Version 2.01	     03/22/26 17:38:00	    Page 13
356LVGRP.asm



    649	0929  AB A8 08 03 45 54			     db	     0ABh,0A8h,	08h, 03h, 45h, 54h
    650	092F  00 02 8E A8 00 02			     db	      00h, 02h,	8Eh,0A8h, 00h, 02h
    651	0935  05 40 39 00 1A 39			     db	      05h, 40h,	39h, 00h, 1Ah, 39h
    652	093B  03 68 39 08 36 00			     db	      03h, 68h,	39h, 08h, 36h, 00h
    653	0941  49 39 06 01 20 39			     db	      49h, 39h,	06h, 01h, 20h, 39h
    654	0947  00 02 70 00 30 04			     db	      00h, 02h,	70h, 00h, 30h, 04h
    655	094D  D0 00 50 39 06 40			     db	     0D0h, 00h,	50h, 39h, 06h, 40h
    656	0953  00 A0 00 08 00 16			     db	      00h,0A0h,	00h, 08h, 00h, 16h
    657	0959  00 01 00 02 80 39			     db	      00h, 01h,	00h, 02h, 80h, 39h
    658	095F  01 60 00 20 00 10			     db	      01h, 60h,	00h, 20h, 00h, 10h
    659	0965  7D 00 1C 08 1D 55			     db	      7Dh, 00h,	1Ch, 08h, 1Dh, 55h
    660	096B  39 00 29 82 02 40			     db	      39h, 00h,	29h, 82h, 02h, 40h
    661	0971  55 05 02 C0 28 38			     db	      55h, 05h,	02h,0C0h, 28h, 38h
    662	0977  00 80 00 D0 00 06			     db	      00h, 80h,	00h,0D0h, 00h, 06h
    663	097D  00 20 00 08 39 06			     db	      00h, 20h,	00h, 08h, 39h, 06h
    664	0983  AA A8 0A 04 55 50			     db	     0AAh,0A8h,	0Ah, 04h, 55h, 50h
    665	0989  05 06 AB A8 08 02			     db	      05h, 06h,0ABh,0A8h, 08h, 02h
    666	098F  47 54 00 02 86 A8			     db	      47h, 54h,	00h, 02h, 86h,0A8h
    667	0995  39 00 01 40 39 01			     db	      39h, 00h,	01h, 40h, 39h, 01h
    668	099B  A0 39 02 01 A0 39			     db	     0A0h, 39h,	02h, 01h,0A0h, 39h
    669	09A1  01 08 00 04 00 02			     db	      01h, 08h,	00h, 04h, 00h, 02h
    670	09A7  00 01 39 04 01 20			     db	      00h, 01h,	39h, 04h, 01h, 20h
    671	09AD  39 00 02 70 00 30			     db	      39h, 00h,	02h, 70h, 00h, 30h
    672	09B3  04 D0 00 50 1D 55			     db	      04h,0D0h,	00h, 50h, 1Dh, 55h
    673	09B9  39 0A C0 00 30 00			     db	      39h, 0Ah,0C0h, 00h, 30h, 00h
    674	09BF  08 00 06 00 01 80			     db	      08h, 00h,	06h, 00h, 01h, 80h
    675	09C5  00 40 00 30 FD 10			     db	      00h, 40h,	00h, 30h,0FDh, 10h
    676	09CB  1C 0C AA A0 0A 06			     db	      1Ch, 0Ch,0AAh,0A0h, 0Ah, 06h
    677	09D1  29 82 02 40 55 05			     db	      29h, 82h,	02h, 40h, 55h, 05h
    678	09D7  02 C0 28 0A 00 80			     db	      02h,0C0h,	28h, 0Ah, 00h, 80h
    679	09DD  05 54 D0 39 0F 55			     db	      05h, 54h,0D0h, 39h, 0Fh, 55h
    680	09E3  50 05 06 AA A8 0A			     db	      50h, 05h,	06h,0AAh,0A8h, 0Ah
    681	09E9  03 1D 54 04 02 3A			     db	      03h, 1Dh,	54h, 04h, 02h, 3Ah
    682	09EF  A8 39 00 1D 50 39			     db	     0A8h, 39h,	00h, 1Dh, 50h, 39h
    683	09F5  00 02 A8 00 02 39			     db	      00h, 02h,0A8h, 00h, 02h, 39h
    684	09FB  01 05 39 03 40 39			     db	      01h, 05h,	39h, 03h, 40h, 39h
    685	0A01  01 20 00 10 00 0C			     db	      01h, 20h,	00h, 10h, 00h, 0Ch
    686	0A07  00 03 39 06 01 20			     db	      00h, 03h,	39h, 06h, 01h, 20h
    687	0A0D  39 00 02 70 00 30			     db	      39h, 00h,	02h, 70h, 00h, 30h
    688	0A13  04 D3 00 50 39 0A			     db	      04h,0D3h,	00h, 50h, 39h, 0Ah
    689	0A19  64 00 9B C0 00 10			     db	      64h, 00h,	9Bh,0C0h, 00h, 10h
    690	0A1F  00 68 3D 08 0C 04			     db	      00h, 68h,	3Dh, 08h, 0Ch, 04h
    691	0A25  EA A0 0A 06 55 50			     db	     0EAh,0A0h,	0Ah, 06h, 55h, 50h
    692	0A2B  05 02 39 0F 30 00			     db	      05h, 02h,	39h, 0Fh, 30h, 00h
    693	0A31  10 02 3C 01 B4 00			     db	      10h, 02h,	3Ch, 01h,0B4h, 00h
    694	0A37  2E 02 2E 3C 2A 1C			     db	      2Eh, 02h,	2Eh, 3Ch, 2Ah, 1Ch
    695	0A3D  2A 39 1A F0 00 D0			     db	      2Ah, 39h,	1Ah,0F0h, 00h,0D0h
    696	0A43  00 FF EF 7F EF FF			     db	      00h,0FFh,0EFh, 7Fh,0EFh,0FFh
    697	0A49  BA 04 BA FF EB 11			     db	     0BAh, 04h,0BAh,0FFh,0EBh, 11h
    698	0A4F  2B 3F FB 04 59 3F			     db	      2Bh, 3Fh,0FBh, 04h, 59h, 3Fh
    699	0A55  FB 15 79 03 EB 01			     db	     0FBh, 15h,	79h, 03h,0EBh, 01h
    700	0A5B  69 00 EA 00 EA 03			     db	      69h, 00h,0EAh, 00h,0EAh, 03h
    701	0A61  AB 03 A9 AF 00 AD			     db	     0ABh, 03h,0A9h,0AFh, 00h,0ADh
    702	0A67  00 FA C0				     db	      00h,0FAh,0C0h
Turbo Assembler	 Version 2.01	     03/22/26 17:38:00	    Page 14
356LVGRP.asm



    703	0A6A  FA C0				     db	     0FAh,0C0h
    704	0A6C  FF B0 5F 90 EB F8			     db	     0FFh,0B0h,	5Fh, 90h,0EBh,0F8h
    705	0A72  EB F8 EE E8 EE E8			     db	     0EBh,0F8h,0EEh,0E8h,0EEh,0E8h
    706	0A78  FB AA FB AA EA A8			     db	     0FBh,0AAh,0FBh,0AAh,0EAh,0A8h
    707	0A7E  6A A8 EA 80 EA 80			     db	      6Ah,0A8h,0EAh, 80h,0EAh, 80h
    708	0A84  FF EF 7F EF FF BA			     db	     0FFh,0EFh,	7Fh,0EFh,0FFh,0BAh
    709	0A8A  04 BA 3F EB 11 2B			     db	      04h,0BAh,	3Fh,0EBh, 11h, 2Bh
    710	0A90  03 FB 00 59 00 FB			     db	      03h,0FBh,	00h, 59h, 00h,0FBh
    711	0A96  00 79 00 2B 00 29			     db	      00h, 79h,	00h, 2Bh, 00h, 29h
    712	0A9C  00 EA 00 EA 03 AB			     db	      00h,0EAh,	00h,0EAh, 03h,0ABh
    713	0AA2  03 A9 00 30 00 10			     db	      03h,0A9h,	00h, 30h, 00h, 10h
    714	0AA8  02 3C 01 B4 00 2E			     db	      02h, 3Ch,	01h,0B4h, 00h, 2Eh
    715	0AAE  02 2E 3C 2A 1C 2A			     db	      02h, 2Eh,	3Ch, 2Ah, 1Ch, 2Ah
    716	0AB4  FF EF 7F ED 00 03			     db	     0FFh,0EFh,	7Fh,0EDh, 00h, 03h
    717	0ABA  02 AB 00 0F 03 A3			     db	      02h,0ABh,	00h, 0Fh, 03h,0A3h
    718	0AC0  C0 3E C2 82 39 06			     db	     0C0h, 3Eh,0C2h, 82h, 39h, 06h
    719	0AC6  C0 00 C0 00 FF 00			     db	     0C0h, 00h,0C0h, 00h,0FFh, 00h
    720	0ACC  DF 00 AB C0 A9 C0			     db	     0DFh, 00h,0ABh,0C0h,0A9h,0C0h
    721	0AD2  FA B0 FA B0 AF A8			     db	     0FAh,0B0h,0FAh,0B0h,0AFh,0A8h
    722	0AD8  AF A8 FA EA FA EA			     db	     0AFh,0A8h,0FAh,0EAh,0FAh,0EAh
    723	0ADE  3F FB 3F CB CF A0			     db	      3Fh,0FBh,	3Fh,0CBh,0CFh,0A0h
    724	0AE4  CF A0 39 16 FF BA			     db	     0CFh,0A0h,	39h, 16h,0FFh,0BAh
    725	0AEA  55 BA FF FA 55 DA			     db	      55h,0BAh,0FFh,0FAh, 55h,0DAh
    726	0AF0  0F F8 05 78 00 E8			     db	      0Fh,0F8h,	05h, 78h, 00h,0E8h
    727	0AF6  00 E8 00 E0 00 E0			     db	      00h,0E8h,	00h,0E0h, 00h,0E0h
    728	0AFC  00 B0 00 B0 00 2A			     db	      00h,0B0h,	00h,0B0h, 00h, 2Ah
    729	0B02  00 2A 00 08 00 08			     db	      00h, 2Ah,	00h, 08h, 00h, 08h
    730	0B08  00 30 00 10 02 3C			     db	      00h, 30h,	00h, 10h, 02h, 3Ch
    731	0B0E  01 B4 00 2E 02 2E			     db	      01h,0B4h,	00h, 2Eh, 02h, 2Eh
    732	0B14  3C 2A 1C 2A FF EF			     db	      3Ch, 2Ah,	1Ch, 2Ah,0FFh,0EFh
    733	0B1A  7F ED 00 03 02 AB			     db	      7Fh,0EDh,	00h, 03h, 02h,0ABh
    734	0B20  00 0F 03 A3 00 3E			     db	      00h, 0Fh,	03h,0A3h, 00h, 3Eh
    735	0B26  02 82 00 FA 0F 0A			     db	      02h, 82h,	00h,0FAh, 0Fh, 0Ah
    736	0B2C  03 3E 0C 3E 03 FC			     db	      03h, 3Eh,	0Ch, 3Eh, 03h,0FCh
    737	0B32  03 7C 3F 80 1F 80			     db	      03h, 7Ch,	3Fh, 80h, 1Fh, 80h
    738	0B38  0E 00 0E 39 0B EE			     db	      0Eh, 00h,	0Eh, 39h, 0Bh,0EEh
    739	0B3E  FA 66 7A FF EA 55			     db	     0FAh, 66h,	7Ah,0FFh,0EAh, 55h
    740	0B44  6A 03 E8 03 E8 0F			     db	      6Ah, 03h,0E8h, 03h,0E8h, 0Fh
    741	0B4A  A0 0F A0 3E 00 3E			     db	     0A0h, 0Fh,0A0h, 3Eh, 00h, 3Eh
    742	0B50  00 38 00 38 00 0E			     db	      00h, 38h,	00h, 38h, 00h, 0Eh
    743	0B56  00 0E 00 08 00 08			     db	      00h, 0Eh,	00h, 08h, 00h, 08h
    744	0B5C  39 04 30 00 10 02			     db	      39h, 04h,	30h, 00h, 10h, 02h
    745	0B62  3C 01 B4 00 2E 02			     db	      3Ch, 01h,0B4h, 00h, 2Eh, 02h
    746	0B68  2E 3C 2A 1C 2A FF			     db	      2Eh, 3Ch,	2Ah, 1Ch, 2Ah,0FFh
    747	0B6E  EF 7F ED 00 03 02			     db	     0EFh, 7Fh,0EDh, 00h, 03h, 02h
    748	0B74  AB 00 0F 03 A3 39			     db	     0ABh, 00h,	0Fh, 03h,0A3h, 39h
    749	0B7A  0A C0 00 C0 00 FF			     db	      0Ah,0C0h,	00h,0C0h, 00h,0FFh
    750	0B80  00 DF 00 AB C0 A9			     db	      00h,0DFh,	00h,0ABh,0C0h,0A9h
    751	0B86  C0 FA B0 FA B0 AF			     db	     0C0h,0FAh,0B0h,0FAh,0B0h,0AFh
    752	0B8C  A8 AF A8 00 3E 02			     db	     0A8h,0AFh,0A8h, 00h, 3Eh, 02h
    753	0B92  82 00 FA 0F 0A 03			     db	      82h, 00h,0FAh, 0Fh, 0Ah, 03h
    754	0B98  0E 0C 0E 00 FA 00			     db	      0Eh, 0Ch,	0Eh, 00h,0FAh, 00h
    755	0B9E  7A 03 A8 03 A8 0E			     db	      7Ah, 03h,0A8h, 03h,0A8h, 0Eh
    756	0BA4  83 0E 83 08 80 08			     db	      83h, 0Eh,	83h, 08h, 80h, 08h
Turbo Assembler	 Version 2.01	     03/22/26 17:38:00	    Page 15
356LVGRP.asm



    757	0BAA  80 39 02 AA FA AA			     db	      80h, 39h,	02h,0AAh,0FAh,0AAh
    758	0BB0  DA EE FA 62 7A FF			     db	     0DAh,0EEh,0FAh, 62h, 7Ah,0FFh
    759	0BB6  EA 05 EA 32 A8 32			     db	     0EAh, 05h,0EAh, 32h,0A8h, 32h
    760	0BBC  A8 EA 80 6A 80 20			     db	     0A8h,0EAh,	80h, 6Ah, 80h, 20h
    761	0BC2  00 20 39 10 30 00			     db	      00h, 20h,	39h, 10h, 30h, 00h
    762	0BC8  10 02 3C 01 B4 00			     db	      10h, 02h,	3Ch, 01h,0B4h, 00h
    763	0BCE  2E 02 2E 3C 2A 1C			     db	      2Eh, 02h,	2Eh, 3Ch, 2Ah, 1Ch
    764	0BD4  2A FF EF 7F ED 00			     db	      2Ah,0FFh,0EFh, 7Fh,0EDh, 00h
    765	0BDA  03 02 AB 39 0E C0			     db	      03h, 02h,0ABh, 39h, 0Eh,0C0h
    766	0BE0  00 C0 00 FF 00 DF			     db	      00h,0C0h,	00h,0FFh, 00h,0DFh
    767	0BE6  00 AB C0 A9 C0 FA			     db	      00h,0ABh,0C0h,0A9h,0C0h,0FAh
    768	0BEC  B0 FA B0 00 3F 03			     db	     0B0h,0FAh,0B0h, 00h, 3Fh, 03h
    769	0BF2  83 03 FE 00 02 3F			     db	      83h, 03h,0FEh, 00h, 02h, 3Fh
    770	0BF8  FA 00 0A 03 2E 00			     db	     0FAh, 00h,	0Ah, 03h, 2Eh, 00h
    771	0BFE  2E 00 3A 00 3A 00			     db	      2Eh, 00h,	3Ah, 00h, 3Ah, 00h
    772	0C04  E8 00 E8 02 A0 02			     db	     0E8h, 00h,0E8h, 02h,0A0h, 02h
    773	0C0A  A0 08 80 08 80 AF			     db	     0A0h, 08h,	80h, 08h, 80h,0AFh
    774	0C10  A8 AF A8 AA FA AA			     db	     0A8h,0AFh,0A8h,0AAh,0FAh,0AAh
    775	0C16  DA EF AA 25 AA BF			     db	     0DAh,0EFh,0AAh, 25h,0AAh,0BFh
    776	0C1C  AA 83 AA 0C A8 04			     db	     0AAh, 83h,0AAh, 0Ch,0A8h, 04h
    777	0C22  A8 0E 80 0E 80 3A			     db	     0A8h, 0Eh,	80h, 0Eh, 80h, 3Ah
    778	0C28  00 3A 00 A0 00 A0			     db	      00h, 3Ah,	00h,0A0h, 00h,0A0h
    779	0C2E  39 0C 30 00 10 02			     db	      39h, 0Ch,	30h, 00h, 10h, 02h
    780	0C34  3C 01 B4 00 2E 02			     db	      3Ch, 01h,0B4h, 00h, 2Eh, 02h
    781	0C3A  2E 3C 2A 1C 2A FF			     db	      2Eh, 3Ch,	2Ah, 1Ch, 2Ah,0FFh
    782	0C40  EF 7F ED 39 12 C0			     db	     0EFh, 7Fh,0EDh, 39h, 12h,0C0h
    783	0C46  00 C0 00 FF 00 DF			     db	      00h,0C0h,	00h,0FFh, 00h,0DFh
    784	0C4C  00 AB C0 A9 C0 00			     db	      00h,0ABh,0C0h,0A9h,0C0h, 00h
    785	0C52  9C 00 AB 00 FF 3A			     db	      9Ch, 00h,0ABh, 00h,0FFh, 3Ah
    786	0C58  07 FF FE 01 12 0F			     db	      07h,0FFh,0FEh, 01h, 12h, 0Fh
    787	0C5E  FF 04 44 00 3E 00			     db	     0FFh, 04h,	44h, 00h, 3Eh, 00h
    788	0C64  16 00 0E 00 0E 00			     db	      16h, 00h,	0Eh, 00h, 0Eh, 00h
    789	0C6A  EA 00 EA 02 88 02			     db	     0EAh, 00h,0EAh, 02h, 88h, 02h
    790	0C70  88 FA B0 FA B0 AF			     db	      88h,0FAh,0B0h,0FAh,0B0h,0AFh
    791	0C76  A8 AF A8 AA FE AA			     db	     0A8h,0AFh,0A8h,0AAh,0FEh,0AAh
    792	0C7C  DE EB EA E9 EA BF			     db	     0DEh,0EBh,0EAh,0E9h,0EAh,0BFh
    793	0C82  AA 97 AA 8E A8 8E			     db	     0AAh, 97h,0AAh, 8Eh,0A8h, 8Eh
    794	0C88  A8 0F A0 0F A0 EA			     db	     0A8h, 0Fh,0A0h, 0Fh,0A0h,0EAh
    795	0C8E  80 EA 80 39 1B 0F			     db	      80h,0EAh,	80h, 39h, 1Bh, 0Fh
    796	0C94  00 07 39 0E 0C 00			     db	      00h, 07h,	39h, 0Eh, 0Ch, 00h
    797	0C9A  04 00 3C 80 1E 40			     db	      04h, 00h,	3Ch, 80h, 1Eh, 40h
    798	0CA0  B8 00 B8 80 A8 3C			     db	     0B8h, 00h,0B8h, 80h,0A8h, 3Ch
    799	0CA6  A8 34 00 FA 00 7A			     db	     0A8h, 34h,	00h,0FAh, 00h, 7Ah
    800	0CAC  03 EF 01 EF 0F BF			     db	      03h,0EFh,	01h,0EFh, 0Fh,0BFh
    801	0CB2  07 95 3E FB 1E 5B			     db	      07h, 95h,	3Eh,0FBh, 1Eh, 5Bh
    802	0CB8  3F BB 1F BB FA EF			     db	      3Fh,0BBh,	1Fh,0BBh,0FAh,0EFh
    803	0CBE  7A EF 2A AB 2A A9			     db	      7Ah,0EFh,	2Ah,0ABh, 2Ah,0A9h
    804	0CC4  02 AB 02 A9 FB FF			     db	      02h,0ABh,	02h,0A9h,0FBh,0FFh
    805	0CCA  FB FD AE FF AE 10			     db	     0FBh,0FDh,0AEh,0FFh,0AEh, 10h
    806	0CD0  AB FF A8 45 EF FC			     db	     0ABh,0FFh,0A8h, 45h,0EFh,0FCh
    807	0CD6  65 10 EF FC 6D 44			     db	      65h, 10h,0EFh,0FCh, 6Dh, 44h
    808	0CDC  EB F0 69 50 AB 00			     db	     0EBh,0F0h,	69h, 50h,0ABh, 00h
    809	0CE2  AB 00 EA C0 EA C0			     db	     0ABh, 00h,0EAh,0C0h,0EAh,0C0h
    810	0CE8  FB FF FB FD AE FF			     db	     0FBh,0FFh,0FBh,0FDh,0AEh,0FFh
Turbo Assembler	 Version 2.01	     03/22/26 17:38:00	    Page 16
356LVGRP.asm



    811	0CEE  AE 10 AB FC A8 44			     db	     0AEh, 10h,0ABh,0FCh,0A8h, 44h
    812	0CF4  EF C0 65 00 EF 00			     db	     0EFh,0C0h,	65h, 00h,0EFh, 00h
    813	0CFA  6D 00 E8 00 68 00			     db	      6Dh, 00h,0E8h, 00h, 68h, 00h
    814	0D00  AB 00 AB 00 EA C0			     db	     0ABh, 00h,0ABh, 00h,0EAh,0C0h
    815	0D06  EA C0 39 07 0F 00			     db	     0EAh,0C0h,	39h, 07h, 0Fh, 00h
    816	0D0C  0F 00 FF 00 5F 03			     db	      0Fh, 00h,0FFh, 00h, 5Fh, 03h
    817	0D12  FA 01 FA 0F AF 07			     db	     0FAh, 01h,0FAh, 0Fh,0AFh, 07h
    818	0D18  AF 3E FA 1E FA FB			     db	     0AFh, 3Eh,0FAh, 1Eh,0FAh,0FBh
    819	0D1E  AF 7B AF 0C 00 04			     db	     0AFh, 7Bh,0AFh, 0Ch, 00h, 04h
    820	0D24  00 3C 80 1E 40 B8			     db	      00h, 3Ch,	80h, 1Eh, 40h,0B8h
    821	0D2A  00 B8 80 A8 3C A8			     db	      00h,0B8h,	80h,0A8h, 3Ch,0A8h
    822	0D30  34 FB FF 7B FD C0			     db	      34h,0FBh,0FFh, 7Bh,0FDh,0C0h
    823	0D36  00 EA 80 F0 00 CA			     db	      00h,0EAh,	80h,0F0h, 00h,0CAh
    824	0D3C  C0 BC 03 82 83 EE			     db	     0C0h,0BCh,	03h, 82h, 83h,0EEh
    825	0D42  FD 6E D4 AF FF A7			     db	     0FDh, 6Eh,0D4h,0AFh,0FFh,0A7h
    826	0D48  55 2F F0 2D 50 2B			     db	      55h, 2Fh,0F0h, 2Dh, 50h, 2Bh
    827	0D4E  00 2B 00 0B 00 0B			     db	      00h, 2Bh,	00h, 0Bh, 00h, 0Bh
    828	0D54  00 0E 00 0E 00 E8			     db	      00h, 0Eh,	00h, 0Eh, 00h,0E8h
    829	0D5A  00 E8 00 20 00 20			     db	      00h,0E8h,	00h, 20h, 00h, 20h
    830	0D60  00 EF FC E3 FC 0A			     db	      00h,0EFh,0FCh,0E3h,0FCh, 0Ah
    831	0D66  F3 0A F3 39 16 0C			     db	     0F3h, 0Ah,0F3h, 39h, 16h, 0Ch
    832	0D6C  00 04 00 3C 80 1E			     db	      00h, 04h,	00h, 3Ch, 80h, 1Eh
    833	0D72  40 B8 00 B8 80 A8			     db	      40h,0B8h,	00h,0B8h, 80h,0A8h
    834	0D78  3C A8 34 FB FF 7B			     db	      3Ch,0A8h,	34h,0FBh,0FFh, 7Bh
    835	0D7E  FD C0 00 EA 80 F0			     db	     0FDh,0C0h,	00h,0EAh, 80h,0F0h
    836	0D84  00 CA C0 BC 00 82			     db	      00h,0CAh,0C0h,0BCh, 00h, 82h
    837	0D8A  80 EF BB ED 99 AB			     db	      80h,0EFh,0BBh,0EDh, 99h,0ABh
    838	0D90  FF A9 55 2B C0 2B			     db	     0FFh,0A9h,	55h, 2Bh,0C0h, 2Bh
    839	0D96  C0 0A F0 0A F0 00			     db	     0C0h, 0Ah,0F0h, 0Ah,0F0h, 00h
    840	0D9C  BC 00 BC 00 2C 00			     db	     0BCh, 00h,0BCh, 00h, 2Ch, 00h
    841	0DA2  2C 00 F0 00 70 00			     db	      2Ch, 00h,0F0h, 00h, 70h, 00h
    842	0DA8  20 00 20 AF 00 A0			     db	      20h, 00h,	20h,0AFh, 00h,0A0h
    843	0DAE  F0 BC C0 BC 30 3F			     db	     0F0h,0BCh,0C0h,0BCh, 30h, 3Fh
    844	0DB4  C0 3D C0 02 FC 02			     db	     0C0h, 3Dh,0C0h, 02h,0FCh, 02h
    845	0DBA  F4 00 B0 00 B0 39			     db	     0F4h, 00h,0B0h, 00h,0B0h, 39h
    846	0DC0  17 0F 00 07 00 FF			     db	      17h, 0Fh,	00h, 07h, 00h,0FFh
    847	0DC6  00 7F 03 EA 01 EA			     db	      00h, 7Fh,	03h,0EAh, 01h,0EAh
    848	0DCC  0F AF 07 AF 3E FA			     db	      0Fh,0AFh,	07h,0AFh, 3Eh,0FAh
    849	0DD2  1E FA 39 02 0C 00			     db	      1Eh,0FAh,	39h, 02h, 0Ch, 00h
    850	0DD8  04 00 3C 80 1E 40			     db	      04h, 00h,	3Ch, 80h, 1Eh, 40h
    851	0DDE  B8 00 B8 80 A8 3C			     db	     0B8h, 00h,0B8h, 80h,0A8h, 3Ch
    852	0DE4  A8 34 FB FF 7B FD			     db	     0A8h, 34h,0FBh,0FFh, 7Bh,0FDh
    853	0DEA  C0 00 EA 80 F0 00			     db	     0C0h, 00h,0EAh, 80h,0F0h, 00h
    854	0DF0  CA C0 FB AA 7B AA			     db	     0CAh,0C0h,0FBh,0AAh, 7Bh,0AAh
    855	0DF6  EF BB ED 89 AB FF			     db	     0EFh,0BBh,0EDh, 89h,0ABh,0FFh
    856	0DFC  AB 50 2A 8C 2A 8C			     db	     0ABh, 50h,	2Ah, 8Ch, 2Ah, 8Ch
    857	0E02  02 AB 02 A9 00 08			     db	      02h,0ABh,	02h,0A9h, 00h, 08h
    858	0E08  00 08 39 06 BC 00			     db	      00h, 08h,	39h, 06h,0BCh, 00h
    859	0E0E  82 80 AF 00 A0 F0			     db	      82h, 80h,0AFh, 00h,0A0h,0F0h
    860	0E14  B0 C0 B0 30 AF 00			     db	     0B0h,0C0h,0B0h, 30h,0AFh, 00h
    861	0E1A  AD 00 2A C0 2A C0			     db	     0ADh, 00h,	2Ah,0C0h, 2Ah,0C0h
    862	0E20  C2 B0 C2 B0 02 20			     db	     0C2h,0B0h,0C2h,0B0h, 02h, 20h
    863	0E26  02 20 39 13 0F 00			     db	      02h, 20h,	39h, 13h, 0Fh, 00h
    864	0E2C  05 00 FF 00 7F 03			     db	      05h, 00h,0FFh, 00h, 7Fh, 03h
Turbo Assembler	 Version 2.01	     03/22/26 17:38:00	    Page 17
356LVGRP.asm



    865	0E32  EA 01 EA 0F AF 07			     db	     0EAh, 01h,0EAh, 0Fh,0AFh, 07h
    866	0E38  AF 39 06 0C 00 04			     db	     0AFh, 39h,	06h, 0Ch, 00h, 04h
    867	0E3E  00 3C 80 1E 40 B8			     db	      00h, 3Ch,	80h, 1Eh, 40h,0B8h
    868	0E44  00 B8 80 A8 3C A8			     db	      00h,0B8h,	80h,0A8h, 3Ch,0A8h
    869	0E4A  34 FB FF 7B FD C0			     db	      34h,0FBh,0FFh, 7Bh,0FDh,0C0h
    870	0E50  00 EA 80 3E FA 1E			     db	      00h,0EAh,	80h, 3Eh,0FAh, 1Eh
    871	0E56  FA FB AA 7B AA FA			     db	     0FAh,0FBh,0AAh, 7Bh,0AAh,0FAh
    872	0E5C  FB 7A 58 AA FE AA			     db	     0FBh, 7Ah,	58h,0AAh,0FEh,0AAh
    873	0E62  C2 2A 30 2A 10 02			     db	     0C2h, 2Ah,	30h, 2Ah, 10h, 02h
    874	0E68  B0 02 B0 00 AC 00			     db	     0B0h, 02h,0B0h, 00h,0ACh, 00h
    875	0E6E  AC 00 0A 00 0A FC			     db	     0ACh, 00h,	0Ah, 00h, 0Ah,0FCh
    876	0E74  00 C2 C0 BF C0 80			     db	      00h,0C2h,0C0h,0BFh,0C0h, 80h
    877	0E7A  00 AF FC A0 00 B8			     db	      00h,0AFh,0FCh,0A0h, 00h,0B8h
    878	0E80  C0 B8 00 AC 00 AC			     db	     0C0h,0B8h,	00h,0ACh, 00h,0ACh
    879	0E86  00 2B 00 2B 00 0A			     db	      00h, 2Bh,	00h, 2Bh, 00h, 0Ah
    880	0E8C  80 0A 80 02 20 02			     db	      80h, 0Ah,	80h, 02h, 20h, 02h
    881	0E92  20 39 13 03 00 03			     db	      20h, 39h,	13h, 03h, 00h, 03h
    882	0E98  00 FF 00 77 03 EA			     db	      00h,0FFh,	00h, 77h, 03h,0EAh
    883	0E9E  01 EA 39 0A 0C 00			     db	      01h,0EAh,	39h, 0Ah, 0Ch, 00h
    884	0EA4  04 00 3C 80 1E 40			     db	      04h, 00h,	3Ch, 80h, 1Eh, 40h
    885	0EAA  B8 00 B8 80 A8 3C			     db	     0B8h, 00h,0B8h, 80h,0A8h, 3Ch
    886	0EB0  A8 34 FB FF 7B FD			     db	     0A8h, 34h,0FBh,0FFh, 7Bh,0FDh
    887	0EB6  0F AF 07 AF 3E FA			     db	      0Fh,0AFh,	07h,0AFh, 3Eh,0FAh
    888	0EBC  1E FA FB AA 7B AA			     db	      1Eh,0FAh,0FBh,0AAh, 7Bh,0AAh
    889	0EC2  FB EB 7B 6B EA FE			     db	     0FBh,0EBh,	7Bh, 6Bh,0EAh,0FEh
    890	0EC8  EA D6 3A B2 3A B2			     db	     0EAh,0D6h,	3Ah,0B2h, 3Ah,0B2h
    891	0ECE  0A F0 0A F0 02 AB			     db	      0Ah,0F0h,	0Ah,0F0h, 02h,0ABh
    892	0ED4  02 AB C0 00 EA C0			     db	      02h,0ABh,0C0h, 00h,0EAh,0C0h
    893	0EDA  FF 00 D0 AC BF FF			     db	     0FFh, 00h,0D0h,0ACh,0BFh,0FFh
    894	0EE0  84 40 FF F0 11 10			     db	      84h, 40h,0FFh,0F0h, 11h, 10h
    895	0EE6  BC 00 94 00 B0 00			     db	     0BCh, 00h,	94h, 00h,0B0h, 00h
    896	0EEC  B0 00 AB 00 AB 00			     db	     0B0h, 00h,0ABh, 00h,0ABh, 00h
    897	0EF2  22 80 22 80 39 03			     db	      22h, 80h,	22h, 80h, 39h, 03h
    898	0EF8  28 00 28 39 03 03			     db	      28h, 00h,	28h, 39h, 03h, 03h
    899	0EFE  00 0B 08 03 08 17			     db	      00h, 0Bh,	08h, 03h, 08h, 17h
    900	0F04  00 C0 00 CA 00 F0			     db	      00h,0C0h,	00h,0CAh, 00h,0F0h
    901	0F0A  00 F7 1A D4 25 D7			     db	      00h,0F7h,	1Ah,0D4h, 25h,0D7h
    902	0F10  39 03 80 00 40 C1			     db	      39h, 03h,	80h, 00h, 40h,0C1h
    903	0F16  00 C2 70 39 00 0A			     db	      00h,0C2h,	70h, 39h, 00h, 0Ah
    904	0F1C  B8 80 00 B5 54 D0			     db	     0B8h, 80h,	00h,0B5h, 54h,0D0h
    905	0F22  00 DA AA 20 00 65			     db	      00h,0DAh,0AAh, 20h, 00h, 65h
    906	0F28  56 30 00 B0 2A 00			     db	      56h, 30h,	00h,0B0h, 2Ah, 00h
    907	0F2E  08 75 59 20 05 4A			     db	      08h, 75h,	59h, 20h, 05h, 4Ah
    908	0F34  85 39 00 D5 00			     db	      85h, 39h,	00h,0D5h, 00h
    909	0F39  0080		     data_19	     dw	     80h		     ; Data table (indexed access)
    910	0F3B  68 44 39 00 D4 30			     db	      68h, 44h,	39h, 00h,0D4h, 30h
    911	0F41  80 00 60 A0 39 00			     db	      80h, 00h,	60h,0A0h, 39h, 00h
    912	0F47  C0 39 01 C0 00 08			     db	     0C0h, 39h,	01h,0C0h, 00h, 08h
    913	0F4D  00 48 15 39 01 0B			     db	      00h, 48h,	15h, 39h, 01h, 0Bh
    914	0F53  C0 00 C2 03 39 00			     db	     0C0h, 00h,0C2h, 03h, 39h, 00h
    915	0F59  01 81 39 01 B1 39			     db	      01h, 81h,	39h, 01h,0B1h, 39h
    916	0F5F  01 40 39 08 01 39			     db	      01h, 40h,	39h, 08h, 01h, 39h
    917	0F65  00 01 08 22 00 02			     db	      00h, 01h,	08h, 22h, 00h, 02h
    918	0F6B  00 05 00 9F 00 87			     db	      00h, 05h,	00h, 9Fh, 00h, 87h
Turbo Assembler	 Version 2.01	     03/22/26 17:38:00	    Page 18
356LVGRP.asm



    919	0F71  39 00 01 1E 00 10			     db	      39h, 00h,	01h, 1Eh, 00h, 10h
    920	0F77  C0 2D 39 00 78 3A			     db	     0C0h, 2Dh,	39h, 00h, 78h, 3Ah
    921	0F7D  00 01 3C 35 14 00			     db	      00h, 01h,	3Ch, 35h, 14h, 00h
    922	0F83  6B C4 80 00 57 F8			     db	      6Bh,0C4h,	80h, 00h, 57h,0F8h
    923	0F89  39 00 BA AA 39 00			     db	      39h, 00h,0BAh,0AAh, 39h, 00h
    924	0F8F  D5 56 39 00 A8 43			     db	     0D5h, 56h,	39h, 00h,0A8h, 43h
    925	0F95  1D 00 5D 21 6A 00			     db	      1Dh, 00h,	5Dh, 21h, 6Ah, 00h
    926	0F9B  EA 11 A8 10 AB 20			     db	     0EAh, 11h,0A8h, 10h,0ABh, 20h
    927	0FA1  08 06 16 26 04 09			     db	      08h, 06h,	16h, 26h, 04h, 09h
    928	0FA7  0B 15 04 00 0B 49			     db	      0Bh, 15h,	04h, 00h, 0Bh, 49h
    929	0FAD  39 00 27 B2 01 00			     db	      39h, 00h,	27h,0B2h, 01h, 00h
    930	0FB3  02 D4 39 00 09 AA			     db	      02h,0D4h,	39h, 00h, 09h,0AAh
    931	0FB9  39 00 20 55 39 00			     db	      39h, 00h,	20h, 55h, 39h, 00h
    932	0FBF  04 06 44 00 5E 88			     db	      04h, 06h,	44h, 00h, 5Eh, 88h
    933	0FC5  10 00 4D 68 41 04			     db	      10h, 00h,	4Dh, 68h, 41h, 04h
    934	0FCB  9A 82 5B 90 5B 80			     db	      9Ah, 82h,	5Bh, 90h, 5Bh, 80h
    935	0FD1  02 A8 3A A8 00 10			     db	      02h,0A8h,	3Ah,0A8h, 00h, 10h
    936	0FD7  95 50 39 00 54 39			     db	      95h, 50h,	39h, 00h, 54h, 39h
    937	0FDD  01 AA 39 02 3F 01			     db	      01h,0AAh,	39h, 02h, 3Fh, 01h
    938	0FE3  00 02 D4 04 01 0B			     db	      00h, 02h,0D4h, 04h, 01h, 0Bh
    939	0FE9  82 39 00 1E 05 00			     db	      82h, 39h,	00h, 1Eh, 05h, 00h
    940	0FEF  48 38 50 00 C0 32			     db	      48h, 38h,	50h, 00h,0C0h, 32h
    941	0FF5  D0 02 41 24 49 04			     db	     0D0h, 02h,	41h, 24h, 49h, 04h
    942	0FFB  10 2A 10 39 00 68			     db	      10h, 2Ah,	10h, 39h, 00h, 68h
    943	1001  39 03 40 00 B1 80			     db	      39h, 03h,	40h, 00h,0B1h, 80h
    944	1007  39 00 04 60 39 00			     db	      39h, 00h,	04h, 60h, 39h, 00h
    945	100D  03 CD 00 00 20 80			     db	      03h,0CDh,	00h, 00h, 20h, 80h
    946	1013  00 20 08 28 40 00			     db	      00h, 20h,	08h, 28h, 40h, 00h
    947	1019  41 0C 05 04 0B 44			     db	      41h, 0Ch,	05h, 04h, 0Bh, 44h
    948	101F  00 21 0E 41 00 08			     db	      00h, 21h,	0Eh, 41h, 00h, 08h
    949	1025  03 36 00 01 40 8E			     db	      03h, 36h,	00h, 01h, 40h, 8Eh
    950	102B  20 00 40 00 0A 02			     db	      20h, 00h,	40h, 00h, 0Ah, 02h
    951	1031  35 05 00 A0 0F 50			     db	      35h, 05h,	00h,0A0h, 0Fh, 50h
    952	1037  39 00 01 FF 02 08			     db	      39h, 00h,	01h,0FFh, 02h, 08h
    953	103D  05 04 10 48 6C 40			     db	      05h, 04h,	10h, 48h, 6Ch, 40h
    954	1043  00 10 00 28 82 40			     db	      00h, 10h,	00h, 28h, 82h, 40h
    955	1049  72 A0 39 01 18 63			     db	      72h,0A0h,	39h, 01h, 18h, 63h
    956	104F  00 55 60 39 00 7F			     db	      00h, 55h,	60h, 39h, 00h, 7Fh
    957	1055  39 03 20 00 14 39			     db	      39h, 03h,	20h, 00h, 14h, 39h
    958	105B  01 14 00 06 00 06			     db	      01h, 14h,	00h, 06h, 00h, 06h
    959	1061  39 00 C0 00 C0 39			     db	      39h, 00h,0C0h, 00h,0C0h, 39h
    960	1067  07 3E 00 01 04 EA			     db	      07h, 3Eh,	00h, 01h, 04h,0EAh
    961	106D  08 15 39 06 02 00			     db	      08h, 15h,	39h, 06h, 02h, 00h
    962	1073  01 40 34 00 35 40			     db	      01h, 40h,	34h, 00h, 35h, 40h
    963	1079  C0 00 C0 39 07 81			     db	     0C0h, 00h,0C0h, 39h, 07h, 81h
    964	107F  00 42 39 00 BA 00			     db	      00h, 42h,	39h, 00h,0BAh, 00h
    965	1085  45 13 6A 20 95 08			     db	      45h, 13h,	6Ah, 20h, 95h, 08h
    966	108B  AA 07 55 32 AA 0D			     db	     0AAh, 07h,	55h, 32h,0AAh, 0Dh
    967	1091  55 8E 2A 71 D5 AA			     db	      55h, 8Eh,	2Ah, 71h,0D5h,0AAh
    968	1097  BA 55 55 2A FE 15			     db	     0BAh, 55h,	55h, 2Ah,0FEh, 15h
    969	109D  54 02 FF 01 55 20			     db	      54h, 02h,0FFh, 01h, 55h, 20h
    970	10A3  10 D0 20 80 00 70			     db	      10h,0D0h,	20h, 80h, 00h, 70h
    971	10A9  00 28 00 D4 00 22			     db	      00h, 28h,	00h,0D4h, 00h, 22h
    972	10AF  80 DD 70 A8 28 57			     db	      80h,0DDh,	70h,0A8h, 28h, 57h
Turbo Assembler	 Version 2.01	     03/22/26 17:38:00	    Page 19
356LVGRP.asm



    973	10B5  D4 9E 00 55 55 AA			     db	     0D4h, 9Eh,	00h, 55h, 55h,0AAh
    974	10BB  A8 15 54 D5 00 55			     db	     0A8h, 15h,	54h,0D5h, 00h, 55h
    975	10C1  40 39 12 10 00 20			     db	      40h, 39h,	12h, 10h, 00h, 20h
    976	10C7  39 10 40 00 80			     db	      39h, 10h,	40h, 00h, 80h
    977	10CC  39				     db	     39h
    978	10CD  03		     data_20	     db	     3
    979	10CE  01 00 02 40 00 80			     db	      01h, 00h,	02h, 40h, 00h, 80h
    980	10D4  39 03 01 00 02 39			     db	      39h, 03h,	01h, 00h, 02h, 39h
    981	10DA  00 40 00 80 00 04			     db	      00h, 40h,	00h, 80h, 00h, 04h
    982	10E0  00 08 B7 00 63 00			     db	      00h, 08h,0B7h, 00h, 63h, 00h
    983	10E6  00 14 00 28 00 02			     db	      00h, 14h,	00h, 28h, 00h, 02h
    984	10EC  00 0D 00 08 00 37			     db	      00h, 0Dh,	00h, 08h, 00h, 37h
    985	10F2  02 AA 0D 55 28 AA			     db	      02h,0AAh,	0Dh, 55h, 28h,0AAh
    986	10F8  17 55 39 02 04 10			     db	      17h, 55h,	39h, 02h, 04h, 10h
    987	10FE  08 20 3E 00 01 00			     db	      08h, 20h,	3Eh, 00h, 01h, 00h
    988	1104  EA 81 15 42 2A 40			     db	     0EAh, 81h,	15h, 42h, 2Ah, 40h
    989	110A  D5 40 AA 90 55 50			     db	     0D5h, 40h,0AAh, 90h, 55h, 50h
    990	1110  AA 50 55 50 FD 40			     db	     0AAh, 50h,	55h, 50h,0FDh, 40h
    991	1116  55 7C 39 03 20 00			     db	      55h, 7Ch,	39h, 03h, 20h, 00h
    992	111C  10 20 00 10 00 08			     db	      10h, 20h,	00h, 10h, 00h, 08h
    993	1122  00 04 39 03 80 00			     db	      00h, 04h,	39h, 03h, 80h, 00h
    994	1128  40 39 03 08 00 04			     db	      40h, 39h,	03h, 08h, 00h, 04h
    995	112E  00 02 00 01 39 04			     db	      00h, 02h,	00h, 01h, 39h, 04h
    996	1134  82 00 41 20 00 10			     db	      82h, 00h,	41h, 20h, 00h, 10h
    997	113A  39 08 08 00 04 39			     db	      39h, 08h,	08h, 00h, 04h, 39h
    998	1140  17 A0 00 50 02 AA			     db	      17h,0A0h,	00h, 50h, 02h,0AAh
    999	1146  01 55 0A A2 05 5D			     db	      01h, 55h,	0Ah,0A2h, 05h, 5Dh
   1000	114C  39 07 02 00 01 39			     db	      39h, 07h,	02h, 00h, 01h, 39h
   1001	1152  0A 20 00 D0 00 82			     db	      0Ah, 20h,	00h,0D0h, 00h, 82h
   1002	1158  00 7D C0 39 07 01			     db	      00h, 7Dh,0C0h, 39h, 07h, 01h
   1003	115E  00 40 00 02 0A 10			     db	      00h, 40h,	00h, 02h, 0Ah, 10h
   1004	1164  03 80 01 A5 1C 64			     db	      03h, 80h,	01h,0A5h, 1Ch, 64h
   1005	116A  04 E1 E0 02 A7 F6			     db	      04h,0E1h,0E0h, 02h,0A7h,0F6h
   1006	1170  7E 08 72 79 39 02			     db	      7Eh, 08h,	72h, 79h, 39h, 02h
   1007	1176  81 C0 01				     db	      81h,0C0h,	01h
   1008	1179  40				     db	     40h
   1009	117A			     loc_9:
   1010				     ;*		     add     byte ptr ds:data_5e[bx+si],0Ch
   1011	117A  82 80 A9 80 0C			     db	      82h, 80h,0A9h, 80h, 0Ch	     ;	Fixup -	byte match
   1012	117F  80 C9 A0				     or	     cl,0A0h
   1013	1182  B1 03				     mov     cl,3
   1014	1184  D3 51 41				     rcl     word ptr [bx+di+41h],cl ; Rotate thru carry
   1015				     ;*		     pop     cs			     ; Dangerous-8088 only
   1016	1187  0F				     db	     0Fh		     ;	Fixup -	byte match
   1017	1188  CF				     iret			     ; Interrupt return
   1018										     ;*	No entry point to code
   1019	1189  A3 FA01				     mov     ds:data_41e,ax
   1020	118C  FF 1A				     call    dword ptr [bp+si]	     ;*
   1021	118E  0B D0				     or	     dx,ax
   1022	1190  FD				     std			     ; Set direction flag
   1023	1191  D0 0F				     ror     byte ptr [bx],1	     ; Rotate
   1024				     ;*		     loopnz  locloop_10		     ;*Loop if zf=0, cx>0
   1025
   1026	1193  E0 0F				     db	     0E0h, 0Fh		     ;	Fixup -	byte match
Turbo Assembler	 Version 2.01	     03/22/26 17:38:00	    Page 20
356LVGRP.asm



   1027	1195  A7				     cmpsw			     ; Cmp [si]	to es:[di]
   1028	1196  00 38				     add     [bx+si],bh
   1029	1198  00 2B				     add     [bp+di],ch
   1030				     ;*		     pop     cs			     ; Dangerous-8088 only
   1031	119A  0F				     db	     0Fh		     ;	Fixup -	byte match
   1032	119B  4C				     dec     sp
   1033	119C  09 4D 3F				     or	     [di+3Fh],cx
   1034	119F  A3 A333				     mov     ds:data_35e,ax
   1035	11A2  1F				     pop     ds
   1036				     ;*		     aam     1Fh		     ; undocumented inst
   1037	11A3  D4 1F				     db	     0D4h, 1Fh		     ;	Fixup -	byte match
   1038	11A5  D4 0A				     aam			     ; Ascii adjust
   1039	11A7  FA				     cli			     ; Disable interrupts
   1040	11A8  0A FA				     or	     bh,dl
   1041				     ;*		     add     [bx+0],bl
   1042	11AA  00 5F 00				     db	      00h, 5Fh,	00h	     ;	Fixup -	byte match
   1043	11AD  5F 3E A0 26 A0 3C			     db	      5Fh, 3Eh,0A0h, 26h,0A0h, 3Ch
   1044	11B3  30 FC 30 CA A0 CA			     db	      30h,0FCh,	30h,0CAh,0A0h,0CAh
   1045	11B9  A0 35 41 3D 40 FF			     db	     0A0h, 35h,	41h, 3Dh, 40h,0FFh
   1046	11BF  F3 38 B1 2F 5A 37			     db	     0F3h, 38h,0B1h, 2Fh, 5Ah, 37h
   1047	11C5  5A FA BC FA BC B5			     db	      5Ah,0FAh,0BCh,0FAh,0BCh,0B5h
   1048	11CB  18 F5 18 A8 08 A8			     db	      18h,0F5h,	18h,0A8h, 08h,0A8h
   1049	11D1  08 39 00 40 90 39			     db	      08h, 39h,	00h, 40h, 90h, 39h
   1050	11D7  00 08 39 02 40 39			     db	      00h, 08h,	39h, 02h, 40h, 39h
   1051	11DD  01 09 39 00 04 56			     db	      01h, 09h,	39h, 00h, 04h, 56h
   1052	11E3  39 00 01 2F 39 00			     db	      39h, 00h,	01h, 2Fh, 39h, 00h
   1053	11E9  40 7F 39 00			     db	      40h, 7Fh,	39h, 00h
   1054	11ED			     loc_11:
   1055	11ED  05 397F				     add     ax,397Fh
   1056	11F0  00 44 39				     add     [si+39h],al
   1057	11F3  01 20				     add     [bx+si],sp
   1058	11F5  12 39				     adc     bh,[bx+di]
   1059	11F7  00 30				     add     [bx+si],dh
   1060	11F9  80 39 00				     cmp     byte ptr [bx+di],0
   1061	11FC			     loc_12:
   1062	11FC  45				     inc     bp
   1063	11FD  12 39				     adc     bh,[bx+di]
   1064	11FF  00 AB 3940			     add     ss:data_25e[bp+di],ch
   1065				     ;*		     add     bl,dl
   1066	1203  00 D3				     db	      00h,0D3h		     ;	Fixup -	byte match
   1067	1205  CA 2B00				     retf    2B00h
   1068										     ;*	No entry point to code
   1069	1208  EF				     out     dx,ax		     ; port 0, DMA-1 bas&add ch	0
   1070	1209  BF 4642				     mov     di,data_27e
   1071	120C  EB EE				     jmp     short loc_12
   1072	120E  00 01 12 EF 00 14			     db	      00h, 01h,	12h,0EFh, 00h, 14h
   1073	1214  0A 7F 06 40 17 CF			     db	      0Ah, 7Fh,	06h, 40h, 17h,0CFh
   1074	121A  D0 00 D7 FF 30 14			     db	     0D0h, 00h,0D7h,0FFh, 30h, 14h
   1075	1220  31 F7 0A F8 0A FB			     db	      31h,0F7h,	0Ah,0F8h, 0Ah,0FBh
   1076	1226  00 5E 00 5F 3E A0			     db	      00h, 5Eh,	00h, 5Fh, 3Eh,0A0h
   1077	122C  26 A0 08 04 7C 5C			     db	      26h,0A0h,	08h, 04h, 7Ch, 5Ch
   1078	1232  04 0E				     db	      04h, 0Eh
   1079	1234			     loc_13:
   1080	1234  7D FE				     jge     loc_13		     ; Jump if > or =
Turbo Assembler	 Version 2.01	     03/22/26 17:38:00	    Page 21
356LVGRP.asm



   1081	1236  00 0F				     add     [bx],cl
   1082	1238  7E 7F				     jle     $+81h		     ; Jump if < or =
   1083	123A  02 CF				     add     cl,bh
   1084	123C  FB				     sti			     ; Enable interrupts
   1085	123D  FF 2F				     jmp     dword ptr [bx]	     ;*
   1086										     ;*	No entry point to code
   1087	123F  4A				     dec     dx
   1088	1240  F7 5A 92				     neg     word ptr [bp+si-6Eh]
   1089	1243  BC BCFA				     mov     sp,0BCFAh
   1090	1246  85 18				     test    bx,[bx+si]
   1091	1248  F5				     cmc			     ; Complement carry
   1092	1249  18 88 B808			     sbb     ds:data_40e[bx+si],cl
   1093	124D  08 39				     or	     [bx+di],bh
   1094	124F  04 10				     add     al,10h
   1095	1251  04 39				     add     al,39h		     ; '9'
   1096	1253  01 61 39				     add     [bx+di+39h],sp
   1097	1256  00 04				     add     [si],al
   1098	1258  05 0039				     add     ax,39h
   1099	125B  20 AF 0039r			     and     byte ptr data_9[bx],ch
   1100	125F  42				     inc     dx
   1101	1260  07				     pop     es
   1102	1261  02 A1 4600			     add     ah,ds:data_26e[bx+di]
   1103	1265  05 3050				     add     ax,3050h
   1104	1268  83 39 01				     cmp     word ptr [bx+di],1
   1105	126B  08 39				     or	     [bx+di],bh
   1106	126D  00 88 0139r			     add     byte ptr data_14[bx+si],cl
   1107	1271  20 80 0039r			     and     byte ptr data_9[bx+si],al
   1108	1275  94				     xchg    sp,ax
   1109	1276  28 39				     sub     [bx+di],bh
   1110	1278  00 7F 52				     add     [bx+52h],bh
   1111	127B  39 00				     cmp     [bx+si],ax
   1112	127D  36 50 80 50 15 02			     db	      36h, 50h,	80h, 50h, 15h, 02h
   1113	1283  20 08 96 A3 39 01			     db	      20h, 08h,	96h,0A3h, 39h, 01h
   1114	1289  88 39 00 08 04 39			     db	      88h, 39h,	00h, 08h, 04h, 39h
   1115	128F  00 11 1D 00 3C 07			     db	      00h, 11h,	1Dh, 00h, 3Ch, 07h
   1116	1295  FD 33 03 33 FF 0F			     db	     0FDh, 33h,	03h, 33h,0FFh, 0Fh
   1117	129B  F0 0F FF F0 0E FF			     db	     0F0h, 0Fh,0FFh,0F0h, 0Eh,0FFh
   1118	12A1  FE 0E A4 0E A4 39			     db	     0FEh, 0Eh,0A4h, 0Eh,0A4h, 39h
   1119	12A7  00 08 39 01 82 10			     db	      00h, 08h,	39h, 01h, 82h, 10h
   1120	12AD  39 00 F5 49 C0 00			     db	      39h, 00h,0F5h, 49h,0C0h, 00h
   1121	12B3  FE F8 28 D8 EE DA			     db	     0FEh,0F8h,	28h,0D8h,0EEh,0DAh
   1122	12B9  02 B4 FE B4 A0 0C			     db	      02h,0B4h,0FEh,0B4h,0A0h, 0Ch
   1123	12BF  AF FC 0D 52 0D 52			     db	     0AFh,0FCh,	0Dh, 52h, 0Dh, 52h
   1124	12C5  03 BF 02 AA 08 39			     db	      03h,0BFh,	02h,0AAh, 08h, 39h
   1125	12CB  01 18 00 02 FE 30			     db	      01h, 18h,	00h, 02h,0FEh, 30h
   1126	12D1  00 20 00 20 00 0B			     db	      00h, 20h,	00h, 20h, 00h, 0Bh
   1127	12D7  FA 20 00 20 39 01			     db	     0FAh, 20h,	00h, 20h, 39h, 01h
   1128	12DD  0B FA 20 00 20 00			     db	      0Bh,0FAh,	20h, 00h, 20h, 00h
   1129	12E3  AA F0 AA 30 03 08			     db	     0AAh,0F0h,0AAh, 30h, 03h, 08h
   1130	12E9  00 08 02 04 AA C5			     db	      00h, 08h,	02h, 04h,0AAh,0C5h
   1131	12EF  00 02 04 22 39 00			     db	      00h, 02h,	04h, 22h, 39h, 00h
   1132	12F5  A0 48 04 02 04 92			     db	     0A0h, 48h,	04h, 02h, 04h, 92h
   1133	12FB  39 00 A1 20 04 02			     db	      39h, 00h,0A1h, 20h, 04h, 02h
   1134	1301  04 02 3F B6 23 A6			     db	      04h, 02h,	3Fh,0B6h, 23h,0A6h
Turbo Assembler	 Version 2.01	     03/22/26 17:38:00	    Page 22
356LVGRP.asm



   1135	1307  20 34 00 24 10 1C			     db	      20h, 34h,	00h, 24h, 10h, 1Ch
   1136	130D  02 3E 10 00 01 55			     db	      02h, 3Eh,	10h, 00h, 01h, 55h
   1137	1313  10 00 10 00 10 00			     db	      10h, 00h,	10h, 00h, 10h, 00h
   1138	1319  15 FD 10 00 12 AA			     db	      15h,0FDh,	10h, 00h, 12h,0AAh
   1139	131F  1D 50 1D 50 EA AA			     db	      1Dh, 50h,	1Dh, 50h,0EAh,0AAh
   1140	1325  8A AA 04 02 04 02			     db	      8Ah,0AAh,	04h, 02h, 04h, 02h
   1141	132B  04 00 20 80 04 02			     db	      04h, 00h,	20h, 80h, 04h, 02h
   1142	1331  44 22 04 02 05 02			     db	      44h, 22h,	04h, 02h, 05h, 02h
   1143	1337  04 00 50 20 C5 00			     db	      04h, 00h,	50h, 20h,0C5h, 00h
   1144	133D  A2 44 6D 6C 45 6C			     db	     0A2h, 44h,	6Dh, 6Ch, 45h, 6Ch
   1145	1343  00 02 00 02 00 07			     db	      00h, 02h,	00h, 02h, 00h, 07h
   1146	1349  00 06 00 07 00 06			     db	      00h, 06h,	00h, 07h, 00h, 06h
   1147	134F  00 1F 00 1F 00 78			     db	      00h, 1Fh,	00h, 1Fh, 00h, 78h
   1148	1355  00 70 00 E0 00 C0			     db	      00h, 70h,	00h,0E0h, 00h,0C0h
   1149	135B  00 78 00 70 00 1F			     db	      00h, 78h,	00h, 70h, 00h, 1Fh
   1150	1361  00 1B 39 0A C0 00			     db	      00h, 1Bh,	39h, 0Ah,0C0h, 00h
   1151	1367  C0 00 F0 00 E0 00			     db	     0C0h, 00h,0F0h, 00h,0E0h, 00h
   1152	136D  38 00 20 00 F0 00			     db	      38h, 00h,	20h, 00h,0F0h, 00h
   1153	1373  C0 00 C0 39 02 0F			     db	     0C0h, 00h,0C0h, 39h, 02h, 0Fh
   1154	1379  00 0D 00 0B 00 0A			     db	      00h, 0Dh,	00h, 0Bh, 00h, 0Ah
   1155	137F  00 0B 00 09 00 0B			     db	      00h, 0Bh,	00h, 09h, 00h, 0Bh
   1156	1385  00 0A 00 0B 00 09			     db	      00h, 0Ah,	00h, 0Bh, 00h, 09h
   1157	138B  00 0B 00 0A 00 0B			     db	      00h, 0Bh,	00h, 0Ah, 00h, 0Bh
   1158	1391  00 09 39 0A E0 00			     db	      00h, 09h,	39h, 0Ah,0E0h, 00h
   1159	1397  A0 39 03 90 00 90			     db	     0A0h, 39h,	03h, 90h, 00h, 90h
   1160	139D  00 F0 00 C0 39 08			     db	      00h,0F0h,	00h,0C0h, 39h, 08h
   1161	13A3  07 39 01 0F 39 01			     db	      07h, 39h,	01h, 0Fh, 39h, 01h
   1162	13A9  05 39 01 04 39 01			     db	      05h, 39h,	01h, 04h, 39h, 01h
   1163	13AF  3F 39 01 0F 39 01			     db	      3Fh, 39h,	01h, 0Fh, 39h, 01h
   1164	13B5  0A 39 01 62 39 00			     db	      0Ah, 39h,	01h, 62h, 39h, 00h
   1165	13BB  E0 39 01 90 39 01			     db	     0E0h, 39h,	01h, 90h, 39h, 01h
   1166	13C1  20 39 01 20 39 01			     db	      20h, 39h,	01h, 20h, 39h, 01h
   1167	13C7  4C 39 01 10 39 05			     db	      4Ch, 39h,	01h, 10h, 39h, 05h
   1168	13CD  02 39 01 01 95 39			     db	      02h, 39h,	01h, 01h, 95h, 39h
   1169	13D3  00 07 B8 00 47 0F			     db	      00h, 07h,0B8h, 00h, 47h, 0Fh
   1170	13D9  30 00 8A 0F B0 00			     db	      30h, 00h,	8Ah, 0Fh,0B0h, 00h
   1171	13DF  45 0D 30 02 8B 06			     db	      45h, 0Dh,	30h, 02h, 8Bh, 06h
   1172	13E5  D0 00 25 01 A8 00			     db	     0D0h, 00h,	25h, 01h,0A8h, 00h
   1173	13EB  13 00 54 00 2A 50			     db	      13h, 00h,	54h, 00h, 2Ah, 50h
   1174	13F1  80 39 01 20 FC 39			     db	      80h, 39h,	01h, 20h,0FCh, 39h
   1175	13F7  00 10 AA 80 39 00			     db	      00h, 10h,0AAh, 80h, 39h, 00h
   1176	13FD  55 39 00 10 FE 80			     db	      55h, 39h,	00h, 10h,0FEh, 80h
   1177	1403  00 20 FF 39 00 80			     db	      00h, 20h,0FFh, 39h, 00h, 80h
   1178	1409  FC 00 02 00 A8 00			     db	     0FCh, 00h,	02h, 00h,0A8h, 00h
   1179	140F  4D 93 01 03 DE C6			     db	      4Dh, 93h,	01h, 03h,0DEh,0C6h
   1180	1415  4A 86 3D 76 18 64			     db	      4Ah, 86h,	3Dh, 76h, 18h, 64h
   1181	141B  F3 E1 D2 A1 DF 3F			     db	     0F3h,0E1h,0D2h,0A1h,0DFh, 3Fh
   1182	1421  8A 3E DE FA 4C EA			     db	      8Ah, 3Eh,0DEh,0FAh, 4Ch,0EAh
   1183	1427  4C FC 08 D8 54 C9			     db	      4Ch,0FCh,	08h,0D8h, 54h,0C9h
   1184	142D  04 48 40 93 00 03			     db	      04h, 48h,	40h, 93h, 00h, 03h
   1185	1433  D0 46 40 06 38 16			     db	     0D0h, 46h,	40h, 06h, 38h, 16h
   1186	1439  18 04 F3 01 D2 01			     db	      18h, 04h,0F3h, 01h,0D2h, 01h
   1187	143F  DF 01 8A 00 DE F0			     db	     0DFh, 01h,	8Ah, 00h,0DEh,0F0h
   1188	1445  44 A0 4C F8 08 D8			     db	      44h,0A0h,	4Ch,0F8h, 08h,0D8h
Turbo Assembler	 Version 2.01	     03/22/26 17:38:00	    Page 23
356LVGRP.asm



   1189	144B  54 C0 04 40 4D 93			     db	      54h,0C0h,	04h, 40h, 4Dh, 93h
   1190	1451  01 03 DE C2 4A 82			     db	      01h, 03h,0DEh,0C2h, 4Ah, 82h
   1191	1457  3D 42 18 40 F3 01			     db	      3Dh, 42h,	18h, 40h,0F3h, 01h
   1192	145D  82 01 DC 0F 08 0E			     db	      82h, 01h,0DCh, 0Fh, 08h, 0Eh
   1193	1463  C0 7A 00 6A 00 FC			     db	     0C0h, 7Ah,	00h, 6Ah, 00h,0FCh
   1194	1469  00 90 14 C9 04 48			     db	      00h, 90h,	14h,0C9h, 04h, 48h
   1195	146F  00 03 00 03 00 04			     db	      00h, 03h,	00h, 03h, 00h, 04h
   1196	1475  00 04 3D 60 10 60			     db	      00h, 04h,	3Dh, 60h, 10h, 60h
   1197	147B  F3 C1 D2 81 DF 0F			     db	     0F3h,0C1h,0D2h, 81h,0DFh, 0Fh
   1198	1481  8A 0A DE 1A 48 0A			     db	      8Ah, 0Ah,0DEh, 1Ah, 48h, 0Ah
   1199	1487  48 3C 08 18 50 09			     db	      48h, 3Ch,	08h, 18h, 50h, 09h
   1200	148D  00 08 40 13 00 03			     db	      00h, 08h,	40h, 13h, 00h, 03h
   1201	1493  C6 80 42 80 21 76			     db	     0C6h, 80h,	42h, 80h, 21h, 76h
   1202	1499  00 64 F0 E1 D0 A1			     db	      00h, 64h,0F0h,0E1h,0D0h,0A1h
   1203	149F  DC 3F 88 26 DE 7A			     db	     0DCh, 3Fh,	88h, 26h,0DEh, 7Ah
   1204	14A5  40 6A 4C 3C 39 00			     db	      40h, 6Ah,	4Ch, 3Ch, 39h, 00h
   1205	14AB  54 C9 04 48 39 0A			     db	      54h,0C9h,	04h, 48h, 39h, 0Ah
   1206	14B1  08 30 39 08 03 06			     db	      08h, 30h,	39h, 08h, 03h, 06h
   1207	14B7  02 00 60 10 60 39			     db	      02h, 00h,	60h, 10h, 60h, 39h
   1208	14BD  03 04 39 01 60 00			     db	      03h, 04h,	39h, 01h, 60h, 00h
   1209	14C3  40 39 03 10 60 39			     db	      40h, 39h,	03h, 10h, 60h, 39h
   1210	14C9  04 0E 00 0C 00 1D			     db	      04h, 0Eh,	00h, 0Ch, 00h, 1Dh
   1211	14CF  06 10 04 F0 00 40			     db	      06h, 10h,	04h,0F0h, 00h, 40h
   1212	14D5  00 70 C0 40 80 18			     db	      00h, 70h,0C0h, 40h, 80h, 18h
   1213	14DB  20 39 00 01 80 39			     db	      20h, 39h,	00h, 01h, 80h, 39h
   1214	14E1  00 3D 66 18 60 F3			     db	      00h, 3Dh,	66h, 18h, 60h,0F3h
   1215	14E7  D1 92 01 D5 0E 00			     db	     0D1h, 92h,	01h,0D5h, 0Eh, 00h
   1216	14ED  0C DA 5A 48 08 3C			     db	      0Ch,0DAh,	5Ah, 48h, 08h, 3Ch
   1217	14F3  80 04 00 74 10 20			     db	      80h, 04h,	00h, 74h, 10h, 20h
   1218	14F9  00 50 30 39 04 2D			     db	      00h, 50h,	30h, 39h, 04h, 2Dh
   1219	14FF  76 00 64 B0 E1 10			     db	      76h, 00h,	64h,0B0h,0E1h, 10h
   1220	1505  A0 DC 37 88 22 DE			     db	     0A0h,0DCh,	37h, 88h, 22h,0DEh
   1221	150B  6A 08 40 01 06 39			     db	      6Ah, 08h,	40h, 01h, 06h, 39h
   1222	1511  01 10 39 00 20 00			     db	      01h, 10h,	39h, 00h, 20h, 00h
   1223	1517  20 00 70 E0 20 80			     db	      20h, 00h,	70h,0E0h, 20h, 80h
   1224	151D  28 60 39 00 11 80			     db	      28h, 60h,	39h, 00h, 11h, 80h
   1225	1523  39 00 35 62 10 00			     db	      39h, 00h,	35h, 62h, 10h, 00h
   1226	1529  D3 55 80 01 39 02			     db	     0D3h, 55h,	80h, 01h, 39h, 02h
   1227	152F  4C 00 04 00 19 00			     db	      4Ch, 00h,	04h, 00h, 19h, 00h
   1228	1535  10 00 34 10 39 00			     db	      10h, 00h,	34h, 10h, 39h, 00h
   1229	153B  68 30 39 00 20 39			     db	      68h, 30h,	39h, 00h, 20h, 39h
   1230	1541  01 28 56 00 04 50			     db	      01h, 28h,	56h, 00h, 04h, 50h
   1231	1547  A1 00 01 1D 55 39			     db	     0A1h, 00h,	01h, 1Dh, 55h, 39h
   1232	154D  00 29 82 02 40 55			     db	      00h, 29h,	82h, 02h, 40h, 55h
   1233	1553  05 02 C0 28 0A 00			     db	      05h, 02h,0C0h, 28h, 0Ah, 00h
   1234	1559  80 01 54 39 01 A0			     db	      80h, 01h,	54h, 39h, 01h,0A0h
   1235	155F  39 02 01 40 39 00			     db	      39h, 02h,	01h, 40h, 39h, 00h
   1236	1565  01 80 4A A8 0A 02			     db	      01h, 80h,	4Ah,0A8h, 0Ah, 02h
   1237	156B  5F 54 00 02 3A A8			     db	      5Fh, 54h,	00h, 02h, 3Ah,0A8h
   1238	1571  39 00 95 50 39 02			     db	      39h, 00h,	95h, 50h, 39h, 02h
   1239	1577  07 39 01 0C 39 10			     db	      07h, 39h,	01h, 0Ch, 39h, 10h
   1240	157D  07 00 08 00 40 00			     db	      07h, 00h,	08h, 00h, 40h, 00h
   1241	1583  B0 02 00 01 39 01			     db	     0B0h, 02h,	00h, 01h, 39h, 01h
   1242	1589  0C 00 10 00 08 00			     db	      0Ch, 00h,	10h, 00h, 08h, 00h
Turbo Assembler	 Version 2.01	     03/22/26 17:38:00	    Page 24
356LVGRP.asm



   1243	158F  20 EE 10 2C 39 06			     db	      20h,0EEh,	10h, 2Ch, 39h, 06h
   1244	1595  40 00 B0 00 04 00			     db	      40h, 00h,0B0h, 00h, 04h, 00h
   1245	159B  0A 39 01 01 80 39			     db	      0Ah, 39h,	01h, 01h, 80h, 39h
   1246	15A1  02 04 80 39 00 0E			     db	      02h, 04h,	80h, 39h, 00h, 0Eh
   1247	15A7  40 0C 00 47 55 20			     db	      40h, 0Ch,	00h, 47h, 55h, 20h
   1248	15AD  50 9A AA 40 A0 35			     db	      50h, 9Ah,0AAh, 40h,0A0h, 35h
   1249	15B3  45 C0 00 3A A2 40			     db	      45h,0C0h,	00h, 3Ah,0A2h, 40h
   1250	15B9  00 15 51 40 00 02			     db	      00h, 15h,	51h, 40h, 00h, 02h
   1251	15BF  80 39 01 D0 39 03			     db	      80h, 39h,	01h,0D0h, 39h, 03h
   1252	15C5  16 4B 20 0A 00 AA			     db	      16h, 4Bh,	20h, 0Ah, 00h,0AAh
   1253	15CB  A8 39 00 41 94 02			     db	     0A8h, 39h,	00h, 41h, 94h, 02h
   1254	15D1  40 A1 2A 02 C0 10			     db	      40h,0A1h,	2Ah, 02h,0C0h, 10h
   1255	15D7  14 01 00 2A 80 39			     db	      14h, 01h,	00h, 2Ah, 80h, 39h
   1256	15DD  00 18 00 40 39 01			     db	      00h, 18h,	00h, 40h, 39h, 01h
   1257	15E3  C0 39 08 03 00 04			     db	     0C0h, 39h,	08h, 03h, 00h, 04h
   1258	15E9  00 20 00 58 01 39			     db	      00h, 20h,	00h, 58h, 01h, 39h
   1259	15EF  00 C0 39 00 06 00			     db	      00h,0C0h,	39h, 00h, 06h, 00h
   1260	15F5  08 00 04 39 00 F6			     db	      08h, 00h,	04h, 39h, 00h,0F6h
   1261	15FB  10 30 39 06 A8 00			     db	      10h, 30h,	39h, 06h,0A8h, 00h
   1262	1601  56 39 07 04 80 39			     db	      56h, 39h,	07h, 04h, 80h, 39h
   1263	1607  00 0E 40 0C 00 0B			     db	      00h, 0Eh,	40h, 0Ch, 00h, 0Bh
   1264	160D  20 0A 00 17 55 20			     db	      20h, 0Ah,	00h, 17h, 55h, 20h
   1265	1613  50 1A AA 60 A0 35			     db	      50h, 1Ah,0AAh, 60h,0A0h, 35h
   1266	1619  45 40 00 3A A2 40			     db	      45h, 40h,	00h, 3Ah,0A2h, 40h
   1267	161F  00 15 41 39 00 02			     db	      00h, 15h,	41h, 39h, 00h, 02h
   1268	1625  80 39 00 05 39 03			     db	      80h, 39h,	00h, 05h, 39h, 03h
   1269	162B  05 80 AA A8 39 00			     db	      05h, 80h,0AAh,0A8h, 39h, 00h
   1270	1631  41 94 02 40 21 2A			     db	      41h, 94h,	02h, 40h, 21h, 2Ah
   1271	1637  02 C0 5C 14 01 00			     db	      02h,0C0h,	5Ch, 14h, 01h, 00h
   1272	163D  0B 00 60 00 04 00			     db	      0Bh, 00h,	60h, 00h, 04h, 00h
   1273	1643  10 39 10 02 00 01			     db	      10h, 39h,	10h, 02h, 00h, 01h
   1274	1649  00 18 00 04 00 C0			     db	      00h, 18h,	00h, 04h, 00h,0C0h
   1275	164F  01 20 04 00 0A 00			     db	      01h, 20h,	04h, 00h, 0Ah, 00h
   1276	1655  10 FF 28 38 47 55			     db	      10h,0FFh,	28h, 38h, 47h, 55h
   1277	165B  20 50 39 00 10 00			     db	      20h, 50h,	39h, 00h, 10h, 00h
   1278	1661  40 00 20 39 01 80			     db	      40h, 00h,	20h, 39h, 01h, 80h
   1279	1667  39 03 04 80 39 00			     db	      39h, 03h,	04h, 80h, 39h, 00h
   1280	166D  0E 40 0C 00 0B 20			     db	      0Eh, 40h,	0Ch, 00h, 0Bh, 20h
   1281	1673  0A 00 AA A8 39 00			     db	      0Ah, 00h,0AAh,0A8h, 39h, 00h
   1282	1679  5A AA 20 A0 35 56			     db	      5Ah,0AAh,	20h,0A0h, 35h, 56h
   1283	167F  C0 50 3A A8 40 20			     db	     0C0h, 50h,	3Ah,0A8h, 40h, 20h
   1284	1685  15 54 39 00 0A A8			     db	      15h, 54h,	39h, 00h, 0Ah,0A8h
   1285	168B  39 00 35 B7 00 39			     db	      39h, 00h,	35h,0B7h, 00h, 39h
   1286	1691  01 A0 39 03 41 94			     db	      01h,0A0h,	39h, 03h, 41h, 94h
   1287	1697  02 40 A1 2A 02 C0			     db	      02h, 40h,0A1h, 2Ah, 02h,0C0h
   1288	169D  50 14 01 00 AA A0			     db	      50h, 14h,	01h, 00h,0AAh,0A0h
   1289	16A3  00 0B 39 1A 01 CA			     db	      00h, 0Bh,	39h, 1Ah, 01h,0CAh
   1290	16A9  02 35 08 00 16 00			     db	      02h, 35h,	08h, 00h, 16h, 00h
   1291	16AF  11 FC 20 30 07 55			     db	      11h,0FCh,	20h, 30h, 07h, 55h
   1292	16B5  60 50 1A AA 40 A0			     db	      60h, 50h,	1Ah,0AAh, 40h,0A0h
   1293	16BB  02 39 01 08 00 04			     db	      02h, 39h,	01h, 08h, 00h, 04h
   1294	16C1  00 C0 00 30 39 07			     db	      00h,0C0h,	00h, 30h, 39h, 07h
   1295	16C7  04 80 39 00 0E 40			     db	      04h, 80h,	39h, 00h, 0Eh, 40h
   1296	16CD  0C 00 8B 20 0A 00			     db	      0Ch, 00h,	8Bh, 20h, 0Ah, 00h
Turbo Assembler	 Version 2.01	     03/22/26 17:38:00	    Page 25
356LVGRP.asm



   1297	16D3  35 52 40 50 2B A8			     db	      35h, 52h,	40h, 50h, 2Bh,0A8h
   1298	16D9  40 00 17 50 39 00			     db	      40h, 00h,	17h, 50h, 39h, 00h
   1299	16DF  0A A9 39 03 E0 39			     db	      0Ah,0A9h,	39h, 03h,0E0h, 39h
   1300	16E5  01 30 39 06 AA A8			     db	      01h, 30h,	39h, 06h,0AAh,0A8h
   1301	16EB  39 00 41 94 02 40			     db	      39h, 00h,	41h, 94h, 02h, 40h
   1302	16F1  A1 2A 02 C0 50 14			     db	     0A1h, 2Ah,	02h,0C0h, 50h, 14h
   1303	16F7  01 00 2A 80 39 00			     db	      01h, 00h,	2Ah, 80h, 39h, 00h
   1304	16FD  05 39 03 02 80 39			     db	      05h, 39h,	03h, 02h, 80h, 39h
   1305	1703  00 01 80 00 04 39			     db	      00h, 01h,	80h, 00h, 04h, 39h
   1306	1709  01 0C 39 01 13 39			     db	      01h, 0Ch,	39h, 01h, 13h, 39h
   1307	170F  01 2A 39 01 09 00			     db	      01h, 2Ah,	39h, 01h, 09h, 00h
   1308	1715  60 00 09 00 60 00			     db	      60h, 00h,	09h, 00h, 60h, 00h
   1309	171B  2A 39 01 10 39 00			     db	      2Ah, 39h,	01h, 10h, 39h, 00h
   1310	1721  60 08 39 00 B0 08			     db	      60h, 08h,	39h, 00h,0B0h, 08h
   1311	1727  20 00 30 10 20 08			     db	      20h, 00h,	30h, 10h, 20h, 08h
   1312	172D  A8 39 00 10 88 20			     db	     0A8h, 39h,	00h, 10h, 88h, 20h
   1313	1733  40 10 04 40 C0 20			     db	      40h, 10h,	04h, 40h,0C0h, 20h
   1314	1739  0A 40 00 20 54 39			     db	      0Ah, 40h,	00h, 20h, 54h, 39h
   1315	173F  00 30 00 1C 39 01			     db	      00h, 30h,	00h, 1Ch, 39h, 01h
   1316	1745  20 00 0A 07 D1 00			     db	      20h, 00h,	0Ah, 07h,0D1h, 00h
   1317	174B  04 0E 8A 39 00 0D			     db	      04h, 0Eh,	8Ah, 39h, 00h, 0Dh
   1318	1751  44 39 00 02 82 39			     db	      44h, 39h,	00h, 02h, 82h, 39h
   1319	1757  01 50 39 01 AA 6A			     db	      01h, 50h,	39h, 01h,0AAh, 6Ah
   1320	175D  00 74 10 00 08 82			     db	      00h, 74h,	10h, 00h, 08h, 82h
   1321	1763  00 28 0C 47 C0 10			     db	      00h, 28h,	0Ch, 47h,0C0h, 10h
   1322	1769  1C AE A0 00 08 55			     db	      1Ch,0AEh,0A0h, 00h, 08h, 55h
   1323	176F  50 39 00 AA A0 39			     db	      50h, 39h,	00h,0AAh,0A0h, 39h
   1324	1775  00 14 39 01 2A 80			     db	      00h, 14h,	39h, 01h, 2Ah, 80h
   1325	177B  00 2A 00 03 39 01			     db	      00h, 2Ah,	00h, 03h, 39h, 01h
   1326	1781  06 00 02 00 06 00			     db	      06h, 00h,	02h, 00h, 06h, 00h
   1327	1787  02 00 0A 39 01 08			     db	      02h, 00h,	0Ah, 39h, 01h, 08h
   1328	178D  00 01 00 10 00 01			     db	      00h, 01h,	00h, 10h, 00h, 01h
   1329	1793  00 28 39 01 15 39			     db	      00h, 28h,	39h, 01h, 15h, 39h
   1330	1799  00 10 08 39 00 98			     db	      00h, 10h,	08h, 39h, 00h, 98h
   1331	179F  08 39 00 64 10 00			     db	      08h, 39h,	00h, 64h, 10h, 00h
   1332	17A5  08 AA 39 00 10 C8			     db	      08h,0AAh,	39h, 00h, 10h,0C8h
   1333	17AB  20 03 10 88 40 43			     db	      20h, 03h,	10h, 88h, 40h, 43h
   1334	17B1  20 2A 40 00 20 04			     db	      20h, 2Ah,	40h, 00h, 20h, 04h
   1335	17B7  39 00 30 39 00 30			     db	      39h, 00h,	30h, 39h, 00h, 30h
   1336	17BD  39 00 03 0E 04 00			     db	      39h, 00h,	03h, 0Eh, 04h, 00h
   1337	17C3  60 01 98 39 00 12			     db	      60h, 01h,	98h, 39h, 00h, 12h
   1338	17C9  39 00 01 03 48 0C			     db	      39h, 00h,	01h, 03h, 48h, 0Ch
   1339	17CF  45 00 E8 2A 22 05			     db	      45h, 00h,0E8h, 2Ah, 22h, 05h
   1340	17D5  FC 15 24 C2 3D 14			     db	     0FCh, 15h,	24h,0C2h, 3Dh, 14h
   1341	17DB  00 2B 00 01 00 B3			     db	      00h, 2Bh,	00h, 01h, 00h,0B3h
   1342	17E1  00 06 00 01 80 30			     db	      00h, 06h,	00h, 01h, 80h, 30h
   1343	17E7  00 4C 00 A1 E8 00			     db	      00h, 4Ch,	00h,0A1h,0E8h, 00h
   1344	17ED  07 4D 50 39 00 9A			     db	      07h, 4Dh,	50h, 39h, 00h, 9Ah
   1345	17F3  88 39 00 45 10 98			     db	      88h, 39h,	00h, 45h, 10h, 98h
   1346	17F9  00 02 8C C8 3E 01			     db	      00h, 02h,	8Ch,0C8h, 3Eh, 01h
   1347	17FF  02 00 8F 0D 08 10			     db	      02h, 00h,	8Fh, 0Dh, 08h, 10h
   1348	1805  71 0A B5 60 00 15			     db	      71h, 0Ah,0B5h, 60h, 00h, 15h
   1349	180B  6A 39 01 84 39 01			     db	      6Ah, 39h,	01h, 84h, 39h, 01h
   1350	1811  C9 00 20 00 94 00			     db	     0C9h, 00h,	20h, 00h, 94h, 00h
Turbo Assembler	 Version 2.01	     03/22/26 17:38:00	    Page 26
356LVGRP.asm



   1351	1817  61 82 20 30 00 10			     db	      61h, 82h,	20h, 30h, 00h, 10h
   1352	181D  00 C0 00 82 00 E0			     db	      00h,0C0h,	00h, 82h, 00h,0E0h
   1353	1823  08 39 00 2C 40 80			     db	      08h, 39h,	00h, 2Ch, 40h, 80h
   1354	1829  39 01 04 39 00 10			     db	      39h, 01h,	04h, 39h, 00h, 10h
   1355	182F  8F B7 00 18 0A A0			     db	      8Fh,0B7h,	00h, 18h, 0Ah,0A0h
   1356	1835  C0 0C 39 01 98 00			     db	     0C0h, 0Ch,	39h, 01h, 98h, 00h
   1357	183B  01 11 02 08 00 88			     db	      01h, 11h,	02h, 08h, 00h, 88h
   1358	1841  A9 00 40 14 F2 39			     db	     0A9h, 00h,	40h, 14h,0F2h, 39h
   1359	1847  00 27 4F 01 00 15			     db	      00h, 27h,	4Fh, 01h, 00h, 15h
   1360	184D  D7 00 04 2B BE 01			     db	     0D7h, 00h,	04h, 2Bh,0BEh, 01h
   1361	1853  06 87 7F 39 00 04			     db	      06h, 87h,	7Fh, 39h, 00h, 04h
   1362	1859  00 80 00 62 40 18			     db	      00h, 80h,	00h, 62h, 40h, 18h
   1363	185F  00 06 42 02 00 29			     db	      00h, 06h,	42h, 02h, 00h, 29h
   1364	1865  50 39 00 50 CA 80			     db	      50h, 39h,	00h, 50h,0CAh, 80h
   1365	186B  40 D5 30 00 30 EB			     db	      40h,0D5h,	30h, 00h, 30h,0EBh
   1366	1871  88 83 C0 C8 18			     db	      88h, 83h,0C0h,0C8h, 18h
   1367
   1368	1876			     ZR356FUL	     endp
   1369
   1370	1876			     seg_a	     ends
   1371
   1372
   1373
   1374						     end     start
Turbo Assembler	 Version 2.01	     03/22/26 17:38:00	    Page 27
Symbol Table




Symbol Name			  Type	 Value

??DATE				  Text	 "03/22/26"
??FILENAME			  Text	 "356LVGRP"
??TIME				  Text	 "17:37:59"
??VERSION			  Number 0201
@CPU				  Text	 0101H
@CURSEG				  Text	 SEG_A
@FILENAME			  Text	 356LVGRP
@WORDSIZE			  Text	 2
DATA_10				  Word	 SEG_A:0080
DATA_11				  Word	 SEG_A:0091
DATA_12				  Word	 SEG_A:00D0
DATA_13				  Word	 SEG_A:00DC
DATA_14				  Word	 SEG_A:0139
DATA_15				  Word	 SEG_A:0339
DATA_16				  Byte	 SEG_A:0418
DATA_18				  Byte	 SEG_A:0820
DATA_19				  Word	 SEG_A:0F39
DATA_1E				  Number 0CC0
DATA_20				  Byte	 SEG_A:10CD
DATA_21E			  Number 2804
DATA_22E			  Number 2B38
DATA_23E			  Number 300C
DATA_24E			  Number 3903
DATA_25E			  Number 3940
DATA_26E			  Number 4600
DATA_27E			  Number 4642
DATA_28E			  Number 5000
DATA_29E			  Number 5400
DATA_2E				  Number 5B01
DATA_30E			  Number 5D01
DATA_31E			  Number 7E00
DATA_32E			  Number 80A0
DATA_33E			  Number 9E03
DATA_34E			  Number A0E0
DATA_35E			  Number A333
DATA_36E			  Number A800
DATA_37E			  Number A8AA
DATA_38E			  Number AA00
DATA_39E			  Number B7C0
DATA_3E				  Number 5D01
DATA_40E			  Number B808
DATA_41E			  Number FA01
DATA_4E				  Number 5E15
DATA_5E				  Number 80A9
DATA_6E				  Number 5500
DATA_7E				  Number 5515
DATA_8				  Word	 SEG_A:0030
DATA_9				  Word	 SEG_A:0039
LOCLOOP_4			  Near	 SEG_A:036C
LOCLOOP_7			  Near	 SEG_A:0610
LOC_11				  Near	 SEG_A:11ED
Turbo Assembler	 Version 2.01	     03/22/26 17:38:00	    Page 28
Symbol Table



LOC_12				  Near	 SEG_A:11FC
LOC_13				  Near	 SEG_A:1234
LOC_6				  Near	 SEG_A:04C1
LOC_8				  Near	 SEG_A:061E
LOC_9				  Near	 SEG_A:117A
START				  Near	 SEG_A:0000
TARGET				  Number 5432
ZR356FUL			  Far	 SEG_A:0000

Macro Name

CALLF
CALLFX
CALLS
JMPN
JMPS

Groups & Segments		  Bit Size Align  Combine Class

SEG_A				  16  1876 Byte	  Public
