Turbo Assembler	 Version 2.01	     03/22/26 11:45:15	    Page 1
gmmcga.asm



      1
      2
      3				     ;==========================================================================
      4				     ;
      5				     ;	GMMCGA.BIN - MCGA/VGA 256-Color	Graphics Driver	(Mode 13h, 320x200)
      6				     ;
      7				     ;	Graphics primitives for	VGA framebuffer	at 0xA000:0000:
      8				     ;	- Screen clear,	pixel plot, line fill (horizontal/vertical)
      9				     ;	- Rectangle fill
     10				     ;	- Text character rendering (8x8	with color)
     11				     ;	- Tilemap rendering (large 6x18	and small 8x16 tiles)
     12				     ;	- 3-bitplane sprite decoding (3	bits per pixel,	8 colors)
     13				     ;	- Time/BCD formatting utilities
     14				     ;
     15				     ;	VGA row	stride:	320 bytes (0x140)
     16				     ;
     17				     ;	Code type: zero	start
     18				     ;	Created:   16-Feb-26
     19				     ;	Passes:	   9	      Analysis Options on: none
     20				     ;
     21				     ;==========================================================================
     22
     23	      =	5432		     target	     EQU   'T2'			     ; Target assembler: TASM-2.X
     24
     25				     include  srmacros.inc
1    26
1    27				     ; Macros which may	be required for	proper re-assembly
1    28
1    29
1    30
1    31
1    32
1    33				     ;-----------------------------------------------------------------------------
1    34				     ; Some assemblers,	like TASM, check each far call and jump, to see	if it is
1    35				     ; in the same segment.  If	so, rather than	produce	the standard five byte far
1    36				     ; instruction it uses a near jump or call.
1    37
1    38				     calls	     macro   dummy1, dummy2, slocation
1    39						     db	     9Ah		     ; forced call far instruction
1    40						     dw	     offset slocation, seg slocation
1    41				     endm
1    42
1    43				     jmps	     macro   dummy1, dummy2, jlocation
1    44						     db	     0EAh		     ; forced jump far instruction
1    45						     dw	     offset jlocation, seg jlocation
1    46				     endm
1    47
1    48
1    49
1    50
1    51				     ;-----------------------------------------------------------------------------
1    52				     ;	Some compilers and some	assemblers will	code a call that goes to a far
1    53				     ;	subroutine in the same segment as:
1    54				     ;
Turbo Assembler	 Version 2.01	     03/22/26 11:45:15	    Page 2
gmmcga.asm



1    55				     ;		     PUSH    CS
1    56				     ;		     CALL    near
1    57				     ;
1    58				     ;	This saves one byte, and is slightly faster.  If the assembler you are
1    59				     ;	using (i.e. MASM, Optasm) does not do this automatically, the following
1    60				     ;	macros are used	to code	the same information.  In other	words, the binary
1    61				     ;	file has "PUSH CS, CALL	near", and Sourcer ensures the same instructions
1    62				     ;	are used!  (macro CALLF)
1    63				     ;
1    64
1    65				     callf	     macro   location
1    66						     push    cs
1    67						     call    near ptr location
1    68				     endm
1    69
1    70				     ;	Some compilers generate	an unnecessary DS override on the call instruction
1    71				     ;	when compacting	the CALLF type function.  Macro	CALLFX handles this case.
1    72
1    73				     callfx	     macro   location
1    74						     push    cs
1    75						     db	     3Eh
1    76						     call    near ptr location
1    77				     endm
1    78
1    79
1    80				     ;-----------------------------------------------------------------------------
1    81				     ;	Some compilers and some	assemblers will	code a near call that is the
1    82				     ;	selected assembler will	convert	to a short jump	to save	a byte.	 This
1    83				     ;	reconstructs a near jump for these cases.
1    84
1    85				     jmpn	     macro   location
1    86						     db	     0E9h
1    87						     dw	     offset location-$-2
1    88				     endm
1    89
1    90
1    91
     92
     93
     94				     ; The following equates show data references outside the range of the program.
     95
     96	      =	012C		     data_1e	     equ     12Ch
     97	      =	2658		     data_2e	     equ     2658h		     ;*
     98	      =	E200		     data_3e	     equ     0E200h		     ;*
     99	      =	E202		     data_4e	     equ     0E202h		     ;*
    100	      =	E206		     data_5e	     equ     0E206h		     ;*
    101	      =	E20A		     data_6e	     equ     0E20Ah		     ;*
    102	      =	E20C		     data_7e	     equ     0E20Ch		     ;*
    103	      =	2226		     data_32e	     equ     2226h		     ;*
    104	      =	2434		     data_33e	     equ     2434h		     ;*
    105	      =	2435		     data_34e	     equ     2435h		     ;*
    106	      =	2437		     data_35e	     equ     2437h		     ;*
    107	      =	24EA		     data_36e	     equ     24EAh		     ;*
    108	      =	2A5D		     data_37e	     equ     2A5Dh		     ;*
Turbo Assembler	 Version 2.01	     03/22/26 11:45:15	    Page 3
gmmcga.asm



    109	      =	2CBD		     data_38e	     equ     2CBDh		     ;*
    110	      =	2CBE		     data_39e	     equ     2CBEh		     ;*
    111	      =	2CBF		     data_40e	     equ     2CBFh		     ;*
    112	      =	2CC0		     data_41e	     equ     2CC0h		     ;*
    113	      =	2CC2		     data_42e	     equ     2CC2h		     ;*
    114	      =	2CC3		     data_43e	     equ     2CC3h		     ;*
    115	      =	2CC5		     data_44e	     equ     2CC5h		     ;*
    116	      =	2CC7		     data_45e	     equ     2CC7h		     ;*
    117	      =	9521		     data_46e	     equ     9521h		     ;*
    118	      =	F500		     data_47e	     equ     0F500h		     ;*
    119	      =	F502		     data_48e	     equ     0F502h		     ;*
    120	      =	F504		     data_49e	     equ     0F504h		     ;*
    121	      =	FF01		     data_50e	     equ     0FF01h		     ;*
    122	      =	FF2C		     data_51e	     equ     0FF2Ch		     ;*
    123	      =	FF77		     data_52e	     equ     0FF77h		     ;*
    124	      =	0000		     data_53e	     equ     0			     ;*
    125	      =	0140		     data_54e	     equ     140h		     ;*
    126	      =	0140		     data_55e	     equ     140h
    127	      =	11B0		     data_56e	     equ     11B0h
    128
    129	0000			     seg_a	     segment byte public
    130						     assume  cs:seg_a, ds:seg_a
    131
    132
    133						     org     0
    134
    135	0000			     gmmcga	     proc    far
    136
    137	0000			     start:
    138	0000  46				     inc     si
    139	0001  20 06 9521			     and     ds:data_46e,al
    140	0005  21 27				     and     [bx],sp
    141	0007  22 56 22				     and     dl,[bp+22h]
    142	000A  31 22				     xor     [bp+si],sp
    143	000C  60 22 BF 22 CD 22			     db	      60h, 22h,0BFh, 22h,0CDh, 22h
    144	0012  85 23 8F 23 AC 23			     db	      85h, 23h,	8Fh, 23h,0ACh, 23h
    145	0018  CC 23 F5 23 4C 25			     db	     0CCh, 23h,0F5h, 23h, 4Ch, 25h
    146	001E  E2 25 FC 25 E9 27			     db	     0E2h, 25h,0FCh, 25h,0E9h, 27h
    147	0024  57 28 9A 28 D9 28			     db	      57h, 28h,	9Ah, 28h,0D9h, 28h
    148	002A  1A 29 6F 29 C3 29			     db	      1Ah, 29h,	6Fh, 29h,0C3h, 29h
    149	0030  A3 24 3A 24 16 26			     db	     0A3h, 24h,	3Ah, 24h, 16h, 26h
    150	0036  37 26 DB 22 18 27			     db	      37h, 26h,0DBh, 22h, 18h, 27h
    151	003C  30 27 1C 2A 30 21			     db	      30h, 27h,	1Ch, 2Ah, 30h, 21h
    152	0042  01 2C 2A 2C 50 33			     db	      01h, 2Ch,	2Ah, 2Ch, 50h, 33h
    153	0048  C0 8A C7 8A FC 50			     db	     0C0h, 8Ah,0C7h, 8Ah,0FCh, 50h
    154	004E  B8 40 01 F7 E3 5F			     db	     0B8h, 40h,	01h,0F7h,0E3h, 5Fh
    155	0054  03 FF 03 FF 03 F8			     db	      03h,0FFh,	03h,0FFh, 03h,0F8h
    156	005A  58 0A C0 75 03 E9			     db	      58h, 0Ah,0C0h, 75h, 03h,0E9h
    157	0060  86 00				     db	      86h, 00h
    158	0062			     loc_1:
    159	0062  BA 0909				     mov     dx,909h
    160	0065  2E: F6 06	FF77 FF			     test    byte ptr cs:data_52e,0FFh
    161	006B  74 03				     jz	     loc_2		     ; Jump if zero
    162	006D  BA FFFF				     mov     dx,0FFFFh
Turbo Assembler	 Version 2.01	     03/22/26 11:45:15	    Page 4
gmmcga.asm



    163	0070			     loc_2:
    164	0070  57				     push    di
    165	0071  80 E9 04				     sub     cl,4
    166	0074  81 C7 0280			     add     di,280h
    167	0078  E8 006D				     call    clear_screen
    168	007B  5F				     pop     di
    169	007C  33 C0				     xor     ax,ax		     ; Zero register
    170	007E  33 DB				     xor     bx,bx		     ; Zero register
    171	0080  E8 0033				     call    fill_horizontal_line
    172	0083  B8 FF00				     mov     ax,0FF00h
    173	0086  BB 00FF				     mov     bx,0FFh
    174	0089  E8 002A				     call    fill_horizontal_line
    175	008C  51				     push    cx
    176	008D  53				     push    bx
    177	008E  8A DD				     mov     bl,ch
    178	0090  FE CB				     dec     bl
    179	0092  03 DB				     add     bx,bx
    180	0094  03 DB				     add     bx,bx
    181	0096  32 FF				     xor     bh,bh		     ; Zero register
    182	0098  32 ED				     xor     ch,ch		     ; Zero register
    183
    184	009A			     locloop_3:
    185	009A  26: 89 15				     mov     es:[di],dx
    186	009D  26: 89 51	02			     mov     es:[bx+di+2],dx
    187	00A1  81 C7 0140			     add     di,data_55e
    188	00A5  E2 F3				     loop    locloop_3		     ; Loop if cx > 0
    189
    190	00A7  5B				     pop     bx
    191	00A8  59				     pop     cx
    192	00A9  B8 FF00				     mov     ax,0FF00h
    193	00AC  BB 00FF				     mov     bx,0FFh
    194	00AF  E8 0004				     call    fill_horizontal_line
    195	00B2  33 C0				     xor     ax,ax		     ; Zero register
    196	00B4  33 DB				     xor     bx,bx		     ; Zero register
    197
    198	00B6			     gmmcga	     endp
    199
    200				     ;ï¿½ï¿½ï¿½ï¿½ï¿½ï¿½ï¿½ï¿½ï¿½ï¿½ï¿½ï¿½ï¿½ï¿½ï¿½ï¿½ï¿½ï¿½ï¿½ï¿½ï¿½ï¿½ï¿½ï¿½ï¿½ï¿½ï¿½ï¿½ï¿½ï¿½ï¿½ï
    201				     ¿½ï¿½ï¿½ï¿½ï¿½ï¿½ï¿½ï¿½ï¿½ï¿½ï¿½ï¿½ï¿½ï¿½ï¿½ï¿½ï¿½ï¿½ï¿½ï¿½ï¿½ï¿½ï¿½ï¿½ï¿½ï¿½ï¿½ï¿½ï¿½ï¿½ï¿½ï¿½
    202				     ï¿½ï¿½ï¿½ï¿½ï¿½ï¿½ï¿½ï¿½ï¿½ï¿½ï¿½
    203				     ;				    SUBROUTINE
    204				     ;ï¿½ï¿½ï¿½ï¿½ï¿½ï¿½ï¿½ï¿½ï¿½ï¿½ï¿½ï¿½ï¿½ï¿½ï¿½ï¿½ï¿½ï¿½ï¿½ï¿½ï¿½ï¿½ï¿½ï¿½ï¿½ï¿½ï¿½ï¿½ï¿½ï¿½ï¿½ï
    205				     ¿½ï¿½ï¿½ï¿½ï¿½ï¿½ï¿½ï¿½ï¿½ï¿½ï¿½ï¿½ï¿½ï¿½ï¿½ï¿½ï¿½ï¿½ï¿½ï¿½ï¿½ï¿½ï¿½ï¿½ï¿½ï¿½ï¿½ï¿½ï¿½ï¿½ï¿½ï¿½
    206				     ï¿½ï¿½ï¿½ï¿½ï¿½ï¿½ï¿½ï¿½ï¿½ï¿½ï¿½
    207
    208	00B6			     fill_horizontal_line	     proc    near
    209	00B6  57				     push    di
    210	00B7  51				     push    cx
    211	00B8  F7 D0				     not     ax
    212	00BA  26: 21 05				     and     es:[di],ax
    213	00BD  F7 D0				     not     ax
    214	00BF  23 C2				     and     ax,dx
    215	00C1  26: 09 05				     or	     es:[di],ax
    216	00C4  47				     inc     di
Turbo Assembler	 Version 2.01	     03/22/26 11:45:15	    Page 5
gmmcga.asm



    217	00C5  47				     inc     di
    218	00C6  8A CD				     mov     cl,ch
    219	00C8  32 ED				     xor     ch,ch		     ; Zero register
    220	00CA  03 C9				     add     cx,cx
    221	00CC  03 C9				     add     cx,cx
    222	00CE  83 E9 04				     sub     cx,4
    223	00D1  8A C2				     mov     al,dl
    224	00D3  F3> AA				     rep     stosb		     ; Rep when	cx >0 Store al to es:[di]
    225	00D5  F7 D3				     not     bx
    226	00D7  26: 21 1D				     and     es:[di],bx
    227	00DA  F7 D3				     not     bx
    228	00DC  23 DA				     and     bx,dx
    229	00DE  26: 09 1D				     or	     es:[di],bx
    230	00E1  59				     pop     cx
    231	00E2  5F				     pop     di
    232	00E3  81 C7 0140			     add     di,140h
    233	00E7  C3				     retn
    234	00E8			     fill_horizontal_line	     endp
    235
    236
    237				     ;ï¿½ï¿½ï¿½ï¿½ï¿½ï¿½ï¿½ï¿½ï¿½ï¿½ï¿½ï¿½ï¿½ï¿½ï¿½ï¿½ï¿½ï¿½ï¿½ï¿½ï¿½ï¿½ï¿½ï¿½ï¿½ï¿½ï¿½ï¿½ï¿½ï¿½ï¿½ï
    238				     ¿½ï¿½ï¿½ï¿½ï¿½ï¿½ï¿½ï¿½ï¿½ï¿½ï¿½ï¿½ï¿½ï¿½ï¿½ï¿½ï¿½ï¿½ï¿½ï¿½ï¿½ï¿½ï¿½ï¿½ï¿½ï¿½ï¿½ï¿½ï¿½ï¿½ï¿½ï¿½
    239				     ï¿½ï¿½ï¿½ï¿½ï¿½ï¿½ï¿½ï¿½ï¿½ï¿½ï¿½
    240				     ;				    SUBROUTINE
    241				     ;ï¿½ï¿½ï¿½ï¿½ï¿½ï¿½ï¿½ï¿½ï¿½ï¿½ï¿½ï¿½ï¿½ï¿½ï¿½ï¿½ï¿½ï¿½ï¿½ï¿½ï¿½ï¿½ï¿½ï¿½ï¿½ï¿½ï¿½ï¿½ï¿½ï¿½ï¿½ï
    242				     ¿½ï¿½ï¿½ï¿½ï¿½ï¿½ï¿½ï¿½ï¿½ï¿½ï¿½ï¿½ï¿½ï¿½ï¿½ï¿½ï¿½ï¿½ï¿½ï¿½ï¿½ï¿½ï¿½ï¿½ï¿½ï¿½ï¿½ï¿½ï¿½ï¿½ï¿½ï¿½
    243				     ï¿½ï¿½ï¿½ï¿½ï¿½ï¿½ï¿½ï¿½ï¿½ï¿½ï¿½
    244
    245	00E8			     clear_screen	     proc    near
    246	00E8			     loc_4:
    247	00E8  B8 A000				     mov     ax,0A000h
    248	00EB  8E C0				     mov     es,ax
    249	00ED  51				     push    cx
    250	00EE  33 C0				     xor     ax,ax		     ; Zero register
    251	00F0			     loc_5:
    252	00F0  57				     push    di
    253	00F1  51				     push    cx
    254	00F2  8A CD				     mov     cl,ch
    255	00F4  32 ED				     xor     ch,ch		     ; Zero register
    256	00F6  03 C9				     add     cx,cx
    257	00F8  F3> AB				     rep     stosw		     ; Rep when	cx >0 Store ax to es:[di]
    258	00FA  59				     pop     cx
    259	00FB  5F				     pop     di
    260	00FC  81 C7 0140			     add     di,140h
    261	0100  FE C9				     dec     cl
    262	0102  75 EC				     jnz     loc_5		     ; Jump if not zero
    263	0104  59				     pop     cx
    264	0105  C3				     retn
    265	0106			     clear_screen	     endp
    266
    267										     ;*	No entry point to code
    268	0106  B8 A000				     mov     ax,0A000h
    269	0109  8E C0				     mov     es,ax
    270	010B  BF 11B0				     mov     di,data_56e
Turbo Assembler	 Version 2.01	     03/22/26 11:45:15	    Page 6
gmmcga.asm



    271	010E  B9 0008				     mov     cx,8
    272
    273	0111			     locloop_6:
    274	0111  51				     push    cx
    275	0112  57				     push    di
    276	0113  B9 0012				     mov     cx,12h
    277
    278	0116			     locloop_7:
    279	0116  51				     push    cx
    280	0117  57				     push    di
    281	0118  B9 00E0				     mov     cx,0E0h
    282	011B  32 C0				     xor     al,al		     ; Zero register
    283	011D  F3> AA				     rep     stosb		     ; Rep when	cx >0 Store al to es:[di]
    284	011F  5F				     pop     di
    285	0120  81 C7 0A00			     add     di,0A00h
    286	0124  59				     pop     cx
    287	0125  E2 EF				     loop    locloop_7		     ; Loop if cx > 0
    288
    289	0127  5F				     pop     di
    290	0128  81 C7 0140			     add     di,140h
    291	012C  59				     pop     cx
    292	012D  E2 E2				     loop    locloop_6		     ; Loop if cx > 0
    293
    294	012F  C3				     retn
    295	0130  B8		     data_16	     db	     0B8h
    296	0131  00 A0 8E C0			     db	      00h,0A0h,	8Eh,0C0h
    297	0135  BE 8D 21 B9 08 00			     db	     0BEh, 8Dh,	21h,0B9h, 08h, 00h
    298
    299	013B			     locloop_8:
    300	013B  51				     push    cx
    301	013C  BF 11B0				     mov     di,11B0h
    302	013F  AC				     lodsb			     ; String [si] to al
    303	0140  57				     push    di
    304	0141  B9 0048				     mov     cx,48h
    305
    306	0144			     locloop_9:
    307	0144  51				     push    cx
    308	0145  B9 00E0				     mov     cx,0E0h
    309
    310	0148			     locloop_10:
    311	0148  D0 C0				     rol     al,1		     ; Rotate
    312	014A  73 04				     jnc     loc_11		     ; Jump if carry=0
    313	014C  26: C6 05	00			     mov     byte ptr es:[di],0
    314	0150			     loc_11:
    315	0150  47				     inc     di
    316	0151  E2 F5				     loop    locloop_10		     ; Loop if cx > 0
    317
    318	0153  D0 C8				     ror     al,1		     ; Rotate
    319	0155  D0 C8				     ror     al,1		     ; Rotate
    320	0157  D0 C8				     ror     al,1		     ; Rotate
    321	0159  59				     pop     cx
    322	015A  81 C7 01A0			     add     di,1A0h
    323	015E  E2 E4				     loop    locloop_9		     ; Loop if cx > 0
    324
Turbo Assembler	 Version 2.01	     03/22/26 11:45:15	    Page 7
gmmcga.asm



    325	0160  5F				     pop     di
    326	0161  81 C7 0140			     add     di,140h
    327	0165  B9 0048				     mov     cx,48h
    328
    329	0168			     locloop_12:
    330	0168  51				     push    cx
    331	0169  B9 00E0				     mov     cx,0E0h
    332
    333	016C			     locloop_13:
    334	016C  D0 C8				     ror     al,1		     ; Rotate
    335	016E  73 04				     jnc     loc_14		     ; Jump if carry=0
    336	0170  26: C6 05	00			     mov     byte ptr es:[di],0
    337	0174			     loc_14:
    338	0174  47				     inc     di
    339	0175  E2 F5				     loop    locloop_13		     ; Loop if cx > 0
    340
    341	0177  D0 C0				     rol     al,1		     ; Rotate
    342	0179  D0 C0				     rol     al,1		     ; Rotate
    343	017B  D0 C0				     rol     al,1		     ; Rotate
    344	017D  59				     pop     cx
    345	017E  81 C7 01A0			     add     di,1A0h
    346	0182  E2 E4				     loop    locloop_12		     ; Loop if cx > 0
    347
    348	0184  B9 1F40				     mov     cx,1F40h
    349
    350	0187			     locloop_15:
    351	0187  E2 FE				     loop    locloop_15		     ; Loop if cx > 0
    352
    353	0189  59				     pop     cx
    354	018A  E2 AF				     loop    locloop_8		     ; Loop if cx > 0
    355
    356	018C  C3				     retn
    357										     ;*	No entry point to code
    358	018D  01 03				     add     [bp+di],ax
    359	018F  07				     pop     es
    360				     ;*		     pop     cs			     ; Dangerous-8088 only
    361	0190  0F				     db	     0Fh		     ;	Fixup -	byte match
    362	0191  1F				     pop     ds
    363	0192  3F				     aas			     ; Ascii adjust
    364	0193  7F FF				     db	      7Fh,0FFh
    365	0195			     loc_16:
    366	0195  2E: A2 2226			     mov     cs:data_32e,al
    367	0199  B8 A000				     mov     ax,0A000h
    368	019C  8E C0				     mov     es,ax
    369	019E  33 C0				     xor     ax,ax		     ; Zero register
    370	01A0  8A C7				     mov     al,bh
    371	01A2  8A FC				     mov     bh,ah
    372	01A4  50				     push    ax
    373	01A5  81 C3 009E			     add     bx,9Eh
    374	01A9  B8 0140				     mov     ax,140h
    375	01AC  F7 E3				     mul     bx			     ; dx:ax = reg * ax
    376	01AE  5B				     pop     bx
    377	01AF  03 C3				     add     ax,bx
    378	01B1  05 0030				     add     ax,30h
Turbo Assembler	 Version 2.01	     03/22/26 11:45:15	    Page 8
gmmcga.asm



    379	01B4  8B F8				     mov     di,ax
    380	01B6  51				     push    cx
    381	01B7  33 C0				     xor     ax,ax		     ; Zero register
    382	01B9  E8 0012				     call    plot_pixel
    383	01BC  59				     pop     cx
    384	01BD  47				     inc     di
    385	01BE  8A CD				     mov     cl,ch
    386	01C0			     loc_17:
    387	01C0  51				     push    cx
    388	01C1  B8 FFFF				     mov     ax,0FFFFh
    389	01C4  E8 0007				     call    plot_pixel
    390	01C7  59				     pop     cx
    391	01C8  47				     inc     di
    392	01C9  FE C9				     dec     cl
    393	01CB  75 F3				     jnz     loc_17		     ; Jump if not zero
    394	01CD  C3				     retn
    395
    396				     ;ï¿½ï¿½ï¿½ï¿½ï¿½ï¿½ï¿½ï¿½ï¿½ï¿½ï¿½ï¿½ï¿½ï¿½ï¿½ï¿½ï¿½ï¿½ï¿½ï¿½ï¿½ï¿½ï¿½ï¿½ï¿½ï¿½ï¿½ï¿½ï¿½ï¿½ï¿½ï
    397				     ¿½ï¿½ï¿½ï¿½ï¿½ï¿½ï¿½ï¿½ï¿½ï¿½ï¿½ï¿½ï¿½ï¿½ï¿½ï¿½ï¿½ï¿½ï¿½ï¿½ï¿½ï¿½ï¿½ï¿½ï¿½ï¿½ï¿½ï¿½ï¿½ï¿½ï¿½ï¿½
    398				     ï¿½ï¿½ï¿½ï¿½ï¿½ï¿½ï¿½ï¿½ï¿½ï¿½ï¿½
    399				     ;				    SUBROUTINE
    400				     ;ï¿½ï¿½ï¿½ï¿½ï¿½ï¿½ï¿½ï¿½ï¿½ï¿½ï¿½ï¿½ï¿½ï¿½ï¿½ï¿½ï¿½ï¿½ï¿½ï¿½ï¿½ï¿½ï¿½ï¿½ï¿½ï¿½ï¿½ï¿½ï¿½ï¿½ï¿½ï
    401				     ¿½ï¿½ï¿½ï¿½ï¿½ï¿½ï¿½ï¿½ï¿½ï¿½ï¿½ï¿½ï¿½ï¿½ï¿½ï¿½ï¿½ï¿½ï¿½ï¿½ï¿½ï¿½ï¿½ï¿½ï¿½ï¿½ï¿½ï¿½ï¿½ï¿½ï¿½ï¿½
    402				     ï¿½ï¿½ï¿½ï¿½ï¿½ï¿½ï¿½ï¿½ï¿½ï¿½ï¿½
    403
    404	01CE			     plot_pixel		     proc    near
    405	01CE  2E: F6 06	2226 FF			     test    byte ptr cs:data_32e,0FFh
    406	01D4  75 1F				     jnz     loc_19		     ; Jump if not zero
    407	01D6  57				     push    di
    408	01D7  80 E4 05				     and     ah,5
    409	01DA  24 2D				     and     al,2Dh		     ; '-'
    410	01DC  26: C6 05	00			     mov     byte ptr es:[di],0
    411	01E0  81 C7 0140			     add     di,data_55e
    412	01E4  B9 0008				     mov     cx,8
    413
    414	01E7			     locloop_18:
    415	01E7  26: 88 25				     mov     es:[di],ah
    416	01EA  81 C7 0140			     add     di,data_55e
    417	01EE  E2 F7				     loop    locloop_18		     ; Loop if cx > 0
    418
    419	01F0  26: 88 05				     mov     es:[di],al
    420	01F3  5F				     pop     di
    421	01F4  C3				     retn
    422	01F5			     loc_19:
    423	01F5  2E: 80 3E	2226 80			     cmp     byte ptr cs:data_32e,80h
    424	01FB  74 18				     je	     loc_21		     ; Jump if equal
    425	01FD  57				     push    di
    426	01FE  8A E0				     mov     ah,al
    427	0200  F6 D4				     not     ah
    428	0202  24 01				     and     al,1
    429	0204  B9 000A				     mov     cx,0Ah
    430
    431	0207			     locloop_20:
    432	0207  26: 20 25				     and     es:[di],ah
Turbo Assembler	 Version 2.01	     03/22/26 11:45:15	    Page 9
gmmcga.asm



    433	020A  26: 08 05				     or	     es:[di],al
    434	020D  81 C7 0140			     add     di,data_55e
    435	0211  E2 F4				     loop    locloop_20		     ; Loop if cx > 0
    436
    437	0213  5F				     pop     di
    438	0214  C3				     retn
    439	0215			     loc_21:
    440	0215  57				     push    di
    441	0216  F6 D0				     not     al
    442	0218  B9 000A				     mov     cx,0Ah
    443
    444	021B			     locloop_22:
    445	021B  26: 20 05				     and     es:[di],al
    446	021E  81 C7 0140			     add     di,140h
    447	0222  E2 F7				     loop    locloop_22		     ; Loop if cx > 0
    448
    449	0224  5F				     pop     di
    450	0225  C3				     retn
    451	0226			     plot_pixel		     endp
    452
    453	0226  00 BF 14 CC 2E 8B			     db	      00h,0BFh,	14h,0CCh, 2Eh, 8Bh
    454	022C  1E B2 00 EB 05 BF			     db	      1Eh,0B2h,	00h,0EBh, 05h,0BFh
    455	0232  14 DB EB 00 B8 00			     db	      14h,0DBh,0EBh, 00h,0B8h, 00h
    456	0238  A0 8E C0 E8 60 00			     db	     0A0h, 8Eh,0C0h,0E8h, 60h, 00h
    457	023E  8B CB 0B C9 75 01			     db	      8Bh,0CBh,	0Bh,0C9h, 75h, 01h
    458	0244  C3				     db	     0C3h
    459
    460	0245			     locloop_23:
    461	0245  51				     push    cx
    462	0246  57				     push    di
    463	0247  B7 06				     mov     bh,6
    464	0249  B0 12				     mov     al,12h
    465	024B  B4 2D				     mov     ah,2Dh		     ; '-'
    466	024D  E8 0060				     call    fill_vertical_line
    467	0250  5F				     pop     di
    468	0251  47				     inc     di
    469	0252  59				     pop     cx
    470	0253  E2 F0				     loop    locloop_23		     ; Loop if cx > 0
    471
    472	0255  C3				     retn
    473										     ;*	No entry point to code
    474	0256  BF CC14				     mov     di,0CC14h
    475	0259  2E: 8B 1E	0090			     mov     bx,word ptr cs:[90h]
    476	025E  EB 05				     jmp     short loc_24
    477	0260  BF 14 DB EB 00			     db	     0BFh, 14h,0DBh,0EBh, 00h
    478	0265			     loc_24:
    479	0265  B8 A000				     mov     ax,0A000h
    480	0268  8E C0				     mov     es,ax
    481	026A  E8 0031				     call    calc_text_width
    482	026D  53				     push    bx
    483	026E  8B CB				     mov     cx,bx
    484	0270  0B C9				     or	     cx,cx		     ; Zero ?
    485	0272  74 10				     jz	     loc_26		     ; Jump if zero
    486
Turbo Assembler	 Version 2.01	     03/22/26 11:45:15	    Page 10
gmmcga.asm



    487	0274			     locloop_25:
    488	0274  51				     push    cx
    489	0275  57				     push    di
    490	0276  B7 05				     mov     bh,5
    491	0278  B0 09				     mov     al,9
    492	027A  B4 12				     mov     ah,12h
    493	027C  E8 0031				     call    fill_vertical_line
    494	027F  5F				     pop     di
    495	0280  47				     inc     di
    496	0281  59				     pop     cx
    497	0282  E2 F0				     loop    locloop_25		     ; Loop if cx > 0
    498
    499	0284			     loc_26:
    500	0284  5B				     pop     bx
    501	0285  B9 0064				     mov     cx,64h
    502	0288  2B CB				     sub     cx,bx
    503	028A  75 01				     jnz     locloop_27		     ; Jump if not zero
    504	028C  C3				     retn
    505
    506	028D			     locloop_27:
    507	028D  51				     push    cx
    508	028E  57				     push    di
    509	028F  B7 05				     mov     bh,5
    510	0291  32 C0				     xor     al,al		     ; Zero register
    511	0293  B4 12				     mov     ah,12h
    512	0295  E8 0018				     call    fill_vertical_line
    513	0298  5F				     pop     di
    514	0299  47				     inc     di
    515	029A  59				     pop     cx
    516	029B  E2 F0				     loop    locloop_27		     ; Loop if cx > 0
    517
    518	029D  C3				     retn
    519
    520				     ;ï¿½ï¿½ï¿½ï¿½ï¿½ï¿½ï¿½ï¿½ï¿½ï¿½ï¿½ï¿½ï¿½ï¿½ï¿½ï¿½ï¿½ï¿½ï¿½ï¿½ï¿½ï¿½ï¿½ï¿½ï¿½ï¿½ï¿½ï¿½ï¿½ï¿½ï¿½ï
    521				     ¿½ï¿½ï¿½ï¿½ï¿½ï¿½ï¿½ï¿½ï¿½ï¿½ï¿½ï¿½ï¿½ï¿½ï¿½ï¿½ï¿½ï¿½ï¿½ï¿½ï¿½ï¿½ï¿½ï¿½ï¿½ï¿½ï¿½ï¿½ï¿½ï¿½ï¿½ï¿½
    522				     ï¿½ï¿½ï¿½ï¿½ï¿½ï¿½ï¿½ï¿½ï¿½ï¿½ï¿½
    523				     ;				    SUBROUTINE
    524				     ;ï¿½ï¿½ï¿½ï¿½ï¿½ï¿½ï¿½ï¿½ï¿½ï¿½ï¿½ï¿½ï¿½ï¿½ï¿½ï¿½ï¿½ï¿½ï¿½ï¿½ï¿½ï¿½ï¿½ï¿½ï¿½ï¿½ï¿½ï¿½ï¿½ï¿½ï¿½ï
    525				     ¿½ï¿½ï¿½ï¿½ï¿½ï¿½ï¿½ï¿½ï¿½ï¿½ï¿½ï¿½ï¿½ï¿½ï¿½ï¿½ï¿½ï¿½ï¿½ï¿½ï¿½ï¿½ï¿½ï¿½ï¿½ï¿½ï¿½ï¿½ï¿½ï¿½ï¿½ï¿½
    526				     ï¿½ï¿½ï¿½ï¿½ï¿½ï¿½ï¿½ï¿½ï¿½ï¿½ï¿½
    527
    528	029E			     calc_text_width	     proc    near
    529	029E  B8 0320				     mov     ax,320h
    530	02A1  2B C3				     sub     ax,bx
    531	02A3  72 07				     jc	     loc_28		     ; Jump if carry Set
    532	02A5  D1 EB				     shr     bx,1		     ; Shift w/zeros fill
    533	02A7  D1 EB				     shr     bx,1		     ; Shift w/zeros fill
    534	02A9  D1 EB				     shr     bx,1		     ; Shift w/zeros fill
    535	02AB  C3				     retn
    536	02AC			     loc_28:
    537	02AC  BB 0064				     mov     bx,64h
    538	02AF  C3				     retn
    539	02B0			     calc_text_width	     endp
    540
Turbo Assembler	 Version 2.01	     03/22/26 11:45:15	    Page 11
gmmcga.asm



    541
    542				     ;ï¿½ï¿½ï¿½ï¿½ï¿½ï¿½ï¿½ï¿½ï¿½ï¿½ï¿½ï¿½ï¿½ï¿½ï¿½ï¿½ï¿½ï¿½ï¿½ï¿½ï¿½ï¿½ï¿½ï¿½ï¿½ï¿½ï¿½ï¿½ï¿½ï¿½ï¿½ï
    543				     ¿½ï¿½ï¿½ï¿½ï¿½ï¿½ï¿½ï¿½ï¿½ï¿½ï¿½ï¿½ï¿½ï¿½ï¿½ï¿½ï¿½ï¿½ï¿½ï¿½ï¿½ï¿½ï¿½ï¿½ï¿½ï¿½ï¿½ï¿½ï¿½ï¿½ï¿½ï¿½
    544				     ï¿½ï¿½ï¿½ï¿½ï¿½ï¿½ï¿½ï¿½ï¿½ï¿½ï¿½
    545				     ;				    SUBROUTINE
    546				     ;ï¿½ï¿½ï¿½ï¿½ï¿½ï¿½ï¿½ï¿½ï¿½ï¿½ï¿½ï¿½ï¿½ï¿½ï¿½ï¿½ï¿½ï¿½ï¿½ï¿½ï¿½ï¿½ï¿½ï¿½ï¿½ï¿½ï¿½ï¿½ï¿½ï¿½ï¿½ï
    547				     ¿½ï¿½ï¿½ï¿½ï¿½ï¿½ï¿½ï¿½ï¿½ï¿½ï¿½ï¿½ï¿½ï¿½ï¿½ï¿½ï¿½ï¿½ï¿½ï¿½ï¿½ï¿½ï¿½ï¿½ï¿½ï¿½ï¿½ï¿½ï¿½ï¿½ï¿½ï¿½
    548				     ï¿½ï¿½ï¿½ï¿½ï¿½ï¿½ï¿½ï¿½ï¿½ï¿½ï¿½
    549
    550	02B0			     fill_vertical_line		     proc    near
    551	02B0			     loc_29:
    552	02B0  26: 20 25				     and     es:[di],ah
    553	02B3  26: 08 05				     or	     es:[di],al
    554	02B6  81 C7 0140			     add     di,140h
    555	02BA  FE CF				     dec     bh
    556	02BC  75 F2				     jnz     loc_29		     ; Jump if not zero
    557	02BE  C3				     retn
    558	02BF			     fill_vertical_line		     endp
    559
    560										     ;*	No entry point to code
    561	02BF  2E: C6 06	2CBD 1B			     mov     byte ptr cs:data_38e,1Bh
    562	02C5  2E: C6 06	2CBE 12			     mov     byte ptr cs:data_39e,12h
    563	02CB  EB 45				     jmp     short loc_32
    564										     ;*	No entry point to code
    565	02CD  2E: C6 06	2CBD 09			     mov     byte ptr cs:data_38e,9
    566	02D3  2E: C6 06	2CBE 2D			     mov     byte ptr cs:data_39e,2Dh	     ; '-'
    567	02D9  EB 37				     jmp     short loc_32
    568										     ;*	No entry point to code
    569	02DB  2E: C6 06	2CBD 09			     mov     byte ptr cs:data_38e,9
    570	02E1  2E: C6 06	2CBE 00			     mov     byte ptr cs:data_39e,0
    571	02E7  33 C0				     xor     ax,ax		     ; Zero register
    572	02E9  8A C7				     mov     al,bh
    573	02EB  8A FC				     mov     bh,ah
    574	02ED  50				     push    ax
    575	02EE  B8 0140				     mov     ax,140h
    576	02F1  F7 E3				     mul     bx			     ; dx:ax = reg * ax
    577	02F3  5F				     pop     di
    578	02F4  03 FF				     add     di,di
    579	02F6  03 FF				     add     di,di
    580	02F8  03 F8				     add     di,ax
    581	02FA  32 ED				     xor     ch,ch		     ; Zero register
    582	02FC  03 F9				     add     di,cx
    583	02FE  B8 A000				     mov     ax,0A000h
    584	0301  8E C0				     mov     es,ax
    585	0303			     loc_30:
    586	0303  AC				     lodsb			     ; String [si] to al
    587	0304  0A C0				     or	     al,al		     ; Zero ?
    588	0306  75 01				     jnz     loc_31		     ; Jump if not zero
    589	0308  C3				     retn
    590	0309			     loc_31:
    591	0309  1E				     push    ds
    592	030A  56				     push    si
    593	030B  E8 0037				     call    render_text_char
    594	030E  5E				     pop     si
Turbo Assembler	 Version 2.01	     03/22/26 11:45:15	    Page 12
gmmcga.asm



    595	030F  1F				     pop     ds
    596	0310  EB F1				     jmp     short loc_30
    597	0312			     loc_32:
    598	0312  AC				     lodsb			     ; String [si] to al
    599	0313  8A D0				     mov     dl,al
    600	0315  32 F6				     xor     dh,dh		     ; Zero register
    601	0317  52				     push    dx
    602	0318  AC				     lodsb			     ; String [si] to al
    603	0319  32 E4				     xor     ah,ah		     ; Zero register
    604	031B  BB 0140				     mov     bx,140h
    605	031E  F7 E3				     mul     bx			     ; dx:ax = reg * ax
    606	0320  5F				     pop     di
    607	0321  03 FF				     add     di,di
    608	0323  03 FF				     add     di,di
    609	0325  03 F8				     add     di,ax
    610	0327  AC				     lodsb			     ; String [si] to al
    611	0328  32 E4				     xor     ah,ah		     ; Zero register
    612	032A  8A D8				     mov     bl,al
    613	032C  03 F8				     add     di,ax
    614	032E  AC				     lodsb			     ; String [si] to al
    615	032F  32 ED				     xor     ch,ch		     ; Zero register
    616	0331  8A C8				     mov     cl,al
    617	0333  B8 A000				     mov     ax,0A000h
    618	0336  8E C0				     mov     es,ax
    619
    620	0338			     locloop_33:
    621	0338  51				     push    cx
    622	0339  AC				     lodsb			     ; String [si] to al
    623	033A  1E				     push    ds
    624	033B  56				     push    si
    625	033C  E8 0006				     call    render_text_char
    626	033F  5E				     pop     si
    627	0340  1F				     pop     ds
    628	0341  59				     pop     cx
    629	0342  E2 F4				     loop    locloop_33		     ; Loop if cx > 0
    630
    631	0344  C3				     retn
    632
    633				     ;ï¿½ï¿½ï¿½ï¿½ï¿½ï¿½ï¿½ï¿½ï¿½ï¿½ï¿½ï¿½ï¿½ï¿½ï¿½ï¿½ï¿½ï¿½ï¿½ï¿½ï¿½ï¿½ï¿½ï¿½ï¿½ï¿½ï¿½ï¿½ï¿½ï¿½ï¿½ï
    634				     ¿½ï¿½ï¿½ï¿½ï¿½ï¿½ï¿½ï¿½ï¿½ï¿½ï¿½ï¿½ï¿½ï¿½ï¿½ï¿½ï¿½ï¿½ï¿½ï¿½ï¿½ï¿½ï¿½ï¿½ï¿½ï¿½ï¿½ï¿½ï¿½ï¿½ï¿½ï¿½
    635				     ï¿½ï¿½ï¿½ï¿½ï¿½ï¿½ï¿½ï¿½ï¿½ï¿½ï¿½
    636				     ;				    SUBROUTINE
    637				     ;ï¿½ï¿½ï¿½ï¿½ï¿½ï¿½ï¿½ï¿½ï¿½ï¿½ï¿½ï¿½ï¿½ï¿½ï¿½ï¿½ï¿½ï¿½ï¿½ï¿½ï¿½ï¿½ï¿½ï¿½ï¿½ï¿½ï¿½ï¿½ï¿½ï¿½ï¿½ï
    638				     ¿½ï¿½ï¿½ï¿½ï¿½ï¿½ï¿½ï¿½ï¿½ï¿½ï¿½ï¿½ï¿½ï¿½ï¿½ï¿½ï¿½ï¿½ï¿½ï¿½ï¿½ï¿½ï¿½ï¿½ï¿½ï¿½ï¿½ï¿½ï¿½ï¿½ï¿½ï¿½
    639				     ï¿½ï¿½ï¿½ï¿½ï¿½ï¿½ï¿½ï¿½ï¿½ï¿½ï¿½
    640
    641	0345			     render_text_char		     proc    near
    642	0345  2C 20				     sub     al,20h		     ; ' '
    643	0347  32 E4				     xor     ah,ah		     ; Zero register
    644	0349  D1 E0				     shl     ax,1		     ; Shift w/zeros fill
    645	034B  D1 E0				     shl     ax,1		     ; Shift w/zeros fill
    646	034D  D1 E0				     shl     ax,1		     ; Shift w/zeros fill
    647	034F  8B F0				     mov     si,ax
    648	0351  03 36 F504			     add     si,ds:data_49e
Turbo Assembler	 Version 2.01	     03/22/26 11:45:15	    Page 13
gmmcga.asm



    649	0355  57				     push    di
    650	0356  B3 08				     mov     bl,8
    651	0358			     loc_34:
    652	0358  53				     push    bx
    653	0359  AC				     lodsb			     ; String [si] to al
    654	035A  57				     push    di
    655	035B  8A F0				     mov     dh,al
    656	035D  B2 04				     mov     dl,4
    657	035F			     loc_35:
    658	035F  02 F6				     add     dh,dh
    659	0361  73 0E				     jnc     loc_36		     ; Jump if carry=0
    660	0363  A0 2CBE				     mov     al,ds:data_39e
    661	0366  26: 88 45	01			     mov     es:[di+1],al
    662	036A  8A 26 2CBD			     mov     ah,ds:data_38e
    663	036E  26: 88 25				     mov     es:[di],ah
    664	0371			     loc_36:
    665	0371  47				     inc     di
    666	0372  FE CA				     dec     dl
    667	0374  75 E9				     jnz     loc_35		     ; Jump if not zero
    668	0376  5F				     pop     di
    669	0377  81 C7 0140			     add     di,140h
    670	037B  5B				     pop     bx
    671	037C  FE CB				     dec     bl
    672	037E  75 D8				     jnz     loc_34		     ; Jump if not zero
    673	0380  5F				     pop     di
    674	0381  83 C7 05				     add     di,5
    675	0384  C3				     retn
    676	0385			     render_text_char		     endp
    677
    678										     ;*	No entry point to code
    679	0385  BB 0210				     mov     bx,210h
    680	0388  32 C0				     xor     al,al		     ; Zero register
    681	038A  B5 88				     mov     ch,88h
    682	038C  E9 FE06				     jmp     loc_16
    683										     ;*	No entry point to code
    684	038F  1E				     push    ds
    685	0390  2E: A1 008B			     mov     ax,word ptr cs:[8Bh]
    686	0394  33 D2				     xor     dx,dx		     ; Zero register
    687	0396  E8 0082				     call    init_timestamp
    688	0399  0E				     push    cs
    689	039A  1F				     pop     ds
    690	039B  BF 2435				     mov     di,data_34e
    691	039E  B9 0105				     mov     cx,105h
    692	03A1  B8 26BB				     mov     ax,26BBh
    693	03A4  BB FF01				     mov     bx,data_50e
    694	03A7  E8 00F9				     call    render_tilemap_large
    695	03AA  1F				     pop     ds
    696	03AB  C3				     retn
    697										     ;*	No entry point to code
    698	03AC  1E				     push    ds
    699	03AD  2E: A1 0086			     mov     ax,word ptr cs:[86h]
    700	03B1  2E: 8A 16	0085			     mov     dl,byte ptr cs:[85h]
    701	03B6  E8 0062				     call    init_timestamp
    702	03B9  0E				     push    cs
Turbo Assembler	 Version 2.01	     03/22/26 11:45:15	    Page 14
gmmcga.asm



    703	03BA  1F				     pop     ds
    704	03BB  BF 2434				     mov     di,data_33e
    705	03BE  B9 0106				     mov     cx,106h
    706	03C1  B8 13BB				     mov     ax,13BBh
    707	03C4  BB FF01				     mov     bx,data_50e
    708	03C7  E8 00D9				     call    render_tilemap_large
    709	03CA  1F				     pop     ds
    710	03CB  C3				     retn
    711										     ;*	No entry point to code
    712	03CC  1E				     push    ds
    713	03CD  33 DB				     xor     bx,bx		     ; Zero register
    714	03CF  2E: 8A 1E	009D			     mov     bl,byte ptr cs:[9Dh]
    715	03D4  FE CB				     dec     bl
    716	03D6  2E: 8A 87	00AB			     mov     al,byte ptr cs:[0ABh][bx]
    717	03DB  32 E4				     xor     ah,ah		     ; Zero register
    718	03DD  33 D2				     xor     dx,dx		     ; Zero register
    719	03DF  E8 0039				     call    init_timestamp
    720	03E2  0E				     push    cs
    721	03E3  1F				     pop     ds
    722	03E4  BF 2437				     mov     di,data_35e
    723	03E7  B9 0103				     mov     cx,103h
    724	03EA  B8 37BB				     mov     ax,37BBh
    725	03ED  BB FF01				     mov     bx,data_50e
    726	03F0  E8 00B0				     call    render_tilemap_large
    727	03F3  1F				     pop     ds
    728	03F4  C3				     retn
    729										     ;*	No entry point to code
    730	03F5  2E: F6 06	0093 FF			     test    byte ptr cs:[93h],0FFh
    731	03FB  75 01				     jnz     loc_37		     ; Jump if not zero
    732	03FD  C3				     retn
    733	03FE			     loc_37:
    734	03FE  1E				     push    ds
    735	03FF  2E: A1 0094			     mov     ax,word ptr cs:[94h]
    736	0403  33 D2				     xor     dx,dx		     ; Zero register
    737	0405  E8 0013				     call    init_timestamp
    738	0408  0E				     push    cs
    739	0409  1F				     pop     ds
    740	040A  BF 2437				     mov     di,data_35e
    741	040D  B9 0103				     mov     cx,103h
    742	0410  B8 3EBB				     mov     ax,3EBBh
    743	0413  BB FF01				     mov     bx,data_50e
    744	0416  E8 008A				     call    render_tilemap_large
    745	0419  1F				     pop     ds
    746	041A  C3				     retn
    747
    748				     ;ï¿½ï¿½ï¿½ï¿½ï¿½ï¿½ï¿½ï¿½ï¿½ï¿½ï¿½ï¿½ï¿½ï¿½ï¿½ï¿½ï¿½ï¿½ï¿½ï¿½ï¿½ï¿½ï¿½ï¿½ï¿½ï¿½ï¿½ï¿½ï¿½ï¿½ï¿½ï
    749				     ¿½ï¿½ï¿½ï¿½ï¿½ï¿½ï¿½ï¿½ï¿½ï¿½ï¿½ï¿½ï¿½ï¿½ï¿½ï¿½ï¿½ï¿½ï¿½ï¿½ï¿½ï¿½ï¿½ï¿½ï¿½ï¿½ï¿½ï¿½ï¿½ï¿½ï¿½ï¿½
    750				     ï¿½ï¿½ï¿½ï¿½ï¿½ï¿½ï¿½ï¿½ï¿½ï¿½ï¿½
    751				     ;				    SUBROUTINE
    752				     ;ï¿½ï¿½ï¿½ï¿½ï¿½ï¿½ï¿½ï¿½ï¿½ï¿½ï¿½ï¿½ï¿½ï¿½ï¿½ï¿½ï¿½ï¿½ï¿½ï¿½ï¿½ï¿½ï¿½ï¿½ï¿½ï¿½ï¿½ï¿½ï¿½ï¿½ï¿½ï
    753				     ¿½ï¿½ï¿½ï¿½ï¿½ï¿½ï¿½ï¿½ï¿½ï¿½ï¿½ï¿½ï¿½ï¿½ï¿½ï¿½ï¿½ï¿½ï¿½ï¿½ï¿½ï¿½ï¿½ï¿½ï¿½ï¿½ï¿½ï¿½ï¿½ï¿½ï¿½ï¿½
    754				     ï¿½ï¿½ï¿½ï¿½ï¿½ï¿½ï¿½ï¿½ï¿½ï¿½ï¿½
    755
    756	041B			     init_timestamp	     proc    near
Turbo Assembler	 Version 2.01	     03/22/26 11:45:15	    Page 15
gmmcga.asm



    757	041B  BF 2433				     mov     di,2433h
    758	041E  E8 0019				     call    time_to_bcd
    759	0421  B9 0006				     mov     cx,6
    760
    761	0424			     locloop_38:
    762	0424  2E: F6 05	FF			     test    byte ptr cs:[di],0FFh
    763	0428  74 01				     jz	     loc_39		     ; Jump if zero
    764	042A  C3				     retn
    765	042B			     loc_39:
    766	042B  2E: C6 05	FF			     mov     byte ptr cs:[di],0FFh
    767	042F  47				     inc     di
    768	0430  E2 F2				     loop    locloop_38		     ; Loop if cx > 0
    769
    770	0432  C3				     retn
    771	0433			     init_timestamp	     endp
    772
    773	0433  07*(00)				     db	     7 dup (0)
    774
    775				     ;ï¿½ï¿½ï¿½ï¿½ï¿½ï¿½ï¿½ï¿½ï¿½ï¿½ï¿½ï¿½ï¿½ï¿½ï¿½ï¿½ï¿½ï¿½ï¿½ï¿½ï¿½ï¿½ï¿½ï¿½ï¿½ï¿½ï¿½ï¿½ï¿½ï¿½ï¿½ï
    776				     ¿½ï¿½ï¿½ï¿½ï¿½ï¿½ï¿½ï¿½ï¿½ï¿½ï¿½ï¿½ï¿½ï¿½ï¿½ï¿½ï¿½ï¿½ï¿½ï¿½ï¿½ï¿½ï¿½ï¿½ï¿½ï¿½ï¿½ï¿½ï¿½ï¿½ï¿½ï¿½
    777				     ï¿½ï¿½ï¿½ï¿½ï¿½ï¿½ï¿½ï¿½ï¿½ï¿½ï¿½
    778				     ;				    SUBROUTINE
    779				     ;ï¿½ï¿½ï¿½ï¿½ï¿½ï¿½ï¿½ï¿½ï¿½ï¿½ï¿½ï¿½ï¿½ï¿½ï¿½ï¿½ï¿½ï¿½ï¿½ï¿½ï¿½ï¿½ï¿½ï¿½ï¿½ï¿½ï¿½ï¿½ï¿½ï¿½ï¿½ï
    780				     ¿½ï¿½ï¿½ï¿½ï¿½ï¿½ï¿½ï¿½ï¿½ï¿½ï¿½ï¿½ï¿½ï¿½ï¿½ï¿½ï¿½ï¿½ï¿½ï¿½ï¿½ï¿½ï¿½ï¿½ï¿½ï¿½ï¿½ï¿½ï¿½ï¿½ï¿½ï¿½
    781				     ï¿½ï¿½ï¿½ï¿½ï¿½ï¿½ï¿½ï¿½ï¿½ï¿½ï¿½
    782
    783	043A			     time_to_bcd	     proc    near
    784	043A  B1 0F				     mov     cl,0Fh
    785	043C  BB 4240				     mov     bx,4240h
    786	043F  E8 003E				     call    modulo_divide_bcd
    787	0442  2E: 88 35				     mov     cs:[di],dh
    788	0445  B1 01				     mov     cl,1
    789	0447  BB 86A0				     mov     bx,86A0h
    790	044A  E8 0033				     call    modulo_divide_bcd
    791	044D  2E: 88 75	01			     mov     cs:[di+1],dh
    792	0451  32 C9				     xor     cl,cl		     ; Zero register
    793	0453  BB 2710				     mov     bx,2710h
    794	0456  E8 0027				     call    modulo_divide_bcd
    795	0459  2E: 88 75	02			     mov     cs:[di+2],dh
    796	045D  BB 03E8				     mov     bx,3E8h
    797	0460  E8 0036				     call    int_divide_bcd
    798	0463  2E: 88 75	03			     mov     cs:[di+3],dh
    799	0467  BB 0064				     mov     bx,64h
    800	046A  E8 002C				     call    int_divide_bcd
    801	046D  2E: 88 75	04			     mov     cs:[di+4],dh
    802	0471  BB 000A				     mov     bx,0Ah
    803	0474  E8 0022				     call    int_divide_bcd
    804	0477  2E: 88 75	05			     mov     cs:[di+5],dh
    805	047B  2E: 88 45	06			     mov     cs:[di+6],al
    806	047F  C3				     retn
    807	0480			     time_to_bcd	     endp
    808
    809
    810				     ;ï¿½ï¿½ï¿½ï¿½ï¿½ï¿½ï¿½ï¿½ï¿½ï¿½ï¿½ï¿½ï¿½ï¿½ï¿½ï¿½ï¿½ï¿½ï¿½ï¿½ï¿½ï¿½ï¿½ï¿½ï¿½ï¿½ï¿½ï¿½ï¿½ï¿½ï¿½ï
Turbo Assembler	 Version 2.01	     03/22/26 11:45:15	    Page 16
gmmcga.asm



    811				     ¿½ï¿½ï¿½ï¿½ï¿½ï¿½ï¿½ï¿½ï¿½ï¿½ï¿½ï¿½ï¿½ï¿½ï¿½ï¿½ï¿½ï¿½ï¿½ï¿½ï¿½ï¿½ï¿½ï¿½ï¿½ï¿½ï¿½ï¿½ï¿½ï¿½ï¿½ï¿½
    812				     ï¿½ï¿½ï¿½ï¿½ï¿½ï¿½ï¿½ï¿½ï¿½ï¿½ï¿½
    813				     ;				    SUBROUTINE
    814				     ;ï¿½ï¿½ï¿½ï¿½ï¿½ï¿½ï¿½ï¿½ï¿½ï¿½ï¿½ï¿½ï¿½ï¿½ï¿½ï¿½ï¿½ï¿½ï¿½ï¿½ï¿½ï¿½ï¿½ï¿½ï¿½ï¿½ï¿½ï¿½ï¿½ï¿½ï¿½ï
    815				     ¿½ï¿½ï¿½ï¿½ï¿½ï¿½ï¿½ï¿½ï¿½ï¿½ï¿½ï¿½ï¿½ï¿½ï¿½ï¿½ï¿½ï¿½ï¿½ï¿½ï¿½ï¿½ï¿½ï¿½ï¿½ï¿½ï¿½ï¿½ï¿½ï¿½ï¿½ï¿½
    816				     ï¿½ï¿½ï¿½ï¿½ï¿½ï¿½ï¿½ï¿½ï¿½ï¿½ï¿½
    817
    818	0480			     modulo_divide_bcd		     proc    near
    819	0480  32 F6				     xor     dh,dh		     ; Zero register
    820	0482			     loc_40:
    821	0482  2A D1				     sub     dl,cl
    822	0484  72 10				     jc	     loc_43		     ; Jump if carry Set
    823	0486  2B C3				     sub     ax,bx
    824	0488  73 06				     jnc     loc_41		     ; Jump if carry=0
    825	048A  0A D2				     or	     dl,dl		     ; Zero ?
    826	048C  74 06				     jz	     loc_42		     ; Jump if zero
    827	048E  FE CA				     dec     dl
    828	0490			     loc_41:
    829	0490  FE C6				     inc     dh
    830	0492  EB EE				     jmp     short loc_40
    831	0494			     loc_42:
    832	0494  03 C3				     add     ax,bx
    833	0496			     loc_43:
    834	0496  02 D1				     add     dl,cl
    835	0498  C3				     retn
    836	0499			     modulo_divide_bcd		     endp
    837
    838
    839				     ;ï¿½ï¿½ï¿½ï¿½ï¿½ï¿½ï¿½ï¿½ï¿½ï¿½ï¿½ï¿½ï¿½ï¿½ï¿½ï¿½ï¿½ï¿½ï¿½ï¿½ï¿½ï¿½ï¿½ï¿½ï¿½ï¿½ï¿½ï¿½ï¿½ï¿½ï¿½ï
    840				     ¿½ï¿½ï¿½ï¿½ï¿½ï¿½ï¿½ï¿½ï¿½ï¿½ï¿½ï¿½ï¿½ï¿½ï¿½ï¿½ï¿½ï¿½ï¿½ï¿½ï¿½ï¿½ï¿½ï¿½ï¿½ï¿½ï¿½ï¿½ï¿½ï¿½ï¿½ï¿½
    841				     ï¿½ï¿½ï¿½ï¿½ï¿½ï¿½ï¿½ï¿½ï¿½ï¿½ï¿½
    842				     ;				    SUBROUTINE
    843				     ;ï¿½ï¿½ï¿½ï¿½ï¿½ï¿½ï¿½ï¿½ï¿½ï¿½ï¿½ï¿½ï¿½ï¿½ï¿½ï¿½ï¿½ï¿½ï¿½ï¿½ï¿½ï¿½ï¿½ï¿½ï¿½ï¿½ï¿½ï¿½ï¿½ï¿½ï¿½ï
    844				     ¿½ï¿½ï¿½ï¿½ï¿½ï¿½ï¿½ï¿½ï¿½ï¿½ï¿½ï¿½ï¿½ï¿½ï¿½ï¿½ï¿½ï¿½ï¿½ï¿½ï¿½ï¿½ï¿½ï¿½ï¿½ï¿½ï¿½ï¿½ï¿½ï¿½ï¿½ï¿½
    845				     ï¿½ï¿½ï¿½ï¿½ï¿½ï¿½ï¿½ï¿½ï¿½ï¿½ï¿½
    846
    847	0499			     int_divide_bcd	     proc    near
    848	0499  32 F6				     xor     dh,dh		     ; Zero register
    849	049B  F7 F3				     div     bx			     ; ax,dx rem=dx:ax/reg
    850	049D  92				     xchg    dx,ax
    851	049E  8A F2				     mov     dh,dl
    852	04A0  32 D2				     xor     dl,dl		     ; Zero register
    853	04A2  C3				     retn
    854	04A3			     int_divide_bcd	     endp
    855
    856
    857				     ;ï¿½ï¿½ï¿½ï¿½ï¿½ï¿½ï¿½ï¿½ï¿½ï¿½ï¿½ï¿½ï¿½ï¿½ï¿½ï¿½ï¿½ï¿½ï¿½ï¿½ï¿½ï¿½ï¿½ï¿½ï¿½ï¿½ï¿½ï¿½ï¿½ï¿½ï¿½ï
    858				     ¿½ï¿½ï¿½ï¿½ï¿½ï¿½ï¿½ï¿½ï¿½ï¿½ï¿½ï¿½ï¿½ï¿½ï¿½ï¿½ï¿½ï¿½ï¿½ï¿½ï¿½ï¿½ï¿½ï¿½ï¿½ï¿½ï¿½ï¿½ï¿½ï¿½ï¿½ï¿½
    859				     ï¿½ï¿½ï¿½ï¿½ï¿½ï¿½ï¿½ï¿½ï¿½ï¿½ï¿½
    860				     ;				    SUBROUTINE
    861				     ;ï¿½ï¿½ï¿½ï¿½ï¿½ï¿½ï¿½ï¿½ï¿½ï¿½ï¿½ï¿½ï¿½ï¿½ï¿½ï¿½ï¿½ï¿½ï¿½ï¿½ï¿½ï¿½ï¿½ï¿½ï¿½ï¿½ï¿½ï¿½ï¿½ï¿½ï¿½ï
    862				     ¿½ï¿½ï¿½ï¿½ï¿½ï¿½ï¿½ï¿½ï¿½ï¿½ï¿½ï¿½ï¿½ï¿½ï¿½ï¿½ï¿½ï¿½ï¿½ï¿½ï¿½ï¿½ï¿½ï¿½ï¿½ï¿½ï¿½ï¿½ï¿½ï¿½ï¿½ï¿½
    863				     ï¿½ï¿½ï¿½ï¿½ï¿½ï¿½ï¿½ï¿½ï¿½ï¿½ï¿½
    864
Turbo Assembler	 Version 2.01	     03/22/26 11:45:15	    Page 17
gmmcga.asm



    865	04A3			     render_tilemap_large	     proc    near
    866	04A3  88 3E 2CBE			     mov     ds:data_39e,bh
    867	04A7  32 FF				     xor     bh,bh		     ; Zero register
    868	04A9  8A 97 24EA			     mov     dl,ds:data_36e[bx]
    869	04AD  88 16 2CBD			     mov     ds:data_38e,dl
    870	04B1  33 DB				     xor     bx,bx		     ; Zero register
    871	04B3  8A DC				     mov     bl,ah
    872	04B5  8A E7				     mov     ah,bh
    873	04B7  53				     push    bx
    874	04B8  BB 0140				     mov     bx,140h
    875	04BB  F7 E3				     mul     bx			     ; dx:ax = reg * ax
    876	04BD  5B				     pop     bx
    877	04BE  03 DB				     add     bx,bx
    878	04C0  03 DB				     add     bx,bx
    879	04C2  03 D8				     add     bx,ax
    880	04C4  D0 ED				     shr     ch,1		     ; Shift w/zeros fill
    881	04C6  1B C0				     sbb     ax,ax
    882	04C8  25 0002				     and     ax,2
    883	04CB  03 D8				     add     bx,ax
    884	04CD  B8 A000				     mov     ax,0A000h
    885	04D0  8E C0				     mov     es,ax
    886	04D2			     loc_44:
    887	04D2  8A 05				     mov     al,[di]
    888	04D4  47				     inc     di
    889	04D5  53				     push    bx
    890	04D6  51				     push    cx
    891	04D7  57				     push    di
    892	04D8  1E				     push    ds
    893	04D9  8B FB				     mov     di,bx
    894	04DB  E8 0014				     call    decode_bitplane_tile
    895	04DE  1F				     pop     ds
    896	04DF  5F				     pop     di
    897	04E0  59				     pop     cx
    898	04E1  5B				     pop     bx
    899	04E2  83 C3 06				     add     bx,6
    900	04E5  FE C9				     dec     cl
    901	04E7  75 E9				     jnz     loc_44		     ; Jump if not zero
    902	04E9  C3				     retn
    903	04EA			     render_tilemap_large	     endp
    904
    905	04EA  00 09 12				     db	      00h, 09h,	12h
    906	04ED  1B 24 2D 36 3F			     db	      1Bh, 24h,	2Dh, 36h, 3Fh
    907
    908				     ;ï¿½ï¿½ï¿½ï¿½ï¿½ï¿½ï¿½ï¿½ï¿½ï¿½ï¿½ï¿½ï¿½ï¿½ï¿½ï¿½ï¿½ï¿½ï¿½ï¿½ï¿½ï¿½ï¿½ï¿½ï¿½ï¿½ï¿½ï¿½ï¿½ï¿½ï¿½ï
    909				     ¿½ï¿½ï¿½ï¿½ï¿½ï¿½ï¿½ï¿½ï¿½ï¿½ï¿½ï¿½ï¿½ï¿½ï¿½ï¿½ï¿½ï¿½ï¿½ï¿½ï¿½ï¿½ï¿½ï¿½ï¿½ï¿½ï¿½ï¿½ï¿½ï¿½ï¿½ï¿½
    910				     ï¿½ï¿½ï¿½ï¿½ï¿½ï¿½ï¿½ï¿½ï¿½ï¿½ï¿½
    911				     ;				    SUBROUTINE
    912				     ;ï¿½ï¿½ï¿½ï¿½ï¿½ï¿½ï¿½ï¿½ï¿½ï¿½ï¿½ï¿½ï¿½ï¿½ï¿½ï¿½ï¿½ï¿½ï¿½ï¿½ï¿½ï¿½ï¿½ï¿½ï¿½ï¿½ï¿½ï¿½ï¿½ï¿½ï¿½ï
    913				     ¿½ï¿½ï¿½ï¿½ï¿½ï¿½ï¿½ï¿½ï¿½ï¿½ï¿½ï¿½ï¿½ï¿½ï¿½ï¿½ï¿½ï¿½ï¿½ï¿½ï¿½ï¿½ï¿½ï¿½ï¿½ï¿½ï¿½ï¿½ï¿½ï¿½ï¿½ï¿½
    914				     ï¿½ï¿½ï¿½ï¿½ï¿½ï¿½ï¿½ï¿½ï¿½ï¿½ï¿½
    915
    916	04F2			     decode_bitplane_tile	     proc    near
    917	04F2  F6 06 2CBE FF			     test    byte ptr ds:data_39e,0FFh
    918	04F7  74 19				     jz	     loc_46		     ; Jump if zero
Turbo Assembler	 Version 2.01	     03/22/26 11:45:15	    Page 18
gmmcga.asm



    919	04F9  50				     push    ax
    920	04FA  57				     push    di
    921	04FB  B8 0505				     mov     ax,505h
    922	04FE  B9 0007				     mov     cx,7
    923
    924	0501			     locloop_45:
    925	0501  51				     push    cx
    926	0502  57				     push    di
    927	0503  B9 0003				     mov     cx,3
    928	0506  F3> AB				     rep     stosw		     ; Rep when	cx >0 Store ax to es:[di]
    929	0508  5F				     pop     di
    930	0509  81 C7 0140			     add     di,data_55e
    931	050D  59				     pop     cx
    932	050E  E2 F1				     loop    locloop_45		     ; Loop if cx > 0
    933
    934	0510  5F				     pop     di
    935	0511  58				     pop     ax
    936	0512			     loc_46:
    937	0512  FE C0				     inc     al
    938	0514  75 01				     jnz     loc_47		     ; Jump if not zero
    939	0516  C3				     retn
    940	0517			     loc_47:
    941	0517  FE C8				     dec     al
    942	0519  32 E4				     xor     ah,ah		     ; Zero register
    943	051B  03 C0				     add     ax,ax
    944	051D  03 C0				     add     ax,ax
    945	051F  03 C0				     add     ax,ax
    946	0521  2E: 03 06	F502			     add     ax,cs:data_48e
    947	0526  8B F0				     mov     si,ax
    948	0528  0E				     push    cs
    949	0529  1F				     pop     ds
    950	052A  B9 0007				     mov     cx,7
    951
    952	052D			     locloop_48:
    953	052D  AC				     lodsb			     ; String [si] to al
    954	052E  02 C0				     add     al,al
    955	0530  02 C0				     add     al,al
    956	0532  B4 06				     mov     ah,6
    957	0534			     loc_49:
    958	0534  02 C0				     add     al,al
    959	0536  73 08				     jnc     loc_50		     ; Jump if carry=0
    960	0538  2E: 8A 1E	2CBD			     mov     bl,cs:data_38e
    961	053D  26: 88 1D				     mov     es:[di],bl
    962	0540			     loc_50:
    963	0540  47				     inc     di
    964	0541  FE CC				     dec     ah
    965	0543  75 EF				     jnz     loc_49		     ; Jump if not zero
    966	0545  81 C7 013A			     add     di,13Ah
    967	0549  E2 E2				     loop    locloop_48		     ; Loop if cx > 0
    968
    969	054B  C3				     retn
    970	054C			     decode_bitplane_tile	     endp
    971
    972										     ;*	No entry point to code
Turbo Assembler	 Version 2.01	     03/22/26 11:45:15	    Page 19
gmmcga.asm



    973	054C  1E				     push    ds
    974	054D  2E: 8E 1E	FF2C			     mov     ds,cs:data_51e
    975	0552  FE C8				     dec     al
    976	0554  32 E4				     xor     ah,ah		     ; Zero register
    977	0556  B9 010E				     mov     cx,10Eh
    978	0559  F7 E1				     mul     cx			     ; dx:ax = reg * ax
    979	055B  03 06 E200			     add     ax,ds:data_3e
    980	055F  8B F0				     mov     si,ax
    981	0561  33 C0				     xor     ax,ax		     ; Zero register
    982	0563  8A C7				     mov     al,bh
    983	0565  8A FC				     mov     bh,ah
    984	0567  50				     push    ax
    985	0568  B8 0140				     mov     ax,140h
    986	056B  F7 E3				     mul     bx			     ; dx:ax = reg * ax
    987	056D  5D				     pop     bp
    988	056E  03 ED				     add     bp,bp
    989	0570  03 ED				     add     bp,bp
    990	0572  03 ED				     add     bp,bp
    991	0574  03 E8				     add     bp,ax
    992	0576  B8 A000				     mov     ax,0A000h
    993	0579  8E C0				     mov     es,ax
    994	057B  B9 0012				     mov     cx,12h
    995
    996	057E			     locloop_51:
    997	057E  51				     push    cx
    998	057F  8B 04				     mov     ax,[si]
    999	0581  86 E0				     xchg    ah,al
   1000	0583  2E: A3 2CC3			     mov     cs:data_43e,ax
   1001	0587  8B 44 08				     mov     ax,[si+8]
   1002	058A  2E: A3 2CC5			     mov     cs:data_44e,ax
   1003	058E  8B 44 0A				     mov     ax,[si+0Ah]
   1004	0591  86 E0				     xchg    ah,al
   1005	0593  2E: A3 2CC7			     mov     cs:data_45e,ax
   1006	0597  E8 0218				     call    extract_bitplane_pixels
   1007	059A  E8 0215				     call    extract_bitplane_pixels
   1008	059D  8B 44 02				     mov     ax,[si+2]
   1009	05A0  86 E0				     xchg    ah,al
   1010	05A2  2E: A3 2CC3			     mov     cs:data_43e,ax
   1011	05A6  8B 44 06				     mov     ax,[si+6]
   1012	05A9  2E: A3 2CC5			     mov     cs:data_44e,ax
   1013	05AD  8B 44 0C				     mov     ax,[si+0Ch]
   1014	05B0  86 E0				     xchg    ah,al
   1015	05B2  2E: A3 2CC7			     mov     cs:data_45e,ax
   1016	05B6  E8 01F9				     call    extract_bitplane_pixels
   1017	05B9  E8 01F6				     call    extract_bitplane_pixels
   1018	05BC  32 C0				     xor     al,al		     ; Zero register
   1019	05BE  8A 64 04				     mov     ah,[si+4]
   1020	05C1  2E: A3 2CC3			     mov     cs:data_43e,ax
   1021	05C5  8A 64 05				     mov     ah,[si+5]
   1022	05C8  2E: A3 2CC5			     mov     cs:data_44e,ax
   1023	05CC  8A 64 0E				     mov     ah,[si+0Eh]
   1024	05CF  2E: A3 2CC7			     mov     cs:data_45e,ax
   1025	05D3  E8 01DC				     call    extract_bitplane_pixels
   1026	05D6  83 C6 0F				     add     si,0Fh
Turbo Assembler	 Version 2.01	     03/22/26 11:45:15	    Page 20
gmmcga.asm



   1027	05D9  81 C5 012C			     add     bp,data_1e
   1028	05DD  59				     pop     cx
   1029	05DE  E2 9E				     loop    locloop_51		     ; Loop if cx > 0
   1030
   1031	05E0  1F				     pop     ds
   1032	05E1  C3				     retn
   1033										     ;*	No entry point to code
   1034	05E2  1E				     push    ds
   1035	05E3  2E: 8E 1E	FF2C			     mov     ds,cs:data_51e
   1036	05E8  FE C8				     dec     al
   1037	05EA  32 E4				     xor     ah,ah		     ; Zero register
   1038	05EC  B9 00C0				     mov     cx,0C0h
   1039	05EF  F7 E1				     mul     cx			     ; dx:ax = reg * ax
   1040	05F1  03 06 E206			     add     ax,ds:data_5e
   1041	05F5  8B F0				     mov     si,ax
   1042	05F7  E8 014E				     call    render_tilemap_small
   1043	05FA  1F				     pop     ds
   1044	05FB  C3				     retn
   1045										     ;*	No entry point to code
   1046	05FC  1E				     push    ds
   1047	05FD  2E: 8E 1E	FF2C			     mov     ds,cs:data_51e
   1048	0602  FE C8				     dec     al
   1049	0604  32 E4				     xor     ah,ah		     ; Zero register
   1050	0606  B9 00C0				     mov     cx,0C0h
   1051	0609  F7 E1				     mul     cx			     ; dx:ax = reg * ax
   1052	060B  03 06 E202			     add     ax,ds:data_4e
   1053	060F  8B F0				     mov     si,ax
   1054	0611  E8 0134				     call    render_tilemap_small
   1055	0614  1F				     pop     ds
   1056	0615  C3				     retn
   1057										     ;*	No entry point to code
   1058	0616  1E				     push    ds
   1059	0617  BE 2658				     mov     si,data_2e
   1060	061A  0A C0				     or	     al,al		     ; Zero ?
   1061	061C  74 14				     jz	     loc_52		     ; Jump if zero
   1062	061E  2E: 8E 1E	FF2C			     mov     ds,cs:data_51e
   1063	0623  FE C8				     dec     al
   1064	0625  32 E4				     xor     ah,ah		     ; Zero register
   1065	0627  B9 00C0				     mov     cx,0C0h
   1066	062A  F7 E1				     mul     cx			     ; dx:ax = reg * ax
   1067	062C  03 06 E20C			     add     ax,ds:data_7e
   1068	0630  8B F0				     mov     si,ax
   1069	0632			     loc_52:
   1070	0632  E8 0113				     call    render_tilemap_small
   1071	0635  1F				     pop     ds
   1072	0636  C3				     retn
   1073										     ;*	No entry point to code
   1074	0637  1E				     push    ds
   1075	0638  BE 2658				     mov     si,data_2e
   1076	063B  0A C0				     or	     al,al		     ; Zero ?
   1077	063D  74 14				     jz	     loc_53		     ; Jump if zero
   1078	063F  2E: 8E 1E	FF2C			     mov     ds,cs:data_51e
   1079	0644  FE C8				     dec     al
   1080	0646  32 E4				     xor     ah,ah		     ; Zero register
Turbo Assembler	 Version 2.01	     03/22/26 11:45:15	    Page 21
gmmcga.asm



   1081	0648  B9 00C0				     mov     cx,0C0h
   1082	064B  F7 E1				     mul     cx			     ; dx:ax = reg * ax
   1083	064D  03 06 E20A			     add     ax,ds:data_6e
   1084	0651  8B F0				     mov     si,ax
   1085	0653			     loc_53:
   1086	0653  E8 00F2				     call    render_tilemap_small
   1087	0656  1F				     pop     ds
   1088	0657  C3				     retn
   1089	0658  00 00 00 00 FC FF			     db	      00h, 00h,	00h, 00h,0FCh,0FFh
   1090	065E  FF 3F 2A AA AA A8			     db	     0FFh, 3Fh,	2Ah,0AAh,0AAh,0A8h
   1091	0664  00 00 00 00 03 00			     db	      00h, 00h,	00h, 00h, 03h, 00h
   1092	066A  00 C0 80 00 00 02			     db	      00h,0C0h,	80h, 00h, 00h, 02h
   1093	0670  0E 38 F8 00 03 00			     db	      0Eh, 38h,0F8h, 00h, 03h, 00h
   1094	0676  00 C0 82 08 08 02			     db	      00h,0C0h,	82h, 08h, 08h, 02h
   1095	067C  0F BB 8E 00 03 00			     db	      0Fh,0BBh,	8Eh, 00h, 03h, 00h
   1096	0682  00 C0 80 88 82 02			     db	      00h,0C0h,	80h, 88h, 82h, 02h
   1097	0688  0F FB 8E 00 03 00			     db	      0Fh,0FBh,	8Eh, 00h, 03h, 00h
   1098	068E  00 C0 80 08 82 02			     db	      00h,0C0h,	80h, 08h, 82h, 02h
   1099	0694  0E FB 8E 00 03 00			     db	      0Eh,0FBh,	8Eh, 00h, 03h, 00h
   1100	069A  00 C0 82 08 82 02			     db	      00h,0C0h,	82h, 08h, 82h, 02h
   1101	06A0  0E 38 F8 00 03 00			     db	      0Eh, 38h,0F8h, 00h, 03h, 00h
   1102	06A6  00 C0 82 08 08 02			     db	      00h,0C0h,	82h, 08h, 08h, 02h
   1103	06AC  00 00 00 00 03 00			     db	      00h, 00h,	00h, 00h, 03h, 00h
   1104	06B2  00 C0 80 00 00 02			     db	      00h,0C0h,	80h, 00h, 00h, 02h
   1105	06B8  00 00 00 00 03 00			     db	      00h, 00h,	00h, 00h, 03h, 00h
   1106	06BE  00 C0 80 00 00 02			     db	      00h,0C0h,	80h, 00h, 00h, 02h
   1107	06C4  0E 38 FB F8 03 00			     db	      0Eh, 38h,0FBh,0F8h, 03h, 00h
   1108	06CA  00 C0 82 08 08 0A			     db	      00h,0C0h,	82h, 08h, 08h, 0Ah
   1109	06D0  0E 3B 83 80 03 00			     db	      0Eh, 3Bh,	83h, 80h, 03h, 00h
   1110	06D6  00 C0 82 08 80 82			     db	      00h,0C0h,	82h, 08h, 80h, 82h
   1111	06DC  0E 38 E3 C0 03 00			     db	      0Eh, 38h,0E3h,0C0h, 03h, 00h
   1112	06E2  00 C0 82 08 20 02			     db	      00h,0C0h,	82h, 08h, 20h, 02h
   1113	06E8  0E 38 3B 80 03 00			     db	      0Eh, 38h,	3Bh, 80h, 03h, 00h
   1114	06EE  00 C0 82 08 08 82			     db	      00h,0C0h,	82h, 08h, 08h, 82h
   1115	06F4  03 E3 E3 F8 03 00			     db	      03h,0E3h,0E3h,0F8h, 03h, 00h
   1116	06FA  00 C0 80 20 20 0A			     db	      00h,0C0h,	80h, 20h, 20h, 0Ah
   1117	0700  00 00 00 00 03 00			     db	      00h, 00h,	00h, 00h, 03h, 00h
   1118	0706  00 C0 80 00 00 02			     db	      00h,0C0h,	80h, 00h, 00h, 02h
   1119	070C  00 00 00 00 FC FF			     db	      00h, 00h,	00h, 00h,0FCh,0FFh
   1120	0712  FF 3F 2A AA AA A8			     db	     0FFh, 3Fh,	2Ah,0AAh,0AAh,0A8h
   1121	0718  1E 2E 8E 1E 2C FF			     db	      1Eh, 2Eh,	8Eh, 1Eh, 2Ch,0FFh
   1122	071E  32 E4 B9 C0 00 F7			     db	      32h,0E4h,0B9h,0C0h, 00h,0F7h
   1123	0724  E1 03 06 08 E2 8B			     db	     0E1h, 03h,	06h, 08h,0E2h, 8Bh
   1124	072A  F0 E8 1A 00 1F C3			     db	     0F0h,0E8h,	1Ah, 00h, 1Fh,0C3h
   1125	0730  1E 2E 8E 1E 2C FF			     db	      1Eh, 2Eh,	8Eh, 1Eh, 2Ch,0FFh
   1126	0736  32 E4 B9 C0 00 F7			     db	      32h,0E4h,0B9h,0C0h, 00h,0F7h
   1127	073C  E1 03 06 04 E2 8B			     db	     0E1h, 03h,	06h, 04h,0E2h, 8Bh
   1128	0742  F0 E8 02 00 1F C3			     db	     0F0h,0E8h,	02h, 00h, 1Fh,0C3h
   1129
   1130				     ;ï¿½ï¿½ï¿½ï¿½ï¿½ï¿½ï¿½ï¿½ï¿½ï¿½ï¿½ï¿½ï¿½ï¿½ï¿½ï¿½ï¿½ï¿½ï¿½ï¿½ï¿½ï¿½ï¿½ï¿½ï¿½ï¿½ï¿½ï¿½ï¿½ï¿½ï¿½ï
   1131				     ¿½ï¿½ï¿½ï¿½ï¿½ï¿½ï¿½ï¿½ï¿½ï¿½ï¿½ï¿½ï¿½ï¿½ï¿½ï¿½ï¿½ï¿½ï¿½ï¿½ï¿½ï¿½ï¿½ï¿½ï¿½ï¿½ï¿½ï¿½ï¿½ï¿½ï¿½ï¿½
   1132				     ï¿½ï¿½ï¿½ï¿½ï¿½ï¿½ï¿½ï¿½ï¿½ï¿½ï¿½
   1133				     ;				    SUBROUTINE
   1134				     ;ï¿½ï¿½ï¿½ï¿½ï¿½ï¿½ï¿½ï¿½ï¿½ï¿½ï¿½ï¿½ï¿½ï¿½ï¿½ï¿½ï¿½ï¿½ï¿½ï¿½ï¿½ï¿½ï¿½ï¿½ï¿½ï¿½ï¿½ï¿½ï¿½ï¿½ï¿½ï
Turbo Assembler	 Version 2.01	     03/22/26 11:45:15	    Page 22
gmmcga.asm



   1135				     ¿½ï¿½ï¿½ï¿½ï¿½ï¿½ï¿½ï¿½ï¿½ï¿½ï¿½ï¿½ï¿½ï¿½ï¿½ï¿½ï¿½ï¿½ï¿½ï¿½ï¿½ï¿½ï¿½ï¿½ï¿½ï¿½ï¿½ï¿½ï¿½ï¿½ï¿½ï¿½
   1136				     ï¿½ï¿½ï¿½ï¿½ï¿½ï¿½ï¿½ï¿½ï¿½ï¿½ï¿½
   1137
   1138	0748			     render_tilemap_small	     proc    near
   1139	0748  33 C0				     xor     ax,ax		     ; Zero register
   1140	074A  8A C7				     mov     al,bh
   1141	074C  8A FC				     mov     bh,ah
   1142	074E  50				     push    ax
   1143	074F  B8 0140				     mov     ax,140h
   1144	0752  F7 E3				     mul     bx			     ; dx:ax = reg * ax
   1145	0754  5D				     pop     bp
   1146	0755  03 ED				     add     bp,bp
   1147	0757  03 ED				     add     bp,bp
   1148	0759  83 C5 02				     add     bp,2
   1149	075C  03 E8				     add     bp,ax
   1150	075E  B8 A000				     mov     ax,0A000h
   1151	0761  8E C0				     mov     es,ax
   1152	0763  B9 0010				     mov     cx,10h
   1153
   1154	0766			     locloop_54:
   1155	0766  51				     push    cx
   1156	0767  8B 04				     mov     ax,[si]
   1157	0769  86 E0				     xchg    ah,al
   1158	076B  2E: A3 2CC3			     mov     cs:data_43e,ax
   1159	076F  8B 44 06				     mov     ax,[si+6]
   1160	0772  2E: A3 2CC5			     mov     cs:data_44e,ax
   1161	0776  8B 44 08				     mov     ax,[si+8]
   1162	0779  86 E0				     xchg    ah,al
   1163	077B  2E: A3 2CC7			     mov     cs:data_45e,ax
   1164	077F  E8 0030				     call    extract_bitplane_pixels
   1165	0782  E8 002D				     call    extract_bitplane_pixels
   1166	0785  8B 54 02				     mov     dx,[si+2]
   1167	0788  86 F2				     xchg    dh,dl
   1168	078A  2E: 89 16	2CC3			     mov     cs:data_43e,dx
   1169	078F  8B 54 04				     mov     dx,[si+4]
   1170	0792  2E: 89 16	2CC5			     mov     cs:data_44e,dx
   1171	0797  8B 54 0A				     mov     dx,[si+0Ah]
   1172	079A  86 F2				     xchg    dh,dl
   1173	079C  2E: 89 16	2CC7			     mov     cs:data_45e,dx
   1174	07A1  E8 000E				     call    extract_bitplane_pixels
   1175	07A4  E8 000B				     call    extract_bitplane_pixels
   1176	07A7  83 C6 0C				     add     si,0Ch
   1177	07AA  81 C5 0130			     add     bp,130h
   1178	07AE  59				     pop     cx
   1179	07AF  E2 B5				     loop    locloop_54		     ; Loop if cx > 0
   1180
   1181	07B1  C3				     retn
   1182	07B2			     render_tilemap_small	     endp
   1183
   1184
   1185				     ;ï¿½ï¿½ï¿½ï¿½ï¿½ï¿½ï¿½ï¿½ï¿½ï¿½ï¿½ï¿½ï¿½ï¿½ï¿½ï¿½ï¿½ï¿½ï¿½ï¿½ï¿½ï¿½ï¿½ï¿½ï¿½ï¿½ï¿½ï¿½ï¿½ï¿½ï¿½ï
   1186				     ¿½ï¿½ï¿½ï¿½ï¿½ï¿½ï¿½ï¿½ï¿½ï¿½ï¿½ï¿½ï¿½ï¿½ï¿½ï¿½ï¿½ï¿½ï¿½ï¿½ï¿½ï¿½ï¿½ï¿½ï¿½ï¿½ï¿½ï¿½ï¿½ï¿½ï¿½ï¿½
   1187				     ï¿½ï¿½ï¿½ï¿½ï¿½ï¿½ï¿½ï¿½ï¿½ï¿½ï¿½
   1188				     ;				    SUBROUTINE
Turbo Assembler	 Version 2.01	     03/22/26 11:45:15	    Page 23
gmmcga.asm



   1189				     ;ï¿½ï¿½ï¿½ï¿½ï¿½ï¿½ï¿½ï¿½ï¿½ï¿½ï¿½ï¿½ï¿½ï¿½ï¿½ï¿½ï¿½ï¿½ï¿½ï¿½ï¿½ï¿½ï¿½ï¿½ï¿½ï¿½ï¿½ï¿½ï¿½ï¿½ï¿½ï
   1190				     ¿½ï¿½ï¿½ï¿½ï¿½ï¿½ï¿½ï¿½ï¿½ï¿½ï¿½ï¿½ï¿½ï¿½ï¿½ï¿½ï¿½ï¿½ï¿½ï¿½ï¿½ï¿½ï¿½ï¿½ï¿½ï¿½ï¿½ï¿½ï¿½ï¿½ï¿½ï¿½
   1191				     ï¿½ï¿½ï¿½ï¿½ï¿½ï¿½ï¿½ï¿½ï¿½ï¿½ï¿½
   1192
   1193	07B2			     extract_bitplane_pixels	     proc    near
   1194	07B2  B9 0004				     mov     cx,4
   1195
   1196	07B5			     locloop_55:
   1197	07B5  33 C0				     xor     ax,ax		     ; Zero register
   1198	07B7  2E: D1 06	2CC7			     rol     word ptr cs:data_45e,1  ; Rotate
   1199	07BC  13 C0				     adc     ax,ax
   1200	07BE  2E: D1 06	2CC5			     rol     word ptr cs:data_44e,1  ; Rotate
   1201	07C3  13 C0				     adc     ax,ax
   1202	07C5  2E: D1 06	2CC3			     rol     word ptr cs:data_43e,1  ; Rotate
   1203	07CA  13 C0				     adc     ax,ax
   1204	07CC  2E: D1 06	2CC7			     rol     word ptr cs:data_45e,1  ; Rotate
   1205	07D1  13 C0				     adc     ax,ax
   1206	07D3  2E: D1 06	2CC5			     rol     word ptr cs:data_44e,1  ; Rotate
   1207	07D8  13 C0				     adc     ax,ax
   1208	07DA  2E: D1 06	2CC3			     rol     word ptr cs:data_43e,1  ; Rotate
   1209	07DF  13 C0				     adc     ax,ax
   1210	07E1  26: 88 46	00			     mov     es:[bp],al
   1211	07E5  45				     inc     bp
   1212	07E6  E2 CD				     loop    locloop_55		     ; Loop if cx > 0
   1213
   1214	07E8  C3				     retn
   1215	07E9			     extract_bitplane_pixels	     endp
   1216
   1217
   1218				     ;ï¿½ï¿½ï¿½ï¿½ï¿½ï¿½ï¿½ï¿½ï¿½ï¿½ï¿½ï¿½ï¿½ï¿½ï¿½ï¿½ï¿½ï¿½ï¿½ï¿½ï¿½ï¿½ï¿½ï¿½ï¿½ï¿½ï¿½ï¿½ï¿½ï¿½ï¿½ï
   1219				     ¿½ï¿½ï¿½ï¿½ï¿½ï¿½ï¿½ï¿½ï¿½ï¿½ï¿½ï¿½ï¿½ï¿½ï¿½ï¿½ï¿½ï¿½ï¿½ï¿½ï¿½ï¿½ï¿½ï¿½ï¿½ï¿½ï¿½ï¿½ï¿½ï¿½ï¿½ï¿½
   1220				     ï¿½ï¿½ï¿½ï¿½ï¿½ï¿½ï¿½ï¿½ï¿½ï¿½ï¿½
   1221				     ;				    SUBROUTINE
   1222				     ;ï¿½ï¿½ï¿½ï¿½ï¿½ï¿½ï¿½ï¿½ï¿½ï¿½ï¿½ï¿½ï¿½ï¿½ï¿½ï¿½ï¿½ï¿½ï¿½ï¿½ï¿½ï¿½ï¿½ï¿½ï¿½ï¿½ï¿½ï¿½ï¿½ï¿½ï¿½ï
   1223				     ¿½ï¿½ï¿½ï¿½ï¿½ï¿½ï¿½ï¿½ï¿½ï¿½ï¿½ï¿½ï¿½ï¿½ï¿½ï¿½ï¿½ï¿½ï¿½ï¿½ï¿½ï¿½ï¿½ï¿½ï¿½ï¿½ï¿½ï¿½ï¿½ï¿½ï¿½ï¿½
   1224				     ï¿½ï¿½ï¿½ï¿½ï¿½ï¿½ï¿½ï¿½ï¿½ï¿½ï¿½
   1225
   1226	07E9			     render_text_char_alt	     proc    near
   1227	07E9  1E				     push    ds
   1228	07EA  0E				     push    cs
   1229	07EB  1F				     pop     ds
   1230	07EC  53				     push    bx
   1231	07ED  33 DB				     xor     bx,bx		     ; Zero register
   1232	07EF  8A DC				     mov     bl,ah
   1233	07F1  8A A7 24EA			     mov     ah,ds:data_36e[bx]
   1234	07F5  2E: F6 06	FF77 FF			     test    byte ptr cs:data_52e,0FFh
   1235	07FB  74 0C				     jz	     loc_56		     ; Jump if zero
   1236	07FD  8A E3				     mov     ah,bl
   1237	07FF  02 E4				     add     ah,ah
   1238	0801  02 E4				     add     ah,ah
   1239	0803  02 E4				     add     ah,ah
   1240	0805  02 E4				     add     ah,ah
   1241	0807  0A E3				     or	     ah,bl
   1242	0809			     loc_56:
Turbo Assembler	 Version 2.01	     03/22/26 11:45:15	    Page 24
gmmcga.asm



   1243	0809  88 26 2CBD			     mov     ds:data_38e,ah
   1244	080D  5B				     pop     bx
   1245	080E  32 E4				     xor     ah,ah		     ; Zero register
   1246	0810  2C 20				     sub     al,20h		     ; ' '
   1247	0812  03 C0				     add     ax,ax
   1248	0814  03 C0				     add     ax,ax
   1249	0816  03 C0				     add     ax,ax
   1250	0818  03 06 F500			     add     ax,ds:data_47e
   1251	081C  50				     push    ax
   1252	081D  8A C3				     mov     al,bl
   1253	081F  24 03				     and     al,3
   1254	0821  02 C0				     add     al,al
   1255	0823  A2 2CBE				     mov     ds:data_39e,al
   1256	0826  B8 0140				     mov     ax,140h
   1257	0829  32 ED				     xor     ch,ch		     ; Zero register
   1258	082B  F7 E1				     mul     cx			     ; dx:ax = reg * ax
   1259	082D  03 C3				     add     ax,bx
   1260	082F  8B F8				     mov     di,ax
   1261	0831  5E				     pop     si
   1262	0832  B8 A000				     mov     ax,0A000h
   1263	0835  8E C0				     mov     es,ax
   1264	0837  B9 0008				     mov     cx,8
   1265
   1266	083A			     locloop_57:
   1267	083A  51				     push    cx
   1268	083B  AC				     lodsb			     ; String [si] to al
   1269	083C  B9 0008				     mov     cx,8
   1270
   1271	083F			     locloop_58:
   1272	083F  02 C0				     add     al,al
   1273	0841  73 08				     jnc     loc_59		     ; Jump if carry=0
   1274	0843  2E: 8A 16	2CBD			     mov     dl,cs:data_38e
   1275	0848  26: 88 15				     mov     es:[di],dl
   1276	084B			     loc_59:
   1277	084B  47				     inc     di
   1278	084C  E2 F1				     loop    locloop_58		     ; Loop if cx > 0
   1279
   1280	084E  59				     pop     cx
   1281	084F  81 C7 0138			     add     di,138h
   1282	0853  E2 E5				     loop    locloop_57		     ; Loop if cx > 0
   1283
   1284	0855  1F				     pop     ds
   1285	0856  C3				     retn
   1286	0857			     render_text_char_alt	     endp
   1287
   1288										     ;*	No entry point to code
   1289	0857  1E				     push    ds
   1290	0858  33 C0				     xor     ax,ax		     ; Zero register
   1291	085A  8A C7				     mov     al,bh
   1292	085C  8A FC				     mov     bh,ah
   1293	085E  50				     push    ax
   1294	085F  B8 0140				     mov     ax,140h
   1295	0862  F7 E3				     mul     bx			     ; dx:ax = reg * ax
   1296	0864  5F				     pop     di
Turbo Assembler	 Version 2.01	     03/22/26 11:45:15	    Page 25
gmmcga.asm



   1297	0865  03 FF				     add     di,di
   1298	0867  03 FF				     add     di,di
   1299	0869  03 FF				     add     di,di
   1300	086B  03 F8				     add     di,ax
   1301	086D  8B F7				     mov     si,di
   1302	086F  81 C6 0140			     add     si,data_55e
   1303	0873  B8 A000				     mov     ax,0A000h
   1304	0876  8E C0				     mov     es,ax
   1305	0878  8E D8				     mov     ds,ax
   1306	087A  8A DD				     mov     bl,ch
   1307	087C  32 FF				     xor     bh,bh		     ; Zero register
   1308	087E  03 DB				     add     bx,bx
   1309	0880  03 DB				     add     bx,bx
   1310	0882  32 ED				     xor     ch,ch		     ; Zero register
   1311
   1312	0884			     locloop_60:
   1313	0884  51				     push    cx
   1314	0885  57				     push    di
   1315	0886  56				     push    si
   1316	0887  8B CB				     mov     cx,bx
   1317	0889  F3> A5				     rep     movsw		     ; Rep when	cx >0 Mov [si] to es:[di]
   1318	088B  5E				     pop     si
   1319	088C  5F				     pop     di
   1320	088D  81 C7 0140			     add     di,data_54e
   1321	0891  81 C6 0140			     add     si,data_55e
   1322	0895  59				     pop     cx
   1323	0896  E2 EC				     loop    locloop_60		     ; Loop if cx > 0
   1324
   1325	0898  1F				     pop     ds
   1326	0899  C3				     retn
   1327										     ;*	No entry point to code
   1328	089A  1E				     push    ds
   1329	089B  83 C7 00				     add     di,0
   1330	089E  33 DB				     xor     bx,bx		     ; Zero register
   1331	08A0  8A DC				     mov     bl,ah
   1332	08A2  8A E7				     mov     ah,bh
   1333	08A4  53				     push    bx
   1334	08A5  BB 0140				     mov     bx,140h
   1335	08A8  F7 E3				     mul     bx			     ; dx:ax = reg * ax
   1336	08AA  5E				     pop     si
   1337	08AB  03 F6				     add     si,si
   1338	08AD  03 F6				     add     si,si
   1339	08AF  03 F6				     add     si,si
   1340	08B1  03 F0				     add     si,ax
   1341	08B3  8C C8				     mov     ax,cs
   1342	08B5  05 3000				     add     ax,3000h
   1343	08B8  8E C0				     mov     es,ax
   1344	08BA  B8 A000				     mov     ax,0A000h
   1345	08BD  8E D8				     mov     ds,ax
   1346	08BF  8A DD				     mov     bl,ch
   1347	08C1  32 FF				     xor     bh,bh		     ; Zero register
   1348	08C3  8A EF				     mov     ch,bh
   1349	08C5  03 DB				     add     bx,bx
   1350	08C7  03 DB				     add     bx,bx
Turbo Assembler	 Version 2.01	     03/22/26 11:45:15	    Page 26
gmmcga.asm



   1351
   1352	08C9			     locloop_61:
   1353	08C9  51				     push    cx
   1354	08CA  56				     push    si
   1355	08CB  8B CB				     mov     cx,bx
   1356	08CD  F3> A5				     rep     movsw		     ; Rep when	cx >0 Mov [si] to es:[di]
   1357	08CF  5E				     pop     si
   1358	08D0  81 C6 0140			     add     si,data_54e
   1359	08D4  59				     pop     cx
   1360	08D5  E2 F2				     loop    locloop_61		     ; Loop if cx > 0
   1361
   1362	08D7  1F				     pop     ds
   1363	08D8  C3				     retn
   1364										     ;*	No entry point to code
   1365	08D9  1E				     push    ds
   1366	08DA  8B F7				     mov     si,di
   1367	08DC  83 C6 00				     add     si,0
   1368	08DF  33 DB				     xor     bx,bx		     ; Zero register
   1369	08E1  8A DC				     mov     bl,ah
   1370	08E3  8A E7				     mov     ah,bh
   1371	08E5  53				     push    bx
   1372	08E6  BB 0140				     mov     bx,140h
   1373	08E9  F7 E3				     mul     bx			     ; dx:ax = reg * ax
   1374	08EB  5F				     pop     di
   1375	08EC  03 FF				     add     di,di
   1376	08EE  03 FF				     add     di,di
   1377	08F0  03 FF				     add     di,di
   1378	08F2  03 F8				     add     di,ax
   1379	08F4  8C C8				     mov     ax,cs
   1380	08F6  05 3000				     add     ax,3000h
   1381	08F9  8E D8				     mov     ds,ax
   1382	08FB  B8 A000				     mov     ax,0A000h
   1383	08FE  8E C0				     mov     es,ax
   1384	0900  8A DD				     mov     bl,ch
   1385	0902  32 FF				     xor     bh,bh		     ; Zero register
   1386	0904  8A EF				     mov     ch,bh
   1387	0906  03 DB				     add     bx,bx
   1388	0908  03 DB				     add     bx,bx
   1389
   1390	090A			     locloop_62:
   1391	090A  51				     push    cx
   1392	090B  57				     push    di
   1393	090C  8B CB				     mov     cx,bx
   1394	090E  F3> A5				     rep     movsw		     ; Rep when	cx >0 Mov [si] to es:[di]
   1395	0910  5F				     pop     di
   1396	0911  81 C7 0140			     add     di,140h
   1397	0915  59				     pop     cx
   1398	0916  E2 F2				     loop    locloop_62		     ; Loop if cx > 0
   1399
   1400	0918  1F				     pop     ds
   1401	0919  C3				     retn
   1402										     ;*	No entry point to code
   1403	091A  2E: 89 1E	2CC0			     mov     cs:data_41e,bx
   1404	091F  2E: 88 0E	2CC2			     mov     cs:data_42e,cl
Turbo Assembler	 Version 2.01	     03/22/26 11:45:15	    Page 27
gmmcga.asm



   1405	0924  B0 01				     mov     al,1
   1406	0926  2E: F6 06	FF77 FF			     test    byte ptr cs:data_52e,0FFh
   1407	092C  74 02				     jz	     loc_63		     ; Jump if zero
   1408	092E  B0 07				     mov     al,7
   1409	0930			     loc_63:
   1410	0930  2E: A2 2CBF			     mov     cs:data_40e,al
   1411	0934			     loc_64:
   1412	0934  AC				     lodsb			     ; String [si] to al
   1413	0935  3C FF				     cmp     al,0FFh
   1414	0937  75 01				     jne     loc_65		     ; Jump if not equal
   1415	0939  C3				     retn
   1416	093A			     loc_65:
   1417	093A  3C 0D				     cmp     al,0Dh
   1418	093C  74 17				     je	     loc_66		     ; Jump if equal
   1419	093E  0A C0				     or	     al,al		     ; Zero ?
   1420	0940  78 25				     js	     loc_67		     ; Jump if sign=1
   1421	0942  51				     push    cx
   1422	0943  53				     push    bx
   1423	0944  56				     push    si
   1424	0945  2E: 8A 26	2CBF			     mov     ah,cs:data_40e
   1425	094A  E8 FE9C				     call    render_text_char_alt
   1426	094D  5E				     pop     si
   1427	094E  5B				     pop     bx
   1428	094F  59				     pop     cx
   1429	0950  83 C3 08				     add     bx,8
   1430	0953  EB DF				     jmp     short loc_64
   1431	0955			     loc_66:
   1432	0955  2E: 80 06	2CC2 08			     add     byte ptr cs:data_42e,8
   1433	095B  2E: 8A 0E	2CC2			     mov     cl,cs:data_42e
   1434	0960  2E: 8B 1E	2CC0			     mov     bx,cs:data_41e
   1435	0965  EB CD				     jmp     short loc_64
   1436	0967			     loc_67:
   1437	0967  24 07				     and     al,7
   1438	0969  2E: A2 2CBF			     mov     cs:data_40e,al
   1439	096D  EB C5				     jmp     short loc_64
   1440										     ;*	No entry point to code
   1441	096F  1E				     push    ds
   1442	0970  52				     push    dx
   1443	0971  33 C0				     xor     ax,ax		     ; Zero register
   1444	0973  8A C7				     mov     al,bh
   1445	0975  8A FC				     mov     bh,ah
   1446	0977  50				     push    ax
   1447	0978  B8 0140				     mov     ax,140h
   1448	097B  F7 E3				     mul     bx			     ; dx:ax = reg * ax
   1449	097D  5E				     pop     si
   1450	097E  03 F6				     add     si,si
   1451	0980  03 F6				     add     si,si
   1452	0982  03 F6				     add     si,si
   1453	0984  03 F0				     add     si,ax
   1454	0986  5B				     pop     bx
   1455	0987  33 C0				     xor     ax,ax		     ; Zero register
   1456	0989  8A C7				     mov     al,bh
   1457	098B  8A FC				     mov     bh,ah
   1458	098D  50				     push    ax
Turbo Assembler	 Version 2.01	     03/22/26 11:45:15	    Page 28
gmmcga.asm



   1459	098E  B8 0140				     mov     ax,140h
   1460	0991  F7 E3				     mul     bx			     ; dx:ax = reg * ax
   1461	0993  5F				     pop     di
   1462	0994  03 FF				     add     di,di
   1463	0996  03 FF				     add     di,di
   1464	0998  03 FF				     add     di,di
   1465	099A  03 F8				     add     di,ax
   1466	099C  B8 A000				     mov     ax,0A000h
   1467	099F  8E C0				     mov     es,ax
   1468	09A1  8E D8				     mov     ds,ax
   1469	09A3  8A DD				     mov     bl,ch
   1470	09A5  32 FF				     xor     bh,bh		     ; Zero register
   1471	09A7  03 DB				     add     bx,bx
   1472	09A9  03 DB				     add     bx,bx
   1473	09AB  32 ED				     xor     ch,ch		     ; Zero register
   1474
   1475	09AD			     locloop_68:
   1476	09AD  51				     push    cx
   1477	09AE  57				     push    di
   1478	09AF  56				     push    si
   1479	09B0  8B CB				     mov     cx,bx
   1480	09B2  F3> A5				     rep     movsw		     ; Rep when	cx >0 Mov [si] to es:[di]
   1481	09B4  5E				     pop     si
   1482	09B5  5F				     pop     di
   1483	09B6  81 C7 0140			     add     di,140h
   1484	09BA  81 C6 0140			     add     si,140h
   1485	09BE  59				     pop     cx
   1486	09BF  E2 EC				     loop    locloop_68		     ; Loop if cx > 0
   1487
   1488	09C1  1F				     pop     ds
   1489	09C2  C3				     retn
   1490										     ;*	No entry point to code
   1491	09C3  53				     push    bx
   1492	09C4  33 DB				     xor     bx,bx		     ; Zero register
   1493	09C6  8A D8				     mov     bl,al
   1494	09C8  8A 87 24EA			     mov     al,ds:data_36e[bx]
   1495	09CC  A2 2CBD				     mov     ds:data_38e,al
   1496	09CF  5B				     pop     bx
   1497	09D0  33 C0				     xor     ax,ax		     ; Zero register
   1498	09D2  8A C7				     mov     al,bh
   1499	09D4  8A FC				     mov     bh,ah
   1500	09D6  50				     push    ax
   1501	09D7  B8 0140				     mov     ax,140h
   1502	09DA  F7 E3				     mul     bx			     ; dx:ax = reg * ax
   1503	09DC  5F				     pop     di
   1504	09DD  03 FF				     add     di,di
   1505	09DF  03 FF				     add     di,di
   1506	09E1  03 F8				     add     di,ax
   1507	09E3  B8 A000				     mov     ax,0A000h
   1508	09E6  8E C0				     mov     es,ax
   1509	09E8  E8 001B				     call    fill_rectangle
   1510	09EB  A0 2CBD				     mov     al,ds:data_38e
   1511	09EE  B9 0010				     mov     cx,10h
   1512
Turbo Assembler	 Version 2.01	     03/22/26 11:45:15	    Page 29
gmmcga.asm



   1513	09F1			     locloop_69:
   1514	09F1  26: 88 05				     mov     es:[di],al
   1515	09F4  26: 88 45	01			     mov     es:[di+1],al
   1516	09F8  26: 88 45	12			     mov     es:[di+12h],al
   1517	09FC  26: 88 45	13			     mov     es:[di+13h],al
   1518	0A00  81 C7 0140			     add     di,data_55e
   1519	0A04  E2 EB				     loop    locloop_69		     ; Loop if cx > 0
   1520
   1521
   1522				     ;ï¿½ï¿½ï¿½ï¿½ï¿½ï¿½ï¿½ï¿½ï¿½ï¿½ï¿½ï¿½ï¿½ï¿½ï¿½ï¿½ï¿½ï¿½ï¿½ï¿½ï¿½ï¿½ï¿½ï¿½ï¿½ï¿½ï¿½ï¿½ï¿½ï¿½ï¿½ï
   1523				     ¿½ï¿½ï¿½ï¿½ï¿½ï¿½ï¿½ï¿½ï¿½ï¿½ï¿½ï¿½ï¿½ï¿½ï¿½ï¿½ï¿½ï¿½ï¿½ï¿½ï¿½ï¿½ï¿½ï¿½ï¿½ï¿½ï¿½ï¿½ï¿½ï¿½ï¿½ï¿½
   1524				     ï¿½ï¿½ï¿½ï¿½ï¿½ï¿½ï¿½ï¿½ï¿½ï¿½ï¿½
   1525				     ;				    SUBROUTINE
   1526				     ;ï¿½ï¿½ï¿½ï¿½ï¿½ï¿½ï¿½ï¿½ï¿½ï¿½ï¿½ï¿½ï¿½ï¿½ï¿½ï¿½ï¿½ï¿½ï¿½ï¿½ï¿½ï¿½ï¿½ï¿½ï¿½ï¿½ï¿½ï¿½ï¿½ï¿½ï¿½ï
   1527				     ¿½ï¿½ï¿½ï¿½ï¿½ï¿½ï¿½ï¿½ï¿½ï¿½ï¿½ï¿½ï¿½ï¿½ï¿½ï¿½ï¿½ï¿½ï¿½ï¿½ï¿½ï¿½ï¿½ï¿½ï¿½ï¿½ï¿½ï¿½ï¿½ï¿½ï¿½ï¿½
   1528				     ï¿½ï¿½ï¿½ï¿½ï¿½ï¿½ï¿½ï¿½ï¿½ï¿½ï¿½
   1529
   1530	0A06			     fill_rectangle	     proc    near
   1531	0A06  B9 0002				     mov     cx,2
   1532
   1533	0A09			     locloop_70:
   1534	0A09  51				     push    cx
   1535	0A0A  57				     push    di
   1536	0A0B  A0 2CBD				     mov     al,ds:data_38e
   1537	0A0E  B9 0014				     mov     cx,14h
   1538	0A11  F3> AA				     rep     stosb		     ; Rep when	cx >0 Store al to es:[di]
   1539	0A13  5F				     pop     di
   1540	0A14  81 C7 0140			     add     di,140h
   1541	0A18  59				     pop     cx
   1542	0A19  E2 EE				     loop    locloop_70		     ; Loop if cx > 0
   1543
   1544	0A1B  C3				     retn
   1545	0A1C			     fill_rectangle	     endp
   1546
   1547										     ;*	No entry point to code
   1548	0A1C  1E				     push    ds
   1549	0A1D  56				     push    si
   1550	0A1E  0E				     push    cs
   1551	0A1F  1F				     pop     ds
   1552	0A20  32 E4				     xor     ah,ah		     ; Zero register
   1553	0A22  03 C0				     add     ax,ax
   1554	0A24  8B F0				     mov     si,ax
   1555	0A26  33 C0				     xor     ax,ax		     ; Zero register
   1556	0A28  8A C7				     mov     al,bh
   1557	0A2A  8A FC				     mov     bh,ah
   1558	0A2C  50				     push    ax
   1559	0A2D  B8 0140				     mov     ax,140h
   1560	0A30  F7 E3				     mul     bx			     ; dx:ax = reg * ax
   1561	0A32  5F				     pop     di
   1562	0A33  03 FF				     add     di,di
   1563	0A35  03 FF				     add     di,di
   1564	0A37  03 F8				     add     di,ax
   1565	0A39  B8 A000				     mov     ax,0A000h
   1566	0A3C  8E C0				     mov     es,ax
Turbo Assembler	 Version 2.01	     03/22/26 11:45:15	    Page 30
gmmcga.asm



   1567	0A3E  8B B4 2A5D			     mov     si,ds:data_37e[si]
   1568	0A42  B9 000D				     mov     cx,0Dh
   1569
   1570	0A45			     locloop_71:
   1571	0A45  51				     push    cx
   1572	0A46  B9 0010				     mov     cx,10h
   1573
   1574	0A49			     locloop_72:
   1575	0A49  AC				     lodsb			     ; String [si] to al
   1576	0A4A  3C 80				     cmp     al,80h
   1577	0A4C  74 02				     je	     loc_73		     ; Jump if equal
   1578	0A4E  AA				     stosb			     ; Store al	to es:[di]
   1579	0A4F  4F				     dec     di
   1580	0A50			     loc_73:
   1581	0A50  47				     inc     di
   1582	0A51  E2 F6				     loop    locloop_72		     ; Loop if cx > 0
   1583
   1584	0A53  59				     pop     cx
   1585	0A54  81 C7 0130r			     add     di,offset data_16
   1586	0A58  E2 EB				     loop    locloop_71		     ; Loop if cx > 0
   1587
   1588	0A5A  5E				     pop     si
   1589	0A5B  1F				     pop     ds
   1590	0A5C  C3				     retn
   1591	0A5D  61 2A 31 2B 80 80			     db	      61h, 2Ah,	31h, 2Bh, 80h, 80h
   1592	0A63  80 80 80 80 00 00			     db	      80h, 80h,	80h, 80h, 00h, 00h
   1593	0A69  00 00 80 00 80			     db	      00h, 00h,	80h, 00h, 80h
   1594	0A6E  07*(80)				     db	     7 dup (80h)
   1595	0A75  00 00 11 11 11 12			     db	      00h, 00h,	11h, 11h, 11h, 12h
   1596	0A7B  00 00				     db	      00h, 00h
   1597	0A7D  08*(80)				     db	     8 dup (80h)
   1598	0A85  00 11 11 09 09 01			     db	      00h, 11h,	11h, 09h, 09h, 01h
   1599	0A8B  12 00				     db	      12h, 00h
   1600	0A8D  08*(80)				     db	     8 dup (80h)
   1601	0A95  00 11 09 09 09 28			     db	      00h, 11h,	09h, 09h, 09h, 28h
   1602	0A9B  2A 10				     db	      2Ah, 10h
   1603	0A9D  08*(80)				     db	     8 dup (80h)
   1604	0AA5  11 15 01 09 0D 05			     db	      11h, 15h,	01h, 09h, 0Dh, 05h
   1605	0AAB  05 12 00				     db	      05h, 12h,	00h
   1606	0AAE  07*(80)				     db	     7 dup (80h)
   1607	0AB5  11 10 28 28 2D 28			     db	      11h, 10h,	28h, 28h, 2Dh, 28h
   1608	0ABB  28 12 00				     db	      28h, 12h,	00h
   1609	0ABE  07*(80)				     db	     7 dup (80h)
   1610	0AC5  12 15 05 05 05 05			     db	      12h, 15h,	05h, 05h, 05h, 05h
   1611	0ACB  05 12 00 80 80 80			     db	      05h, 12h,	00h, 80h, 80h, 80h
   1612	0AD1  80 80 80 80 00 12			     db	      80h, 80h,	80h, 80h, 00h, 12h
   1613	0AD7  05 2D 2D 05 15 02			     db	      05h, 2Dh,	2Dh, 05h, 15h, 02h
   1614	0ADD  80				     db	      80h
   1615	0ADE  07*(80)				     db	     7 dup (80h)
   1616	0AE5  00 02 02 2D 2D 05			     db	      00h, 02h,	02h, 2Dh, 2Dh, 05h
   1617	0AEB  12 00 80 80 80 80			     db	      12h, 00h,	80h, 80h, 80h, 80h
   1618	0AF1  80 80 80 80 00 00			     db	      80h, 80h,	80h, 80h, 00h, 00h
   1619	0AF7  02 12 12 12 00 00			     db	      02h, 12h,	12h, 12h, 00h, 00h
   1620	0AFD  08*(80)				     db	     8 dup (80h)
Turbo Assembler	 Version 2.01	     03/22/26 11:45:15	    Page 31
gmmcga.asm



   1621	0B05  00 00 80 00 00 00			     db	      00h, 00h,	80h, 00h, 00h, 00h
   1622	0B0B  80 00 80				     db	      80h, 00h,	80h
   1623	0B0E  27*(80)				     db	     39	dup (80h)
   1624	0B35  00 01 09 09 09 1B			     db	      00h, 01h,	09h, 09h, 09h, 1Bh
   1625	0B3B  03 00				     db	      03h, 00h
   1626	0B3D  07*(80)				     db	     7 dup (80h)
   1627	0B44  00 09 09 00 00 00			     db	      00h, 09h,	09h, 00h, 00h, 00h
   1628	0B4A  00 03 1B 00 80 80			     db	      00h, 03h,	1Bh, 00h, 80h, 80h
   1629	0B50  80 80 80 00 09 01			     db	      80h, 80h,	80h, 00h, 09h, 01h
   1630	0B56  00 01 09 01 00 00			     db	      00h, 01h,	09h, 01h, 00h, 00h
   1631	0B5C  03 03 00 80 80 80			     db	      03h, 03h,	00h, 80h, 80h, 80h
   1632	0B62  80 01 09 00 09 09			     db	      80h, 01h,	09h, 00h, 09h, 09h
   1633	0B68  01 00 00 01 00 03			     db	      01h, 00h,	00h, 01h, 00h, 03h
   1634	0B6E  03 80 80 80 00 09			     db	      03h, 80h,	80h, 80h, 00h, 09h
   1635	0B74  01 01 09 09 00 00			     db	      01h, 01h,	09h, 09h, 00h, 00h
   1636	0B7A  00 00 01 03 03 00			     db	      00h, 00h,	01h, 03h, 03h, 00h
   1637	0B80  80 80 00 09 00 09			     db	      80h, 80h,	00h, 09h, 00h, 09h
   1638	0B86  01 00 00 02 02 00			     db	      01h, 00h,	00h, 02h, 02h, 00h
   1639	0B8C  00 00 0B 00 80 80			     db	      00h, 00h,	0Bh, 00h, 80h, 80h
   1640	0B92  00 09 00 01 00 00			     db	      00h, 09h,	00h, 01h, 00h, 00h
   1641	0B98  02 02 02 02 02 02			     db	      02h, 02h,	02h, 02h, 02h, 02h
   1642	0B9E  0B 00 80 80 00 09			     db	      0Bh, 00h,	80h, 80h, 00h, 09h
   1643	0BA4  03 01 02 02 02 12			     db	      03h, 01h,	02h, 02h, 02h, 12h
   1644	0BAA  12 12 02 01 0B 00			     db	      12h, 12h,	02h, 01h, 0Bh, 00h
   1645	0BB0  80 80 80 01 1B 02			     db	      80h, 80h,	80h, 01h, 1Bh, 02h
   1646	0BB6  01 02 12 12 12 12			     db	      01h, 02h,	12h, 12h, 12h, 12h
   1647	0BBC  02 09 01 80 80 80			     db	      02h, 09h,	01h, 80h, 80h, 80h
   1648	0BC2  80 00 0B 03 02 0A			     db	      80h, 00h,	0Bh, 03h, 02h, 0Ah
   1649	0BC8  01 12 12 12 01 09			     db	      01h, 12h,	12h, 12h, 01h, 09h
   1650	0BCE  00 80 80 80 80 80			     db	      00h, 80h,	80h, 80h, 80h, 80h
   1651	0BD4  00 1B 03 02 00 02			     db	      00h, 1Bh,	03h, 02h, 00h, 02h
   1652	0BDA  02 01 09 00 80 80			     db	      02h, 01h,	09h, 00h, 80h, 80h
   1653	0BE0  80 80 80 80 80 00			     db	      80h, 80h,	80h, 80h, 80h, 00h
   1654	0BE6  03 01 03 03 01 03			     db	      03h, 01h,	03h, 03h, 01h, 03h
   1655	0BEC  00 80 80 80 80 80			     db	      00h, 80h,	80h, 80h, 80h, 80h
   1656	0BF2  80 80 80 80 00 00			     db	      80h, 80h,	80h, 80h, 00h, 00h
   1657	0BF8  00 00 00 00 80 80			     db	      00h, 00h,	00h, 00h, 80h, 80h
   1658	0BFE  80 80 80 B8 00 A0			     db	      80h, 80h,	80h,0B8h, 00h,0A0h
   1659	0C04  8E C0 33 FF B9 08			     db	      8Eh,0C0h,	33h,0FFh,0B9h, 08h
   1660	0C0A  00				     db	      00h
   1661
   1662	0C0B			     locloop_74:
   1663	0C0B  51				     push    cx
   1664	0C0C  57				     push    di
   1665	0C0D  B9 0019				     mov     cx,19h
   1666
   1667	0C10			     locloop_75:
   1668	0C10  51				     push    cx
   1669	0C11  57				     push    di
   1670	0C12  B9 00A0				     mov     cx,0A0h
   1671	0C15  33 C0				     xor     ax,ax		     ; Zero register
   1672	0C17  F3> AB				     rep     stosw		     ; Rep when	cx >0 Store ax to es:[di]
   1673	0C19  5F				     pop     di
   1674	0C1A  81 C7 0A00			     add     di,0A00h
Turbo Assembler	 Version 2.01	     03/22/26 11:45:15	    Page 32
gmmcga.asm



   1675	0C1E  59				     pop     cx
   1676	0C1F  E2 EF				     loop    locloop_75		     ; Loop if cx > 0
   1677
   1678	0C21  5F				     pop     di
   1679	0C22  81 C7 0140			     add     di,140h
   1680	0C26  59				     pop     cx
   1681	0C27  E2 E2				     loop    locloop_74		     ; Loop if cx > 0
   1682
   1683	0C29  C3				     retn
   1684										     ;*	No entry point to code
   1685	0C2A  51				     push    cx
   1686	0C2B  1E				     push    ds
   1687	0C2C  56				     push    si
   1688	0C2D  8C C8				     mov     ax,cs
   1689	0C2F  05 3000				     add     ax,3000h
   1690	0C32  8E C0				     mov     es,ax
   1691	0C34  B8 0030				     mov     ax,30h
   1692	0C37  F7 E1				     mul     cx			     ; dx:ax = reg * ax
   1693	0C39  8B C8				     mov     cx,ax
   1694	0C3B  BF 0000				     mov     di,data_53e
   1695	0C3E  F3> A4				     rep     movsb		     ; Rep when	cx >0 Mov [si] to es:[di]
   1696	0C40  5F				     pop     di
   1697	0C41  07				     pop     es
   1698	0C42  59				     pop     cx
   1699	0C43  8C C8				     mov     ax,cs
   1700	0C45  05 3000				     add     ax,3000h
   1701	0C48  8E D8				     mov     ds,ax
   1702	0C4A  BE 0000				     mov     si,data_53e
   1703
   1704	0C4D			     locloop_76:
   1705	0C4D  51				     push    cx
   1706	0C4E  E8 0004				     call    process_sprite_row
   1707	0C51  59				     pop     cx
   1708	0C52  E2 F9				     loop    locloop_76		     ; Loop if cx > 0
   1709
   1710	0C54  C3				     retn
   1711
   1712				     ;ï¿½ï¿½ï¿½ï¿½ï¿½ï¿½ï¿½ï¿½ï¿½ï¿½ï¿½ï¿½ï¿½ï¿½ï¿½ï¿½ï¿½ï¿½ï¿½ï¿½ï¿½ï¿½ï¿½ï¿½ï¿½ï¿½ï¿½ï¿½ï¿½ï¿½ï¿½ï
   1713				     ¿½ï¿½ï¿½ï¿½ï¿½ï¿½ï¿½ï¿½ï¿½ï¿½ï¿½ï¿½ï¿½ï¿½ï¿½ï¿½ï¿½ï¿½ï¿½ï¿½ï¿½ï¿½ï¿½ï¿½ï¿½ï¿½ï¿½ï¿½ï¿½ï¿½ï¿½ï¿½
   1714				     ï¿½ï¿½ï¿½ï¿½ï¿½ï¿½ï¿½ï¿½ï¿½ï¿½ï¿½
   1715				     ;				    SUBROUTINE
   1716				     ;ï¿½ï¿½ï¿½ï¿½ï¿½ï¿½ï¿½ï¿½ï¿½ï¿½ï¿½ï¿½ï¿½ï¿½ï¿½ï¿½ï¿½ï¿½ï¿½ï¿½ï¿½ï¿½ï¿½ï¿½ï¿½ï¿½ï¿½ï¿½ï¿½ï¿½ï¿½ï
   1717				     ¿½ï¿½ï¿½ï¿½ï¿½ï¿½ï¿½ï¿½ï¿½ï¿½ï¿½ï¿½ï¿½ï¿½ï¿½ï¿½ï¿½ï¿½ï¿½ï¿½ï¿½ï¿½ï¿½ï¿½ï¿½ï¿½ï¿½ï¿½ï¿½ï¿½ï¿½ï¿½
   1718				     ï¿½ï¿½ï¿½ï¿½ï¿½ï¿½ï¿½ï¿½ï¿½ï¿½ï¿½
   1719
   1720	0C55			     process_sprite_row		     proc    near
   1721	0C55  B9 0008				     mov     cx,8
   1722
   1723	0C58			     locloop_77:
   1724	0C58  51				     push    cx
   1725	0C59  AD				     lodsw			     ; String [si] to ax
   1726	0C5A  86 E0				     xchg    ah,al
   1727	0C5C  2E: A3 2CC3			     mov     cs:data_43e,ax
   1728	0C60  AD				     lodsw			     ; String [si] to ax
Turbo Assembler	 Version 2.01	     03/22/26 11:45:15	    Page 33
gmmcga.asm



   1729	0C61  86 E0				     xchg    ah,al
   1730	0C63  2E: A3 2CC5			     mov     cs:data_44e,ax
   1731	0C67  AD				     lodsw			     ; String [si] to ax
   1732	0C68  86 E0				     xchg    ah,al
   1733	0C6A  2E: A3 2CC7			     mov     cs:data_45e,ax
   1734	0C6E  E8 0004				     call    bitplane_to_pixels
   1735	0C71  59				     pop     cx
   1736	0C72  E2 E4				     loop    locloop_77		     ; Loop if cx > 0
   1737
   1738	0C74  C3				     retn
   1739	0C75			     process_sprite_row		     endp
   1740
   1741
   1742				     ;ï¿½ï¿½ï¿½ï¿½ï¿½ï¿½ï¿½ï¿½ï¿½ï¿½ï¿½ï¿½ï¿½ï¿½ï¿½ï¿½ï¿½ï¿½ï¿½ï¿½ï¿½ï¿½ï¿½ï¿½ï¿½ï¿½ï¿½ï¿½ï¿½ï¿½ï¿½ï
   1743				     ¿½ï¿½ï¿½ï¿½ï¿½ï¿½ï¿½ï¿½ï¿½ï¿½ï¿½ï¿½ï¿½ï¿½ï¿½ï¿½ï¿½ï¿½ï¿½ï¿½ï¿½ï¿½ï¿½ï¿½ï¿½ï¿½ï¿½ï¿½ï¿½ï¿½ï¿½ï¿½
   1744				     ï¿½ï¿½ï¿½ï¿½ï¿½ï¿½ï¿½ï¿½ï¿½ï¿½ï¿½
   1745				     ;				    SUBROUTINE
   1746				     ;ï¿½ï¿½ï¿½ï¿½ï¿½ï¿½ï¿½ï¿½ï¿½ï¿½ï¿½ï¿½ï¿½ï¿½ï¿½ï¿½ï¿½ï¿½ï¿½ï¿½ï¿½ï¿½ï¿½ï¿½ï¿½ï¿½ï¿½ï¿½ï¿½ï¿½ï¿½ï
   1747				     ¿½ï¿½ï¿½ï¿½ï¿½ï¿½ï¿½ï¿½ï¿½ï¿½ï¿½ï¿½ï¿½ï¿½ï¿½ï¿½ï¿½ï¿½ï¿½ï¿½ï¿½ï¿½ï¿½ï¿½ï¿½ï¿½ï¿½ï¿½ï¿½ï¿½ï¿½ï¿½
   1748				     ï¿½ï¿½ï¿½ï¿½ï¿½ï¿½ï¿½ï¿½ï¿½ï¿½ï¿½
   1749
   1750	0C75			     bitplane_to_pixels		     proc    near
   1751	0C75  B9 0002				     mov     cx,2
   1752
   1753	0C78			     locloop_78:
   1754	0C78  E8 002C				     call    extract_bitplane_bit
   1755	0C7B  E8 0029				     call    extract_bitplane_bit
   1756	0C7E  E8 0026				     call    extract_bitplane_bit
   1757	0C81  E8 0023				     call    extract_bitplane_bit
   1758	0C84  E8 0020				     call    extract_bitplane_bit
   1759	0C87  2E: D1 06	2CC7			     rol     word ptr cs:data_45e,1  ; Rotate
   1760	0C8C  13 C0				     adc     ax,ax
   1761	0C8E  AB				     stosw			     ; Store ax	to es:[di]
   1762	0C8F  2E: D1 06	2CC5			     rol     word ptr cs:data_44e,1  ; Rotate
   1763	0C94  13 C0				     adc     ax,ax
   1764	0C96  2E: D1 06	2CC3			     rol     word ptr cs:data_43e,1  ; Rotate
   1765	0C9B  13 C0				     adc     ax,ax
   1766	0C9D  E8 0007				     call    extract_bitplane_bit
   1767	0CA0  E8 0004				     call    extract_bitplane_bit
   1768	0CA3  AA				     stosb			     ; Store al	to es:[di]
   1769	0CA4  E2 D2				     loop    locloop_78		     ; Loop if cx > 0
   1770
   1771	0CA6  C3				     retn
   1772	0CA7			     bitplane_to_pixels		     endp
   1773
   1774
   1775				     ;ï¿½ï¿½ï¿½ï¿½ï¿½ï¿½ï¿½ï¿½ï¿½ï¿½ï¿½ï¿½ï¿½ï¿½ï¿½ï¿½ï¿½ï¿½ï¿½ï¿½ï¿½ï¿½ï¿½ï¿½ï¿½ï¿½ï¿½ï¿½ï¿½ï¿½ï¿½ï
   1776				     ¿½ï¿½ï¿½ï¿½ï¿½ï¿½ï¿½ï¿½ï¿½ï¿½ï¿½ï¿½ï¿½ï¿½ï¿½ï¿½ï¿½ï¿½ï¿½ï¿½ï¿½ï¿½ï¿½ï¿½ï¿½ï¿½ï¿½ï¿½ï¿½ï¿½ï¿½ï¿½
   1777				     ï¿½ï¿½ï¿½ï¿½ï¿½ï¿½ï¿½ï¿½ï¿½ï¿½ï¿½
   1778				     ;				    SUBROUTINE
   1779				     ;ï¿½ï¿½ï¿½ï¿½ï¿½ï¿½ï¿½ï¿½ï¿½ï¿½ï¿½ï¿½ï¿½ï¿½ï¿½ï¿½ï¿½ï¿½ï¿½ï¿½ï¿½ï¿½ï¿½ï¿½ï¿½ï¿½ï¿½ï¿½ï¿½ï¿½ï¿½ï
   1780				     ¿½ï¿½ï¿½ï¿½ï¿½ï¿½ï¿½ï¿½ï¿½ï¿½ï¿½ï¿½ï¿½ï¿½ï¿½ï¿½ï¿½ï¿½ï¿½ï¿½ï¿½ï¿½ï¿½ï¿½ï¿½ï¿½ï¿½ï¿½ï¿½ï¿½ï¿½ï¿½
   1781				     ï¿½ï¿½ï¿½ï¿½ï¿½ï¿½ï¿½ï¿½ï¿½ï¿½ï¿½
   1782
Turbo Assembler	 Version 2.01	     03/22/26 11:45:15	    Page 34
gmmcga.asm



   1783	0CA7			     extract_bitplane_bit	     proc    near
   1784	0CA7  2E: D1 06	2CC7			     rol     word ptr cs:data_45e,1  ; Rotate
   1785	0CAC  13 C0				     adc     ax,ax
   1786	0CAE  2E: D1 06	2CC5			     rol     word ptr cs:data_44e,1  ; Rotate
   1787	0CB3  13 C0				     adc     ax,ax
   1788	0CB5  2E: D1 06	2CC3			     rol     word ptr cs:data_43e,1  ; Rotate
   1789	0CBA  13 C0				     adc     ax,ax
   1790	0CBC  C3				     retn
   1791	0CBD			     extract_bitplane_bit	     endp
   1792
   1793	0CBD  0C*(00)				     db	     12	dup (0)
   1794
   1795	0CC9			     seg_a	     ends
   1796
   1797
   1798
   1799						     end     start
Turbo Assembler	 Version 2.01	     03/22/26 11:45:15	    Page 35
Symbol Table




Symbol Name			  Type	 Value

??DATE				  Text	 "03/22/26"
??FILENAME			  Text	 "gmmcga  "
??TIME				  Text	 "11:45:15"
??VERSION			  Number 0201
@CPU				  Text	 0101H
@CURSEG				  Text	 SEG_A
@FILENAME			  Text	 GMMCGA
@WORDSIZE			  Text	 2
BITPLANE_TO_PIXELS		  Near	 SEG_A:0C75
CALC_TEXT_WIDTH			  Near	 SEG_A:029E
CLEAR_SCREEN			  Near	 SEG_A:00E8
DATA_16				  Byte	 SEG_A:0130
DATA_1E				  Number 012C
DATA_2E				  Number 2658
DATA_32E			  Number 2226
DATA_33E			  Number 2434
DATA_34E			  Number 2435
DATA_35E			  Number 2437
DATA_36E			  Number 24EA
DATA_37E			  Number 2A5D
DATA_38E			  Number 2CBD
DATA_39E			  Number 2CBE
DATA_3E				  Number E200
DATA_40E			  Number 2CBF
DATA_41E			  Number 2CC0
DATA_42E			  Number 2CC2
DATA_43E			  Number 2CC3
DATA_44E			  Number 2CC5
DATA_45E			  Number 2CC7
DATA_46E			  Number 9521
DATA_47E			  Number F500
DATA_48E			  Number F502
DATA_49E			  Number F504
DATA_4E				  Number E202
DATA_50E			  Number FF01
DATA_51E			  Number FF2C
DATA_52E			  Number FF77
DATA_53E			  Number 0000
DATA_54E			  Number 0140
DATA_55E			  Number 0140
DATA_56E			  Number 11B0
DATA_5E				  Number E206
DATA_6E				  Number E20A
DATA_7E				  Number E20C
DECODE_BITPLANE_TILE		  Near	 SEG_A:04F2
EXTRACT_BITPLANE_BIT		  Near	 SEG_A:0CA7
EXTRACT_BITPLANE_PIXELS		  Near	 SEG_A:07B2
FILL_HORIZONTAL_LINE		  Near	 SEG_A:00B6
FILL_RECTANGLE			  Near	 SEG_A:0A06
FILL_VERTICAL_LINE		  Near	 SEG_A:02B0
GMMCGA				  Far	 SEG_A:0000
Turbo Assembler	 Version 2.01	     03/22/26 11:45:15	    Page 36
Symbol Table



INIT_TIMESTAMP			  Near	 SEG_A:041B
INT_DIVIDE_BCD			  Near	 SEG_A:0499
LOCLOOP_10			  Near	 SEG_A:0148
LOCLOOP_12			  Near	 SEG_A:0168
LOCLOOP_13			  Near	 SEG_A:016C
LOCLOOP_15			  Near	 SEG_A:0187
LOCLOOP_18			  Near	 SEG_A:01E7
LOCLOOP_20			  Near	 SEG_A:0207
LOCLOOP_22			  Near	 SEG_A:021B
LOCLOOP_23			  Near	 SEG_A:0245
LOCLOOP_25			  Near	 SEG_A:0274
LOCLOOP_27			  Near	 SEG_A:028D
LOCLOOP_3			  Near	 SEG_A:009A
LOCLOOP_33			  Near	 SEG_A:0338
LOCLOOP_38			  Near	 SEG_A:0424
LOCLOOP_45			  Near	 SEG_A:0501
LOCLOOP_48			  Near	 SEG_A:052D
LOCLOOP_51			  Near	 SEG_A:057E
LOCLOOP_54			  Near	 SEG_A:0766
LOCLOOP_55			  Near	 SEG_A:07B5
LOCLOOP_57			  Near	 SEG_A:083A
LOCLOOP_58			  Near	 SEG_A:083F
LOCLOOP_6			  Near	 SEG_A:0111
LOCLOOP_60			  Near	 SEG_A:0884
LOCLOOP_61			  Near	 SEG_A:08C9
LOCLOOP_62			  Near	 SEG_A:090A
LOCLOOP_68			  Near	 SEG_A:09AD
LOCLOOP_69			  Near	 SEG_A:09F1
LOCLOOP_7			  Near	 SEG_A:0116
LOCLOOP_70			  Near	 SEG_A:0A09
LOCLOOP_71			  Near	 SEG_A:0A45
LOCLOOP_72			  Near	 SEG_A:0A49
LOCLOOP_74			  Near	 SEG_A:0C0B
LOCLOOP_75			  Near	 SEG_A:0C10
LOCLOOP_76			  Near	 SEG_A:0C4D
LOCLOOP_77			  Near	 SEG_A:0C58
LOCLOOP_78			  Near	 SEG_A:0C78
LOCLOOP_8			  Near	 SEG_A:013B
LOCLOOP_9			  Near	 SEG_A:0144
LOC_1				  Near	 SEG_A:0062
LOC_11				  Near	 SEG_A:0150
LOC_14				  Near	 SEG_A:0174
LOC_16				  Near	 SEG_A:0195
LOC_17				  Near	 SEG_A:01C0
LOC_19				  Near	 SEG_A:01F5
LOC_2				  Near	 SEG_A:0070
LOC_21				  Near	 SEG_A:0215
LOC_24				  Near	 SEG_A:0265
LOC_26				  Near	 SEG_A:0284
LOC_28				  Near	 SEG_A:02AC
LOC_29				  Near	 SEG_A:02B0
LOC_30				  Near	 SEG_A:0303
LOC_31				  Near	 SEG_A:0309
LOC_32				  Near	 SEG_A:0312
Turbo Assembler	 Version 2.01	     03/22/26 11:45:15	    Page 37
Symbol Table



LOC_34				  Near	 SEG_A:0358
LOC_35				  Near	 SEG_A:035F
LOC_36				  Near	 SEG_A:0371
LOC_37				  Near	 SEG_A:03FE
LOC_39				  Near	 SEG_A:042B
LOC_4				  Near	 SEG_A:00E8
LOC_40				  Near	 SEG_A:0482
LOC_41				  Near	 SEG_A:0490
LOC_42				  Near	 SEG_A:0494
LOC_43				  Near	 SEG_A:0496
LOC_44				  Near	 SEG_A:04D2
LOC_46				  Near	 SEG_A:0512
LOC_47				  Near	 SEG_A:0517
LOC_49				  Near	 SEG_A:0534
LOC_5				  Near	 SEG_A:00F0
LOC_50				  Near	 SEG_A:0540
LOC_52				  Near	 SEG_A:0632
LOC_53				  Near	 SEG_A:0653
LOC_56				  Near	 SEG_A:0809
LOC_59				  Near	 SEG_A:084B
LOC_63				  Near	 SEG_A:0930
LOC_64				  Near	 SEG_A:0934
LOC_65				  Near	 SEG_A:093A
LOC_66				  Near	 SEG_A:0955
LOC_67				  Near	 SEG_A:0967
LOC_73				  Near	 SEG_A:0A50
MODULO_DIVIDE_BCD		  Near	 SEG_A:0480
PLOT_PIXEL			  Near	 SEG_A:01CE
PROCESS_SPRITE_ROW		  Near	 SEG_A:0C55
RENDER_TEXT_CHAR		  Near	 SEG_A:0345
RENDER_TEXT_CHAR_ALT		  Near	 SEG_A:07E9
RENDER_TILEMAP_LARGE		  Near	 SEG_A:04A3
RENDER_TILEMAP_SMALL		  Near	 SEG_A:0748
START				  Near	 SEG_A:0000
TARGET				  Number 5432
TIME_TO_BCD			  Near	 SEG_A:043A

Macro Name

CALLF
CALLFX
CALLS
JMPN
JMPS

Groups & Segments		  Bit Size Align  Combine Class

SEG_A				  16  0CC9 Byte	  Public
