Turbo Assembler	 Version 2.01	     03/22/26 11:45:41	    Page 1
stdply.asm



      1
      2
      3				     ;==========================================================================
      4				     ;
      5				     ;	STDPLY.BIN - Standard Player Input Driver (Data-Only Module)
      6				     ;
      7				     ;	Loaded by zeliad.exe as	the default player input configuration.
      8				     ;	Contains key mappings, movement	parameters, and	player sprite masks.
      9				     ;	No executable code - purely configuration data tables.
     10				     ;
     11				     ;	Code type: zero	start
     12				     ;	Created:   16-Feb-26
     13				     ;	Passes:	   9	      Analysis Options on: none
     14				     ;
     15				     ;==========================================================================
     16
     17	      =	5432		     target	     EQU   'T2'			     ; Target assembler: TASM-2.X
     18
     19				     include  srmacros.inc
1    20
1    21				     ; Macros which may	be required for	proper re-assembly
1    22
1    23
1    24
1    25
1    26
1    27				     ;-----------------------------------------------------------------------------
1    28				     ; Some assemblers,	like TASM, check each far call and jump, to see	if it is
1    29				     ; in the same segment.  If	so, rather than	produce	the standard five byte far
1    30				     ; instruction it uses a near jump or call.
1    31
1    32				     calls	     macro   dummy1, dummy2, slocation
1    33						     db	     9Ah		     ; forced call far instruction
1    34						     dw	     offset slocation, seg slocation
1    35				     endm
1    36
1    37				     jmps	     macro   dummy1, dummy2, jlocation
1    38						     db	     0EAh		     ; forced jump far instruction
1    39						     dw	     offset jlocation, seg jlocation
1    40				     endm
1    41
1    42
1    43
1    44
1    45				     ;-----------------------------------------------------------------------------
1    46				     ;	Some compilers and some	assemblers will	code a call that goes to a far
1    47				     ;	subroutine in the same segment as:
1    48				     ;
1    49				     ;		     PUSH    CS
1    50				     ;		     CALL    near
1    51				     ;
1    52				     ;	This saves one byte, and is slightly faster.  If the assembler you are
1    53				     ;	using (i.e. MASM, Optasm) does not do this automatically, the following
1    54				     ;	macros are used	to code	the same information.  In other	words, the binary
Turbo Assembler	 Version 2.01	     03/22/26 11:45:41	    Page 2
stdply.asm



1    55				     ;	file has "PUSH CS, CALL	near", and Sourcer ensures the same instructions
1    56				     ;	are used!  (macro CALLF)
1    57				     ;
1    58
1    59				     callf	     macro   location
1    60						     push    cs
1    61						     call    near ptr location
1    62				     endm
1    63
1    64				     ;	Some compilers generate	an unnecessary DS override on the call instruction
1    65				     ;	when compacting	the CALLF type function.  Macro	CALLFX handles this case.
1    66
1    67				     callfx	     macro   location
1    68						     push    cs
1    69						     db	     3Eh
1    70						     call    near ptr location
1    71				     endm
1    72
1    73
1    74				     ;-----------------------------------------------------------------------------
1    75				     ;	Some compilers and some	assemblers will	code a near call that is the
1    76				     ;	selected assembler will	convert	to a short jump	to save	a byte.	 This
1    77				     ;	reconstructs a near jump for these cases.
1    78
1    79				     jmpn	     macro   location
1    80						     db	     0E9h
1    81						     dw	     offset location-$-2
1    82				     endm
1    83
1    84
1    85
     86
     87
     88	0000			     seg_a	     segment byte public
     89						     assume  cs:seg_a, ds:seg_a
     90
     91
     92						     org     0
     93
     94	0000			     stdply	     proc    far
     95
     96	0000			     start:
     97
     98				     ;--------------------------------------------------------------------------
     99				     ;	Key Mapping Table (128 bytes)
    100				     ;	64 word	entries	mapping	scancodes to game actions
    101				     ;	Indexed	by keyboard scancode, value = action ID
    102				     ;--------------------------------------------------------------------------
    103
    104	0000  40*(0000)		     key_map_table   dw	     64	dup (0)
    105
    106				     ;--------------------------------------------------------------------------
    107				     ;	Player Movement	Parameters
    108				     ;	Walk speed, acceleration, jump height, etc.
Turbo Assembler	 Version 2.01	     03/22/26 11:45:41	    Page 3
stdply.asm



    109				     ;--------------------------------------------------------------------------
    110
    111	0080  1E 00 00 0A 0A	     movement_params db	      1Eh, 00h,	00h, 0Ah, 0Ah
    112	0085  0B*(00)				     db	     11	dup (0)
    113	0090  50 00 01				     db	      50h, 00h,	01h
    114	0093  18*(00)				     db	     24	dup (0)
    115
    116				     ;--------------------------------------------------------------------------
    117				     ;	Attack/Combat Parameters
    118				     ;	Sword reach, attack speed, damage frames, etc.
    119				     ;--------------------------------------------------------------------------
    120
    121	00AB  0C 06 08 04 03 04	     combat_params   db	      0Ch, 06h,	08h, 04h, 03h, 04h
    122	00B1  03 50 00 0C 06 08			     db	      03h, 50h,	00h, 0Ch, 06h, 08h
    123	00B7  04 03 04 03 00			     db	      04h, 03h,	04h, 03h, 00h
    124	00BC  08*(00)				     db	     8 dup (0)
    125
    126				     ;--------------------------------------------------------------------------
    127				     ;	Player Sprite Mask / Collision Data
    128				     ;	Bitmask	data for player	hitbox and sprite rendering
    129				     ;--------------------------------------------------------------------------
    130
    131	00C4  80 81 00 00 00 8A	     sprite_masks    db	      80h, 81h,	00h, 00h, 00h, 8Ah
    132	00CA  A6 6B 75 42 4C 4B			     db	     0A6h, 6Bh,	75h, 42h, 4Ch, 4Bh
    133	00D0  01 FF C0 C0 E0 E0			     db	      01h,0FFh,0C0h,0C0h,0E0h,0E0h
    134	00D6  70 38 38 F8 F8 C0			     db	      70h, 38h,	38h,0F8h,0F8h,0C0h
    135	00DC  E0 E0 70 30 38 1C			     db	     0E0h,0E0h,	70h, 30h, 38h, 1Ch
    136	00E2  1C FC 00 00 00 00			     db	      1Ch,0FCh,	00h, 00h, 00h, 00h
    137	00E8  00				     db	      00h
    138
    139	00E9			     stdply	     endp
    140
    141	00E9			     seg_a	     ends
    142
    143
    144
    145						     end     start
Turbo Assembler	 Version 2.01	     03/22/26 11:45:41	    Page 4
Symbol Table




Symbol Name			  Type	 Value

??DATE				  Text	 "03/22/26"
??FILENAME			  Text	 "stdply  "
??TIME				  Text	 "11:45:41"
??VERSION			  Number 0201
@CPU				  Text	 0101H
@CURSEG				  Text	 SEG_A
@FILENAME			  Text	 STDPLY
@WORDSIZE			  Text	 2
COMBAT_PARAMS			  Byte	 SEG_A:00AB
KEY_MAP_TABLE			  Word	 SEG_A:0000
MOVEMENT_PARAMS			  Byte	 SEG_A:0080
SPRITE_MASKS			  Byte	 SEG_A:00C4
START				  Near	 SEG_A:0000
STDPLY				  Far	 SEG_A:0000
TARGET				  Number 5432

Macro Name

CALLF
CALLFX
CALLS
JMPN
JMPS

Groups & Segments		  Bit Size Align  Combine Class

SEG_A				  16  00E9 Byte	  Public
