Turbo Assembler	 Version 2.01	     03/22/26 12:30:32	    Page 1
201CBTUI.asm



      1
      2
      3				     ;==========================================================================
      4				     ;
      5				     ;	COMBAT_UI - Code Module
      6				     ;
      7				     ;==========================================================================
      8
      9	      =	5432		     target	     EQU   'T2'			     ; Target assembler: TASM-2.X
     10
     11				     include  srmacros.inc
1    12
1    13				     ; Macros which may	be required for	proper re-assembly
1    14
1    15
1    16
1    17
1    18
1    19				     ;-----------------------------------------------------------------------------
1    20				     ; Some assemblers,	like TASM, check each far call and jump, to see	if it is
1    21				     ; in the same segment.  If	so, rather than	produce	the standard five byte far
1    22				     ; instruction it uses a near jump or call.
1    23
1    24				     calls	     macro   dummy1, dummy2, slocation
1    25						     db	     9Ah		     ; forced call far instruction
1    26						     dw	     offset slocation, seg slocation
1    27				     endm
1    28
1    29				     jmps	     macro   dummy1, dummy2, jlocation
1    30						     db	     0EAh		     ; forced jump far instruction
1    31						     dw	     offset jlocation, seg jlocation
1    32				     endm
1    33
1    34
1    35
1    36
1    37				     ;-----------------------------------------------------------------------------
1    38				     ;	Some compilers and some	assemblers will	code a call that goes to a far
1    39				     ;	subroutine in the same segment as:
1    40				     ;
1    41				     ;		     PUSH    CS
1    42				     ;		     CALL    near
1    43				     ;
1    44				     ;	This saves one byte, and is slightly faster.  If the assembler you are
1    45				     ;	using (i.e. MASM, Optasm) does not do this automatically, the following
1    46				     ;	macros are used	to code	the same information.  In other	words, the binary
1    47				     ;	file has "PUSH CS, CALL	near", and Sourcer ensures the same instructions
1    48				     ;	are used!  (macro CALLF)
1    49				     ;
1    50
1    51				     callf	     macro   location
1    52						     push    cs
1    53						     call    near ptr location
1    54				     endm
Turbo Assembler	 Version 2.01	     03/22/26 12:30:32	    Page 2
201CBTUI.asm



1    55
1    56				     ;	Some compilers generate	an unnecessary DS override on the call instruction
1    57				     ;	when compacting	the CALLF type function.  Macro	CALLFX handles this case.
1    58
1    59				     callfx	     macro   location
1    60						     push    cs
1    61						     db	     3Eh
1    62						     call    near ptr location
1    63				     endm
1    64
1    65
1    66				     ;-----------------------------------------------------------------------------
1    67				     ;	Some compilers and some	assemblers will	code a near call that is the
1    68				     ;	selected assembler will	convert	to a short jump	to save	a byte.	 This
1    69				     ;	reconstructs a near jump for these cases.
1    70
1    71				     jmpn	     macro   location
1    72						     db	     0E9h
1    73						     dw	     offset location-$-2
1    74				     endm
1    75
1    76
1    77
     78
     79
     80				     ; The following equates show data references outside the range of the program.
     81
     82	      =	2000		     data_33e	     equ     2000h		     ;*
     83	      =	2018		     data_34e	     equ     2018h		     ;*
     84	      =	201A		     data_35e	     equ     201Ah		     ;*
     85	      =	201C		     data_36e	     equ     201Ch		     ;*
     86	      =	201E		     data_37e	     equ     201Eh		     ;*
     87	      =	2020		     data_38e	     equ     2020h		     ;*
     88	      =	2022		     data_39e	     equ     2022h		     ;*
     89	      =	2026		     data_40e	     equ     2026h		     ;*
     90	      =	2028		     data_41e	     equ     2028h		     ;*
     91	      =	202E		     data_42e	     equ     202Eh		     ;*
     92	      =	2030		     data_43e	     equ     2030h		     ;*
     93	      =	2032		     data_44e	     equ     2032h		     ;*
     94	      =	2034		     data_45e	     equ     2034h		     ;*
     95	      =	2036		     data_46e	     equ     2036h		     ;*
     96	      =	2038		     data_47e	     equ     2038h		     ;*
     97	      =	203A		     data_48e	     equ     203Ah		     ;*
     98	      =	203C		     data_49e	     equ     203Ch		     ;*
     99	      =	2040		     data_50e	     equ     2040h		     ;*
    100	      =	A00B		     data_51e	     equ     0A00Bh		     ;*
    101	      =	A0C4		     data_52e	     equ     0A0C4h		     ;*
    102	      =	A2B9		     data_53e	     equ     0A2B9h		     ;*
    103	      =	A452		     data_54e	     equ     0A452h		     ;*
    104	      =	A520		     data_55e	     equ     0A520h		     ;*
    105	      =	A9FC		     data_56e	     equ     0A9FCh		     ;*
    106	      =	AAB8		     data_57e	     equ     0AAB8h		     ;*
    107	      =	AAF3		     data_58e	     equ     0AAF3h		     ;*
    108	      =	AB62		     data_59e	     equ     0AB62h		     ;*
Turbo Assembler	 Version 2.01	     03/22/26 12:30:32	    Page 3
201CBTUI.asm



    109	      =	AC32		     data_60e	     equ     0AC32h		     ;*
    110	      =	ACD9		     data_61e	     equ     0ACD9h		     ;*
    111	      =	AD67		     data_62e	     equ     0AD67h		     ;*
    112	      =	ADE8		     data_63e	     equ     0ADE8h		     ;*
    113	      =	ADF8		     data_64e	     equ     0ADF8h		     ;*
    114	      =	ADF9		     data_65e	     equ     0ADF9h		     ;*
    115	      =	ADFA		     data_66e	     equ     0ADFAh		     ;*
    116	      =	ADFB		     data_67e	     equ     0ADFBh		     ;*
    117	      =	ADFC		     data_68e	     equ     0ADFCh		     ;*
    118	      =	ADFD		     data_69e	     equ     0ADFDh		     ;*
    119	      =	ADFE		     data_70e	     equ     0ADFEh		     ;*
    120	      =	ADFF		     data_71e	     equ     0ADFFh		     ;*
    121	      =	AE00		     data_72e	     equ     0AE00h		     ;*
    122	      =	AE01		     data_73e	     equ     0AE01h		     ;*
    123	      =	AE02		     data_74e	     equ     0AE02h		     ;*
    124	      =	AE03		     data_75e	     equ     0AE03h		     ;*
    125	      =	AE0A		     data_76e	     equ     0AE0Ah		     ;*
    126	      =	AE10		     data_77e	     equ     0AE10h		     ;*
    127	      =	C00A		     data_78e	     equ     0C00Ah		     ;*
    128	      =	FF18		     data_79e	     equ     0FF18h		     ;*
    129	      =	FF1A		     data_80e	     equ     0FF1Ah		     ;*
    130	      =	FF4B		     data_81e	     equ     0FF4Bh		     ;*
    131	      =	FF75		     data_82e	     equ     0FF75h		     ;*
    132
    133	0000			     seg_a	     segment byte public
    134						     assume  cs:seg_a, ds:seg_a
    135
    136
    137						     org     0
    138
    139	0000			     zr2_01	     proc    far
    140
    141	0000			     start:
    142	0000  1D 000E				     sbb     ax,0Eh
    143	0003  00 04				     add     [si],al
    144	0005  A0 A00B				     mov     al,ds:data_51e
    145	0008  C6 06 ADF8 00			     mov     byte ptr ds:data_64e,0
    146	000D  EB 05				     jmp     short loc_1
    147	000F  C6 06 F8 AD FF			     db	     0C6h, 06h,0F8h,0ADh,0FFh
    148	0014			     loc_1:
    149	0014  C6 06 AE02 00			     mov     byte ptr ds:data_74e,0
    150	0019  BE ADE8				     mov     si,data_63e
    151	001C  B9 0004				     mov     cx,4
    152
    153	001F			     locloop_2:
    154	001F  51				     push    cx
    155	0020  AD				     lodsw			     ; String [si] to ax
    156	0021  8B D8				     mov     bx,ax
    157	0023  AD				     lodsw			     ; String [si] to ax
    158	0024  8B C8				     mov     cx,ax
    159	0026  56				     push    si
    160	0027  B0 FF				     mov     al,0FFh
    161	0029  2E: FF 16	2000			     call    word ptr cs:data_33e
    162	002E  5E				     pop     si
Turbo Assembler	 Version 2.01	     03/22/26 12:30:32	    Page 4
201CBTUI.asm



    163	002F  59				     pop     cx
    164	0030  E2 ED				     loop    locloop_2		     ; Loop if cx > 0
    165
    166	0032  E8 09A4				     call    combat_func_20
    167	0035  0E				     push    cs
    168	0036  07				     pop     es
    169	0037  BE 00BB				     mov     si,0BBh
    170	003A  BF AE03				     mov     di,data_75e
    171	003D  32 C9				     xor     cl,cl		     ; Zero register
    172	003F  B5 01				     mov     ch,1
    173	0041			     loc_3:
    174	0041  AC				     lodsb			     ; String [si] to al
    175	0042  0A C0				     or	     al,al		     ; Zero ?
    176	0044  74 05				     jz	     loc_4		     ; Jump if zero
    177	0046  8A C5				     mov     al,ch
    178	0048  AA				     stosb			     ; Store al	to es:[di]
    179	0049  FE C1				     inc     cl
    180	004B			     loc_4:
    181	004B  FE C5				     inc     ch
    182	004D  80 FD 08				     cmp     ch,8
    183	0050  75 EF				     jne     loc_3		     ; Jump if not equal
    184	0052  88 0E ADFA			     mov     ds:data_66e,cl
    185	0056  BE 00A1				     mov     si,0A1h
    186	0059  BF AE0A				     mov     di,data_76e
    187	005C  32 C0				     xor     al,al		     ; Zero register
    188	005E  AA				     stosb			     ; Store al	to es:[di]
    189	005F  32 C9				     xor     cl,cl		     ; Zero register
    190	0061  B5 05				     mov     ch,5
    191	0063			     loc_5:
    192	0063  AC				     lodsb			     ; String [si] to al
    193	0064  0A C0				     or	     al,al		     ; Zero ?
    194	0066  74 03				     jz	     loc_6		     ; Jump if zero
    195	0068  AA				     stosb			     ; Store al	to es:[di]
    196	0069  FE C1				     inc     cl
    197	006B			     loc_6:
    198	006B  FE CD				     dec     ch
    199	006D  75 F4				     jnz     loc_5		     ; Jump if not zero
    200	006F  0A C9				     or	     cl,cl		     ; Zero ?
    201	0071  74 02				     jz	     loc_7		     ; Jump if zero
    202	0073  FE C1				     inc     cl
    203	0075			     loc_7:
    204	0075  88 0E ADFC			     mov     ds:data_68e,cl
    205	0079  E8 05CB				     call    combat_func_11
    206	007C  E8 0834				     call    combat_func_17
    207	007F  E8 0653				     call    combat_process_loop_2
    208	0082  E8 05E8				     call    combat_process_loop
    209	0085  E8 06CE				     call    combat_func_14
    210	0088  E8 09D1				     call    combat_func_22
    211	008B  1A C0				     sbb     al,al
    212	008D  A2 AE01				     mov     ds:data_73e,al
    213	0090  32 C9				     xor     cl,cl		     ; Zero register
    214	0092  F6 06 ADFA FF			     test    byte ptr ds:data_66e,0FFh
    215	0097  75 1F				     jnz     loc_9		     ; Jump if not zero
    216	0099  FE C1				     inc     cl
Turbo Assembler	 Version 2.01	     03/22/26 12:30:32	    Page 5
201CBTUI.asm



    217	009B  F6 06 ADFC FF			     test    byte ptr ds:data_68e,0FFh
    218	00A0  75 16				     jnz     loc_9		     ; Jump if not zero
    219	00A2  F6 06 ADF8 FF			     test    byte ptr ds:data_64e,0FFh
    220	00A7  75 09				     jnz     loc_8		     ; Jump if not zero
    221	00A9  FE C1				     inc     cl
    222	00AB  F6 06 ADFE FF			     test    byte ptr ds:data_70e,0FFh
    223	00B0  75 06				     jnz     loc_9		     ; Jump if not zero
    224	00B2			     loc_8:
    225	00B2  E8 09A7				     call    combat_func_22
    226	00B5  73 FB				     jnc     loc_8		     ; Jump if carry=0
    227	00B7  C3				     retn
    228	00B8			     loc_9:
    229	00B8  88 0E ADF9			     mov     ds:data_65e,cl
    230	00BC			     loc_10:
    231	00BC  8A 1E ADF9			     mov     bl,ds:data_65e
    232	00C0  32 FF				     xor     bh,bh		     ; Zero register
    233	00C2  03 DB				     add     bx,bx
    234	00C4  FF A7 A0C4			     jmp     word ptr ds:data_52e[bx]	     ;*
    235										     ;*	No entry point to code
    236	00C8  CA BBA0				     retf    0BBA0h
    237										     ;*	No entry point to code
    238	00CB  A1 A2B9				     mov     ax,ds:data_53e
    239	00CE  E8 0908				     call    combat_func_20
    240	00D1  B0 02				     mov     al,2
    241	00D3  E8 00A9				     call    combat_func_2
    242	00D6			     loc_11:
    243	00D6  CD 61				     int     61h		     ; ??INT Non-standard interrupt
    244	00D8  24 03				     and     al,3
    245	00DA  75 FA				     jnz     loc_11		     ; Jump if not zero
    246	00DC			     loc_12:
    247	00DC  E8 097D				     call    combat_func_22
    248	00DF  73 01				     jnc     loc_13		     ; Jump if carry=0
    249	00E1  C3				     retn
    250	00E2			     loc_13:
    251	00E2  CD 61				     int     61h		     ; ??INT Non-standard interrupt
    252	00E4  24 0E				     and     al,0Eh
    253	00E6  74 F4				     jz	     loc_12		     ; Jump if zero
    254	00E8  24 0C				     and     al,0Ch
    255	00EA  75 03				     jnz     loc_14		     ; Jump if not zero
    256	00EC  E9 00A5				     jmp     loc_17
    257	00EF			     loc_14:
    258	00EF  A8 04				     test    al,4
    259	00F1  75 27				     jnz     loc_15		     ; Jump if not zero
    260	00F3  A0 ADFB				     mov     al,ds:data_67e
    261	00F6  FE C0				     inc     al
    262	00F8  8A 26 ADFA			     mov     ah,ds:data_66e
    263	00FC  FE CC				     dec     ah
    264	00FE  3A E0				     cmp     ah,al
    265	0100  72 DA				     jb	     loc_12		     ; Jump if below
    266	0102  32 C0				     xor     al,al		     ; Zero register
    267	0104  E8 0078				     call    combat_func_2
    268	0107  FE 06 ADFB			     inc     byte ptr ds:data_67e
    269	010B  B0 02				     mov     al,2
    270	010D  E8 006F				     call    combat_func_2
Turbo Assembler	 Version 2.01	     03/22/26 12:30:32	    Page 6
201CBTUI.asm



    271	0110  C6 06 FF75 0C			     mov     byte ptr ds:data_82e,0Ch
    272	0115  E8 0021				     call    combat_func_1
    273	0118  EB C2				     jmp     short loc_12
    274	011A			     loc_15:
    275	011A  F6 06 ADFB FF			     test    byte ptr ds:data_67e,0FFh
    276	011F  74 BB				     jz	     loc_12		     ; Jump if zero
    277	0121  32 C0				     xor     al,al		     ; Zero register
    278	0123  E8 0059				     call    combat_func_2
    279	0126  FE 0E ADFB			     dec     byte ptr ds:data_67e
    280	012A  B0 02				     mov     al,2
    281	012C  E8 0050				     call    combat_func_2
    282	012F  C6 06 FF75 0C			     mov     byte ptr ds:data_82e,0Ch
    283	0134  E8 0002				     call    combat_func_1
    284	0137  EB A3				     jmp     short loc_12
    285
    286	0139			     zr2_01	     endp
    287
    288				     ;ßßßßßßßßßßßßßßßßßßßßßßßßßßßßßßßßßßßßßßßßßßßßßßßßßßßßßßßßßßßßßßßßßßßßßßßßßß
    289				     ;				    SUBROUTINE
    290				     ;ÜÜÜÜÜÜÜÜÜÜÜÜÜÜÜÜÜÜÜÜÜÜÜÜÜÜÜÜÜÜÜÜÜÜÜÜÜÜÜÜÜÜÜÜÜÜÜÜÜÜÜÜÜÜÜÜÜÜÜÜÜÜÜÜÜÜÜÜÜÜÜÜÜÜ
    291
    292	0139			     combat_func_1	     proc    near
    293	0139  BB AE03				     mov     bx,data_75e
    294	013C  A0 ADFB				     mov     al,ds:data_67e
    295	013F  D7				     xlat			     ; al=[al+[bx]] table
    296	0140  A2 009D				     mov     byte ptr ds:[9Dh],al
    297	0143  BB 2711				     mov     bx,2711h
    298	0146  B9 1009				     mov     cx,1009h
    299	0149  32 C0				     xor     al,al		     ; Zero register
    300	014B  2E: FF 16	2000			     call    word ptr cs:data_33e
    301	0150  8A 1E 009D			     mov     bl,byte ptr ds:[9Dh]
    302	0154  FE CB				     dec     bl
    303	0156  32 FF				     xor     bh,bh		     ; Zero register
    304	0158  03 DB				     add     bx,bx
    305	015A  8B B7 AAB8			     mov     si,ds:data_57e[bx]
    306	015E  BB 009E				     mov     bx,9Eh
    307	0161  B1 12				     mov     cl,12h
    308	0163  B4 01				     mov     ah,1
    309				     ;*		     call    combat_func_21		     ;*
    310	0165  E8 C7 08				     db	     0E8h,0C7h,	08h	     ;	Fixup -	byte match
    311	0168  A0 009D				     mov     al,byte ptr ds:[9Dh]
    312	016B  BB 37A4				     mov     bx,37A4h
    313	016E  2E: FF 16	201E			     call    word ptr cs:data_37e
    314	0173  2E: FF 16	2018			     call    word ptr cs:data_34e
    315	0178			     loc_16:
    316	0178  CD 61				     int     61h		     ; ??INT Non-standard interrupt
    317	017A  24 0C				     and     al,0Ch
    318	017C  75 FA				     jnz     loc_16		     ; Jump if not zero
    319	017E  C3				     retn
    320	017F			     combat_func_1	     endp
    321
    322
    323				     ;ßßßßßßßßßßßßßßßßßßßßßßßßßßßßßßßßßßßßßßßßßßßßßßßßßßßßßßßßßßßßßßßßßßßßßßßßßß
    324				     ;				    SUBROUTINE
Turbo Assembler	 Version 2.01	     03/22/26 12:30:32	    Page 7
201CBTUI.asm



    325				     ;ÜÜÜÜÜÜÜÜÜÜÜÜÜÜÜÜÜÜÜÜÜÜÜÜÜÜÜÜÜÜÜÜÜÜÜÜÜÜÜÜÜÜÜÜÜÜÜÜÜÜÜÜÜÜÜÜÜÜÜÜÜÜÜÜÜÜÜÜÜÜÜÜÜÜ
    326
    327	017F			     combat_func_2	     proc    near
    328	017F  8A 3E ADFB			     mov     bh,ds:data_67e
    329	0183  32 DB				     xor     bl,bl		     ; Zero register
    330	0185  03 DB				     add     bx,bx
    331	0187  03 DB				     add     bx,bx
    332	0189  03 DB				     add     bx,bx
    333	018B  81 C3 0E1A			     add     bx,0E1Ah
    334	018F  2E: FF 26	202E			     jmp     word ptr cs:data_42e
    335	0194			     combat_func_2	     endp
    336
    337	0194			     loc_17:
    338	0194  B1 01				     mov     cl,1
    339	0196  F6 06 ADFC FF			     test    byte ptr ds:data_68e,0FFh
    340	019B  75 11				     jnz     loc_18		     ; Jump if not zero
    341	019D  F6 06 ADF8 FF			     test    byte ptr ds:data_64e,0FFh
    342	01A2  B1 02				     mov     cl,2
    343	01A4  F6 06 ADFE FF			     test    byte ptr ds:data_70e,0FFh
    344	01A9  75 03				     jnz     loc_18		     ; Jump if not zero
    345	01AB  E9 FF2E				     jmp     loc_12
    346	01AE			     loc_18:
    347	01AE  C6 06 FF75 0D			     mov     byte ptr ds:data_82e,0Dh
    348	01B3  88 0E ADF9			     mov     ds:data_65e,cl
    349	01B7  B0 05				     mov     al,5
    350	01B9  E8 FFC3				     call    combat_func_2
    351	01BC  E9 FEFD				     jmp     loc_10
    352										     ;*	No entry point to code
    353	01BF  E8 0817				     call    combat_func_20
    354	01C2  B0 02				     mov     al,2
    355	01C4  E8 00A3				     call    combat_func_4
    356	01C7			     loc_19:
    357	01C7  CD 61				     int     61h		     ; ??INT Non-standard interrupt
    358	01C9  24 03				     and     al,3
    359	01CB  75 FA				     jnz     loc_19		     ; Jump if not zero
    360	01CD			     loc_20:
    361	01CD  E8 088C				     call    combat_func_22
    362	01D0  73 01				     jnc     loc_21		     ; Jump if carry=0
    363	01D2  C3				     retn
    364	01D3			     loc_21:
    365	01D3  CD 61				     int     61h		     ; ??INT Non-standard interrupt
    366	01D5  24 0F				     and     al,0Fh
    367	01D7  74 F4				     jz	     loc_20		     ; Jump if zero
    368	01D9  8A E0				     mov     ah,al
    369	01DB  24 0C				     and     al,0Ch
    370	01DD  75 03				     jnz     loc_22		     ; Jump if not zero
    371	01DF  E9 009F				     jmp     loc_25
    372	01E2			     loc_22:
    373	01E2  A8 04				     test    al,4
    374	01E4  75 27				     jnz     loc_23		     ; Jump if not zero
    375	01E6  A0 ADFD				     mov     al,ds:data_69e
    376	01E9  FE C0				     inc     al
    377	01EB  8A 26 ADFC			     mov     ah,ds:data_68e
    378	01EF  FE CC				     dec     ah
Turbo Assembler	 Version 2.01	     03/22/26 12:30:32	    Page 8
201CBTUI.asm



    379	01F1  3A E0				     cmp     ah,al
    380	01F3  72 D8				     jb	     loc_20		     ; Jump if below
    381	01F5  32 C0				     xor     al,al		     ; Zero register
    382	01F7  E8 0070				     call    combat_func_4
    383	01FA  FE 06 ADFD			     inc     byte ptr ds:data_69e
    384	01FE  B0 02				     mov     al,2
    385	0200  E8 0067				     call    combat_func_4
    386	0203  C6 06 FF75 0C			     mov     byte ptr ds:data_82e,0Ch
    387	0208  E8 0021				     call    combat_func_3
    388	020B  EB C0				     jmp     short loc_20
    389	020D			     loc_23:
    390	020D  F6 06 ADFD FF			     test    byte ptr ds:data_69e,0FFh
    391	0212  74 B9				     jz	     loc_20		     ; Jump if zero
    392	0214  32 C0				     xor     al,al		     ; Zero register
    393	0216  E8 0051				     call    combat_func_4
    394	0219  FE 0E ADFD			     dec     byte ptr ds:data_69e
    395	021D  B0 02				     mov     al,2
    396	021F  E8 0048				     call    combat_func_4
    397	0222  C6 06 FF75 0C			     mov     byte ptr ds:data_82e,0Ch
    398	0227  E8 0002				     call    combat_func_3
    399	022A  EB A1				     jmp     short loc_20
    400
    401				     ;ßßßßßßßßßßßßßßßßßßßßßßßßßßßßßßßßßßßßßßßßßßßßßßßßßßßßßßßßßßßßßßßßßßßßßßßßßß
    402				     ;				    SUBROUTINE
    403				     ;ÜÜÜÜÜÜÜÜÜÜÜÜÜÜÜÜÜÜÜÜÜÜÜÜÜÜÜÜÜÜÜÜÜÜÜÜÜÜÜÜÜÜÜÜÜÜÜÜÜÜÜÜÜÜÜÜÜÜÜÜÜÜÜÜÜÜÜÜÜÜÜÜÜÜ
    404
    405	022C			     combat_func_3	     proc    near
    406	022C  BB AE0A				     mov     bx,data_76e
    407	022F  A0 ADFD				     mov     al,ds:data_69e
    408	0232  D7				     xlat			     ; al=[al+[bx]] table
    409	0233  A2 009E				     mov     byte ptr ds:[9Eh],al
    410	0236  BB 1742				     mov     bx,1742h
    411	0239  B9 1611				     mov     cx,1611h
    412	023C  32 C0				     xor     al,al		     ; Zero register
    413	023E  2E: FF 16	2000			     call    word ptr cs:data_33e
    414	0243  8A 1E 009E			     mov     bl,byte ptr ds:[9Eh]
    415	0247  32 FF				     xor     bh,bh		     ; Zero register
    416	0249  03 DB				     add     bx,bx
    417	024B  8B B7 AAF3			     mov     si,ds:data_58e[bx]
    418	024F  BB 005C				     mov     bx,5Ch
    419	0252  B1 43				     mov     cl,43h		     ; 'C'
    420	0254  B4 01				     mov     ah,1
    421				     ;*		     call    combat_func_21		     ;*
    422	0256  E8 D6 07				     db	     0E8h,0D6h,	07h	     ;	Fixup -	byte match
    423	0259  BB 005C				     mov     bx,5Ch
    424	025C  B1 4B				     mov     cl,4Bh		     ; 'K'
    425	025E  B4 01				     mov     ah,1
    426				     ;*		     call    combat_func_21		     ;*
    427	0260  E8 CC 07				     db	     0E8h,0CCh,	07h	     ;	Fixup -	byte match
    428	0263			     loc_24:
    429	0263  CD 61				     int     61h		     ; ??INT Non-standard interrupt
    430	0265  24 0C				     and     al,0Ch
    431	0267  75 FA				     jnz     loc_24		     ; Jump if not zero
    432	0269  C3				     retn
Turbo Assembler	 Version 2.01	     03/22/26 12:30:32	    Page 9
201CBTUI.asm



    433	026A			     combat_func_3	     endp
    434
    435
    436				     ;ßßßßßßßßßßßßßßßßßßßßßßßßßßßßßßßßßßßßßßßßßßßßßßßßßßßßßßßßßßßßßßßßßßßßßßßßßß
    437				     ;				    SUBROUTINE
    438				     ;ÜÜÜÜÜÜÜÜÜÜÜÜÜÜÜÜÜÜÜÜÜÜÜÜÜÜÜÜÜÜÜÜÜÜÜÜÜÜÜÜÜÜÜÜÜÜÜÜÜÜÜÜÜÜÜÜÜÜÜÜÜÜÜÜÜÜÜÜÜÜÜÜÜÜ
    439
    440	026A			     combat_func_4	     proc    near
    441	026A  8A 3E ADFD			     mov     bh,ds:data_69e
    442	026E  32 DB				     xor     bl,bl		     ; Zero register
    443	0270  8B CB				     mov     cx,bx
    444	0272  03 DB				     add     bx,bx
    445	0274  03 DB				     add     bx,bx
    446	0276  03 D9				     add     bx,cx
    447	0278  81 C3 0E53			     add     bx,0E53h
    448	027C  2E: FF 26	202E			     jmp     word ptr cs:data_42e
    449	0281			     combat_func_4	     endp
    450
    451	0281			     loc_25:
    452	0281  F6 C4 01				     test    ah,1
    453	0284  74 11				     jz	     loc_27		     ; Jump if zero
    454	0286  F6 06 ADFA FF			     test    byte ptr ds:data_66e,0FFh
    455	028B  75 03				     jnz     loc_26		     ; Jump if not zero
    456	028D  E9 FF3D				     jmp     loc_20
    457	0290			     loc_26:
    458	0290  C6 06 ADF9 00			     mov     byte ptr ds:data_65e,0
    459	0295  EB 19				     jmp     short loc_30
    460	0297			     loc_27:
    461	0297  F6 06 ADF8 FF			     test    byte ptr ds:data_64e,0FFh
    462	029C  74 03				     jz	     loc_28		     ; Jump if zero
    463	029E  E9 FF2C				     jmp     loc_20
    464	02A1			     loc_28:
    465	02A1  F6 06 ADFE FF			     test    byte ptr ds:data_70e,0FFh
    466	02A6  75 03				     jnz     loc_29		     ; Jump if not zero
    467	02A8  E9 FF22				     jmp     loc_20
    468	02AB			     loc_29:
    469	02AB  C6 06 ADF9 02			     mov     byte ptr ds:data_65e,2
    470	02B0			     loc_30:
    471	02B0  C6 06 FF75 0D			     mov     byte ptr ds:data_82e,0Dh
    472	02B5  B0 05				     mov     al,5
    473	02B7  E8 FFB0				     call    combat_func_4
    474	02BA  E9 FDFF				     jmp     loc_10
    475										     ;*	No entry point to code
    476	02BD  E8 0719				     call    combat_func_20
    477	02C0  B0 02				     mov     al,2
    478	02C2  E8 00B9				     call    combat_func_6
    479	02C5			     loc_31:
    480	02C5  CD 61				     int     61h		     ; ??INT Non-standard interrupt
    481	02C7  24 03				     and     al,3
    482	02C9  75 FA				     jnz     loc_31		     ; Jump if not zero
    483	02CB			     loc_32:
    484	02CB  E8 078E				     call    combat_func_22
    485	02CE  73 01				     jnc     loc_33		     ; Jump if carry=0
    486	02D0  C3				     retn
Turbo Assembler	 Version 2.01	     03/22/26 12:30:32	    Page 10
201CBTUI.asm



    487	02D1			     loc_33:
    488	02D1  81 3E FF18 0286			     cmp     word ptr ds:data_79e,286h
    489	02D7  75 03				     jne     loc_34		     ; Jump if not equal
    490	02D9  E9 00DF				     jmp     loc_42
    491	02DC			     loc_34:
    492	02DC  CD 61				     int     61h		     ; ??INT Non-standard interrupt
    493	02DE  80 E4 01				     and     ah,1
    494	02E1  74 03				     jz	     loc_35		     ; Jump if zero
    495	02E3  E9 012B				     jmp     loc_44
    496	02E6			     loc_35:
    497	02E6  24 0D				     and     al,0Dh
    498	02E8  74 E1				     jz	     loc_32		     ; Jump if zero
    499	02EA  50				     push    ax
    500	02EB  E8 033F				     call    combat_func_10
    501	02EE  58				     pop     ax
    502	02EF  24 0C				     and     al,0Ch
    503	02F1  75 03				     jnz     loc_36		     ; Jump if not zero
    504	02F3  E9 009F				     jmp     loc_40
    505	02F6			     loc_36:
    506	02F6  A8 04				     test    al,4
    507	02F8  75 27				     jnz     loc_37		     ; Jump if not zero
    508	02FA  A0 AE00				     mov     al,ds:data_72e
    509	02FD  FE C0				     inc     al
    510	02FF  8A 26 ADFE			     mov     ah,ds:data_70e
    511	0303  FE CC				     dec     ah
    512	0305  3A E0				     cmp     ah,al
    513	0307  72 C2				     jb	     loc_32		     ; Jump if below
    514	0309  32 C0				     xor     al,al		     ; Zero register
    515	030B  E8 0070				     call    combat_func_6
    516	030E  FE 06 AE00			     inc     byte ptr ds:data_72e
    517	0312  B0 02				     mov     al,2
    518	0314  E8 0067				     call    combat_func_6
    519	0317  C6 06 FF75 0C			     mov     byte ptr ds:data_82e,0Ch
    520	031C  E8 0021				     call    combat_func_5
    521	031F  EB AA				     jmp     short loc_32
    522	0321			     loc_37:
    523	0321  F6 06 AE00 FF			     test    byte ptr ds:data_72e,0FFh
    524	0326  74 A3				     jz	     loc_32		     ; Jump if zero
    525	0328  32 C0				     xor     al,al		     ; Zero register
    526	032A  E8 0051				     call    combat_func_6
    527	032D  FE 0E AE00			     dec     byte ptr ds:data_72e
    528	0331  B0 02				     mov     al,2
    529	0333  E8 0048				     call    combat_func_6
    530	0336  C6 06 FF75 0C			     mov     byte ptr ds:data_82e,0Ch
    531	033B  E8 0002				     call    combat_func_5
    532	033E  EB 8B				     jmp     short loc_32
    533
    534				     ;ßßßßßßßßßßßßßßßßßßßßßßßßßßßßßßßßßßßßßßßßßßßßßßßßßßßßßßßßßßßßßßßßßßßßßßßßßß
    535				     ;				    SUBROUTINE
    536				     ;ÜÜÜÜÜÜÜÜÜÜÜÜÜÜÜÜÜÜÜÜÜÜÜÜÜÜÜÜÜÜÜÜÜÜÜÜÜÜÜÜÜÜÜÜÜÜÜÜÜÜÜÜÜÜÜÜÜÜÜÜÜÜÜÜÜÜÜÜÜÜÜÜÜÜ
    537
    538	0340			     combat_func_5	     proc    near
    539	0340  BB AE10				     mov     bx,data_77e
    540	0343  A0 AE00				     mov     al,ds:data_72e
Turbo Assembler	 Version 2.01	     03/22/26 12:30:32	    Page 11
201CBTUI.asm



    541	0346  D7				     xlat			     ; al=[al+[bx]] table
    542	0347  A2 ADFF				     mov     ds:data_71e,al
    543	034A  BB 1570				     mov     bx,1570h
    544	034D  B9 1811				     mov     cx,1811h
    545	0350  32 C0				     xor     al,al		     ; Zero register
    546	0352  2E: FF 16	2000			     call    word ptr cs:data_33e
    547	0357  8A 1E ADFF			     mov     bl,ds:data_71e
    548	035B  32 FF				     xor     bh,bh		     ; Zero register
    549	035D  03 DB				     add     bx,bx
    550	035F  8B B7 AC32			     mov     si,ds:data_60e[bx]
    551	0363  BB 0054				     mov     bx,54h
    552	0366  B1 70				     mov     cl,70h		     ; 'p'
    553	0368  B4 01				     mov     ah,1
    554				     ;*		     call    combat_func_21		     ;*
    555	036A  E8 C2 06				     db	     0E8h,0C2h,	06h	     ;	Fixup -	byte match
    556	036D  BB 0054				     mov     bx,54h
    557	0370  B1 78				     mov     cl,78h		     ; 'x'
    558	0372  B4 01				     mov     ah,1
    559				     ;*		     call    combat_func_21		     ;*
    560	0374  E8 B8 06				     db	     0E8h,0B8h,	06h	     ;	Fixup -	byte match
    561	0377			     loc_38:
    562	0377  CD 61				     int     61h		     ; ??INT Non-standard interrupt
    563	0379  24 0C				     and     al,0Ch
    564	037B  75 FA				     jnz     loc_38		     ; Jump if not zero
    565	037D  C3				     retn
    566	037E			     combat_func_5	     endp
    567
    568
    569				     ;ßßßßßßßßßßßßßßßßßßßßßßßßßßßßßßßßßßßßßßßßßßßßßßßßßßßßßßßßßßßßßßßßßßßßßßßßßß
    570				     ;				    SUBROUTINE
    571				     ;ÜÜÜÜÜÜÜÜÜÜÜÜÜÜÜÜÜÜÜÜÜÜÜÜÜÜÜÜÜÜÜÜÜÜÜÜÜÜÜÜÜÜÜÜÜÜÜÜÜÜÜÜÜÜÜÜÜÜÜÜÜÜÜÜÜÜÜÜÜÜÜÜÜÜ
    572
    573	037E			     combat_func_6	     proc    near
    574	037E			     loc_39:
    575	037E  8A 3E AE00			     mov     bh,ds:data_72e
    576	0382  32 DB				     xor     bl,bl		     ; Zero register
    577	0384  8B CB				     mov     cx,bx
    578	0386  03 DB				     add     bx,bx
    579	0388  03 DB				     add     bx,bx
    580	038A  03 D9				     add     bx,cx
    581	038C  81 C3 0E81			     add     bx,0E81h
    582	0390  2E: FF 26	202E			     jmp     word ptr cs:data_42e
    583	0395			     combat_func_6	     endp
    584
    585	0395			     loc_40:
    586	0395  B1 01				     mov     cl,1
    587	0397  F6 06 ADFC FF			     test    byte ptr ds:data_68e,0FFh
    588	039C  75 0C				     jnz     loc_41		     ; Jump if not zero
    589	039E  32 C9				     xor     cl,cl		     ; Zero register
    590	03A0  F6 06 ADFA FF			     test    byte ptr ds:data_66e,0FFh
    591	03A5  75 03				     jnz     loc_41		     ; Jump if not zero
    592	03A7  E9 FF21				     jmp     loc_32
    593	03AA			     loc_41:
    594	03AA  88 0E ADF9			     mov     ds:data_65e,cl
Turbo Assembler	 Version 2.01	     03/22/26 12:30:32	    Page 12
201CBTUI.asm



    595	03AE  C6 06 FF75 0D			     mov     byte ptr ds:data_82e,0Dh
    596	03B3  B0 05				     mov     al,5
    597	03B5  E8 FFC6				     call    combat_func_6
    598	03B8  E9 FD01				     jmp     loc_10
    599	03BB			     loc_42:
    600	03BB  F6 06 AE02 FF			     test    byte ptr ds:data_74e,0FFh
    601	03C0  74 03				     jz	     loc_43		     ; Jump if zero
    602	03C2  E9 FF06				     jmp     loc_32
    603	03C5			     loc_43:
    604	03C5  E8 024B				     call    combat_func_9
    605	03C8  BB 1B43				     mov     bx,1B43h
    606	03CB  B9 1A24				     mov     cx,1A24h
    607	03CE  B0 FF				     mov     al,0FFh
    608	03D0  2E: FF 16	2000			     call    word ptr cs:data_33e
    609	03D5  BE AAA2				     mov     si,0AAA2h
    610	03D8  BB 0080				     mov     bx,80h
    611	03DB  B1 4C				     mov     cl,4Ch		     ; 'L'
    612	03DD  B4 01				     mov     ah,1
    613				     ;*		     call    combat_func_21		     ;*
    614	03DF  E8 4D 06				     db	     0E8h, 4Dh,	06h	     ;	Fixup -	byte match
    615	03E2  A0 008D				     mov     al,byte ptr ds:[8Dh]
    616	03E5  32 E4				     xor     ah,ah		     ; Zero register
    617	03E7  40				     inc     ax
    618	03E8  B9 0002				     mov     cx,2
    619	03EB  B3 06				     mov     bl,6
    620	03ED  BA 2C4C				     mov     dx,2C4Ch
    621	03F0  E8 05C4				     call    combat_func_19
    622	03F3  BE AAA8				     mov     si,0AAA8h
    623	03F6  BB 0080				     mov     bx,80h
    624	03F9  B1 56				     mov     cl,56h		     ; 'V'
    625	03FB  B4 01				     mov     ah,1
    626				     ;*		     call    combat_func_21		     ;*
    627	03FD  E8 2F 06				     db	     0E8h, 2Fh,	06h	     ;	Fixup -	byte match
    628	0400  A1 008E				     mov     ax,word ptr ds:[8Eh]
    629	0403  B9 0005				     mov     cx,5
    630	0406  B3 06				     mov     bl,6
    631	0408  BA 2856				     mov     dx,2856h
    632	040B  E8 05A9				     call    combat_func_19
    633	040E  E9 FEBA				     jmp     loc_32
    634	0411			     loc_44:
    635	0411  F6 06 ADFF FF			     test    byte ptr ds:data_71e,0FFh
    636	0416  75 03				     jnz     loc_45		     ; Jump if not zero
    637	0418  E9 FEB0				     jmp     loc_32
    638	041B			     loc_45:
    639	041B  E8 020F				     call    combat_func_10
    640	041E  B8 A2C7				     mov     ax,0A2C7h
    641	0421  50				     push    ax
    642	0422  B8 A5B4				     mov     ax,0A5B4h
    643	0425  50				     push    ax
    644	0426  8A 0E AE00			     mov     cl,ds:data_72e
    645	042A  32 ED				     xor     ch,ch		     ; Zero register
    646	042C  BB 00A6				     mov     bx,0A6h
    647	042F			     loc_46:
    648	042F  F6 07 FF				     test    byte ptr [bx],0FFh
Turbo Assembler	 Version 2.01	     03/22/26 12:30:32	    Page 13
201CBTUI.asm



    649	0432  74 02				     jz	     loc_47		     ; Jump if zero
    650	0434  FE C5				     inc     ch
    651	0436			     loc_47:
    652	0436  43				     inc     bx
    653	0437  3A E9				     cmp     ch,cl
    654	0439  75 F4				     jne     loc_46		     ; Jump if not equal
    655	043B  C6 47 FF 00			     mov     byte ptr [bx-1],0
    656	043F  E8 0205				     call    combat_func_11
    657	0442  A0 ADFF				     mov     al,ds:data_71e
    658	0445  A2 FF4B				     mov     ds:data_81e,al
    659	0448  8A 1E ADFF			     mov     bl,ds:data_71e
    660	044C  FE CB				     dec     bl
    661	044E  32 FF				     xor     bh,bh		     ; Zero register
    662	0450  03 DB				     add     bx,bx
    663	0452  FF A7 A452			     jmp     word ptr ds:data_54e[bx]	     ;*
    664	0456  62 A4 83 A4 96 A4			     db	      62h,0A4h,	83h,0A4h, 96h,0A4h
    665	045C  BE A4 2C A5 EA A4			     db	     0BEh,0A4h,	2Ch,0A5h,0EAh,0A4h
    666	0462  DB A4 8B A5 C6 06			     db	     0DBh,0A4h,	8Bh,0A5h,0C6h, 06h
    667	0468  75 FF 0E 83 06 90			     db	      75h,0FFh,	0Eh, 83h, 06h, 90h
    668	046E  00 50 A1 90 00 2B			     db	      00h, 50h,0A1h, 90h, 00h, 2Bh
    669	0474  06 B2 00 72 06 A1			     db	      06h,0B2h,	00h, 72h, 06h,0A1h
    670	047A  B2 00 A3 90 00 2E			     db	     0B2h, 00h,0A3h, 90h, 00h, 2Eh
    671	0480  FF 16 08 20 E9 57			     db	     0FFh, 16h,	08h, 20h,0E9h, 57h
    672	0486  01 C6 06 75 FF 0E			     db	      01h,0C6h,	06h, 75h,0FFh, 0Eh
    673	048C  A1 B2 00 A3 90 00			     db	     0A1h,0B2h,	00h,0A3h, 90h, 00h
    674	0492  2E FF 16 08 20 E9			     db	      2Eh,0FFh,	16h, 08h, 20h,0E9h
    675	0498  44 01 C6 06 75 FF			     db	      44h, 01h,0C6h, 06h, 75h,0FFh
    676	049E  0E F6 06 9D 00 FF			     db	      0Eh,0F6h,	06h, 9Dh, 00h,0FFh
    677	04A4  75 01 C3				     db	      75h, 01h,0C3h
    678	04A7			     loc_48:
    679	04A7  8A 1E 009D			     mov     bl,byte ptr ds:[9Dh]
    680	04AB  FE CB				     dec     bl
    681	04AD  32 FF				     xor     bh,bh		     ; Zero register
    682	04AF  8A 87 00B4			     mov     al,byte ptr ds:[0B4h][bx]
    683	04B3  88 87 00AB			     mov     byte ptr ds:[0ABh][bx],al
    684	04B7  2E: FF 16	2018			     call    word ptr cs:data_34e
    685	04BC  E8 046E				     call    combat_func_18
    686	04BF  E9 011C				     jmp     loc_53
    687										     ;*	No entry point to code
    688	04C2  C6 06 FF75 0E			     mov     byte ptr ds:data_82e,0Eh
    689	04C7  0E				     push    cs
    690	04C8  07				     pop     es
    691	04C9  BE 00B4				     mov     si,0B4h
    692	04CC  BF 00AB				     mov     di,0ABh
    693	04CF  B9 0007				     mov     cx,7
    694	04D2  F3> A4				     rep     movsb		     ; Rep when	cx >0 Mov [si] to es:[di]
    695	04D4  2E: FF 16	2018			     call    word ptr cs:data_34e
    696	04D9  E8 0451				     call    combat_func_18
    697	04DC  E9 00FF				     jmp     loc_53
    698										     ;*	No entry point to code
    699	04DF  C6 06 FF75 0E			     mov     byte ptr ds:data_82e,0Eh
    700	04E4  FE 06 00E4			     inc     byte ptr ds:[0E4h]
    701	04E8  E8 0387				     call    combat_func_16
    702	04EB  E9 00F0				     jmp     loc_53
Turbo Assembler	 Version 2.01	     03/22/26 12:30:32	    Page 14
201CBTUI.asm



    703										     ;*	No entry point to code
    704	04EE  C6 06 FF75 0E			     mov     byte ptr ds:data_82e,0Eh
    705	04F3  F6 06 0093 FF			     test    byte ptr ds:[93h],0FFh
    706	04F8  75 01				     jnz     loc_49		     ; Jump if not zero
    707	04FA  C3				     retn
    708	04FB			     loc_49:
    709	04FB  8A 1E 0093			     mov     bl,byte ptr ds:[93h]
    710	04FF  FE CB				     dec     bl
    711	0501  32 FF				     xor     bh,bh		     ; Zero register
    712	0503  03 DB				     add     bx,bx
    713	0505  8B 87 A520			     mov     ax,ds:data_55e[bx]
    714	0509  01 06 0094			     add     word ptr ds:[94h],ax
    715	050D  A1 0094				     mov     ax,word ptr ds:[94h]
    716	0510  2B 06 0096			     sub     ax,word ptr ds:[96h]
    717	0514  72 06				     jc	     loc_50		     ; Jump if carry Set
    718	0516  A1 0096				     mov     ax,word ptr ds:[96h]
    719	0519  A3 0094				     mov     word ptr ds:[94h],ax
    720	051C			     loc_50:
    721	051C  2E: FF 16	201A			     call    word ptr cs:data_35e
    722	0521  E9 00BA				     jmp     loc_53
    723										     ;*	No entry point to code
    724	0524  50				     push    ax
    725				     ;*		     add     [bp+si+0],bl
    726	0525  00 5A 00				     db	      00h, 5Ah,	00h	     ;	Fixup -	byte match
    727	0528  64 00 6E 00 73 00			     db	      64h, 00h,	6Eh, 00h, 73h, 00h
    728	052E  78 00 0E 07 C6 06			     db	      78h, 00h,	0Eh, 07h,0C6h, 06h
    729	0534  75 FF 0E C6 06 84			     db	      75h,0FFh,	0Eh,0C6h, 06h, 84h
    730	053A  A5 00 C6 06 85 A5			     db	     0A5h, 00h,0C6h, 06h, 85h,0A5h
    731	0540  01 BE 84 A5 BF 60			     db	      01h,0BEh,	84h,0A5h,0BFh, 60h
    732	0546  EB B9 07 00 F3 A4			     db	     0EBh,0B9h,	07h, 00h,0F3h,0A4h
    733	054C  C6 06 84 A5 04 C6			     db	     0C6h, 06h,	84h,0A5h, 04h,0C6h
    734	0552  06 85 A5 FF BE 84			     db	      06h, 85h,0A5h,0FFh,0BEh, 84h
    735	0558  A5 BF 67 EB B9 07			     db	     0A5h,0BFh,	67h,0EBh,0B9h, 07h
    736	055E  00 F3 A4 C6 06 84			     db	      00h,0F3h,0A4h,0C6h, 06h, 84h
    737	0564  A5 08 BE 84 A5 BF			     db	     0A5h, 08h,0BEh, 84h,0A5h,0BFh
    738	056A  6E EB B9 07 00 F3			     db	      6Eh,0EBh,0B9h, 07h, 00h,0F3h
    739	0570  A4 C6 06 84 A5 0C			     db	     0A4h,0C6h,	06h, 84h,0A5h, 0Ch
    740	0576  C6 06 85 A5 01 BE			     db	     0C6h, 06h,	85h,0A5h, 01h,0BEh
    741	057C  84 A5 BF 75 EB B9			     db	      84h,0A5h,0BFh, 75h,0EBh,0B9h
    742	0582  07 00 F3 A4 EB 56			     db	      07h, 00h,0F3h,0A4h,0EBh, 56h
    743	0588  00 00 50 00 00 00			     db	      00h, 00h,	50h, 00h, 00h, 00h
    744	058E  00 C6 06 75 FF 0F			     db	      00h,0C6h,	06h, 75h,0FFh, 0Fh
    745	0594  E8 47 00 E8 1E 00			     db	     0E8h, 47h,	00h,0E8h, 1Eh, 00h
    746	059A  58 58 C6 06 24 FF			     db	      58h, 58h,0C6h, 06h, 24h,0FFh
    747	05A0  08 C6 06 1A FF 00			     db	      08h,0C6h,	06h, 1Ah,0FFh, 00h
    748	05A6			     loc_51:
    749	05A6  80 3E FF1A 78			     cmp     byte ptr ds:data_80e,78h	     ; 'x'
    750	05AB  72 F9				     jb	     loc_51		     ; Jump if below
    751	05AD  2E: FF 16	2040			     call    word ptr cs:data_50e
    752	05B2  B8 0001				     mov     ax,1
    753	05B5  CD 60				     int     60h		     ; ??INT Non-standard interrupt
    754	05B7  C3				     retn
    755
    756				     ;ßßßßßßßßßßßßßßßßßßßßßßßßßßßßßßßßßßßßßßßßßßßßßßßßßßßßßßßßßßßßßßßßßßßßßßßßßß
Turbo Assembler	 Version 2.01	     03/22/26 12:30:32	    Page 15
201CBTUI.asm



    757				     ;				    SUBROUTINE
    758				     ;ÜÜÜÜÜÜÜÜÜÜÜÜÜÜÜÜÜÜÜÜÜÜÜÜÜÜÜÜÜÜÜÜÜÜÜÜÜÜÜÜÜÜÜÜÜÜÜÜÜÜÜÜÜÜÜÜÜÜÜÜÜÜÜÜÜÜÜÜÜÜÜÜÜÜ
    759
    760	05B8			     combat_func_7	     proc    near
    761	05B8  32 C0				     xor     al,al		     ; Zero register
    762	05BA  E8 FDC1				     call    combat_func_6
    763	05BD  BB 0E83				     mov     bx,0E83h
    764	05C0  B9 1E10				     mov     cx,1E10h
    765	05C3  32 C0				     xor     al,al		     ; Zero register
    766	05C5  2E: FF 16	2000			     call    word ptr cs:data_33e
    767	05CA  F6 06 ADFE FF			     test    byte ptr ds:data_70e,0FFh
    768	05CF  75 05				     jnz     loc_52		     ; Jump if not zero
    769	05D1  C6 06 ADFE 01			     mov     byte ptr ds:data_70e,1
    770	05D6			     loc_52:
    771	05D6  E8 0094				     call    combat_process_loop
    772	05D9  B0 02				     mov     al,2
    773	05DB  E9 FDA0				     jmp     loc_39
    774	05DE			     combat_func_7	     endp
    775
    776
    777				     ;ßßßßßßßßßßßßßßßßßßßßßßßßßßßßßßßßßßßßßßßßßßßßßßßßßßßßßßßßßßßßßßßßßßßßßßßßßß
    778				     ;				    SUBROUTINE
    779				     ;ÜÜÜÜÜÜÜÜÜÜÜÜÜÜÜÜÜÜÜÜÜÜÜÜÜÜÜÜÜÜÜÜÜÜÜÜÜÜÜÜÜÜÜÜÜÜÜÜÜÜÜÜÜÜÜÜÜÜÜÜÜÜÜÜÜÜÜÜÜÜÜÜÜÜ
    780
    781	05DE			     combat_func_8	     proc    near
    782	05DE			     loc_53:
    783	05DE  E8 0032				     call    combat_func_9
    784	05E1  BB 0F43				     mov     bx,0F43h
    785	05E4  B9 3224				     mov     cx,3224h
    786	05E7  B0 FF				     mov     al,0FFh
    787	05E9  2E: FF 16	2000			     call    word ptr cs:data_33e
    788	05EE  BE AAAC				     mov     si,0AAACh
    789	05F1  BB 0044				     mov     bx,44h
    790	05F4  B1 4C				     mov     cl,4Ch		     ; 'L'
    791	05F6  B4 01				     mov     ah,1
    792				     ;*		     call    combat_func_21		     ;*
    793	05F8  E8 34 04				     db	     0E8h, 34h,	04h	     ;	Fixup -	byte match
    794	05FB  8A 1E ADFF			     mov     bl,ds:data_71e
    795	05FF  FE CB				     dec     bl
    796	0601  32 FF				     xor     bh,bh		     ; Zero register
    797	0603  03 DB				     add     bx,bx
    798	0605  8B B7 AB62			     mov     si,ds:data_59e[bx]
    799	0609  BB 0048				     mov     bx,48h
    800	060C  B1 56				     mov     cl,56h		     ; 'V'
    801	060E  B4 01				     mov     ah,1
    802				     ;*		     jmp     loc_76		     ;*
    803	0610			     combat_func_8	     endp
    804
    805	0610  E9 1C 04				     db	     0E9h, 1Ch,	04h	     ;	Fixup -	byte match
    806
    807				     ;ßßßßßßßßßßßßßßßßßßßßßßßßßßßßßßßßßßßßßßßßßßßßßßßßßßßßßßßßßßßßßßßßßßßßßßßßßß
    808				     ;				    SUBROUTINE
    809				     ;ÜÜÜÜÜÜÜÜÜÜÜÜÜÜÜÜÜÜÜÜÜÜÜÜÜÜÜÜÜÜÜÜÜÜÜÜÜÜÜÜÜÜÜÜÜÜÜÜÜÜÜÜÜÜÜÜÜÜÜÜÜÜÜÜÜÜÜÜÜÜÜÜÜÜ
    810
Turbo Assembler	 Version 2.01	     03/22/26 12:30:32	    Page 16
201CBTUI.asm



    811	0613			     combat_func_9	     proc    near
    812	0613  F6 06 AE02 FF			     test    byte ptr ds:data_74e,0FFh
    813	0618  74 01				     jz	     loc_54		     ; Jump if zero
    814	061A  C3				     retn
    815	061B			     loc_54:
    816	061B  C6 06 AE02 FF			     mov     byte ptr ds:data_74e,0FFh
    817	0620  B8 0643				     mov     ax,643h
    818	0623  33 FF				     xor     di,di		     ; Zero register
    819	0625  B9 1C24				     mov     cx,1C24h
    820	0628  2E: FF 26	2026			     jmp     word ptr cs:data_40e
    821	062D			     combat_func_9	     endp
    822
    823
    824				     ;ßßßßßßßßßßßßßßßßßßßßßßßßßßßßßßßßßßßßßßßßßßßßßßßßßßßßßßßßßßßßßßßßßßßßßßßßßß
    825				     ;				    SUBROUTINE
    826				     ;ÜÜÜÜÜÜÜÜÜÜÜÜÜÜÜÜÜÜÜÜÜÜÜÜÜÜÜÜÜÜÜÜÜÜÜÜÜÜÜÜÜÜÜÜÜÜÜÜÜÜÜÜÜÜÜÜÜÜÜÜÜÜÜÜÜÜÜÜÜÜÜÜÜÜ
    827
    828	062D			     combat_func_10	     proc    near
    829	062D  F6 06 AE02 FF			     test    byte ptr ds:data_74e,0FFh
    830	0632  75 01				     jnz     loc_55		     ; Jump if not zero
    831	0634  C3				     retn
    832	0635			     loc_55:
    833	0635  C6 06 AE02 00			     mov     byte ptr ds:data_74e,0
    834	063A  B8 0643				     mov     ax,643h
    835	063D  33 FF				     xor     di,di		     ; Zero register
    836	063F  B9 1C24				     mov     cx,1C24h
    837	0642  2E: FF 26	2028			     jmp     word ptr cs:data_41e
    838	0647			     combat_func_10	     endp
    839
    840
    841				     ;ßßßßßßßßßßßßßßßßßßßßßßßßßßßßßßßßßßßßßßßßßßßßßßßßßßßßßßßßßßßßßßßßßßßßßßßßßß
    842				     ;				    SUBROUTINE
    843				     ;ÜÜÜÜÜÜÜÜÜÜÜÜÜÜÜÜÜÜÜÜÜÜÜÜÜÜÜÜÜÜÜÜÜÜÜÜÜÜÜÜÜÜÜÜÜÜÜÜÜÜÜÜÜÜÜÜÜÜÜÜÜÜÜÜÜÜÜÜÜÜÜÜÜÜ
    844
    845	0647			     combat_func_11	     proc    near
    846	0647  0E				     push    cs
    847	0648  07				     pop     es
    848	0649  BE 00A6				     mov     si,0A6h
    849	064C  BF AE10				     mov     di,data_77e
    850	064F  32 C0				     xor     al,al		     ; Zero register
    851	0651  AA				     stosb			     ; Store al	to es:[di]
    852	0652  32 C9				     xor     cl,cl		     ; Zero register
    853	0654  B5 05				     mov     ch,5
    854	0656			     loc_56:
    855	0656  AC				     lodsb			     ; String [si] to al
    856	0657  0A C0				     or	     al,al		     ; Zero ?
    857	0659  74 03				     jz	     loc_57		     ; Jump if zero
    858	065B  AA				     stosb			     ; Store al	to es:[di]
    859	065C  FE C1				     inc     cl
    860	065E			     loc_57:
    861	065E  FE CD				     dec     ch
    862	0660  75 F4				     jnz     loc_56		     ; Jump if not zero
    863	0662  0A C9				     or	     cl,cl		     ; Zero ?
    864	0664  74 02				     jz	     loc_58		     ; Jump if zero
Turbo Assembler	 Version 2.01	     03/22/26 12:30:32	    Page 17
201CBTUI.asm



    865	0666  FE C1				     inc     cl
    866	0668			     loc_58:
    867	0668  88 0E ADFE			     mov     ds:data_70e,cl
    868	066C  C3				     retn
    869	066D			     combat_func_11	     endp
    870
    871
    872				     ;ßßßßßßßßßßßßßßßßßßßßßßßßßßßßßßßßßßßßßßßßßßßßßßßßßßßßßßßßßßßßßßßßßßßßßßßßßß
    873				     ;				    SUBROUTINE
    874				     ;ÜÜÜÜÜÜÜÜÜÜÜÜÜÜÜÜÜÜÜÜÜÜÜÜÜÜÜÜÜÜÜÜÜÜÜÜÜÜÜÜÜÜÜÜÜÜÜÜÜÜÜÜÜÜÜÜÜÜÜÜÜÜÜÜÜÜÜÜÜÜÜÜÜÜ
    875
    876	066D			     combat_process_loop	     proc    near
    877	066D  F6 06 ADFE FF			     test    byte ptr ds:data_70e,0FFh
    878	0672  74 54				     jz	     loc_61		     ; Jump if zero
    879	0674  8A 0E ADFE			     mov     cl,ds:data_70e
    880	0678  32 ED				     xor     ch,ch		     ; Zero register
    881	067A  BB 0E83				     mov     bx,0E83h
    882	067D  BE AE10				     mov     si,data_77e
    883
    884	0680			     locloop_59:
    885	0680  51				     push    cx
    886	0681  AC				     lodsb			     ; String [si] to al
    887	0682  56				     push    si
    888	0683  53				     push    bx
    889	0684  2E: FF 16	2036			     call    word ptr cs:data_46e
    890	0689  5B				     pop     bx
    891	068A  5E				     pop     si
    892	068B  81 C3 0500			     add     bx,500h
    893	068F  59				     pop     cx
    894	0690  E2 EE				     loop    locloop_59		     ; Loop if cx > 0
    895
    896	0692  C6 06 ADFF 00			     mov     byte ptr ds:data_71e,0
    897	0697  C6 06 AE00 00			     mov     byte ptr ds:data_72e,0
    898	069C  F6 06 ADF8 FF			     test    byte ptr ds:data_64e,0FFh
    899	06A1  74 01				     jz	     loc_60		     ; Jump if zero
    900	06A3  C3				     retn
    901	06A4			     loc_60:
    902	06A4  BB 0E81				     mov     bx,0E81h
    903	06A7  B0 05				     mov     al,5
    904	06A9  2E: FF 16	202E			     call    word ptr cs:data_42e
    905	06AE  BB 1570				     mov     bx,1570h
    906	06B1  B9 1811				     mov     cx,1811h
    907	06B4  32 C0				     xor     al,al		     ; Zero register
    908	06B6  2E: FF 16	2000			     call    word ptr cs:data_33e
    909	06BB  BE AA9A				     mov     si,0AA9Ah
    910	06BE  BB 0054				     mov     bx,54h
    911	06C1  B1 71				     mov     cl,71h		     ; 'q'
    912	06C3  B4 01				     mov     ah,1
    913				     ;*		     jmp     loc_76		     ;*
    914	06C5  E9 67 03				     db	     0E9h, 67h,	03h	     ;	Fixup -	byte match
    915	06C8			     loc_61:
    916	06C8  BB 0054				     mov     bx,54h
    917	06CB  B1 71				     mov     cl,71h		     ; 'q'
    918	06CD  BE AA92				     mov     si,0AA92h
Turbo Assembler	 Version 2.01	     03/22/26 12:30:32	    Page 18
201CBTUI.asm



    919	06D0  B4 01				     mov     ah,1
    920				     ;*		     jmp     loc_76		     ;*
    921	06D2			     combat_process_loop	     endp
    922
    923	06D2  E9 5A 03				     db	     0E9h, 5Ah,	03h	     ;	Fixup -	byte match
    924
    925				     ;ßßßßßßßßßßßßßßßßßßßßßßßßßßßßßßßßßßßßßßßßßßßßßßßßßßßßßßßßßßßßßßßßßßßßßßßßßß
    926				     ;				    SUBROUTINE
    927				     ;ÜÜÜÜÜÜÜÜÜÜÜÜÜÜÜÜÜÜÜÜÜÜÜÜÜÜÜÜÜÜÜÜÜÜÜÜÜÜÜÜÜÜÜÜÜÜÜÜÜÜÜÜÜÜÜÜÜÜÜÜÜÜÜÜÜÜÜÜÜÜÜÜÜÜ
    928
    929	06D5			     combat_process_loop_2	     proc    near
    930	06D5  F6 06 ADFC FF			     test    byte ptr ds:data_68e,0FFh
    931	06DA  74 6D				     jz	     loc_63		     ; Jump if zero
    932	06DC  8A 0E ADFC			     mov     cl,ds:data_68e
    933	06E0  32 ED				     xor     ch,ch		     ; Zero register
    934	06E2  BB 0E55				     mov     bx,0E55h
    935	06E5  BE AE0A				     mov     si,data_76e
    936
    937	06E8			     locloop_62:
    938	06E8  51				     push    cx
    939	06E9  AC				     lodsb			     ; String [si] to al
    940	06EA  56				     push    si
    941	06EB  53				     push    bx
    942	06EC  2E: FF 16	2034			     call    word ptr cs:data_45e
    943	06F1  5B				     pop     bx
    944	06F2  5E				     pop     si
    945	06F3  81 C3 0500			     add     bx,500h
    946	06F7  59				     pop     cx
    947	06F8  E2 EE				     loop    locloop_62		     ; Loop if cx > 0
    948
    949	06FA  0E				     push    cs
    950	06FB  07				     pop     es
    951	06FC  BF AE0A				     mov     di,data_76e
    952	06FF  A0 009E				     mov     al,byte ptr ds:[9Eh]
    953	0702  B9 0006				     mov     cx,6
    954	0705  F2> AE				     repne   scasb		     ; Rep zf=0+cx >0 Scan es:[di] for al
    955	0707  F7 D9				     neg     cx
    956	0709  83 C1 05				     add     cx,5
    957	070C  88 0E ADFD			     mov     ds:data_69e,cl
    958	0710  8A E9				     mov     ch,cl
    959	0712  32 C9				     xor     cl,cl		     ; Zero register
    960	0714  8B D9				     mov     bx,cx
    961	0716  03 C9				     add     cx,cx
    962	0718  03 C9				     add     cx,cx
    963	071A  03 CB				     add     cx,bx
    964	071C  81 C1 0E53			     add     cx,0E53h
    965	0720  8B D9				     mov     bx,cx
    966	0722  B0 05				     mov     al,5
    967	0724  2E: FF 16	202E			     call    word ptr cs:data_42e
    968	0729  8A 1E 009E			     mov     bl,byte ptr ds:[9Eh]
    969	072D  32 FF				     xor     bh,bh		     ; Zero register
    970	072F  03 DB				     add     bx,bx
    971	0731  8B B7 AAF3			     mov     si,ds:data_58e[bx]
    972	0735  BB 005C				     mov     bx,5Ch
Turbo Assembler	 Version 2.01	     03/22/26 12:30:32	    Page 19
201CBTUI.asm



    973	0738  B1 43				     mov     cl,43h		     ; 'C'
    974	073A  B4 01				     mov     ah,1
    975				     ;*		     call    combat_func_21		     ;*
    976	073C  E8 F0 02				     db	     0E8h,0F0h,	02h	     ;	Fixup -	byte match
    977	073F  BB 005C				     mov     bx,5Ch
    978	0742  B1 4B				     mov     cl,4Bh		     ; 'K'
    979	0744  B4 01				     mov     ah,1
    980				     ;*		     jmp     loc_76		     ;*
    981	0746  E9 E6 02				     db	     0E9h,0E6h,	02h	     ;	Fixup -	byte match
    982	0749			     loc_63:
    983	0749  BB 005C				     mov     bx,5Ch
    984	074C  B1 43				     mov     cl,43h		     ; 'C'
    985	074E  BE AA92				     mov     si,0AA92h
    986	0751  B4 01				     mov     ah,1
    987				     ;*		     jmp     loc_76		     ;*
    988	0753  E9 D9 02				     db	     0E9h,0D9h,	02h	     ;	Fixup -	byte match
    989
    990				     ;ßßßß External Entry into Subroutine ßßßßßßßßßßßßßßßßßßßßßßßßßßßßßßßßßßßßßß
    991
    992	0756			     combat_func_14:
    993	0756  F6 06 0092 FF			     test    byte ptr ds:[92h],0FFh
    994	075B  74 30				     jz	     loc_64		     ; Jump if zero
    995	075D  BB 174D				     mov     bx,174Dh
    996	0760  A0 0092				     mov     al,byte ptr ds:[92h]
    997	0763  2E: FF 16	201C			     call    word ptr cs:data_36e
    998	0768  8A 1E 0092			     mov     bl,byte ptr ds:[92h]
    999	076C  32 FF				     xor     bh,bh		     ; Zero register
   1000	076E  FE CB				     dec     bl
   1001	0770  03 DB				     add     bx,bx
   1002	0772  8B B7 ACD9			     mov     si,ds:data_61e[bx]
   1003	0776  BB 344E				     mov     bx,344Eh
   1004	0779  32 C9				     xor     cl,cl		     ; Zero register
   1005	077B  2E: FF 16	2038			     call    word ptr cs:data_47e
   1006	0780  BB 3456				     mov     bx,3456h
   1007	0783  32 C9				     xor     cl,cl		     ; Zero register
   1008	0785  2E: FF 16	2038			     call    word ptr cs:data_47e
   1009	078A  E8 00E5				     call    combat_func_16
   1010	078D			     loc_64:
   1011	078D  F6 06 0093 FF			     test    byte ptr ds:[93h],0FFh
   1012	0792  74 30				     jz	     loc_65		     ; Jump if zero
   1013	0794  BB 2E61				     mov     bx,2E61h
   1014	0797  A0 0093				     mov     al,byte ptr ds:[93h]
   1015	079A  2E: FF 16	2020			     call    word ptr cs:data_38e
   1016	079F  8A 1E 0093			     mov     bl,byte ptr ds:[93h]
   1017	07A3  32 FF				     xor     bh,bh		     ; Zero register
   1018	07A5  FE CB				     dec     bl
   1019	07A7  03 DB				     add     bx,bx
   1020	07A9  8B B7 AD67			     mov     si,ds:data_62e[bx]
   1021	07AD  BB 3461				     mov     bx,3461h
   1022	07B0  32 C9				     xor     cl,cl		     ; Zero register
   1023	07B2  2E: FF 16	2038			     call    word ptr cs:data_47e
   1024	07B7  BB 3469				     mov     bx,3469h
   1025	07BA  32 C9				     xor     cl,cl		     ; Zero register
   1026	07BC  2E: FF 16	2038			     call    word ptr cs:data_47e
Turbo Assembler	 Version 2.01	     03/22/26 12:30:32	    Page 20
201CBTUI.asm



   1027	07C1  E8 0084				     call    combat_func_15
   1028	07C4			     loc_65:
   1029	07C4  F6 06 0098 FF			     test    byte ptr ds:[98h],0FFh
   1030	07C9  74 28				     jz	     loc_66		     ; Jump if zero
   1031	07CB  BB 2E75				     mov     bx,2E75h
   1032	07CE  32 C0				     xor     al,al		     ; Zero register
   1033	07D0  2E: FF 16	203A			     call    word ptr cs:data_48e
   1034	07D5  BB 00C8				     mov     bx,0C8h
   1035	07D8  B1 7E				     mov     cl,7Eh		     ; '~'
   1036	07DA  B0 5E				     mov     al,5Eh		     ; '^'
   1037	07DC  B4 01				     mov     ah,1
   1038	07DE  2E: FF 16	2022			     call    word ptr cs:data_39e
   1039	07E3  A0 0098				     mov     al,byte ptr ds:[98h]
   1040	07E6  32 E4				     xor     ah,ah		     ; Zero register
   1041	07E8  B9 0001				     mov     cx,1
   1042	07EB  B3 01				     mov     bl,1
   1043	07ED  BA 347E				     mov     dx,347Eh
   1044	07F0  E8 01C4				     call    combat_func_19
   1045	07F3			     loc_66:
   1046	07F3  F6 06 0099 FF			     test    byte ptr ds:[99h],0FFh
   1047	07F8  74 28				     jz	     loc_67		     ; Jump if zero
   1048	07FA  BB 3A75				     mov     bx,3A75h
   1049	07FD  B0 01				     mov     al,1
   1050	07FF  2E: FF 16	203A			     call    word ptr cs:data_48e
   1051	0804  BB 00F8				     mov     bx,0F8h
   1052	0807  B1 7E				     mov     cl,7Eh		     ; '~'
   1053	0809  B0 5E				     mov     al,5Eh		     ; '^'
   1054	080B  B4 01				     mov     ah,1
   1055	080D  2E: FF 16	2022			     call    word ptr cs:data_39e
   1056	0812  A0 0099				     mov     al,byte ptr ds:[99h]
   1057	0815  32 E4				     xor     ah,ah		     ; Zero register
   1058	0817  B9 0001				     mov     cx,1
   1059	081A  B3 01				     mov     bl,1
   1060	081C  BA 407E				     mov     dx,407Eh
   1061	081F  E8 0195				     call    combat_func_19
   1062	0822			     loc_67:
   1063	0822  BE 009A				     mov     si,9Ah
   1064	0825  BB 3089				     mov     bx,3089h
   1065	0828  B9 0003				     mov     cx,3
   1066
   1067	082B			     locloop_68:
   1068	082B  51				     push    cx
   1069	082C  AC				     lodsb			     ; String [si] to al
   1070	082D  0A C0				     or	     al,al		     ; Zero ?
   1071	082F  74 13				     jz	     loc_69		     ; Jump if zero
   1072	0831  8A C1				     mov     al,cl
   1073	0833  F6 D8				     neg     al
   1074	0835  04 03				     add     al,3
   1075	0837  53				     push    bx
   1076	0838  56				     push    si
   1077	0839  2E: FF 16	203C			     call    word ptr cs:data_49e
   1078	083E  5E				     pop     si
   1079	083F  5B				     pop     bx
   1080	0840  81 C3 0600			     add     bx,600h
Turbo Assembler	 Version 2.01	     03/22/26 12:30:32	    Page 21
201CBTUI.asm



   1081	0844			     loc_69:
   1082	0844  59				     pop     cx
   1083	0845  E2 E4				     loop    locloop_68		     ; Loop if cx > 0
   1084
   1085	0847  C3				     retn
   1086
   1087				     ;ßßßß External Entry into Subroutine ßßßßßßßßßßßßßßßßßßßßßßßßßßßßßßßßßßßßßß
   1088
   1089	0848			     combat_func_15:
   1090	0848  A1 0096				     mov     ax,word ptr ds:[96h]
   1091	084B  BA 3469				     mov     dx,3469h
   1092	084E  B9 0003				     mov     cx,3
   1093	0851  B3 04				     mov     bl,4
   1094	0853  E8 0161				     call    combat_func_19
   1095	0856  BB 00CA				     mov     bx,0CAh
   1096	0859  B1 69				     mov     cl,69h		     ; 'i'
   1097	085B  B0 28				     mov     al,28h		     ; '('
   1098	085D  B4 04				     mov     ah,4
   1099	085F  2E: FF 16	2022			     call    word ptr cs:data_39e
   1100	0864  BB 00E0				     mov     bx,0E0h
   1101	0867  B1 69				     mov     cl,69h		     ; 'i'
   1102	0869  B0 29				     mov     al,29h		     ; ')'
   1103	086B  B4 04				     mov     ah,4
   1104	086D  2E: FF 26	2022			     jmp     word ptr cs:data_39e
   1105
   1106				     ;ßßßß External Entry into Subroutine ßßßßßßßßßßßßßßßßßßßßßßßßßßßßßßßßßßßßßß
   1107
   1108	0872			     combat_func_16:
   1109	0872  F6 06 00E4 FF			     test    byte ptr ds:[0E4h],0FFh
   1110	0877  75 01				     jnz     loc_70		     ; Jump if not zero
   1111	0879  C3				     retn
   1112	087A			     loc_70:
   1113	087A  BB 3257				     mov     bx,3257h
   1114	087D  B9 0408				     mov     cx,408h
   1115	0880  32 C0				     xor     al,al		     ; Zero register
   1116	0882  2E: FF 16	2000			     call    word ptr cs:data_33e
   1117	0887  BB 00CA				     mov     bx,0CAh
   1118	088A  B1 57				     mov     cl,57h		     ; 'W'
   1119	088C  B0 28				     mov     al,28h		     ; '('
   1120	088E  B4 01				     mov     ah,1
   1121	0890  2E: FF 16	2022			     call    word ptr cs:data_39e
   1122	0895  A0 00E4				     mov     al,byte ptr ds:[0E4h]
   1123	0898  32 E4				     xor     ah,ah		     ; Zero register
   1124	089A  BA 3457				     mov     dx,3457h
   1125	089D  B3 01				     mov     bl,1
   1126	089F  B9 0001				     mov     cx,1
   1127	08A2  E8 0112				     call    combat_func_19
   1128	08A5  BB 00D4				     mov     bx,0D4h
   1129	08A8  B1 57				     mov     cl,57h		     ; 'W'
   1130	08AA  B0 29				     mov     al,29h		     ; ')'
   1131	08AC  B4 01				     mov     ah,1
   1132	08AE  2E: FF 26	2022			     jmp     word ptr cs:data_39e
   1133
   1134				     ;ßßßß External Entry into Subroutine ßßßßßßßßßßßßßßßßßßßßßßßßßßßßßßßßßßßßßß
Turbo Assembler	 Version 2.01	     03/22/26 12:30:32	    Page 22
201CBTUI.asm



   1135
   1136	08B3			     combat_func_17:
   1137	08B3  F6 06 ADFA FF			     test    byte ptr ds:data_66e,0FFh
   1138	08B8  74 66				     jz	     loc_72		     ; Jump if zero
   1139	08BA  8A 0E ADFA			     mov     cl,ds:data_66e
   1140	08BE  32 ED				     xor     ch,ch		     ; Zero register
   1141	08C0  BB 0E1C				     mov     bx,0E1Ch
   1142	08C3  BE AE03				     mov     si,data_75e
   1143
   1144	08C6			     locloop_71:
   1145	08C6  51				     push    cx
   1146	08C7  AC				     lodsb			     ; String [si] to al
   1147	08C8  56				     push    si
   1148	08C9  53				     push    bx
   1149	08CA  2E: FF 16	201E			     call    word ptr cs:data_37e
   1150	08CF  5B				     pop     bx
   1151	08D0  5E				     pop     si
   1152	08D1  81 C3 0800			     add     bx,800h
   1153	08D5  59				     pop     cx
   1154	08D6  E2 EE				     loop    locloop_71		     ; Loop if cx > 0
   1155
   1156	08D8  E8 0052				     call    combat_func_18
   1157	08DB  0E				     push    cs
   1158	08DC  07				     pop     es
   1159	08DD  BF AE03				     mov     di,data_75e
   1160	08E0  A0 009D				     mov     al,byte ptr ds:[9Dh]
   1161	08E3  B9 0007				     mov     cx,7
   1162	08E6  F2> AE				     repne   scasb		     ; Rep zf=0+cx >0 Scan es:[di] for al
   1163	08E8  F7 D9				     neg     cx
   1164	08EA  83 C1 06				     add     cx,6
   1165	08ED  88 0E ADFB			     mov     ds:data_67e,cl
   1166	08F1  8A E9				     mov     ch,cl
   1167	08F3  32 C9				     xor     cl,cl		     ; Zero register
   1168	08F5  03 C9				     add     cx,cx
   1169	08F7  03 C9				     add     cx,cx
   1170	08F9  03 C9				     add     cx,cx
   1171	08FB  81 C1 0E1A			     add     cx,0E1Ah
   1172	08FF  8B D9				     mov     bx,cx
   1173	0901  B0 05				     mov     al,5
   1174	0903  2E: FF 16	202E			     call    word ptr cs:data_42e
   1175	0908  8A 1E 009D			     mov     bl,byte ptr ds:[9Dh]
   1176	090C  FE CB				     dec     bl
   1177	090E  32 FF				     xor     bh,bh		     ; Zero register
   1178	0910  03 DB				     add     bx,bx
   1179	0912  8B B7 AAB8			     mov     si,ds:data_57e[bx]
   1180	0916  BB 009E				     mov     bx,9Eh
   1181	0919  B1 12				     mov     cl,12h
   1182	091B  B4 01				     mov     ah,1
   1183				     ;*		     jmp     loc_76		     ;*
   1184	091D  E9 0F 01				     db	     0E9h, 0Fh,	01h	     ;	Fixup -	byte match
   1185	0920			     loc_72:
   1186	0920  BB 009E				     mov     bx,9Eh
   1187	0923  B1 12				     mov     cl,12h
   1188	0925  BE AA92				     mov     si,0AA92h
Turbo Assembler	 Version 2.01	     03/22/26 12:30:32	    Page 23
201CBTUI.asm



   1189	0928  B4 01				     mov     ah,1
   1190				     ;*		     jmp     loc_76		     ;*
   1191	092A  E9 02 01				     db	     0E9h, 02h,	01h	     ;	Fixup -	byte match
   1192
   1193				     ;ßßßß External Entry into Subroutine ßßßßßßßßßßßßßßßßßßßßßßßßßßßßßßßßßßßßßß
   1194
   1195	092D			     combat_func_18:
   1196	092D  BA 0E2E				     mov     dx,0E2Eh
   1197	0930  BE AE03				     mov     si,data_75e
   1198	0933  8A 0E ADFA			     mov     cl,ds:data_66e
   1199	0937  32 ED				     xor     ch,ch		     ; Zero register
   1200
   1201	0939			     locloop_73:
   1202	0939  51				     push    cx
   1203	093A  AC				     lodsb			     ; String [si] to al
   1204	093B  56				     push    si
   1205	093C  52				     push    dx
   1206	093D  FE C8				     dec     al
   1207	093F  8A D8				     mov     bl,al
   1208	0941  32 FF				     xor     bh,bh		     ; Zero register
   1209	0943  8A 87 00AB			     mov     al,byte ptr ds:[0ABh][bx]
   1210	0947  8A A7 00B4			     mov     ah,byte ptr ds:[0B4h][bx]
   1211	094B  50				     push    ax
   1212	094C  52				     push    dx
   1213	094D  50				     push    ax
   1214	094E  52				     push    dx
   1215	094F  8B DA				     mov     bx,dx
   1216	0951  B9 0508				     mov     cx,508h
   1217	0954  32 C0				     xor     al,al		     ; Zero register
   1218	0956  2E: FF 16	2000			     call    word ptr cs:data_33e
   1219	095B  5A				     pop     dx
   1220	095C  58				     pop     ax
   1221	095D  32 E4				     xor     ah,ah		     ; Zero register
   1222	095F  B3 01				     mov     bl,1
   1223	0961  B9 0003				     mov     cx,3
   1224	0964  E8 0050				     call    combat_func_19
   1225	0967  5A				     pop     dx
   1226	0968  83 C2 09				     add     dx,9
   1227	096B  52				     push    dx
   1228	096C  81 EA 0200			     sub     dx,200h
   1229	0970  8A CA				     mov     cl,dl
   1230	0972  8A DE				     mov     bl,dh
   1231	0974  32 FF				     xor     bh,bh		     ; Zero register
   1232	0976  03 DB				     add     bx,bx
   1233	0978  03 DB				     add     bx,bx
   1234	097A  43				     inc     bx
   1235	097B  43				     inc     bx
   1236	097C  B0 28				     mov     al,28h		     ; '('
   1237	097E  B4 04				     mov     ah,4
   1238	0980  2E: FF 16	2022			     call    word ptr cs:data_39e
   1239	0985  5A				     pop     dx
   1240	0986  58				     pop     ax
   1241	0987  8A C4				     mov     al,ah
   1242	0989  52				     push    dx
Turbo Assembler	 Version 2.01	     03/22/26 12:30:32	    Page 24
201CBTUI.asm



   1243	098A  32 E4				     xor     ah,ah		     ; Zero register
   1244	098C  B3 04				     mov     bl,4
   1245	098E  B9 0003				     mov     cx,3
   1246	0991  E8 0023				     call    combat_func_19
   1247	0994  5A				     pop     dx
   1248	0995  81 C2 0400			     add     dx,400h
   1249	0999  8A CA				     mov     cl,dl
   1250	099B  8A DE				     mov     bl,dh
   1251	099D  32 FF				     xor     bh,bh		     ; Zero register
   1252	099F  03 DB				     add     bx,bx
   1253	09A1  03 DB				     add     bx,bx
   1254	09A3  4B				     dec     bx
   1255	09A4  B0 29				     mov     al,29h		     ; ')'
   1256	09A6  B4 04				     mov     ah,4
   1257	09A8  2E: FF 16	2022			     call    word ptr cs:data_39e
   1258	09AD  5A				     pop     dx
   1259	09AE  81 C2 0800			     add     dx,800h
   1260	09B2  5E				     pop     si
   1261	09B3  59				     pop     cx
   1262	09B4  E2 83				     loop    locloop_73		     ; Loop if cx > 0
   1263
   1264	09B6  C3				     retn
   1265
   1266				     ;ßßßß External Entry into Subroutine ßßßßßßßßßßßßßßßßßßßßßßßßßßßßßßßßßßßßßß
   1267
   1268	09B7			     combat_func_19:
   1269	09B7  53				     push    bx
   1270	09B8  52				     push    dx
   1271	09B9  51				     push    cx
   1272	09BA  32 D2				     xor     dl,dl		     ; Zero register
   1273	09BC  BF AE16				     mov     di,0AE16h
   1274	09BF  2E: FF 16	2032			     call    word ptr cs:data_44e
   1275	09C4  59				     pop     cx
   1276	09C5  BF AE16				     mov     di,0AE16h
   1277	09C8  B0 07				     mov     al,7
   1278	09CA  2A C1				     sub     al,cl
   1279	09CC  32 E4				     xor     ah,ah		     ; Zero register
   1280	09CE  03 F8				     add     di,ax
   1281	09D0  58				     pop     ax
   1282	09D1  5B				     pop     bx
   1283	09D2  32 FF				     xor     bh,bh		     ; Zero register
   1284	09D4  2E: FF 26	2030			     jmp     word ptr cs:data_43e
   1285
   1286				     ;ßßßß External Entry into Subroutine ßßßßßßßßßßßßßßßßßßßßßßßßßßßßßßßßßßßßßß
   1287
   1288	09D9			     combat_func_20:
   1289	09D9  BE A9FC				     mov     si,data_56e
   1290	09DC  B9 0004				     mov     cx,4
   1291
   1292	09DF			     locloop_74:
   1293	09DF  51				     push    cx
   1294	09E0  8A F1				     mov     dh,cl
   1295	09E2  AD				     lodsw			     ; String [si] to ax
   1296	09E3  8B D8				     mov     bx,ax
Turbo Assembler	 Version 2.01	     03/22/26 12:30:32	    Page 25
201CBTUI.asm



   1297	09E5  AC				     lodsb			     ; String [si] to al
   1298	09E6  8A C8				     mov     cl,al
   1299	09E8  8A 16 ADF9			     mov     dl,ds:data_65e
   1300	09EC  F6 DE				     neg     dh
   1301	09EE  80 C6 04				     add     dh,4
   1302	09F1  B4 03				     mov     ah,3
   1303	09F3  3A D6				     cmp     dl,dh
   1304	09F5  75 02				     jne     loc_75		     ; Jump if not equal
   1305	09F7  B4 02				     mov     ah,2
   1306	09F9			     loc_75:
   1307				     ;*		     call    combat_func_21		     ;*
   1308	09F9  E8 33 00				     db	     0E8h, 33h,	00h	     ;	Fixup -	byte match
   1309	09FC  59				     pop     cx
   1310	09FD  E2 E0				     loop    locloop_74		     ; Loop if cx > 0
   1311
   1312	09FF  C3				     retn
   1313										     ;*	No entry point to code
   1314	0A00  34 00				     xor     al,0
   1315	0A02  12 53 45				     adc     dl,[bp+di+45h]
   1316	0A05  4C				     dec     sp
   1317	0A06  45				     inc     bp
   1318	0A07  43				     inc     bx
   1319	0A08  54				     push    sp
   1320	0A09  2D 414D				     sub     ax,414Dh
   1321	0A0C  47				     inc     di
   1322	0A0D  49				     dec     cx
   1323	0A0E  43				     inc     bx
   1324	0A0F  3A 00				     cmp     al,[bx+si]
   1325	0A11  34 00				     xor     al,0
   1326	0A13  43				     inc     bx
   1327	0A14  57				     push    di
   1328	0A15  45				     inc     bp
   1329	0A16  41				     inc     cx
   1330	0A17  52				     push    dx
   1331	0A18  3A 00				     cmp     al,[bx+si]
   1332	0A1A  34 00				     xor     al,0
   1333				     ;*		     jno     loc_79		     ;*Jump if not overflw
   1334	0A1C  71 55				     db	      71h, 55h		     ;	Fixup -	byte match
   1335	0A1E  53				     push    bx
   1336	0A1F  45				     inc     bp
   1337	0A20  3A 00				     cmp     al,[bx+si]
   1338	0A22  B8 4300				     mov     ax,4300h
   1339	0A25  49				     dec     cx
   1340	0A26  4E				     dec     si
   1341	0A27  56				     push    si
   1342	0A28  45				     inc     bp
   1343	0A29  4E				     dec     si
   1344	0A2A  54				     push    sp
   1345	0A2B  4F				     dec     di
   1346	0A2C  52				     push    dx
   1347	0A2D  59				     pop     cx
   1348	0A2E  00 AC C00A			     add     ds:data_78e[si],ch
   1349	0A32  75 01				     jnz     loc_77		     ; Jump if not zero
   1350	0A34  C3				     retn
Turbo Assembler	 Version 2.01	     03/22/26 12:30:32	    Page 26
201CBTUI.asm



   1351	0A35			     loc_77:
   1352	0A35  56				     push    si
   1353	0A36  80 FC 01				     cmp     ah,1
   1354	0A39  74 10				     je	     loc_78		     ; Jump if equal
   1355	0A3B  53				     push    bx
   1356	0A3C  51				     push    cx
   1357	0A3D  50				     push    ax
   1358	0A3E  43				     inc     bx
   1359	0A3F  FE C1				     inc     cl
   1360	0A41  B4 05				     mov     ah,5
   1361	0A43  2E: FF 16	2022			     call    word ptr cs:data_39e
   1362	0A48  58				     pop     ax
   1363	0A49  59				     pop     cx
   1364	0A4A  5B				     pop     bx
   1365	0A4B			     loc_78:
   1366	0A4B  53				     push    bx
   1367	0A4C  51				     push    cx
   1368	0A4D  50				     push    ax
   1369	0A4E  2E: FF 16	2022			     call    word ptr cs:data_39e
   1370	0A53  58				     pop     ax
   1371	0A54  59				     pop     cx
   1372	0A55  5B				     pop     bx
   1373	0A56  5E				     pop     si
   1374	0A57  83 C3 08				     add     bx,8
   1375				     ;*		     jmp     short loc_76	     ;*
   1376	0A5A  EB D3				     db	     0EBh,0D3h		     ;	Fixup -	byte match
   1377
   1378				     ;ßßßß External Entry into Subroutine ßßßßßßßßßßßßßßßßßßßßßßßßßßßßßßßßßßßßßß
   1379
   1380	0A5C			     combat_func_22:
   1381	0A5C  2E: FF 16	0110			     call    word ptr cs:[110h]
   1382	0A61  2E: FF 16	0112			     call    word ptr cs:[112h]
   1383	0A66  2E: FF 16	0114			     call    word ptr cs:[114h]
   1384	0A6B  2E: FF 16	0116			     call    word ptr cs:[116h]
   1385	0A70  2E: FF 16	0118			     call    word ptr cs:[118h]
   1386	0A75  F6 06 AE01 FF			     test    byte ptr ds:data_73e,0FFh
   1387	0A7A  74 0E				     jz	     loc_81		     ; Jump if zero
   1388	0A7C  E8 000B				     call    combat_func_23
   1389	0A7F  F5				     cmc			     ; Complement carry
   1390	0A80  72 01				     jc	     loc_80		     ; Jump if carry Set
   1391	0A82  C3				     retn
   1392	0A83			     loc_80:
   1393	0A83  F8				     clc			     ; Clear carry flag
   1394	0A84  C6 06 AE01 00			     mov     byte ptr ds:data_73e,0
   1395	0A89  C3				     retn
   1396
   1397				     ;ßßßß External Entry into Subroutine ßßßßßßßßßßßßßßßßßßßßßßßßßßßßßßßßßßßßßß
   1398
   1399	0A8A			     combat_func_23:
   1400	0A8A			     loc_81:
   1401	0A8A  F7 06 FF18 0001			     test    word ptr ds:data_79e,1
   1402	0A90  F9				     stc			     ; Set carry flag
   1403	0A91  74 01				     jz	     loc_82		     ; Jump if zero
   1404	0A93  C3				     retn
Turbo Assembler	 Version 2.01	     03/22/26 12:30:32	    Page 27
201CBTUI.asm



   1405	0A94			     loc_82:
   1406	0A94  F8				     clc			     ; Clear carry flag
   1407	0A95  C3				     retn
   1408	0A96			     combat_process_loop_2	     endp
   1409
   1410	0A96  4E 4F 54 48 49 4E			     db	      4Eh, 4Fh,	54h, 48h, 49h, 4Eh
   1411	0A9C  47 00 4E 4F 20 55			     db	      47h, 00h,	4Eh, 4Fh, 20h, 55h
   1412	0AA2  53 45 00 00 4C 45			     db	      53h, 45h,	00h, 00h, 4Ch, 45h
   1413	0AA8  56 45 4C 00 45 58			     db	      56h, 45h,	4Ch, 00h, 45h, 58h
   1414	0AAE  50 00				     db	      50h, 00h
   1415	0AB0  49 20 68 61 76 65	20+		     db	     'I	have used'
   1416	      75 73 65 64
   1417	0ABB  00 C6 AA CD AA D3			     db	      00h,0C6h,0AAh,0CDh,0AAh,0D3h
   1418	0AC1  AA D9 AA E0 AA E7			     db	     0AAh,0D9h,0AAh,0E0h,0AAh,0E7h
   1419	0AC7  AA EC AA				     db	     0AAh,0ECh,0AAh
   1420	0ACA  45 73 70 61 64 61	00		     db	     'Espada', 0
   1421	0AD1  53 61 65 74 61 00			     db	     'Saeta', 0
   1422	0AD7  46 75 65 67 6F 00			     db	     'Fuego', 0
   1423	0ADD  4C 61 6E 7A 61 72	00		     db	     'Lanzar', 0
   1424	0AE4  52 61 73 63 61 72	00		     db	     'Rascar', 0
   1425	0AEB  41 67 75 61 00			     db	     'Agua', 0
   1426	0AF0  47 75 65 72 72 61	00		     db	     'Guerra', 0
   1427	0AF7  9A AA FF AA 12 AB			     db	      9Ah,0AAh,0FFh,0AAh, 12h,0ABh
   1428	0AFD  25 AB 39 AB 4D AB			     db	      25h,0ABh,	39h,0ABh, 4Dh,0ABh
   1429	0B03  46 65 72 75 7A 61	00		     db	     'Feruza', 0
   1430	0B0A  20 20 20 20 20 20	73+		     db	     '	    shoes', 0
   1431	      68 6F 65 73 00
   1432	0B16  50 69 72 69 6B 61	00		     db	     'Pirika', 0
   1433	0B1D  20 20 20 20 20 20	73+		     db	     '	    shoes', 0
   1434	      68 6F 65 73 00
   1435	0B29  53 69 6C 6B 61 72	6E+		     db	     'Silkarn',	0
   1436	      00
   1437	0B31  20 20 20 20 20 20	73+		     db	     '	    shoes', 0
   1438	      68 6F 65 73 00
   1439	0B3D  52 75 7A 65 72 69	61+		     db	     'Ruzeria',	0
   1440	      00
   1441	0B45  20 20 20 20 20 20	73+		     db	     '	    shoes', 0
   1442	      68 6F 65 73 00
   1443	0B51  41 73 62 65 73 74	6F+		     db	     'Asbestos', 0
   1444	      73 00
   1445	0B5A  20 20 20 20 20 20	20+		     db	     '	     cape', 0
   1446	      63 61 70 65 00
   1447	0B66  72 AB 8A AB A2 AB			     db	      72h,0ABh,	8Ah,0ABh,0A2h,0ABh
   1448	0B6C  BA AB D2 AB EA AB			     db	     0BAh,0ABh,0D2h,0ABh,0EAh,0ABh
   1449	0B72  02 AC 1A AC			     db	      02h,0ACh,	1Ah,0ACh
   1450	0B76  20 20 20 20 20 20	20+		     db	     '	     a Ken\ko Potion.',	0
   1451	      61 20 4B 65 6E 5C	6B+
   1452	      6F 20 50 6F 74 69	6F+
   1453	      6E 2E 00
   1454	0B8E  20 20 20 20 20 20	20+		     db	     '	      a	Juu-en Fruit.',	0
   1455	      20 61 20 4A 75 75	2D+
   1456	      65 6E 20 46 72 75	69+
   1457	      74 2E 00
   1458	0BA6  20 20 20 20 20 61	20+		     db	     '	   a Elixir of Kashi.',	0
Turbo Assembler	 Version 2.01	     03/22/26 12:30:32	    Page 28
201CBTUI.asm



   1459	      45 6C 69 78 69 72	20+
   1460	      6F 66 20 4B 61 73	68+
   1461	      69 2E 00
   1462	0BBE  20 20 20 20 20 20	61+		     db	     '	    a Chikara Powder.',	0
   1463	      20 43 68 69 6B 61	72+
   1464	      61 20 50 6F 77 64	65+
   1465	      72 2E 00
   1466	0BD6  20 20 20 20 20 20	20+		     db	     '	       a Magia Stone.',	0
   1467	      20 20 61 20 4D 61	67+
   1468	      69 61 20 53 74 6F	6E+
   1469	      65 2E 00
   1470	0BEE  20 61 20 48 6F 6C	79+		     db	     ' a Holy Water of Acero.',	0
   1471	      20 57 61 74 65 72	20+
   1472	      6F 66 20 41 63 65	72+
   1473	      6F 2E 00
   1474	0C06  20 20 20 20 20 20	20+		     db	     '		 a Sabre Oil.',	0
   1475	      20 20 20 20 61 20	53+
   1476	      61 62 72 65 20 4F	69+
   1477	      6C 2E 00
   1478	0C1E  20 20 20 20 20 20	20+		     db	     '	     a Kioku Feather.',	0
   1479	      61 20 4B 69 6F 6B	75+
   1480	      20 46 65 61 74 68	65+
   1481	      72 2E 00
   1482	0C36  9A AA 44 AC 58 AC			     db	      9Ah,0AAh,	44h,0ACh, 58h,0ACh
   1483	0C3C  6D AC 81 AC 96 AC			     db	      6Dh,0ACh,	81h,0ACh, 96h,0ACh
   1484	0C42  A3 AC BB AC C6 AC			     db	     0A3h,0ACh,0BBh,0ACh,0C6h,0ACh
   1485	0C48  4B 65 6E 5C 6B 6F	00		     db	     'Ken\ko', 0
   1486	0C4F  20 20 20 20 20 20	50+		     db	     '	    Potion', 0
   1487	      6F 74 69 6F 6E 00
   1488	0C5C  4A 75 75 2D 65 6E	20+		     db	     'Juu-en ',	0
   1489	      00
   1490	0C64  20 20 20 20 20 20	20+		     db	     '	     Fruit', 0
   1491	      46 72 75 69 74 00
   1492	0C71  45 6C 69 78 69 72	00		     db	     'Elixir', 0
   1493	0C78  20 20 20 20 6F 66	20+		     db	     '	  of Kashi', 0
   1494	      4B 61 73 68 69 00
   1495	0C85  43 68 69 6B 61 72	61+		     db	     'Chikara',	0
   1496	      00
   1497	0C8D  20 20 20 20 20 20	50+		     db	     '	    Powder', 0
   1498	      6F 77 64 65 72 00
   1499	0C9A  4D 61 67 69 61 20	53+		     db	     'Magia Stone'
   1500	      74 6F 6E 65
   1501	0CA5  00 00				     db	     0,	0
   1502	0CA7  48 6F 6C 79 20 57	61+		     db	     'Holy Water', 0
   1503	      74 65 72 00
   1504	0CB2  20 20 20 20 6F 66	20+		     db	     '	  of Acero', 0
   1505	      41 63 65 72 6F 00
   1506	0CBF  53 61 62 72 65 20	4F+		     db	     'Sabre Oil'
   1507	      69 6C
   1508	0CC8  00 00 4B 69 6F 6B			     db	      00h, 00h,	4Bh, 69h, 6Fh, 6Bh
   1509	0CCE  75 00				     db	      75h, 00h
   1510	0CD0  20 20 20 20 20 66	65+		     db	     '	   feather'
   1511	      61 74 68 65 72
   1512	0CDC  00 E5 AC F9 AC 10			     db	      00h,0E5h,0ACh,0F9h,0ACh, 10h
Turbo Assembler	 Version 2.01	     03/22/26 12:30:32	    Page 29
201CBTUI.asm



   1513	0CE2  AD 21 AD 34 AD 4E			     db	     0ADh, 21h,0ADh, 34h,0ADh, 4Eh
   1514	0CE8  AD				     db	     0ADh
   1515	0CE9  54 72 61 69 6E 69	6E+		     db	     'Training', 0
   1516	      67 00
   1517	0CF2  20 20 20 20 20 53	77+		     db	     '	   Sword', 0
   1518	      6F 72 64 00
   1519	0CFD  57 69 73 65 20 6D	61+		     db	     'Wise man\s', 0
   1520	      6E 5C 73 00
   1521	0D08  20 20 20 20 20 20	53+		     db	     '	    Sword', 0
   1522	      77 6F 72 64 00
   1523	0D14  53 70 69 72 69 74	00		     db	     'Spirit', 0
   1524	0D1B  20 20 20 20 53 77	6F+		     db	     '	  Sword', 0
   1525	      72 64 00
   1526	0D25  4B 6E 69 67 68 74	5C+		     db	     'Knight\s', 0
   1527	      73 00
   1528	0D2E  20 20 20 20 53 77	6F+		     db	     '	  Sword', 0
   1529	      72 64 00
   1530	0D38  49 6C 6C 75 6D 69	6E+		     db	     'Illumination', 0
   1531	      61 74 69 6F 6E 00
   1532	0D45  20 20 20 20 20 20	20+		     db	     '	     Sword', 0
   1533	      53 77 6F 72 64 00
   1534	0D52  45 6E 63 68 61 6E	74+		     db	     'Enchantment', 0
   1535	      6D 65 6E 74 00
   1536	0D5E  20 20 20 20 20 20	20+		     db	     '	     Sword', 0
   1537	      53 77 6F 72 64 00
   1538	0D6B  73 AD 84 AD 9C AD			     db	      73h,0ADh,	84h,0ADh, 9Ch,0ADh
   1539	0D71  AE AD C0 AD D2 AD			     db	     0AEh,0ADh,0C0h,0ADh,0D2h,0ADh
   1540	0D77  43 6C				     db	      43h, 6Ch
   1541	0D79  61 79 00				     db	     'ay', 0
   1542	0D7C  20 20 20 20 20 53	68+		     db	     '	   Shield', 0
   1543	      69 65 6C 64 00
   1544	0D88  57 69 73 65 20 4D	61+		     db	     'Wise Man\s', 0
   1545	      6E 5C 73 00
   1546	0D93  20 20 20 20 20 20	53+		     db	     '	    Shield', 0
   1547	      68 69 65 6C 64 00
   1548	0DA0  53 74 6F 6E 65 00			     db	     'Stone', 0
   1549	0DA6  20 20 20 20 20 53	68+		     db	     '	   Shield', 0
   1550	      69 65 6C 64 00
   1551	0DB2  48 6F 6E 6F 72 00			     db	     'Honor', 0
   1552	0DB8  20 20 20 20 20 53	68+		     db	     '	   Shield', 0
   1553	      69 65 6C 64 00
   1554	0DC4  4C 69 67 68 74 00			     db	     'Light', 0
   1555	0DCA  20 20 20 20 20 53	68+		     db	     '	   Shield', 0
   1556	      69 65 6C 64 00
   1557	0DD6  54 69 74 61 6E 69	75+		     db	     'Titanium', 0
   1558	      6D 00
   1559	0DDF  20 20 20 20 20 20	53+		     db	     '	    Shield', 0
   1560	      68 69 65 6C 64 00
   1561	0DEC  0E				     db	     0Eh
   1562	0DED  0C 33 38 3F 0C 30	22+		     db	     0Ch, '38?', 0Ch, '0"m', 0Ch, '0"?'
   1563	      6D 0C 30 22 3F
   1564	0DF9  2D 5E				     db	     '-^'
   1565	0DFB  17				     db	     17h
   1566	0DFC  25*(00)				     db	     37	dup (0)
Turbo Assembler	 Version 2.01	     03/22/26 12:30:32	    Page 30
201CBTUI.asm



   1567
   1568	0E21			     seg_a	     ends
   1569
   1570
   1571
   1572						     end     start
Turbo Assembler	 Version 2.01	     03/22/26 12:30:32	    Page 31
Symbol Table




Symbol Name			  Type	 Value

??DATE				  Text	 "03/22/26"
??FILENAME			  Text	 "201CBTUI"
??TIME				  Text	 "12:30:32"
??VERSION			  Number 0201
@CPU				  Text	 0101H
@CURSEG				  Text	 SEG_A
@FILENAME			  Text	 201CBTUI
@WORDSIZE			  Text	 2
COMBAT_FUNC_1			  Near	 SEG_A:0139
COMBAT_FUNC_10			  Near	 SEG_A:062D
COMBAT_FUNC_11			  Near	 SEG_A:0647
COMBAT_FUNC_14			  Near	 SEG_A:0756
COMBAT_FUNC_15			  Near	 SEG_A:0848
COMBAT_FUNC_16			  Near	 SEG_A:0872
COMBAT_FUNC_17			  Near	 SEG_A:08B3
COMBAT_FUNC_18			  Near	 SEG_A:092D
COMBAT_FUNC_19			  Near	 SEG_A:09B7
COMBAT_FUNC_2			  Near	 SEG_A:017F
COMBAT_FUNC_20			  Near	 SEG_A:09D9
COMBAT_FUNC_22			  Near	 SEG_A:0A5C
COMBAT_FUNC_23			  Near	 SEG_A:0A8A
COMBAT_FUNC_3			  Near	 SEG_A:022C
COMBAT_FUNC_4			  Near	 SEG_A:026A
COMBAT_FUNC_5			  Near	 SEG_A:0340
COMBAT_FUNC_6			  Near	 SEG_A:037E
COMBAT_FUNC_7			  Near	 SEG_A:05B8
COMBAT_FUNC_8			  Near	 SEG_A:05DE
COMBAT_FUNC_9			  Near	 SEG_A:0613
COMBAT_PROCESS_LOOP		  Near	 SEG_A:066D
COMBAT_PROCESS_LOOP_2		  Near	 SEG_A:06D5
DATA_33E			  Number 2000
DATA_34E			  Number 2018
DATA_35E			  Number 201A
DATA_36E			  Number 201C
DATA_37E			  Number 201E
DATA_38E			  Number 2020
DATA_39E			  Number 2022
DATA_40E			  Number 2026
DATA_41E			  Number 2028
DATA_42E			  Number 202E
DATA_43E			  Number 2030
DATA_44E			  Number 2032
DATA_45E			  Number 2034
DATA_46E			  Number 2036
DATA_47E			  Number 2038
DATA_48E			  Number 203A
DATA_49E			  Number 203C
DATA_50E			  Number 2040
DATA_51E			  Number A00B
DATA_52E			  Number A0C4
DATA_53E			  Number A2B9
Turbo Assembler	 Version 2.01	     03/22/26 12:30:32	    Page 32
Symbol Table



DATA_54E			  Number A452
DATA_55E			  Number A520
DATA_56E			  Number A9FC
DATA_57E			  Number AAB8
DATA_58E			  Number AAF3
DATA_59E			  Number AB62
DATA_60E			  Number AC32
DATA_61E			  Number ACD9
DATA_62E			  Number AD67
DATA_63E			  Number ADE8
DATA_64E			  Number ADF8
DATA_65E			  Number ADF9
DATA_66E			  Number ADFA
DATA_67E			  Number ADFB
DATA_68E			  Number ADFC
DATA_69E			  Number ADFD
DATA_70E			  Number ADFE
DATA_71E			  Number ADFF
DATA_72E			  Number AE00
DATA_73E			  Number AE01
DATA_74E			  Number AE02
DATA_75E			  Number AE03
DATA_76E			  Number AE0A
DATA_77E			  Number AE10
DATA_78E			  Number C00A
DATA_79E			  Number FF18
DATA_80E			  Number FF1A
DATA_81E			  Number FF4B
DATA_82E			  Number FF75
LOCLOOP_2			  Near	 SEG_A:001F
LOCLOOP_59			  Near	 SEG_A:0680
LOCLOOP_62			  Near	 SEG_A:06E8
LOCLOOP_68			  Near	 SEG_A:082B
LOCLOOP_71			  Near	 SEG_A:08C6
LOCLOOP_73			  Near	 SEG_A:0939
LOCLOOP_74			  Near	 SEG_A:09DF
LOC_1				  Near	 SEG_A:0014
LOC_10				  Near	 SEG_A:00BC
LOC_11				  Near	 SEG_A:00D6
LOC_12				  Near	 SEG_A:00DC
LOC_13				  Near	 SEG_A:00E2
LOC_14				  Near	 SEG_A:00EF
LOC_15				  Near	 SEG_A:011A
LOC_16				  Near	 SEG_A:0178
LOC_17				  Near	 SEG_A:0194
LOC_18				  Near	 SEG_A:01AE
LOC_19				  Near	 SEG_A:01C7
LOC_20				  Near	 SEG_A:01CD
LOC_21				  Near	 SEG_A:01D3
LOC_22				  Near	 SEG_A:01E2
LOC_23				  Near	 SEG_A:020D
LOC_24				  Near	 SEG_A:0263
LOC_25				  Near	 SEG_A:0281
LOC_26				  Near	 SEG_A:0290
Turbo Assembler	 Version 2.01	     03/22/26 12:30:32	    Page 33
Symbol Table



LOC_27				  Near	 SEG_A:0297
LOC_28				  Near	 SEG_A:02A1
LOC_29				  Near	 SEG_A:02AB
LOC_3				  Near	 SEG_A:0041
LOC_30				  Near	 SEG_A:02B0
LOC_31				  Near	 SEG_A:02C5
LOC_32				  Near	 SEG_A:02CB
LOC_33				  Near	 SEG_A:02D1
LOC_34				  Near	 SEG_A:02DC
LOC_35				  Near	 SEG_A:02E6
LOC_36				  Near	 SEG_A:02F6
LOC_37				  Near	 SEG_A:0321
LOC_38				  Near	 SEG_A:0377
LOC_39				  Near	 SEG_A:037E
LOC_4				  Near	 SEG_A:004B
LOC_40				  Near	 SEG_A:0395
LOC_41				  Near	 SEG_A:03AA
LOC_42				  Near	 SEG_A:03BB
LOC_43				  Near	 SEG_A:03C5
LOC_44				  Near	 SEG_A:0411
LOC_45				  Near	 SEG_A:041B
LOC_46				  Near	 SEG_A:042F
LOC_47				  Near	 SEG_A:0436
LOC_48				  Near	 SEG_A:04A7
LOC_49				  Near	 SEG_A:04FB
LOC_5				  Near	 SEG_A:0063
LOC_50				  Near	 SEG_A:051C
LOC_51				  Near	 SEG_A:05A6
LOC_52				  Near	 SEG_A:05D6
LOC_53				  Near	 SEG_A:05DE
LOC_54				  Near	 SEG_A:061B
LOC_55				  Near	 SEG_A:0635
LOC_56				  Near	 SEG_A:0656
LOC_57				  Near	 SEG_A:065E
LOC_58				  Near	 SEG_A:0668
LOC_6				  Near	 SEG_A:006B
LOC_60				  Near	 SEG_A:06A4
LOC_61				  Near	 SEG_A:06C8
LOC_63				  Near	 SEG_A:0749
LOC_64				  Near	 SEG_A:078D
LOC_65				  Near	 SEG_A:07C4
LOC_66				  Near	 SEG_A:07F3
LOC_67				  Near	 SEG_A:0822
LOC_69				  Near	 SEG_A:0844
LOC_7				  Near	 SEG_A:0075
LOC_70				  Near	 SEG_A:087A
LOC_72				  Near	 SEG_A:0920
LOC_75				  Near	 SEG_A:09F9
LOC_77				  Near	 SEG_A:0A35
LOC_78				  Near	 SEG_A:0A4B
LOC_8				  Near	 SEG_A:00B2
LOC_80				  Near	 SEG_A:0A83
LOC_81				  Near	 SEG_A:0A8A
LOC_82				  Near	 SEG_A:0A94
Turbo Assembler	 Version 2.01	     03/22/26 12:30:32	    Page 34
Symbol Table



LOC_9				  Near	 SEG_A:00B8
START				  Near	 SEG_A:0000
TARGET				  Number 5432
ZR2_01				  Far	 SEG_A:0000

Macro Name

CALLF
CALLFX
CALLS
JMPN
JMPS

Groups & Segments		  Bit Size Align  Combine Class

SEG_A				  16  0E21 Byte	  Public
