Turbo Assembler	 Version 2.01	     03/22/26 12:32:19	    Page 1
238UTILB.asm



      1
      2
      3				     ;лллллллллллллллллллллллллллллллллллллллллллллллллллллллллллллллллллллллллл
      4				     ;лл								      лл
      5				     ;лл			     ZR2_38				      лл
      6				     ;лл								      лл
      7				     ;лл      Created:	 16-Feb-26					      лл
      8				     ;лл      Code type: zero start					      лл
      9				     ;лл      Passes:	 9	    Analysis Options on: none		      лл
     10				     ;лл								      лл
     11				     ;лллллллллллллллллллллллллллллллллллллллллллллллллллллллллллллллллллллллллл
     12
     13	      =	5432		     target	     EQU   'T2'			     ; Target assembler: TASM-2.X
     14
     15				     include  srmacros.inc
1    16
1    17				     ; Macros which may	be required for	proper re-assembly
1    18
1    19
1    20
1    21
1    22
1    23				     ;-----------------------------------------------------------------------------
1    24				     ; Some assemblers,	like TASM, check each far call and jump, to see	if it is
1    25				     ; in the same segment.  If	so, rather than	produce	the standard five byte far
1    26				     ; instruction it uses a near jump or call.
1    27
1    28				     calls	     macro   dummy1, dummy2, slocation
1    29						     db	     9Ah		     ; forced call far instruction
1    30						     dw	     offset slocation, seg slocation
1    31				     endm
1    32
1    33				     jmps	     macro   dummy1, dummy2, jlocation
1    34						     db	     0EAh		     ; forced jump far instruction
1    35						     dw	     offset jlocation, seg jlocation
1    36				     endm
1    37
1    38
1    39
1    40
1    41				     ;-----------------------------------------------------------------------------
1    42				     ;	Some compilers and some	assemblers will	code a call that goes to a far
1    43				     ;	subroutine in the same segment as:
1    44				     ;
1    45				     ;		     PUSH    CS
1    46				     ;		     CALL    near
1    47				     ;
1    48				     ;	This saves one byte, and is slightly faster.  If the assembler you are
1    49				     ;	using (i.e. MASM, Optasm) does not do this automatically, the following
1    50				     ;	macros are used	to code	the same information.  In other	words, the binary
1    51				     ;	file has "PUSH CS, CALL	near", and Sourcer ensures the same instructions
1    52				     ;	are used!  (macro CALLF)
1    53				     ;
1    54
Turbo Assembler	 Version 2.01	     03/22/26 12:32:19	    Page 2
238UTILB.asm



1    55				     callf	     macro   location
1    56						     push    cs
1    57						     call    near ptr location
1    58				     endm
1    59
1    60				     ;	Some compilers generate	an unnecessary DS override on the call instruction
1    61				     ;	when compacting	the CALLF type function.  Macro	CALLFX handles this case.
1    62
1    63				     callfx	     macro   location
1    64						     push    cs
1    65						     db	     3Eh
1    66						     call    near ptr location
1    67				     endm
1    68
1    69
1    70				     ;-----------------------------------------------------------------------------
1    71				     ;	Some compilers and some	assemblers will	code a near call that is the
1    72				     ;	selected assembler will	convert	to a short jump	to save	a byte.	 This
1    73				     ;	reconstructs a near jump for these cases.
1    74
1    75				     jmpn	     macro   location
1    76						     db	     0E9h
1    77						     dw	     offset location-$-2
1    78				     endm
1    79
1    80
1    81
     82
     83
     84	0000			     seg_a	     segment byte public
     85						     assume  cs:seg_a, ds:seg_a
     86
     87
     88						     org     0
     89
     90	0000			     zr2_38	     proc    far
     91
     92	0000			     start:
     93	0000  AC				     lodsb			     ; String [si] to al
     94	0001  0C 00				     or	     al,0
     95				     ;*		     add     bl,dl
     96	0003  00 D3				     db	      00h,0D3h		     ;	Fixup -	byte match
     97	0005  C6 D7 00 D8 C6 02			     db	     0C6h,0D7h,	00h,0D8h,0C6h, 02h
     98	000B  E7 C6 EF C6 00 C7			     db	     0E7h,0C6h,0EFh,0C6h, 00h,0C7h
     99	0011  0C C7 72 CC CF C6			     db	      0Ch,0C7h,	72h,0CCh,0CFh,0C6h
    100	0017  5C 00 0A C7 00 00			     db	      5Ch, 00h,	0Ah,0C7h, 00h, 00h
    101	001D  00				     db	      00h
    102	001E  1D*(00)				     db	     29	dup (0)
    103	003B  89 8D 82 00 00 00			     db	      89h, 8Dh,	82h, 00h, 00h, 00h
    104	0041  00 00 8A 8E 83 00			     db	      00h, 00h,	8Ah, 8Eh, 83h, 00h
    105	0047  00 00 00 00 74 7B			     db	      00h, 00h,	00h, 00h, 74h, 7Bh
    106	004D  82 00 00 00 00 00			     db	      82h, 00h,	00h, 00h, 00h, 00h
    107	0053  75 7C 83 00 00 00			     db	      75h, 7Ch,	83h, 00h, 00h, 00h
    108	0059  00 00 74 7B 82 00			     db	      00h, 00h,	74h, 7Bh, 82h, 00h
Turbo Assembler	 Version 2.01	     03/22/26 12:32:19	    Page 3
238UTILB.asm



    109	005F  00 00 95 98 75 7C			     db	      00h, 00h,	95h, 98h, 75h, 7Ch
    110	0065  83 00 00 00 00 00			     db	      83h, 00h,	00h, 00h, 00h, 00h
    111	006B  74 7B 82 00 00 95			     db	      74h, 7Bh,	82h, 00h, 00h, 95h
    112	0071  97 99 75 7C 83 00			     db	      97h, 99h,	75h, 7Ch, 83h, 00h
    113	0077  00 00 00 00 8B 8F			     db	      00h, 00h,	00h, 00h, 8Bh, 8Fh
    114	007D  82 00 95 97 96 99			     db	      82h, 00h,	95h, 97h, 96h, 99h
    115	0083  8C 90 83 00 00 00			     db	      8Ch, 90h,	83h, 00h, 00h, 00h
    116	0089  00 00 00 91 93 95			     db	      00h, 00h,	00h, 91h, 93h, 95h
    117	008F  96 96 96 99 00 92			     db	      96h, 96h,	96h, 99h, 00h, 92h
    118	0095  94 00				     db	      94h, 00h
    119	0097  4D*(00)				     db	     77	dup (0)
    120	00E4  0E 14 19 1B 1B 1B			     db	      0Eh, 14h,	19h, 1Bh, 1Bh, 1Bh
    121	00EA  1B 00 01 07 1A 1B			     db	      1Bh, 00h,	01h, 07h, 1Ah, 1Bh
    122	00F0  1B 1B 1B 00 00 00			     db	      1Bh, 1Bh,	1Bh, 00h, 00h, 00h
    123	00F6  00 1C 1C 1C 1C 00			     db	      00h, 1Ch,	1Ch, 1Ch, 1Ch, 00h
    124	00FC  00 00 00 1C 1C 1C			     db	      00h, 00h,	00h, 1Ch, 1Ch, 1Ch
    125	0102  1C 00 00 00 00 1C			     db	      1Ch, 00h,	00h, 00h, 00h, 1Ch
    126	0108  1C 1C 1C 00 00 00			     db	      1Ch, 1Ch,	1Ch, 00h, 00h, 00h
    127	010E  00 1C 1C 1C 1C 00			     db	      00h, 1Ch,	1Ch, 1Ch, 1Ch, 00h
    128	0114  00 00 00 1C 1C 1C			     db	      00h, 00h,	00h, 1Ch, 1Ch, 1Ch
    129	011A  1C 00 00 00 00 1C			     db	      1Ch, 00h,	00h, 00h, 00h, 1Ch
    130	0120  1C 1C 1C 00 00 00			     db	      1Ch, 1Ch,	1Ch, 00h, 00h, 00h
    131	0126  00 1C 1C 1C 1C 00			     db	      00h, 1Ch,	1Ch, 1Ch, 1Ch, 00h
    132	012C  00 00 00 1C 1C 1C			     db	      00h, 00h,	00h, 1Ch, 1Ch, 1Ch
    133	0132  1C 00 00 00 00 1C			     db	      1Ch, 00h,	00h, 00h, 00h, 1Ch
    134	0138  1C 1C 1C 00 0D 13			     db	      1Ch, 1Ch,	1Ch, 00h, 0Dh, 13h
    135	013E  19 1B 1B 1B 1B 00			     db	      19h, 1Bh,	1Bh, 1Bh, 1Bh, 00h
    136	0144  01 07 1A 1B 1B 1B			     db	      01h, 07h,	1Ah, 1Bh, 1Bh, 1Bh
    137	014A  1B 00				     db	      1Bh, 00h
    138	014C  18*(00)				     db	     24	dup (0)
    139	0164  1D 1F 1F 1F 1F 1F			     db	      1Dh, 1Fh,	1Fh, 1Fh, 1Fh, 1Fh
    140	016A  1F 1D 1E 21 21 21			     db	      1Fh, 1Dh,	1Eh, 21h, 21h, 21h
    141	0170  21 21 21 1E 1E 21			     db	      21h, 21h,	21h, 1Eh, 1Eh, 21h
    142	0176  6C 2F 31 31 31 1E			     db	      6Ch, 2Fh,	31h, 31h, 31h, 1Eh
    143	017C  1E 20 6D 30 32 32			     db	      1Eh, 20h,	6Dh, 30h, 32h, 32h
    144	0182  32 1E 1E 1F 6E 30			     db	      32h, 1Eh,	1Eh, 1Fh, 6Eh, 30h
    145	0188  00 00 00 1E 1E 21			     db	      00h, 00h,	00h, 1Eh, 1Eh, 21h
    146	018E  6F 2F 31 31 31 1E			     db	      6Fh, 2Fh,	31h, 31h, 31h, 1Eh
    147	0194  1E 21 21 1F 21 21			     db	      1Eh, 21h,	21h, 1Fh, 21h, 21h
    148	019A  21 1E 1E 21 21 1F			     db	      21h, 1Eh,	1Eh, 21h, 21h, 1Fh
    149	01A0  20 21 1F				     db	      20h, 21h,	1Fh
    150	01A3  63 63 22 22 22 22	22+		     db	     'cc""""""cc""#%""Pc""$'
    151	      22 63 63 22 22 23	25+
    152	      22 22 50 63 22 22	24
    153	01B8  26 22 22				     db	     '&""'
    154	01BB  00 50 22 22 22 22			     db	      00h, 50h,	22h, 22h, 22h, 22h
    155	01C1  22 22 00				     db	      22h, 22h,	00h
    156	01C4  28*(00)				     db	     40	dup (0)
    157	01EC  0D 13 19 1B 1B 1B			     db	      0Dh, 13h,	19h, 1Bh, 1Bh, 1Bh
    158	01F2  1B 00 01 07 1A 1B			     db	      1Bh, 00h,	01h, 07h, 1Ah, 1Bh
    159	01F8  1B 1B 1B 00 00 00			     db	      1Bh, 1Bh,	1Bh, 00h, 00h, 00h
    160	01FE  00 1C 1C 1C 1C 00			     db	      00h, 1Ch,	1Ch, 1Ch, 1Ch, 00h
    161	0204  00 00 00 1C 1C 1C			     db	      00h, 00h,	00h, 1Ch, 1Ch, 1Ch
    162	020A  1C 00 00 00 00 1C			     db	      1Ch, 00h,	00h, 00h, 00h, 1Ch
Turbo Assembler	 Version 2.01	     03/22/26 12:32:19	    Page 4
238UTILB.asm



    163	0210  1C 1C 1C 00 00 00			     db	      1Ch, 1Ch,	1Ch, 00h, 00h, 00h
    164	0216  00 1C 1C 1C 1C 00			     db	      00h, 1Ch,	1Ch, 1Ch, 1Ch, 00h
    165	021C  00 00 00 1C 1C 1C			     db	      00h, 00h,	00h, 1Ch, 1Ch, 1Ch
    166	0222  1C 00 00 00 00 1C			     db	      1Ch, 00h,	00h, 00h, 00h, 1Ch
    167	0228  1C 1C 1C 00 00 00			     db	      1Ch, 1Ch,	1Ch, 00h, 00h, 00h
    168	022E  00 1C 1C 1C 1C 00			     db	      00h, 1Ch,	1Ch, 1Ch, 1Ch, 00h
    169	0234  00 00 00 1C 1C 1C			     db	      00h, 00h,	00h, 1Ch, 1Ch, 1Ch
    170	023A  1C 00 00 00 00 1C			     db	      1Ch, 00h,	00h, 00h, 00h, 1Ch
    171	0240  1C 1C 1C 00 00 00			     db	      1Ch, 1Ch,	1Ch, 00h, 00h, 00h
    172	0246  00 1C 1C 1C 1C 00			     db	      00h, 1Ch,	1Ch, 1Ch, 1Ch, 00h
    173	024C  00 00 00 1C 1C 1C			     db	      00h, 00h,	00h, 1Ch, 1Ch, 1Ch
    174	0252  1C 00 0D 13 19 1B			     db	      1Ch, 00h,	0Dh, 13h, 19h, 1Bh
    175	0258  1B 1B 1B 00 01 07			     db	      1Bh, 1Bh,	1Bh, 00h, 01h, 07h
    176	025E  1A 1B 1B 1B 1B 00			     db	      1Ah, 1Bh,	1Bh, 1Bh, 1Bh, 00h
    177	0264  00 00 00 1C 1C 1C			     db	      00h, 00h,	00h, 1Ch, 1Ch, 1Ch
    178	026A  1C 00 00 00 00 1C			     db	      1Ch, 00h,	00h, 00h, 00h, 1Ch
    179	0270  1C 1C 1C 00 00 00			     db	      1Ch, 1Ch,	1Ch, 00h, 00h, 00h
    180	0276  00 1C 1C 1C 1C 00			     db	      00h, 1Ch,	1Ch, 1Ch, 1Ch, 00h
    181	027C  00 00 00 1C 1C 1C			     db	      00h, 00h,	00h, 1Ch, 1Ch, 1Ch
    182	0282  1C 00 00 00 00 1C			     db	      1Ch, 00h,	00h, 00h, 00h, 1Ch
    183	0288  1C 1C 1C 00 00 00			     db	      1Ch, 1Ch,	1Ch, 00h, 00h, 00h
    184	028E  00 1C 1C 1C 1C 00			     db	      00h, 1Ch,	1Ch, 1Ch, 1Ch, 00h
    185	0294  00 00 00 1C 1C 1C			     db	      00h, 00h,	00h, 1Ch, 1Ch, 1Ch
    186	029A  1C 00 00 00 00 1C			     db	      1Ch, 00h,	00h, 00h, 00h, 1Ch
    187	02A0  1C 1C 1C 00 00 00			     db	      1Ch, 1Ch,	1Ch, 00h, 00h, 00h
    188	02A6  00 1C 1C 1C 1C 00			     db	      00h, 1Ch,	1Ch, 1Ch, 1Ch, 00h
    189	02AC  00 00 00 1C 1C 1C			     db	      00h, 00h,	00h, 1Ch, 1Ch, 1Ch
    190	02B2  1C 00 00 00 00 1C			     db	      1Ch, 00h,	00h, 00h, 00h, 1Ch
    191	02B8  1C 1C 1C 00 0D 13			     db	      1Ch, 1Ch,	1Ch, 00h, 0Dh, 13h
    192	02BE  19 1B 1B 1B 1B 00			     db	      19h, 1Bh,	1Bh, 1Bh, 1Bh, 00h
    193	02C4  01 07 1A 1B 1B 1B			     db	      01h, 07h,	1Ah, 1Bh, 1Bh, 1Bh
    194	02CA  1B 00				     db	      1Bh, 00h
    195	02CC  11*(00)				     db	     17	dup (0)
    196	02DD  59				     db	     59h
    197	02DE  07*(00)				     db	     7 dup (0)
    198	02E5  5A 5D 5F 5F 5F 5F	35+		     db	     'Z]____5;Z]____6<Z]____6<Z]_aaa6<'
    199	      3B 5A 5D 5F 5F 5F	5F+
    200	      36 3C 5A 5D 5F 5F	5F+
    201	      5F 36 3C 5A 5D 5F	61+
    202	      61 61 36 3C
    203	0305  5A 5D 5F				     db	     'Z]_'
    204	0308  00 00 00 36 3C 5A			     db	      00h, 00h,	00h, 36h, 3Ch, 5Ah
    205	030E  5D 5F 5F 5F 5F 36	3C+		     db	     ']____6<Z]____6<Z]____8=Z]____9>['
    206	      5A 5D 5F 5F 5F 5F	36+
    207	      3C 5A 5D 5F 5F 5F	5F+
    208	      38 3D 5A 5D 5F 5F	5F+
    209	      5F 39 3E 5B
    210	032E  5E 60 60 60 60 39	3E+		     db	     '^````9>[^````9>[^````:;[^````'
    211	      5B 5E 60 60 60 60	39+
    212	      3E 5B 5E 60 60 60	60+
    213	      3A 3B 5B 5E 60 60	60+
    214	      60
    215	034B  00 00 5B 5E 60 60			     db	      00h, 00h,	5Bh, 5Eh, 60h, 60h
    216	0351  60 60 00 00			     db	      60h, 60h,	00h, 00h
Turbo Assembler	 Version 2.01	     03/22/26 12:32:19	    Page 5
238UTILB.asm



    217	0355  5C				     db	     5Ch
    218	0356  26*(00)				     db	     38	dup (0)
    219	037C  0D 13 19 1B 1B 1B			     db	      0Dh, 13h,	19h, 1Bh, 1Bh, 1Bh
    220	0382  1B 00 01 07 1A 1B			     db	      1Bh, 00h,	01h, 07h, 1Ah, 1Bh
    221	0388  1B 1B 1B 00 00 00			     db	      1Bh, 1Bh,	1Bh, 00h, 00h, 00h
    222	038E  00 1C 1C 1C 1C 00			     db	      00h, 1Ch,	1Ch, 1Ch, 1Ch, 00h
    223	0394  00 00 00 1C 1C 1C			     db	      00h, 00h,	00h, 1Ch, 1Ch, 1Ch
    224	039A  1C 00 00 00 00 1C			     db	      1Ch, 00h,	00h, 00h, 00h, 1Ch
    225	03A0  1C 1C 1C 00 00 00			     db	      1Ch, 1Ch,	1Ch, 00h, 00h, 00h
    226	03A6  00 1C 1C 1C 1C 00			     db	      00h, 1Ch,	1Ch, 1Ch, 1Ch, 00h
    227	03AC  00 00 00 1C 1C 1C			     db	      00h, 00h,	00h, 1Ch, 1Ch, 1Ch
    228	03B2  1C 00 00 00 00 1C			     db	      1Ch, 00h,	00h, 00h, 00h, 1Ch
    229	03B8  1C 1C 1C 00 00 00			     db	      1Ch, 1Ch,	1Ch, 00h, 00h, 00h
    230	03BE  00 1C 1C 1C 1C 00			     db	      00h, 1Ch,	1Ch, 1Ch, 1Ch, 00h
    231	03C4  00 00 00 1C 1C 1C			     db	      00h, 00h,	00h, 1Ch, 1Ch, 1Ch
    232	03CA  1C 00 00 00 00 1C			     db	      1Ch, 00h,	00h, 00h, 00h, 1Ch
    233	03D0  1C 1C 1C 00 0D 13			     db	      1Ch, 1Ch,	1Ch, 00h, 0Dh, 13h
    234	03D6  19 1B 1B 1B 1B 00			     db	      19h, 1Bh,	1Bh, 1Bh, 1Bh, 00h
    235	03DC  01 07 19 1B 1B 1B			     db	      01h, 07h,	19h, 1Bh, 1Bh, 1Bh
    236	03E2  1B 00				     db	      1Bh, 00h
    237	03E4  18*(00)				     db	     24	dup (0)
    238	03FC  46 27 27 27 27 27	27		     db	     'F', 27h, 27h, 27h, 27h, 27h, 27h
    239	0403  3F 47 28 27 27 27	27+		     db	     '?G(', 27h, 27h, 27h, 27h,	27h, '@'
    240	      27 40
    241	040C  48 27 27 28 27 27	27		     db	     'H', 27h, 27h, '(', 27h, 27h, 27h
    242	0413  41 47 27 70 62 62	62+		     db	     'AG', 27h,	'pbbbb@H', 27h,	'qb222'
    243	      62 40 48 27 71 62	32+
    244	      32 32
    245	0423  41 47 28 72 62			     db	     'AG(rb'
    246	0428  00 00 00 40 48			     db	      00h, 00h,	00h, 40h, 48h
    247	042D  27 73 62 62 62 62	41+		     db	     27h, 'sbbbbAG', 27h, 27h, 27h, 27h
    248	      47 27 27 27 27
    249	0439  27 28 40 48 27 27	28+		     db	     27h, '(@H', 27h, 27h, '(',	27h, 27h
    250	      27 27
    251	0442  27 41 47 27 27 27	27+		     db	     27h, 'AG',	27h, 27h, 27h, 27h, 27h
    252	      27
    253	044A  27 40 49 29 29 29	29+		     db	     27h, '@I))))))AJ))*)*)DK))))))EL)'
    254	      29 29 41 4A 29 29	2A+
    255	      29 2A 29 44 4B 29	29+
    256	      29 29 29 29 45 4C	29
    257	0466  29 29 29 29 29			     db	     ')))))'
    258	046B  19*(00)				     db	     25	dup (0)
    259	0484  0D 13 19 1B 1B 1B			     db	      0Dh, 13h,	19h, 1Bh, 1Bh, 1Bh
    260	048A  1B 00 01 07 1A 1B			     db	      1Bh, 00h,	01h, 07h, 1Ah, 1Bh
    261	0490  1B 1B 1B 00			     db	      1Bh, 1Bh,	1Bh, 00h
    262	0494  11*(00)				     db	     17	dup (0)
    263	04A5  4D 4E 4E 52 4E 4E	35+		     db	     'MNNRNN5;NNQQRS6<Nh/1116<Ri02226<'
    264	      3B 4E 4E 51 51 52	53+
    265	      36 3C 4E 68 2F 31	31+
    266	      31 36 3C 52 69 30	32+
    267	      32 32 36 3C
    268	04C5  4F 6A 30				     db	     'Oj0'
    269	04C8  00 00 00 36 3C 52			     db	      00h, 00h,	00h, 36h, 3Ch, 52h
    270	04CE  6B 2F 31 31 31 36	3C+		     db	     'k/1116<OSRNNR7<NSRNRN8=TUTTTV9>V'
Turbo Assembler	 Version 2.01	     03/22/26 12:32:19	    Page 6
238UTILB.asm



    271	      4F 53 52 4E 4E 52	37+
    272	      3C 4E 53 52 4E 52	4E+
    273	      38 3D 54 55 54 54	54+
    274	      56 39 3E 56
    275	04EE  55 54 55 54 54 3A	3B+		     db	     'UTUTT:;TTTTVT'
    276	      54 54 54 54 56 54
    277	04FB  00 00				     db	     0,	0
    278	04FD  58 54 56 54 54 56			     db	      58h, 54h,	56h, 54h, 54h, 56h
    279	0503  19*(00)				     db	     25	dup (0)
    280	051C  0D 13 19 1B 1B 1B			     db	      0Dh, 13h,	19h, 1Bh, 1Bh, 1Bh
    281	0522  1B 00 01 07 1A 1B			     db	      1Bh, 00h,	01h, 07h, 1Ah, 1Bh
    282	0528  1B 1B 1B 00 00 00			     db	      1Bh, 1Bh,	1Bh, 00h, 00h, 00h
    283	052E  00 1C 1C 1C 1C 00			     db	      00h, 1Ch,	1Ch, 1Ch, 1Ch, 00h
    284	0534  00 00 00 1C 1C 1C			     db	      00h, 00h,	00h, 1Ch, 1Ch, 1Ch
    285	053A  1C 00 00 00 00 1C			     db	      1Ch, 00h,	00h, 00h, 00h, 1Ch
    286	0540  1C 1C 1C 00 00 00			     db	      1Ch, 1Ch,	1Ch, 00h, 00h, 00h
    287	0546  00 1C 1C 1C 1C 00			     db	      00h, 1Ch,	1Ch, 1Ch, 1Ch, 00h
    288	054C  00 00 00 1C 1C 1C			     db	      00h, 00h,	00h, 1Ch, 1Ch, 1Ch
    289	0552  1C 00 00 00 00 1C			     db	      1Ch, 00h,	00h, 00h, 00h, 1Ch
    290	0558  1C 1C 1C 00 00 00			     db	      1Ch, 1Ch,	1Ch, 00h, 00h, 00h
    291	055E  00 1C 1C 1C 1C 00			     db	      00h, 1Ch,	1Ch, 1Ch, 1Ch, 00h
    292	0564  0D 13 19 1B 1B 1B			     db	      0Dh, 13h,	19h, 1Bh, 1Bh, 1Bh
    293	056A  1B 00 01 07 1A 1B			     db	      1Bh, 00h,	01h, 07h, 1Ah, 1Bh
    294	0570  1B 1B 1B 00 00 00			     db	      1Bh, 1Bh,	1Bh, 00h, 00h, 00h
    295	0576  00 1C 1C 1C 1C 00			     db	      00h, 1Ch,	1Ch, 1Ch, 1Ch, 00h
    296	057C  00 00 00 1C 1C 1C			     db	      00h, 00h,	00h, 1Ch, 1Ch, 1Ch
    297	0582  1C 00 00 00 00 1C			     db	      1Ch, 00h,	00h, 00h, 00h, 1Ch
    298	0588  1C 1C 1C 00 00 00			     db	      1Ch, 1Ch,	1Ch, 00h, 00h, 00h
    299	058E  00 1C 1C 1C 1C 00			     db	      00h, 1Ch,	1Ch, 1Ch, 1Ch, 00h
    300	0594  00 00 00 1C 1C 1C			     db	      00h, 00h,	00h, 1Ch, 1Ch, 1Ch
    301	059A  1C 00 00 00 00 1C			     db	      1Ch, 00h,	00h, 00h, 00h, 1Ch
    302	05A0  1C 1C 1C 00 00 00			     db	      1Ch, 1Ch,	1Ch, 00h, 00h, 00h
    303	05A6  00 1C 1C 1C 1C 00			     db	      00h, 1Ch,	1Ch, 1Ch, 1Ch, 00h
    304	05AC  0D 13 19 1B 1B 1B			     db	      0Dh, 13h,	19h, 1Bh, 1Bh, 1Bh
    305	05B2  1B 00 01 07 1A 1B			     db	      1Bh, 00h,	01h, 07h, 1Ah, 1Bh
    306	05B8  1B 1B 1B 00			     db	      1Bh, 1Bh,	1Bh, 00h
    307	05BC  11*(00)				     db	     17	dup (0)
    308	05CD  46 9A 9A 9A 9B 9A			     db	      46h, 9Ah,	9Ah, 9Ah, 9Bh, 9Ah
    309	05D3  00 3F 47 9B 9A 9B			     db	      00h, 3Fh,	47h, 9Bh, 9Ah, 9Bh
    310	05D9  9B 9B 00 40 48 64			     db	      9Bh, 9Bh,	00h, 40h, 48h, 64h
    311	05DF  62 62 62 62 00 41			     db	      62h, 62h,	62h, 62h, 00h, 41h
    312	05E5  47 65 62 61 61 61			     db	      47h, 65h,	62h, 61h, 61h, 61h
    313	05EB  00 42 48 66 62 00			     db	      00h, 42h,	48h, 66h, 62h, 00h
    314	05F1  00 00 00 41 47 67			     db	      00h, 00h,	00h, 41h, 47h, 67h
    315	05F7  62 62 62 62 00 42			     db	      62h, 62h,	62h, 62h, 00h, 42h
    316	05FD  48 9B 9A 9A 9B 9A			     db	      48h, 9Bh,	9Ah, 9Ah, 9Bh, 9Ah
    317	0603  00 41 47 9B 9B 9B			     db	      00h, 41h,	47h, 9Bh, 9Bh, 9Bh
    318	0609  9B 9B 00 42 49 9D			     db	      9Bh, 9Bh,	00h, 42h, 49h, 9Dh
    319	060F  9D 9D 9D 9D 00 43			     db	      9Dh, 9Dh,	9Dh, 9Dh, 00h, 43h
    320	0615  4A 9D 9D 9D 9D 9D			     db	      4Ah, 9Dh,	9Dh, 9Dh, 9Dh, 9Dh
    321	061B  00 44 4B 9D 9D 9D			     db	      00h, 44h,	4Bh, 9Dh, 9Dh, 9Dh
    322	0621  9D 9D 00 45 4C 9D			     db	      9Dh, 9Dh,	00h, 45h, 4Ch, 9Dh
    323	0627  9D 9D 9D 9D			     db	      9Dh, 9Dh,	9Dh, 9Dh
    324	062B  29*(00)				     db	     41	dup (0)
Turbo Assembler	 Version 2.01	     03/22/26 12:32:19	    Page 7
238UTILB.asm



    325	0654  79 80 00 00 00 00			     db	      79h, 80h,	00h, 00h, 00h, 00h
    326	065A  00 00 7A 81 84 85			     db	      00h, 00h,	7Ah, 81h, 84h, 85h
    327	0660  85 85 87 74 7B 82			     db	      85h, 85h,	87h, 74h, 7Bh, 82h
    328	0666  00 00 00 00 00 75			     db	      00h, 00h,	00h, 00h, 00h, 75h
    329	066C  7C 83 00 84 86 85			     db	      7Ch, 83h,	00h, 84h, 86h, 85h
    330	0672  87 74 7B 82 00 00			     db	      87h, 74h,	7Bh, 82h, 00h, 00h
    331	0678  00 00 00 75 7C 83			     db	      00h, 00h,	00h, 75h, 7Ch, 83h
    332	067E  00 00 84 86 87 74			     db	      00h, 00h,	84h, 86h, 87h, 74h
    333	0684  7B 82 00 00 00 00			     db	      7Bh, 82h,	00h, 00h, 00h, 00h
    334	068A  00 75 7C 83 00 00			     db	      00h, 75h,	7Ch, 83h, 00h, 00h
    335	0690  00 84 88 74 7D 82			     db	      00h, 84h,	88h, 74h, 7Dh, 82h
    336	0696  00 00 00 00 00 76			     db	      00h, 00h,	00h, 00h, 00h, 76h
    337	069C  7E 83 00 00 00 00			     db	      7Eh, 83h,	00h, 00h, 00h, 00h
    338	06A2  00 77 7F 82 00 00			     db	      00h, 77h,	7Fh, 82h, 00h, 00h
    339	06A8  00 00 00 78 7F 83			     db	      00h, 00h,	00h, 78h, 7Fh, 83h
    340	06AE  00 00				     db	      00h, 00h
    341	06B0  23*(00)				     db	     35	dup (0)
    342	06D3  24 00 B4 00 02 01			     db	      24h, 00h,0B4h, 00h, 02h, 01h
    343	06D9  FF 01 02 19 AF 03			     db	     0FFh, 01h,	02h, 19h,0AFh, 03h
    344	06DF  0B				     db	      0Bh
    345	06E0  53 61 74 6F 6E 6F	20+		     db	     'Satono Town'
    346	      54 6F 77 6E
    347	06EB  81 00 FF FF 80 01			     db	      81h, 00h,0FFh,0FFh, 80h, 01h
    348	06F1  FF FF 2C 00 04 5C			     db	     0FFh,0FFh,	2Ch, 00h, 04h, 5Ch
    349	06F7  00 02 80 00 07 94			     db	      00h, 02h,	80h, 00h, 07h, 94h
    350	06FD  00 06 B9 00 03 FF			     db	      00h, 06h,0B9h, 00h, 03h,0FFh
    351	0703  FF 80 00 21 01 00			     db	     0FFh, 80h,	00h, 21h, 01h, 00h
    352	0709  06 00 3E 00 02 FF			     db	      06h, 00h,	3Eh, 00h, 02h,0FFh
    353	070F  FF 1A C7 FB C7 C2			     db	     0FFh, 1Ah,0C7h,0FBh,0C7h,0C2h
    354	0715  C8 98 C9 6F CA 02			     db	     0C8h, 98h,0C9h, 6Fh,0CAh, 02h
    355	071B  CB 9D CB				     db	     0CBh, 9Dh,0CBh
    356	071E  57 65 6C 63 6F 6D	65+		     db	     'Welcome, stranger. You must have'
    357	      2C 20 73 74 72 61	6E+
    358	      67 65 72 2E 20 59	6F+
    359	      75 20 6D 75 73 74	20+
    360	      68 61 76 65
    361	073E  20 63 6F 6D 65 20	74+		     db	     ' come through the	labyrinths fro'
    362	      68 72 6F 75 67 68	20+
    363	      74 68 65 20 6C 61	62+
    364	      79 72 69 6E 74 68	73+
    365	      20 66 72 6F
    366	075E  6D 20 74 68 65 20	6F+		     db	     'm	the outside world. We have not'
    367	      75 74 73 69 64 65	20+
    368	      77 6F 72 6C 64 2E	20+
    369	      57 65 20 68 61 76	65+
    370	      20 6E 6F 74
    371	077E  20 65 6E 63 6F 75	6E+		     db	     ' encountered such	a brave	person'
    372	      74 65 72 65 64 20	73+
    373	      75 63 68 20 61 20	62+
    374	      72 61 76 65 20 70	65+
    375	      72 73 6F 6E
    376	079E  20 69 6E 20 61 20	76+		     db	     ' in a very long time. You	should'
    377	      65 72 79 20 6C 6F	6E+
    378	      67 20 74 69 6D 65	2E+
Turbo Assembler	 Version 2.01	     03/22/26 12:32:19	    Page 8
238UTILB.asm



    379	      20 59 6F 75 20 73	68+
    380	      6F 75 6C 64
    381	07BE  20 76 69 73 69 74	20+		     db	     ' visit the great sage Yasmin -- '
    382	      74 68 65 20 67 72	65+
    383	      61 74 20 73 61 67	65+
    384	      20 59 61 73 6D 69	6E+
    385	      20 2D 2D 20
    386	07DE  73 68 65 20 77 69	6C+		     db	     'she will be anxious to meet you.'
    387	      6C 20 62 65 20 61	6E+
    388	      78 69 6F 75 73 20	74+
    389	      6F 20 6D 65 65 74	20+
    390	      79 6F 75 2E
    391	07FE  FF 53 6F				     db	     0FFh, 53h,	6Fh
    392	0801  20 79 6F 75 5C 72	65+		     db	     ' you\re the brave	one I\ve heard'
    393	      20 74 68 65 20 62	72+
    394	      61 76 65 20 6F 6E	65+
    395	      20 49 5C 76 65 20	68+
    396	      65 61 72 64
    397	0821  20 61 62 6F 75 74	2E+		     db	     ' about. Well, if you\re going to'
    398	      20 57 65 6C 6C 2C	20+
    399	      69 66 20 79 6F 75	5C+
    400	      72 65 20 67 6F 69	6E+
    401	      67 20 74 6F
    402	0841  20 67 6F 20 6F 6E	20+		     db	     ' go on from here,	I\ll give you '
    403	      66 72 6F 6D 20 68	65+
    404	      72 65 2C 20 49 5C	6C+
    405	      6C 20 67 69 76 65	20+
    406	      79 6F 75 20
    407	0861  61 20 74 69 70 2E	20+		     db	     'a	tip.  When you come to a stopp'
    408	      20 57 68 65 6E 20	79+
    409	      6F 75 20 63 6F 6D	65+
    410	      20 74 6F 20 61 20	73+
    411	      74 6F 70 70
    412	0881  69 6E 67 20 70 6C	61+		     db	     'ing place, dig a hole. The demon'
    413	      63 65 2C 20 64 69	67+
    414	      20 61 20 68 6F 6C	65+
    415	      2E 20 54 68 65 20	64+
    416	      65 6D 6F 6E
    417	08A1  73 20 68 61 76 65	20+		     db	     's	have hidden jewels in many pla'
    418	      68 69 64 64 65 6E	20+
    419	      6A 65 77 65 6C 73	20+
    420	      69 6E 20 6D 61 6E	79+
    421	      20 70 6C 61
    422	08C1  63 65 73 2E			     db	     'ces.'
    423	08C5  FF 41 72				     db	     0FFh, 41h,	72h
    424	08C8  65 20 79 6F 75 20	44+		     db	     'e	you Duke Garland? Thank	the Sp'
    425	      75 6B 65 20 47 61	72+
    426	      6C 61 6E 64 3F 20	54+
    427	      68 61 6E 6B 20 74	68+
    428	      65 20 53 70
    429	08E8  69 72 69 74 73 20	79+		     db	     'irits you\ve come. We escaped fr'
    430	      6F 75 5C 76 65 20	63+
    431	      6F 6D 65 2E 20 57	65+
    432	      20 65 73 63 61 70	65+
Turbo Assembler	 Version 2.01	     03/22/26 12:32:19	    Page 9
238UTILB.asm



    433	      64 20 66 72
    434	0908  6F 6D 20 4A 61 73	68+		     db	     'om Jashiin through the power of '
    435	      69 69 6E 20 74 68	72+
    436	      6F 75 67 68 20 74	68+
    437	      65 20 70 6F 77 65	72+
    438	      20 6F 66 20
    439	0928  74 68 65 20 53 70	69+		     db	     'the Spirits. However, if his pow'
    440	      72 69 74 73 2E 20	48+
    441	      6F 77 65 76 65 72	2C+
    442	      20 69 66 20 68 69	73+
    443	      20 70 6F 77
    444	0948  65 72 20 73 68 6F	75+		     db	     'er should	become so strong that '
    445	      6C 64 20 62 65 63	6F+
    446	      6D 65 20 73 6F 20	73+
    447	      74 72 6F 6E 67 20	74+
    448	      68 61 74 20
    449	0968  74 68 65 20 53 70	69+		     db	     'the Spirits\ can\t protect us, t'
    450	      72 69 74 73 5C 20	63+
    451	      61 6E 5C 74 20 70	72+
    452	      6F 74 65 63 74 20	75+
    453	      73 2C 20 74
    454	0988  68 69 73 20 74 6F	77+		     db	     'his town is doomed.'
    455	      6E 20 69 73 20 64	6F+
    456	      6F 6D 65 64 2E
    457	099B  FF 4C 65				     db	     0FFh, 4Ch,	65h
    458	099E  74 20 6D 65 20 67	69+		     db	     't	me give	you some advice, stran'
    459	      76 65 20 79 6F 75	20+
    460	      73 6F 6D 65 20 61	64+
    461	      76 69 63 65 2C 20	73+
    462	      74 72 61 6E
    463	09BE  67 65 72 2E 20 49	66+		     db	     'ger. If you fall down the	stone '
    464	      20 79 6F 75 20 66	61+
    465	      6C 6C 20 64 6F 77	6E+
    466	      20 74 68 65 20 73	74+
    467	      6F 6E 65 20
    468	09DE  73 6C 61 62 20 69	6E+		     db	     'slab in front of the blue	door, '
    469	      20 66 72 6F 6E 74	20+
    470	      6F 66 20 74 68 65	20+
    471	      62 6C 75 65 20 64	6F+
    472	      6F 72 2C 20
    473	09FE  79 6F 75 20 77 69	6C+		     db	     'you will see a green door	nearby'
    474	      6C 20 73 65 65 20	61+
    475	      20 67 72 65 65 6E	20+
    476	      64 6F 6F 72 20 6E	65+
    477	      61 72 62 79
    478	0A1E  2E 20 44 6F 6E 5C	74+		     db	     '.	Don\t go through that door und'
    479	      20 67 6F 20 74 68	72+
    480	      6F 75 67 68 20 74	68+
    481	      61 74 20 64 6F 6F	72+
    482	      20 75 6E 64
    483	0A3E  65 72 20 61 6E 79	20+		     db	     'er any circumstances -- it is a '
    484	      63 69 72 63 75 6D	73+
    485	      74 61 6E 63 65 73	20+
    486	      2D 2D 20 69 74 20	69+
Turbo Assembler	 Version 2.01	     03/22/26 12:32:19	    Page 10
238UTILB.asm



    487	      73 20 61 20
    488	0A5E  64 6F 6F 72 77 61	79+		     db	     'doorway to the past.'
    489	      20 74 6F 20 74 68	65+
    490	      20 70 61 73 74 2E
    491	0A72  FF 42 65				     db	     0FFh, 42h,	65h
    492	0A75  77 61 72 65 21 20	49+		     db	     'ware! I went into	the caverns an'
    493	      20 77 65 6E 74 20	69+
    494	      6E 74 6F 20 74 68	65+
    495	      20 63 61 76 65 72	6E+
    496	      73 20 61 6E
    497	0A95  64 20 73 61 77 20	61+		     db	     'd	saw an awful creature -- a gia'
    498	      6E 20 61 77 66 75	6C+
    499	      20 63 72 65 61 74	75+
    500	      72 65 20 2D 2D 20	61+
    501	      20 67 69 61
    502	0AB5  6E 74 20 64 65 6D	6F+		     db	     'nt demon octopus.	It was terrify'
    503	      6E 20 6F 63 74 6F	70+
    504	      75 73 2E 20 49 74	20+
    505	      77 61 73 20 74 65	72+
    506	      72 69 66 79
    507	0AD5  69 6E 67 2C 20 62	75+		     db	     'ing, but I escaped. I hope you w'
    508	      74 20 49 20 65 73	63+
    509	      61 70 65 64 2E 20	49+
    510	      20 68 6F 70 65 20	79+
    511	      6F 75 20 77
    512	0AF5  69 6C 6C 20 62 65	20+		     db	     'ill be as	lucky.'
    513	      61 73 20 6C 75 63	6B+
    514	      79 2E
    515	0B05  FF 41 72				     db	     0FFh, 41h,	72h
    516	0B08  65 20 79 6F 75 20	74+		     db	     'e	you the	brave one? I&hope you '
    517	      68 65 20 62 72 61	76+
    518	      65 20 6F 6E 65 3F	20+
    519	      49 26 68 6F 70 65	20+
    520	      79 6F 75 20
    521	0B28  68 61 76 65 20 62	72+		     db	     'have brought almas for us. The a'
    522	      6F 75 67 68 74 20	61+
    523	      6C 6D 61 73 20 66	6F+
    524	      72 20 75 73 2E 20	54+
    525	      68 65 20 61
    526	0B48  6C 6D 61 73 20 61	72+		     db	     'lmas are part of Jashiin\s power'
    527	      65 20 70 61 72 74	20+
    528	      6F 66 20 4A 61 73	68+
    529	      69 69 6E 5C 73 20	70+
    530	      6F 77 65 72
    531	0B68  2E 20 57 65 20 75	73+		     db	     '.	We use them to make medicine, '
    532	      65 20 74 68 65 6D	20+
    533	      74 6F 20 6D 61 6B	65+
    534	      20 6D 65 64 69 63	69+
    535	      6E 65 2C 20
    536	0B88  61 6E 64 20 6F 74	68+		     db	     'and other	useful things.'
    537	      65 72 20 75 73 65	66+
    538	      75 6C 20 74 68 69	6E+
    539	      67 73 2E
    540	0BA0  FF 44 75				     db	     0FFh, 44h,	75h
Turbo Assembler	 Version 2.01	     03/22/26 12:32:19	    Page 11
238UTILB.asm



    541	0BA3  6B 65 20 47 61 72	6C+		     db	     'ke Garland, when you go into the'
    542	      61 6E 64 2C 20 77	68+
    543	      65 6E 20 79 6F 75	20+
    544	      67 6F 20 69 6E 74	6F+
    545	      20 74 68 65
    546	0BC3  20 63 61 76 65 72	6E+		     db	     ' caverns again, please try to br'
    547	      73 20 61 67 61 69	6E+
    548	      2C 20 70 6C 65 61	73+
    549	      65 20 74 72 79 20	74+
    550	      6F 20 62 72
    551	0BE3  69 6E 67 20 62 61	63+		     db	     'ing back more almas. To suppleme'
    552	      6B 20 6D 6F 72 65	20+
    553	      61 6C 6D 61 73 2E	20+
    554	      54 6F 20 73 75 70	70+
    555	      6C 65 6D 65
    556	0C03  6E 74 20 74 68 65	20+		     db	     'nt the protective	power of the S'
    557	      70 72 6F 74 65 63	74+
    558	      69 76 65 20 70 6F	77+
    559	      65 72 20 6F 66 20	74+
    560	      68 65 20 53
    561	0C23  70 69 72 69 74 73	20+		     db	     'pirits we	must build a wall of a'
    562	      77 65 20 6D 75 73	74+
    563	      20 62 75 69 6C 64	20+
    564	      61 20 77 61 6C 6C	20+
    565	      6F 66 20 61
    566	0C43  6C 6D 61 73 2E 20	55+		     db	     'lmas. Unless we get more,	Satono'
    567	      6E 6C 65 73 73 20	77+
    568	      65 20 67 65 74 20	6D+
    569	      6F 72 65 2C 20 53	61+
    570	      74 6F 6E 6F
    571	0C63  20 54 6F 77 6E 20	69+		     db	     ' Town is in peril.'
    572	      73 20 69 6E 20 70	65+
    573	      72 69 6C 2E
    574	0C75  FF 25 00 03 1C 00			     db	     0FFh, 25h,	00h, 03h, 1Ch, 00h
    575	0C7B  01 00 02 C4 00 00			     db	      01h, 00h,	02h,0C4h, 00h, 00h
    576	0C81  00 03 03 00 04 16			     db	      00h, 03h,	03h, 00h, 04h, 16h
    577	0C87  00 01 00 03 03 00			     db	      00h, 01h,	00h, 03h, 03h, 00h
    578	0C8D  00 56 00 04 00 00			     db	      00h, 56h,	00h, 04h, 00h, 00h
    579	0C93  01 00 01 79 00 82			     db	      01h, 00h,	01h, 79h, 00h, 82h
    580	0C99  00 00 02 00 03 9D			     db	      00h, 00h,	02h, 00h, 03h, 9Dh
    581	0C9F  00 02 00 00 01 00			     db	      00h, 02h,	00h, 00h, 01h, 00h
    582	0CA5  05 A3 00 83 1C 00			     db	      05h,0A3h,	00h, 83h, 1Ch, 00h
    583	0CAB  02 00 06 FF FF			     db	      02h, 00h,	06h,0FFh,0FFh
    584
    585	0CB0			     zr2_38	     endp
    586
    587	0CB0			     seg_a	     ends
    588
    589
    590
    591						     end     start
Turbo Assembler	 Version 2.01	     03/22/26 12:32:19	    Page 12
Symbol Table




Symbol Name			  Type	 Value

??DATE				  Text	 "03/22/26"
??FILENAME			  Text	 "238UTILB"
??TIME				  Text	 "12:32:19"
??VERSION			  Number 0201
@CPU				  Text	 0101H
@CURSEG				  Text	 SEG_A
@FILENAME			  Text	 238UTILB
@WORDSIZE			  Text	 2
START				  Near	 SEG_A:0000
TARGET				  Number 5432
ZR2_38				  Far	 SEG_A:0000

Macro Name

CALLF
CALLFX
CALLS
JMPN
JMPS

Groups & Segments		  Bit Size Align  Combine Class

SEG_A				  16  0CB0 Byte	  Public
