Turbo Assembler	 Version 2.01	     03/22/26 17:19:58	    Page 1
ZR2_51.asm



      1
      2
      3				     ;ÛÛÛÛÛÛÛÛÛÛÛÛÛÛÛÛÛÛÛÛÛÛÛÛÛÛÛÛÛÛÛÛÛÛÛÛÛÛÛÛÛÛÛÛÛÛÛÛÛÛÛÛÛÛÛÛÛÛÛÛÛÛÛÛÛÛÛÛÛÛÛÛÛÛ
      4				     ;ÛÛ								      ÛÛ
      5				     ;ÛÛ			     ZR2_51				      ÛÛ
      6				     ;ÛÛ								      ÛÛ
      7				     ;ÛÛ      Created:	 22-Mar-26					      ÛÛ
      8				     ;ÛÛ      Code type: zero start					      ÛÛ
      9				     ;ÛÛ      Passes:	 9	    Analysis Options on: none		      ÛÛ
     10				     ;ÛÛ								      ÛÛ
     11				     ;ÛÛÛÛÛÛÛÛÛÛÛÛÛÛÛÛÛÛÛÛÛÛÛÛÛÛÛÛÛÛÛÛÛÛÛÛÛÛÛÛÛÛÛÛÛÛÛÛÛÛÛÛÛÛÛÛÛÛÛÛÛÛÛÛÛÛÛÛÛÛÛÛÛÛ
     12
     13	      =	5432		     target	     EQU   'T2'			     ; Target assembler: TASM-2.X
     14
     15				     include  srmacros.inc
1    16
1    17				     ; Macros which may	be required for	proper re-assembly
1    18
1    19
1    20
1    21
1    22
1    23				     ;-----------------------------------------------------------------------------
1    24				     ; Some assemblers,	like TASM, check each far call and jump, to see	if it is
1    25				     ; in the same segment.  If	so, rather than	produce	the standard five byte far
1    26				     ; instruction it uses a near jump or call.
1    27
1    28				     calls	     macro   dummy1, dummy2, slocation
1    29						     db	     9Ah		     ; forced call far instruction
1    30						     dw	     offset slocation, seg slocation
1    31				     endm
1    32
1    33				     jmps	     macro   dummy1, dummy2, jlocation
1    34						     db	     0EAh		     ; forced jump far instruction
1    35						     dw	     offset jlocation, seg jlocation
1    36				     endm
1    37
1    38
1    39
1    40
1    41				     ;-----------------------------------------------------------------------------
1    42				     ;	Some compilers and some	assemblers will	code a call that goes to a far
1    43				     ;	subroutine in the same segment as:
1    44				     ;
1    45				     ;		     PUSH    CS
1    46				     ;		     CALL    near
1    47				     ;
1    48				     ;	This saves one byte, and is slightly faster.  If the assembler you are
1    49				     ;	using (i.e. MASM, Optasm) does not do this automatically, the following
1    50				     ;	macros are used	to code	the same information.  In other	words, the binary
1    51				     ;	file has "PUSH CS, CALL	near", and Sourcer ensures the same instructions
1    52				     ;	are used!  (macro CALLF)
1    53				     ;
1    54
Turbo Assembler	 Version 2.01	     03/22/26 17:19:58	    Page 2
ZR2_51.asm



1    55				     callf	     macro   location
1    56						     push    cs
1    57						     call    near ptr location
1    58				     endm
1    59
1    60				     ;	Some compilers generate	an unnecessary DS override on the call instruction
1    61				     ;	when compacting	the CALLF type function.  Macro	CALLFX handles this case.
1    62
1    63				     callfx	     macro   location
1    64						     push    cs
1    65						     db	     3Eh
1    66						     call    near ptr location
1    67				     endm
1    68
1    69
1    70				     ;-----------------------------------------------------------------------------
1    71				     ;	Some compilers and some	assemblers will	code a near call that is the
1    72				     ;	selected assembler will	convert	to a short jump	to save	a byte.	 This
1    73				     ;	reconstructs a near jump for these cases.
1    74
1    75				     jmpn	     macro   location
1    76						     db	     0E9h
1    77						     dw	     offset location-$-2
1    78				     endm
1    79
1    80
1    81
     82
     83
     84				     ; The following equates show data references outside the range of the program.
     85
     86	      =	AABB		     data_1e	     equ     0AABBh		     ;*
     87	      =	2208		     data_17e	     equ     2208h		     ;*
     88	      =	2722		     data_18e	     equ     2722h		     ;*
     89	      =	278A		     data_19e	     equ     278Ah		     ;*
     90	      =	27BA		     data_20e	     equ     27BAh		     ;*
     91	      =	2957		     data_21e	     equ     2957h		     ;*
     92	      =	3288		     data_22e	     equ     3288h		     ;*
     93	      =	4075		     data_23e	     equ     4075h		     ;*
     94	      =	59AA		     data_24e	     equ     59AAh		     ;*
     95	      =	80AA		     data_25e	     equ     80AAh		     ;*
     96	      =	823F		     data_26e	     equ     823Fh		     ;*
     97	      =	8802		     data_27e	     equ     8802h		     ;*
     98	      =	8A82		     data_28e	     equ     8A82h		     ;*
     99	      =	A0AA		     data_29e	     equ     0A0AAh		     ;*
    100	      =	A2AA		     data_30e	     equ     0A2AAh		     ;*
    101	      =	AA27		     data_31e	     equ     0AA27h		     ;*
    102	      =	AA82		     data_32e	     equ     0AA82h		     ;*
    103	      =	AAA0		     data_33e	     equ     0AAA0h		     ;*
    104	      =	ABAA		     data_34e	     equ     0ABAAh		     ;*
    105	      =	BAFF		     data_35e	     equ     0BAFFh		     ;*
    106	      =	D3CD		     data_36e	     equ     0D3CDh		     ;*
    107	      =	EAAA		     data_37e	     equ     0EAAAh		     ;*
    108	      =	FBFE		     data_38e	     equ     0FBFEh		     ;*
Turbo Assembler	 Version 2.01	     03/22/26 17:19:58	    Page 3
ZR2_51.asm



    109	      =	FF05		     data_39e	     equ     0FF05h		     ;*
    110
    111	0000			     seg_a	     segment byte public
    112						     assume  cs:seg_a, ds:seg_a
    113
    114
    115						     org     0
    116
    117	0000			     ZR2_51	     proc    far
    118
    119	0000			     start:
    120	0000  00 06 AA27			     add     ds:data_31e,al
    121	0004  29 55 32				     sub     [di+32h],dx
    122	0007  00 33				     add     [bp+di],dh
    123	0009  FF 35				     push    word ptr [di]
    124	000B  DD 37 D5 43 D3 4B			     db	     0DDh, 37h,0D5h, 43h,0D3h, 4Bh
    125	0011  CD				     db	     0CDh
    126	0012  4D 5D				     db	      4Dh, 5Dh
    127	0014  0000		     data_2	     dw	     offset sub_4
**Error** ZR2_51.asm(62) Undefined symbol: SUB_4
    128	0016  0000		     data_3	     dw	     offset sub_2
**Error** ZR2_51.asm(63) Undefined symbol: SUB_2
    129	0018  65 A0 66 80			     db	      65h,0A0h,	66h, 80h
    130	001C  0569		     data_4	     dw	     569h
    131	001E  6C 2A 71 0A			     db	      6Ch, 2Ah,	71h, 0Ah
    132	0022  73		     data_5	     db	     73h		     ; Data table (indexed access)
    133	0023  40 76 50 89			     db	      40h, 76h,	50h, 89h
    134	0027  04		     data_6	     db	     4			     ; Data table (indexed access)
    135	0028  91 10				     db	      91h, 10h
    136	002A  93		     data_7	     db	     93h		     ; Data table (indexed access)
    137	002B  54 97 A8 98 20 99			     db	      54h, 97h,0A8h, 98h, 20h, 99h
    138	0031  08				     db	      08h
    139	0032  159B		     data_8	     dw	     159Bh		     ; Data table (indexed access)
    140	0034  9C 57 9D 75 A3 28			     db	      9Ch, 57h,	9Dh, 75h,0A3h, 28h
    141	003A  A5 7F A6 EA B1 45			     db	     0A5h, 7Fh,0A6h,0EAh,0B1h, 45h
    142	0040  C4 8A CB 82 CC 88			     db	     0C4h, 8Ah,0CBh, 82h,0CCh, 88h
    143	0046  D2 A2 DB 41 E2 5F			     db	     0D2h,0A2h,0DBh, 41h,0E2h, 5Fh
    144	004C  E9 F5 F2 D0 FF FF			     db	     0E9h,0F5h,0F2h,0D0h,0FFh,0FFh
    145	0052  32 50 33 49 FD 32			     db	      32h, 50h,	33h, 49h,0FDh, 32h
    146	0058  02 D5 29 48 5D 32			     db	      02h,0D5h,	29h, 48h, 5Dh, 32h
    147	005E  02 D0 32 48 0D 32			     db	      02h,0D0h,	32h, 48h, 0Dh, 32h
    148	0064  00 03 FF D3 33 48			     db	      00h, 03h,0FFh,0D3h, 33h, 48h
    149	006A  FD 3F C0 03 00 D0			     db	     0FDh, 3Fh,0C0h, 03h, 00h,0D0h
    150	0070  32 48 0D 00 C0 03			     db	      32h, 48h,	0Dh, 00h,0C0h, 03h
    151	0076  00 D0 32 48 0D 00			     db	      00h,0D0h,	32h, 48h, 0Dh, 00h
    152	007C  C0 03 05 D0			     db	     0C0h, 03h,	05h,0D0h
    153	0080  4829		     data_9	     dw	     4829h		     ; Data table (indexed access)
    154	0082  5D 00 C0 03 04 D0			     db	      5Dh, 00h,0C0h, 03h, 04h,0D0h
    155	0088  27 48 AD 00 C0 33			     db	      27h, 48h,0ADh, 00h,0C0h, 33h
    156	008E  00 D0 29 48 5F FF			     db	      00h,0D0h,	29h, 48h, 5Fh,0FFh
    157	0094  FD D5 55 50 27 4A			     db	     0FDh,0D5h,	55h, 50h, 27h, 4Ah
    158	009A  AD D0 32 00 29 48			     db	     0ADh,0D0h,	32h, 00h, 29h, 48h
    159	00A0  54 00 0D D3 32 00			     db	      54h, 00h,	0Dh,0D3h, 32h, 00h
    160	00A6  27 48 A8 00 CD			     db	      27h, 48h,0A8h, 00h,0CDh
Turbo Assembler	 Version 2.01	     03/22/26 17:19:58	    Page 4
ZR2_51.asm



    161
    162	00AB			     locloop_3:
    163	00AB  D3 05				     rol     word ptr [di],cl	     ; Rotate
    164	00AD  29 07				     sub     [bx],ax
    165	00AF  54				     push    sp
    166	00B0  29 10				     sub     [bx+si],dx
    167	00B2  75 55				     jnz     loc_4		     ; Jump if not zero
    168				     ;*		     aad     29h		     ; ')' undocumented	inst
    169	00B4  D5 29				     db	     0D5h, 29h		     ;	Fixup -	byte match
    170	00B6  2B 50 CD				     sub     dx,[bx+si-33h]
    171	00B9  D3 0A				     ror     word ptr [bp+si],cl     ; Rotate
    172	00BB  27				     daa			     ; Decimal adjust
    173	00BC  14 EA				     adc     al,0EAh
    174	00BE  27				     daa			     ; Decimal adjust
    175	00BF  33 A0 D3CD			     xor     sp,ds:data_36e[bx+si]
    176	00C3  05 0729				     add     ax,729h
    177	00C6  54				     push    sp
    178	00C7  29 0E 2957			     sub     ds:data_21e,cx
    179	00CB  2F				     das			     ; Decimal adjust
    180	00CC  50				     push    ax
    181	00CD  CD D3				     int     0D3h		     ; ??INT Non-standard interrupt
    182	00CF  0A 27				     or	     ah,[bx]
    183	00D1  07				     pop     es
    184	00D2  A8 27				     test    al,27h		     ; '''
    185	00D4  0E				     push    cs
    186	00D5  AB				     stosw			     ; Store ax	to es:[di]
    187	00D6  27				     daa			     ; Decimal adjust
    188	00D7  2F				     das			     ; Decimal adjust
    189	00D8  A0 D3CD				     mov     al,ds:data_36e
    190	00DB  05 0729				     add     ax,729h
    191	00DE  50				     push    ax
    192	00DF  29 02				     sub     [bp+si],ax
    193	00E1  5D				     pop     bp
    194	00E2  29 09				     sub     [bx+di],cx
    195	00E4  57				     push    di
    196	00E5  29 00				     sub     [bx+si],ax
    197	00E7  5D				     pop     bp
    198	00E8  29 2C				     sub     [si],bp
    199	00EA  50				     push    ax
    200	00EB  CD D3				     int     0D3h		     ; ??INT Non-standard interrupt
    201	00ED  0A 27				     or	     ah,[bx]
    202	00EF  07				     pop     es
    203	00F0  A0 2722				     mov     al,ds:data_18e
    204	00F3  0C AB				     or	     al,0ABh
    205	00F5  27				     daa			     ; Decimal adjust
    206	00F6  30 A0 D3CD			     xor     ds:data_36e[bx+si],ah
    207	00FA  05 0629				     add     ax,629h
    208	00FD  54				     push    sp
    209	00FE  40				     inc     ax
    210	00FF  01 29				     add     [bx+di],bp
    211	0101  07				     pop     es
    212	0102  75 29				     jnz     loc_5		     ; Jump if not zero
    213	0104  03 77 29				     add     si,[bx+29h]
    214	0107  2F				     das			     ; Decimal adjust
Turbo Assembler	 Version 2.01	     03/22/26 17:19:58	    Page 5
ZR2_51.asm



    215	0108  50				     push    ax
    216	0109			     loc_4:
    217	0109  CD D3				     int     0D3h		     ; ??INT Non-standard interrupt
    218	010B  0A 27				     or	     ah,[bx]
    219	010D  06				     push    es
    220	010E  A8 20				     test    al,20h		     ; ' '
    221				     ;*		     loopnz  locloop_6		     ;*Loop if zf=0, cx>0
    222
    223	0110  E0 27				     db	     0E0h, 27h		     ;	Fixup -	byte match
    224	0112  06				     push    es
    225	0113  AB				     stosw			     ; Store ax	to es:[di]
    226	0114  27				     daa			     ; Decimal adjust
    227	0115  03 AB 27BA			     add     bp,ss:data_20e[bp+di]
    228	0119  2F				     das			     ; Decimal adjust
    229	011A  A0 D3CD				     mov     al,ds:data_36e
    230	011D  05 0629				     add     ax,629h
    231	0120  50				     push    ax
    232	0121  00 30				     add     [bx+si],dh
    233	0123  29 03				     sub     [bp+di],ax
    234				     ;*		     aad     29h		     ; ')' undocumented	inst
    235	0125  D5 29				     db	     0D5h, 29h		     ;	Fixup -	byte match
    236	0127  00 5D 29				     add     [di+29h],bl
    237	012A  03 57 29				     add     dx,[bx+29h]
    238	012D			     loc_5:
    239	012D  30 50 CD				     xor     [bx+si-33h],dl
    240	0130  D3 0A				     ror     word ptr [bp+si],cl     ; Rotate
    241	0132  27				     daa			     ; Decimal adjust
    242	0133  06				     push    es
    243				     ;*		     mov     al,ah
    244	0134  88 E0				     db	      88h,0E0h		     ;	Fixup -	byte match
    245	0136  39 AA 278A			     cmp     ss:data_19e[bp+si],bp
    246	013A  05 27FB				     add     ax,27FBh
    247				     ;*		     add     dl,ch
    248	013D  00 EA				     db	      00h,0EAh		     ;	Fixup -	byte match
    249	013F  AA				     stosb			     ; Store al	to es:[di]
    250	0140  FB				     sti			     ; Enable interrupts
    251	0141  BA 2F27				     mov     dx,2F27h
    252	0144  A0 D3CD				     mov     al,ds:data_36e
    253	0147  05 0629				     add     ax,629h
    254	014A  04 40				     add     al,40h		     ; '@'
    255	014C  5D				     pop     bp
    256				     ;*		     aad     5			     ; undocumented inst
    257	014D  D5 05				     db	     0D5h, 05h		     ;	Fixup -	byte match
    258	014F  77 5D				     ja	     loc_8		     ; Jump if above
    259	0151  75 55				     jnz     loc_7		     ; Jump if not zero
    260				     ;*		     aad     29h		     ; ')' undocumented	inst
    261	0153  D5 29				     db	     0D5h, 29h		     ;	Fixup -	byte match
    262	0155  03 57 55				     add     dx,[bx+55h]
    263	0158  77 57				     ja	     loc_10		     ; Jump if above
    264	015A  29 2F				     sub     [bx],bp
    265	015C  50				     push    ax
    266	015D  CD D3				     int     0D3h		     ; ??INT Non-standard interrupt
    267	015F  02 27				     add     ah,[bx]
    268	0161  06				     push    es
Turbo Assembler	 Version 2.01	     03/22/26 17:19:58	    Page 6
ZR2_51.asm



    269	0162  18 00				     sbb     [bx+si],al
    270	0164  BE 02AA				     mov     si,2AAh
    271	0167  27				     daa			     ; Decimal adjust
    272	0168  00 AE EAAA			     add     ss:data_37e[bp],ch
    273	016C  BA BEAE				     mov     dx,0BEAEh
    274	016F  27				     daa			     ; Decimal adjust
    275	0170  01 BB BAFF			     add     ss:data_35e[bp+di],di
    276				     ;*		     jmp     far ptr loc_27	     ;*
    277	0174  EA				     db	     0EAh
    278	0175  2E27 CDA0				     dw	     2E27h, 0CDA0h	     ;	Fixup -	byte match
    279										     ;*	No entry point to code
    280	0179  D3 05				     rol     word ptr [di],cl	     ; Rotate
    281	017B  29 06 001Cr			     sub     data_4,ax
    282	017F  36 D5 0D 5F 55 57			     db	      36h,0D5h,	0Dh, 5Fh, 55h, 57h
    283	0185  F5 75 29 00 DD 29			     db	     0F5h, 75h,	29h, 00h,0DDh, 29h
    284	018B  01 57 77 29 30 50			     db	      01h, 57h,	77h, 29h, 30h, 50h
    285	0191  CD D3 0A 27 06 32			     db	     0CDh,0D3h,	0Ah, 27h, 06h, 32h
    286	0197  00 36 7A 0E 27 04			     db	      00h, 36h,	7Ah, 0Eh, 27h, 04h
    287	019D  BF BE EA 27 00 FF			     db	     0BFh,0BEh,0EAh, 27h, 00h,0FFh
    288	01A3  EB 27 30 A0 CD			     db	     0EBh, 27h,	30h,0A0h,0CDh
    289	01A8			     loc_7:
    290	01A8  D3 05				     rol     word ptr [di],cl	     ; Rotate
    291	01AA  29 06 0032r			     sub     data_8,ax
    292	01AE			     loc_8:
    293	01AE  16				     push    ss
    294	01AF			     loc_9:
    295				     ;*		     aad     0Dh		     ; undocumented inst
    296	01AF  D5 0D				     db	     0D5h, 0Dh		     ;	Fixup -	byte match
    297	01B1			     loc_10:
    298	01B1  55				     push    bp
    299	01B2  7D 5D				     jge     $+5Fh		     ; Jump if > or =
    300	01B4  FF D7				     call    di			     ;*
    301	01B6  29 00				     sub     [bx+si],ax
    302	01B8  7D F5				     jge     loc_9		     ; Jump if > or =
    303				     ;*		     aad     57h		     ; 'W' undocumented	inst
    304	01BA  D5 57				     db	     0D5h, 57h		     ;	Fixup -	byte match
    305				     ;*		     jg	     loc_11		     ;*Jump if >
    306	01BC  7F F5				     db	      7Fh,0F5h		     ;	Fixup -	byte match
    307				     ;*		     jnz     loc_12		     ;*Jump if not zero
    308	01BE  75 29				     db	      75h, 29h		     ;	Fixup -	byte match
    309	01C0  2F				     das			     ; Decimal adjust
    310	01C1  50				     push    ax
    311	01C2  CD D3				     int     0D3h		     ; ??INT Non-standard interrupt
    312	01C4  0A 27				     or	     ah,[bx]
    313	01C6  05 00A0				     add     ax,0A0h
    314	01C9  10 01				     adc     [bx+di],al
    315	01CB  9F				     lahf			     ; Load ah from flags
    316	01CC  0D 6A55				     or	     ax,6A55h
    317	01CF  27				     daa			     ; Decimal adjust
    318	01D0  00 BF ABAA			     add     ds:data_34e[bx],bh
    319	01D4  BF AABB				     mov     di,data_1e
    320				     ;*		     jmp     far ptr loc_2	     ;*
    321	01D7  EA				     db	     0EAh
    322	01D8  FFBB 27AB				     dw	     0FFBBh, 27ABh	     ;	Fixup -	byte match
Turbo Assembler	 Version 2.01	     03/22/26 17:19:58	    Page 7
ZR2_51.asm



    323										     ;*	No entry point to code
    324	01DC  2F				     das			     ; Decimal adjust
    325	01DD  A0 D3CD				     mov     al,ds:data_36e
    326	01E0  05 0529				     add     ax,529h
    327	01E3  50				     push    ax
    328	01E4  40				     inc     ax
    329	01E5  00 04				     add     [si],al
    330	01E7  15 7D0F				     adc     ax,7D0Fh
    331	01EA  D7				     xlat			     ; al=[al+[bx]] table
    332	01EB  55				     push    bp
    333	01EC  5F				     pop     di
    334	01ED  F5				     cmc			     ; Complement carry
    335	01EE  55				     push    bp
    336	01EF  DF FF DF 75 5F A5			     db	     0DFh,0FFh,0DFh, 75h, 5Fh,0A5h
    337	01F5  00 55 57 29 2E 50			     db	      00h, 55h,	57h, 29h, 2Eh, 50h
    338	01FB  CD D3 0A 27 04 A2			     db	     0CDh,0D3h,	0Ah, 27h, 04h,0A2h
    339	0201  28 40 00 BC 1B 01			     db	      28h, 40h,	00h,0BCh, 1Bh, 01h
    340	0207  EF B9 BA FA FA FB			     db	     0EFh,0B9h,0BAh,0FAh,0FAh,0FBh
    341	020D  BA FF EF BA FE FF			     db	     0BAh,0FFh,0EFh,0BAh,0FEh,0FFh
    342	0213  EE BA 27 01 BA 27			     db	     0EEh,0BAh,	27h, 01h,0BAh, 27h
    343	0219  2B A0 CD D3 05 29			     db	      2Bh,0A0h,0CDh,0D3h, 05h, 29h
    344	021F  04 41 30 80 00 0F			     db	      04h, 41h,	30h, 80h, 00h, 0Fh
    345	0225  FF C3				     db	     0FFh,0C3h
    346	0227  F5		     data_12	     db	     0F5h
    347	0228  D1 5D 5F FD D7 D7			     db	     0D1h, 5Dh,	5Fh,0FDh,0D7h,0D7h
    348	022E  FF				     db	     0FFh
    349	022F  5D 77 33				     db	      5Dh, 77h,	33h
    350	0232  00		     data_13	     db	     0			     ; Data table (indexed access)
    351	0233  9C 00 29 2F 50 CD			     db	      9Ch, 00h,	29h, 2Fh, 50h,0CDh
    352	0239  D3 0A 27 04 80 28			     db	     0D3h, 0Ah,	27h, 04h, 80h, 28h
    353	023F  32 01 02 80 6A A0			     db	      32h, 01h,	02h, 80h, 6Ah,0A0h
    354	0245  FA AF BF AB AB BF			     db	     0FAh,0AFh,0BFh,0ABh,0ABh,0BFh
    355	024B  EA BF FF BF FF FE			     db	     0EAh,0BFh,0FFh,0BFh,0FFh,0FEh
    356	0251  27 00 FF 27 2C A0			     db	      27h, 00h,0FFh, 27h, 2Ch,0A0h
    357	0257  CD D3				     db	     0CDh,0D3h
    358
    359	0259			     ZR2_51	     endp
    360
    361				     ;ßßßßßßßßßßßßßßßßßßßßßßßßßßßßßßßßßßßßßßßßßßßßßßßßßßßßßßßßßßßßßßßßßßßßßßßßßß
    362				     ;				    SUBROUTINE
    363				     ;ÜÜÜÜÜÜÜÜÜÜÜÜÜÜÜÜÜÜÜÜÜÜÜÜÜÜÜÜÜÜÜÜÜÜÜÜÜÜÜÜÜÜÜÜÜÜÜÜÜÜÜÜÜÜÜÜÜÜÜÜÜÜÜÜÜÜÜÜÜÜÜÜÜÜ
    364
    365	0259			     sub_3	     proc    near
    366	0259  05 0429				     add     ax,429h
    367	025C  40				     inc     ax
    368	025D  10 32				     adc     [bp+si],dh
    369	025F  00 05				     add     [di],al
    370	0261  87 80 4075			     xchg    ds:data_23e[bx+si],ax
    371	0265  5D				     pop     bp
    372	0266  D7				     xlat			     ; al=[al+[bx]] table
    373	0267  D7				     xlat			     ; al=[al+[bx]] table
    374	0268  33 02				     xor     ax,[bp+si]
    375	026A  DF FF 7F D5 75 29			     db	     0DFh,0FFh,	7Fh,0D5h, 75h, 29h
    376	0270  00 5D 29 2C 50 CD			     db	      00h, 5Dh,	29h, 2Ch, 50h,0CDh
Turbo Assembler	 Version 2.01	     03/22/26 17:19:58	    Page 8
ZR2_51.asm



    377	0276  D3 0A 27 03 0A 80			     db	     0D3h, 0Ah,	27h, 03h, 0Ah, 80h
    378	027C			     loc_13:
    379	027C  00 06 0500			     add     byte ptr ds:[500h],al
    380	0280  8F 81 806A			     pop     word ptr ds:[806Ah][bx+di]
    381	0284  2A AA FBBB			     sub     ch,byte ptr ss:[0FBBBh][bp+si]
    382	0288  AF				     scasw			     ; Scan es:[di] for	ax
    383	0289  FF EA EF FF BB EA			     db	     0FFh,0EAh,0EFh,0FFh,0BBh,0EAh
    384	028F  27 00 EF EA 27 2C			     db	      27h, 00h,0EFh,0EAh, 27h, 2Ch
    385	0295  A0 CD D3 05 29 03			     db	     0A0h,0CDh,0D3h, 05h, 29h, 03h
    386	029B  15 40 00 02 00 0B			     db	      15h, 40h,	00h, 02h, 00h, 0Bh
    387	02A1  8F 81				     db	      8Fh, 81h
    388	02A3			     loc_14:
    389	02A3  75 40				     jnz     $+42h		     ; Jump if not zero
    390	02A5			     loc_15:
    391	02A5  7D D5				     jge     loc_13		     ; Jump if > or =
    392	02A7  5F				     pop     di
    393	02A8  33 03				     xor     ax,[bp+di]
    394	02AA  7F F7				     jg	     loc_14		     ; Jump if >
    395				     ;*		     push    di
    396	02AC  FF F7				     db	     0FFh,0F7h		     ;	Fixup -	byte match
    397	02AE  7F F5				     jg	     loc_15		     ; Jump if >
    398	02B0  29 2D				     sub     [di],bp
    399	02B2  50				     push    ax
    400	02B3  CD D3				     int     0D3h		     ; ??INT Non-standard interrupt
    401	02B5  0A 27				     or	     ah,[bx]
    402	02B7  03 0A				     add     cx,[bp+si]
    403	02B9  80 32 01				     xor     byte ptr [bp+si],1
    404	02BC  17				     pop     ss
    405	02BD  8F 81 823F			     pop     word ptr ds:data_26e[bx+di]
    406				     ;*		     jmp     far ptr loc_28	     ;*
    407	02C1			     sub_3	     endp
    408
    409	02C1  EA				     db	     0EAh
    410	02C2  AFAA EEFF				     dw	     0AFAAh, 0EEFFh	     ;	Fixup -	byte match
    411	02C6  FF FE FB FB EB AB			     db	     0FFh,0FEh,0FBh,0FBh,0EBh,0ABh
    412	02CC  AB EF FE FA FA 27			     db	     0ABh,0EFh,0FEh,0FAh,0FAh, 27h
    413	02D2  01 AE 27 27 A0 CD			     db	      01h,0AEh,	27h, 27h,0A0h,0CDh
    414	02D8  D3 05 29 03 32 02			     db	     0D3h, 05h,	29h, 03h, 32h, 02h
    415	02DE  96 7D F3 80 3D C2			     db	      96h, 7Dh,0F3h, 80h, 3Dh,0C2h
    416	02E4  FF DD 5F 33 03 FD			     db	     0FFh,0DDh,	5Fh, 33h, 03h,0FDh
    417	02EA  DF DD 7F 33 00 DF			     db	     0DFh,0DDh,	7Fh, 33h, 00h,0DFh
    418	02F0  7D 55 57 F5 75 29			     db	      7Dh, 55h,	57h,0F5h, 75h, 29h
    419	02F6  27 50 CD D3 0A 27			     db	      27h, 50h,0CDh,0D3h, 0Ah, 27h
    420	02FC  03 32 03 01 53 C0			     db	      03h, 32h,	03h, 01h, 53h,0C0h
    421	0302  02 80 FF EA AF FF			     db	      02h, 80h,0FFh,0EAh,0AFh,0FFh
    422	0308  FE FF FB EF FF			     db	     0FEh,0FFh,0FBh,0EFh,0FFh
    423	030D			     loc_16:
    424	030D  EB FE				     jmp     short loc_16
    425										     ;*	No entry point to code
    426	030F  33 00				     xor     ax,[bx+si]
    427	0311  FA				     cli			     ; Disable interrupts
    428	0312  FA				     cli			     ; Disable interrupts
    429	0313  27				     daa			     ; Decimal adjust
    430	0314  2C A0				     sub     al,0A0h
Turbo Assembler	 Version 2.01	     03/22/26 17:19:58	    Page 9
ZR2_51.asm



    431	0316  CD D3				     int     0D3h		     ; ??INT Non-standard interrupt
    432	0318  05 0029				     add     ax,29h
    433	031B  54				     push    sp
    434	031C  01 54 32				     add     [si+32h],dx
    435	031F  03 07				     add     ax,[bx]
    436	0321  F8				     clc			     ; Clear carry flag
    437	0322  07				     pop     es
    438	0323  18 00				     sbb     [bx+si],al
    439	0325  33 0B				     xor     cx,[bp+di]
    440	0327  FD				     std			     ; Set direction flag
    441				     ;*		     aad     29h		     ; ')' undocumented	inst
    442	0328  D5 29				     db	     0D5h, 29h		     ;	Fixup -	byte match
    443	032A  2C 50				     sub     al,50h		     ; 'P'
    444	032C  CD D3				     int     0D3h		     ; ??INT Non-standard interrupt
    445	032E  0A 27				     or	     ah,[bx]
    446	0330  01 02				     add     [bp+si],ax
    447	0332  AA				     stosb			     ; Store al	to es:[di]
    448	0333  32 03				     xor     al,[bp+di]
    449	0335  05 FFE6				     add     ax,0FFE6h
    450				     ;*		     call    sub_1		     ;*
    451	0338  E8 00 FE				     db	     0E8h, 00h,0FEh	     ;	Fixup -	byte match
    452	033B  BE 33AF				     mov     si,33AFh
    453	033E  04 BF				     add     al,0BFh
    454	0340  FF BF FF FA 27 01			     db	     0FFh,0BFh,0FFh,0FAh, 27h, 01h
    455	0346  AE 27 29 A0 CD D3			     db	     0AEh, 27h,	29h,0A0h,0CDh,0D3h
    456	034C  05 29 01 05 40 32			     db	      05h, 29h,	01h, 05h, 40h, 32h
    457	0352  03 03 7E 7F E8 00			     db	      03h, 03h,	7Eh, 7Fh,0E8h, 00h
    458	0358  FF FE 3E 33 08 F5			     db	     0FFh,0FEh,	3Eh, 33h, 08h,0F5h
    459	035E  7D 55 5F D5			     db	      7Dh, 55h,	5Fh,0D5h
    460	0362  29 29				     db	      29h, 29h
    461	0364			     loc_17:
    462	0364  50				     push    ax
    463	0365  CD D3				     int     0D3h		     ; ??INT Non-standard interrupt
    464	0367  0A 27				     or	     ah,[bx]
    465	0369  01 02				     add     [bp+si],ax
    466	036B  32 02				     xor     al,[bp+si]
    467	036D  80 32 01				     xor     byte ptr [bp+si],1
    468	0370  15 0062				     adc     ax,62h
    469	0373  7F EF				     jg	     loc_17		     ; Jump if >
    470	0375  0D 0733				     or	     ax,733h
    471	0378  BF FBFE				     mov     di,data_38e
    472	037B  FA				     cli			     ; Disable interrupts
    473				     ;*		     jmp     far ptr loc_26	     ;*
    474	037C  EA				     db	     0EAh
    475	037D  2A27 CDA0				     dw	     2A27h, 0CDA0h	     ;	Fixup -	byte match
    476										     ;*	No entry point to code
    477	0381  D3 05				     rol     word ptr [di],cl	     ; Rotate
    478	0383  29 01				     sub     [bx+di],ax
    479	0385  32 02				     xor     al,[bp+si]
    480	0387  55				     push    bp
    481	0388  14 00				     adc     al,0
    482	038A  41				     inc     cx
    483	038B  44				     inc     sp
    484	038C  11 06 FF05			     adc     ds:data_39e,ax
Turbo Assembler	 Version 2.01	     03/22/26 17:19:58	    Page 10
ZR2_51.asm



    485	0390  EF				     out     dx,ax		     ; port 0, DMA-1 bas&add ch	0
    486	0391  1D 0A33				     sbb     ax,0A33h
    487	0394  DF F5 9D 01 29 11			     db	     0DFh,0F5h,	9Dh, 01h, 29h, 11h
    488	039A  75 29 02 59 29 0E			     db	      75h, 29h,	02h, 59h, 29h, 0Eh
    489	03A0  50 CD D3 0A 27 01			     db	      50h,0CDh,0D3h, 0Ah, 27h, 01h
    490	03A6  00 A0 00 02 00 2A			     db	      00h,0A0h,	00h, 02h, 00h, 2Ah
    491	03AC  A0 20 82 28 02 0A			     db	     0A0h, 20h,	82h, 28h, 02h, 0Ah
    492	03B2  FF EF 1D 33 0B 27			     db	     0FFh,0EFh,	1Dh, 33h, 0Bh, 27h
    493	03B8  15 6A 27 02 A8 27			     db	      15h, 6Ah,	27h, 02h,0A8h, 27h
    494	03BE  0E A0 CD D3 04 29			     db	      0Eh,0A0h,0CDh,0D3h, 04h, 29h
    495	03C4  00 54 04 32 00 63			     db	      00h, 54h,	04h, 32h, 00h, 63h
    496	03CA  00 55 01 45 5F D5			     db	      00h, 55h,	01h, 45h, 5Fh,0D5h
    497	03D0  41 F4 5E 0C 1E			     db	      41h,0F4h,	5Eh, 0Ch, 1Eh
    498	03D5			     loc_18:
    499	03D5  33 0B				     xor     cx,[bp+di]
    500	03D7  29 15				     sub     [di],dx
    501	03D9  75 29				     jnz     $+2Bh		     ; Jump if not zero
    502	03DB  02 59 29				     add     bl,[bx+di+29h]
    503	03DE  0E				     push    cs
    504	03DF  50				     push    ax
    505	03E0  CD D3				     int     0D3h		     ; ??INT Non-standard interrupt
    506	03E2  0A A8 A2AA			     or	     ch,ds:data_30e[bx+si]
    507	03E6  32 03				     xor     al,[bp+di]
    508	03E8  A8 0A				     test    al,0Ah
    509	03EA  2A 27				     sub     ah,[bx]
    510	03EC  00 A0 80AA			     add     ds:data_25e[bx+si],ah
    511	03F0  AF				     scasw			     ; Scan es:[di] for	ax
    512	03F1  FE 33 0A AA EF 27			     db	     0FEh, 33h,	0Ah,0AAh,0EFh, 27h
    513	03F7  05 AB 27 0C 3A 27			     db	      05h,0ABh,	27h, 0Ch, 3Ah, 27h
    514	03FD  02 B0 27 0E A0 CD			     db	      02h,0B0h,	27h, 0Eh,0A0h,0CDh
    515	0403  D3 05 55 32 03 10			     db	     0D3h, 05h,	55h, 32h, 03h, 10h
    516	0409  05 40 01 55 79 55			     db	      05h, 40h,	01h, 55h, 79h, 55h
    517	040F  50 5F DC 44 FE 33			     db	      50h, 5Fh,0DCh, 44h,0FEh, 33h
    518	0415  0B F7 FF D7 5F E9			     db	      0Bh,0F7h,0FFh,0D7h, 5Fh,0E9h
    519	041B  00 D5 29 08 57 29			     db	      00h,0D5h,	29h, 08h, 57h, 29h
    520	0421  02 54 BD 29 02 72			     db	      02h, 54h,0BDh, 29h, 02h, 72h
    521	0427  29 0E 50 CD D3 0A			     db	      29h, 0Eh,	50h,0CDh,0D3h, 0Ah
    522	042D  A0 32 03 20 02 00			     db	     0A0h, 32h,	03h, 20h, 02h, 00h
    523	0433  82 AA A8 AA A0 2A			     db	      82h,0AAh,0A8h,0AAh,0A0h, 2Ah
    524	0439  AA 2A AC 7F 33 08			     db	     0AAh, 2Ah,0ACh, 7Fh, 33h, 08h
    525	043F  FE BE 27 15 DE 27			     db	     0FEh,0BEh,	27h, 15h,0DEh, 27h
    526	0445  02 E4 27 0E A0 CD			     db	      02h,0E4h,	27h, 0Eh,0A0h,0CDh
    527	044B  D3 00 40 10 32 02			     db	     0D3h, 00h,	40h, 10h, 32h, 02h
    528	0451  01 05 40 01 55 50			     db	      01h, 05h,	40h, 01h, 55h, 50h
    529	0457  75 50 15 F5 05 58			     db	      75h, 50h,	15h,0F5h, 05h, 58h
    530	045D  33 09 DF 33 01 DF			     db	      33h, 09h,0DFh, 33h, 01h,0DFh
    531	0463  75 FF F7 F5 D5 29			     db	      75h,0FFh,0F7h,0F5h,0D5h, 29h
    532	0469  01 57 29 09 6F 55			     db	      01h, 57h,	29h, 09h, 6Fh, 55h
    533	046F  54 29 00 C9 29 0E			     db	      54h, 29h,	00h,0C9h, 29h, 0Eh
    534	0475  50 CD D3 32 06 A0			     db	      50h,0CDh,0D3h, 32h, 06h,0A0h
    535	047B  00 0A 28 A0 AA A0			     db	      00h, 0Ah,	28h,0A0h,0AAh,0A0h
    536	0481  0A AA 82 A9 7F 33			     db	      0Ah,0AAh,	82h,0A9h, 7Fh, 33h
    537	0487  0A BA BA 27 05 AE			     db	      0Ah,0BAh,0BAh, 27h, 05h,0AEh
    538	048D  27 04 EA 27 04 B7			     db	      27h, 04h,0EAh, 27h, 04h,0B7h
Turbo Assembler	 Version 2.01	     03/22/26 17:19:58	    Page 11
ZR2_51.asm



    539	0493  AA A0 0A AB 92 27			     db	     0AAh,0A0h,	0Ah,0ABh, 92h, 27h
    540	0499  0E A0 CD D3 32 05			     db	      0Eh,0A0h,0CDh,0D3h, 32h, 05h
    541	049F  01 50 00 01 55 01			     db	      01h, 50h,	00h, 01h, 55h, 01h
    542	04A5  FD 40 05 5D 41 57			     db	     0FDh, 40h,	05h, 5Dh, 41h, 57h
    543	04AB  BF 8F 33 0A 5F FF			     db	     0BFh, 8Fh,	33h, 0Ah, 5Fh,0FFh
    544	04B1  DF FD 55 FD 7F 29			     db	     0DFh,0FDh,	55h,0FDh, 7Fh, 29h
    545	04B7  03 75 29 07 3F D5			     db	      03h, 75h,	29h, 07h, 3Fh,0D5h
    546	04BD  00 01 57 01 29 0E			     db	      00h, 01h,	57h, 01h, 29h, 0Eh
    547	04C3  50 CD D3 32 05 02			     db	      50h,0CDh,0D3h, 32h, 05h, 02h
    548	04C9  80 00 0A AA 02 AA			     db	      80h, 00h,	0Ah,0AAh, 02h,0AAh
    549	04CF  80 00 AA A0 AA BF			     db	      80h, 00h,0AAh,0A0h,0AAh,0BFh
    550	04D5  03 33 09 AA FF 27			     db	      03h, 33h,	09h,0AAh,0FFh, 27h
    551	04DB  07 EA 27 09 D7 EA			     db	      07h,0EAh,	27h, 09h,0D7h,0EAh
    552	04E1  02 00 2C 46 27 0E			     db	      02h, 00h,	2Ch, 46h, 27h, 0Eh
    553	04E7  A0 CD D3 32 05 01			     db	     0A0h,0CDh,0D3h, 32h, 05h, 01h
    554	04ED  40 00 05 54 15 F1			     db	      40h, 00h,	05h, 54h, 15h,0F1h
    555	04F3  40 01 55 51 55 DF			     db	      40h, 01h,	55h, 51h, 55h,0DFh
    556	04F9  01 33 0C F5 FD 7F			     db	      01h, 33h,	0Ch,0F5h,0FDh, 7Fh
    557	04FF  75				     db	     75h
    558	0500  F5				     db	     0F5h
    559	0501  F7 57 75 37 01 77			     db	     0F7h, 57h,	75h, 37h, 01h, 77h
    560	0507  29 06 6B F4 32 00			     db	      29h, 06h,	6Bh,0F4h, 32h, 00h
    561	050D  10 01 29 0E 50 CD			     db	      10h, 01h,	29h, 0Eh, 50h,0CDh
    562	0513  D3 32 05 82 32 01			     db	     0D3h, 32h,	05h, 82h, 32h, 01h
    563	0519  20 2A 97 00 00 AA			     db	      20h, 2Ah,	97h, 00h, 00h,0AAh
    564	051F  A0 AA AF 03 FE 33			     db	     0A0h,0AAh,0AFh, 03h,0FEh, 33h
    565	0525  05 BE BF EF AA BA			     db	      05h,0BEh,0BFh,0EFh,0AAh,0BAh
    566	052B  27 13 B5 E4 02 00			     db	      27h, 13h,0B5h,0E4h, 02h, 00h
    567	0531  01 12 27 0E A0 CD			     db	      01h, 12h,	27h, 0Eh,0A0h,0CDh
    568	0537  D3 32 05 14 32 01			     db	     0D3h, 32h,	05h, 14h, 32h, 01h
    569	053D  44 55 7C 10 14 15			     db	      44h, 55h,	7Ch, 10h, 14h, 15h
    570	0543  58 55 77 01 FE 5F			     db	      58h, 55h,	77h, 01h,0FEh, 5Fh
    571	0549  33 05 FD F5 5F FF			     db	      33h, 05h,0FDh,0F5h, 5Fh,0FFh
    572	054F  F7 29 00 75 55 5F			     db	     0F7h, 29h,	00h, 75h, 55h, 5Fh
    573	0555  F5 5D 29 00 D5 29			     db	     0F5h, 5Dh,	29h, 00h,0D5h, 29h
    574	055B  08 6A E0 32 01 2D			     db	      08h, 6Ah,0E0h, 32h, 01h, 2Dh
    575	0561  29 0E 50 CD D3 32			     db	      29h, 0Eh,	50h,0CDh,0D3h, 32h
    576	0567  04 02 28 32 01 20			     db	      04h, 02h,	28h, 32h, 01h, 20h
    577	056D  0A AA 02 2A 0A A8			     db	      0Ah,0AAh,	02h, 2Ah, 0Ah,0A8h
    578	0573  2A EA 01 A0 2F 33			     db	      2Ah,0EAh,	01h,0A0h, 2Fh, 33h
    579	0579  05 EE FB AE BA AE			     db	      05h,0EEh,0FBh,0AEh,0BAh,0AEh
    580	057F  AA BE 27 03 AB EA			     db	     0AAh,0BEh,	27h, 03h,0ABh,0EAh
    581	0585  27 09 BA B0 32 01			     db	      27h, 09h,0BAh,0B0h, 32h, 01h
    582	058B  BA 27 0E A0 CD D3			     db	     0BAh, 27h,	0Eh,0A0h,0CDh,0D3h
    583	0591  32 04 05 10 32 01			     db	      32h, 04h,	05h, 10h, 32h, 01h
    584	0597  40 29 00 00 14 05			     db	      40h, 29h,	00h, 00h, 14h, 05h
    585	059D  54 45 5D 40 01 5F			     db	      54h, 45h,	5Dh, 40h, 01h, 5Fh
    586	05A3  33 07 7F FF D9 10			     db	      33h, 07h,	7Fh,0FFh,0D9h, 10h
    587	05A9  1F 55 FD 5F F5 7D			     db	      1Fh, 55h,0FDh, 5Fh,0F5h, 7Dh
    588	05AF  29 0C B0 32 00 02			     db	      29h, 0Ch,0B0h, 32h, 00h, 02h
    589	05B5  29 0F 50 CD D3 32			     db	      29h, 0Fh,	50h,0CDh,0D3h, 32h
    590	05BB  04 2A 20 32 00 02			     db	      04h, 2Ah,	20h, 32h, 00h, 02h
    591	05C1  20 2A AA 80 08 A8			     db	      20h, 2Ah,0AAh, 80h, 08h,0A8h
    592	05C7  27 01 0A AA A2 33			     db	      27h, 01h,	0Ah,0AAh,0A2h, 33h
Turbo Assembler	 Version 2.01	     03/22/26 17:19:58	    Page 12
ZR2_51.asm



    593	05CD  03 AE EE AF EA AA			     db	      03h,0AEh,0EEh,0AFh,0EAh,0AAh
    594	05D3  EA A4 00 06 27 03			     db	     0EAh,0A4h,	00h, 06h, 27h, 03h
    595	05D9  AB BB EA 27 09 A0			     db	     0ABh,0BBh,0EAh, 27h, 09h,0A0h
    596	05DF  1C 64 0A 27 0F A0			     db	      1Ch, 64h,	0Ah, 27h, 0Fh,0A0h
    597	05E5  CD D3 32 04 04 40			     db	     0CDh,0D3h,	32h, 04h, 04h, 40h
    598	05EB  32 00 05 40 55 75			     db	      32h, 00h,	05h, 40h, 55h, 75h
    599	05F1  00 05 45 5D 41 7D			     db	      00h, 05h,	45h, 5Dh, 41h, 7Dh
    600	05F7  41 55 A5 00 D1 BF			     db	      41h, 55h,0A5h, 00h,0D1h,0BFh
    601	05FD  33 04 7F F7 E5 00			     db	      33h, 04h,	7Fh,0F7h,0E5h, 00h
    602	0603  01 55 57 DF 55 57			     db	      01h, 55h,	57h,0DFh, 55h, 57h
    603	0609  75 29 0B 50 1E 40			     db	      75h, 29h,	0Bh, 50h, 1Eh, 40h
    604	060F  15 29 0F 50 CD D3			     db	      15h, 29h,	0Fh, 50h,0CDh,0D3h
    605	0615  32 04 02 32 00 0A			     db	      32h, 04h,	02h, 32h, 00h, 0Ah
    606	061B  02 A0 2A AA 82 2A			     db	      02h,0A0h,	2Ah,0AAh, 82h, 2Ah
    607	0621  00 AA A8 AA A8 EA			     db	      00h,0AAh,0A8h,0AAh,0A8h,0EAh
    608	0627  AA 8B 01 9F 33 02			     db	     0AAh, 8Bh,	01h, 9Fh, 33h, 02h
    609	062D  FE BA AA AE A8 32			     db	     0FEh,0BAh,0AAh,0AEh,0A8h, 32h
    610	0633  00 2A E0 0E 27 0E			     db	      00h, 2Ah,0E0h, 0Eh, 27h, 0Eh
    611	0639  A8 18 00 2A 27 0F			     db	     0A8h, 18h,	00h, 2Ah, 27h, 0Fh
    612	063F  A0 CD D3 32 04 10			     db	     0A0h,0CDh,0D3h, 32h, 04h, 10h
    613	0645  32 00 15 05 40 29			     db	      32h, 00h,	15h, 05h, 40h, 29h
    614	064B  00 05 55 50 57 D4			     db	      00h, 05h,	55h, 50h, 57h,0D4h
    615	0651  06 54 15 5D D5 04			     db	      06h, 54h,	15h, 5Dh,0D5h, 04h
    616	0657  7F DF 33 02 55 FF			     db	      7Fh,0DFh,	33h, 02h, 55h,0FFh
    617	065D  57 40 32 01 E0 03			     db	      57h, 40h,	32h, 01h,0E0h, 03h
    618	0663  29 00 DD D5 29 08			     db	      29h, 00h,0DDh,0D5h, 29h, 08h
    619	0669  54 00 30 0E 00 18			     db	      54h, 00h,	30h, 0Eh, 00h, 18h
    620	066F  01 29 0E 50 CD D3			     db	      01h, 29h,	0Eh, 50h,0CDh,0D3h
    621	0675  32 08 65 00 2A AA			     db	      32h, 08h,	65h, 00h, 2Ah,0AAh
    622	067B  80 2A A0 27 00 82			     db	      80h, 2Ah,0A0h, 27h, 00h, 82h
    623	0681  AA 82 AE AA 0A 02			     db	     0AAh, 82h,0AEh,0AAh, 0Ah, 02h
    624	0687  BF 33 00 BE D0 00			     db	     0BFh, 33h,	00h,0BEh,0D0h, 00h
    625	068D  BF EA 48 80 00 01			     db	     0BFh,0EAh,	48h, 80h, 00h, 01h
    626	0693  32 00 AA FA AA BA			     db	      32h, 00h,0AAh,0FAh,0AAh,0BAh
    627	0699  27 08 A1 40 68 03			     db	      27h, 08h,0A1h, 40h, 68h, 03h
    628	069F  80 2C 00 0A 27 01			     db	      80h, 2Ch,	00h, 0Ah, 27h, 01h
    629	06A5  A8 27 09 A0 CD D3			     db	     0A8h, 27h,	09h,0A0h,0CDh,0D3h
    630	06AB  32 07 10 04 00 55			     db	      32h, 07h,	10h, 04h, 00h, 55h
    631	06B1  15 01 55 40 45 75			     db	      15h, 01h,	55h, 40h, 45h, 75h
    632	06B7  40 15 50 7F DD 01			     db	      40h, 15h,	50h, 7Fh,0DDh, 01h
    633	06BD  10 0D 33 00 DD 32			     db	      10h, 0Dh,	33h, 00h,0DDh, 32h
    634	06C3  00 7D 55 41 32 03			     db	      00h, 7Dh,	55h, 41h, 32h, 03h
    635	06C9  13 18 01 29 09 32			     db	      13h, 18h,	01h, 29h, 09h, 32h
    636	06CF  00 48 32 00 24 00			     db	      00h, 48h,	32h, 00h, 24h, 00h
    637	06D5  01 29 01 50 15 55			     db	      01h, 29h,	01h, 50h, 15h, 55h
    638	06DB  05 29 06 50 CD D3			     db	      05h, 29h,	06h, 50h,0CDh,0D3h
    639	06E1  32 0A 22 AA 82 AA			     db	      32h, 0Ah,	22h,0AAh, 82h,0AAh
    640	06E7  A0 0A 27 00 2A AA			     db	     0A0h, 0Ah,	27h, 00h, 2Ah,0AAh
    641	06ED  02 27 00 2F 80 0F			     db	      02h, 27h,	00h, 2Fh, 80h, 0Fh
    642	06F3  FB E6 32 00 0A B8			     db	     0FBh,0E6h,	32h, 00h, 0Ah,0B8h
    643	06F9  32 04 01 80 00 AB			     db	      32h, 04h,	01h, 80h, 00h,0ABh
    644	06FF  27 00 00 2A 27 04			     db	      27h, 00h,	00h, 2Ah, 27h, 04h
    645	0705  A0 00 C0 18 00 06			     db	     0A0h, 00h,0C0h, 18h, 00h, 06h
    646	070B  00 0A 27 01 92 0A			     db	      00h, 0Ah,	27h, 01h, 92h, 0Ah
Turbo Assembler	 Version 2.01	     03/22/26 17:19:58	    Page 13
ZR2_51.asm



    647	0711  A8 00 27 06 A0 CD			     db	     0A8h, 00h,	27h, 06h,0A0h,0CDh
    648	0717  D3 32 07 04 32 00			     db	     0D3h, 32h,	07h, 04h, 32h, 00h
    649	071D  9B 00 41 55 54 01			     db	      9Bh, 00h,	41h, 55h, 54h, 01h
    650	0723  55 54 51 55 01 55			     db	      55h, 54h,	51h, 55h, 01h, 55h
    651	0729  FF 57 F8 13 55 32			     db	     0FFh, 57h,0F8h, 13h, 55h, 32h
    652	072F  01 05 50 32 04 02			     db	      01h, 05h,	50h, 32h, 04h, 02h
    653	0735  32 00 15 55 44 00			     db	      32h, 00h,	15h, 55h, 44h, 00h
    654	073B  05 29 02 C0 15 2B			     db	      05h, 29h,	02h,0C0h, 15h, 2Bh
    655	0741  FE 80 BE 00 02 AA			     db	     0FEh, 80h,0BEh, 00h, 02h,0AAh
    656	0747  A8 01 55 01 32 00			     db	     0A8h, 01h,	55h, 01h, 32h, 00h
    657	074D  40 00 15 29 05 50			     db	      40h, 00h,	15h, 29h, 05h, 50h
    658	0753  CD D3 32 0A 0A 2A			     db	     0CDh,0D3h,	32h, 0Ah, 0Ah, 2Ah
    659	0759  00 2A AA 00 8A AA			     db	      00h, 2Ah,0AAh, 00h, 8Ah,0AAh
    660	075F  A0 A2 A8 02 27 00			     db	     0A0h,0A2h,0A8h, 02h, 27h, 00h
    661	0765  AB C0 04 32 02 C0			     db	     0ABh,0C0h,	04h, 32h, 02h,0C0h
    662	076B  32 07 1B 82 08 32			     db	      32h, 07h,	1Bh, 82h, 08h, 32h
    663	0771  00 27 01 A9 32 00			     db	      00h, 27h,	01h,0A9h, 32h, 00h
    664	0777  AA 32 00 FF 04 32			     db	     0AAh, 32h,	00h,0FFh, 04h, 32h
    665	077D  08 02 27 05 E0 CD			     db	      08h, 02h,	27h, 05h,0E0h,0CDh
    666	0783  D3 32 07 10 00 01			     db	     0D3h, 32h,	07h, 10h, 00h, 01h
    667	0789  04 15 41 29 00 00			     db	      04h, 15h,	41h, 29h, 00h, 00h
    668	078F  05 5D 51 55 D5 00			     db	      05h, 5Dh,	51h, 55h,0D5h, 00h
    669	0795  15 1F F7 54 32 0D			     db	      15h, 1Fh,0F7h, 54h, 32h, 0Dh
    670	079B  05 08 32 01 05 29			     db	      05h, 08h,	32h, 01h, 05h, 29h
    671	07A1  00 52 32 00 14 32			     db	      00h, 52h,	32h, 00h, 14h, 32h
    672	07A7  00 3C 32 0A 29 05			     db	      00h, 3Ch,	32h, 0Ah, 29h, 05h
    673	07AD  50 CD D3 32 07 2A			     db	      50h,0CDh,0D3h, 32h, 07h, 2Ah
    674	07B3  00 A8 00 2A A3 00			     db	      00h,0A8h,	00h, 2Ah,0A3h, 00h
    675	07B9  AA 80 00 2A 27 01			     db	     0AAh, 80h,	00h, 2Ah, 27h, 01h
    676	07BF  B0 2A 8A 27 00 A8			     db	     0B0h, 2Ah,	8Ah, 27h, 00h,0A8h
    677	07C5  32 0D 10 32 02 2A			     db	      32h, 0Dh,	10h, 32h, 02h, 2Ah
    678	07CB  AA 80 32 10 0A AA			     db	     0AAh, 80h,	32h, 10h, 0Ah,0AAh
    679	07D1  80 00 27 01 A0 CD			     db	      80h, 00h,	27h, 01h,0A0h,0CDh
    680	07D7  D3 32 07 04 00 55			     db	     0D3h, 32h,	07h, 04h, 00h, 55h
    681	07DD  00 15 00 55 75 50			     db	      00h, 15h,	00h, 55h, 75h, 50h
    682	07E3  00 55 54 55 5F 54			     db	      00h, 55h,	54h, 55h, 5Fh, 54h
    683	07E9  01 AD D5 FD 7F 40			     db	      01h,0ADh,0D5h,0FDh, 7Fh, 40h
    684	07EF  32 11 05 55 32 12			     db	      32h, 11h,	05h, 55h, 32h, 12h
    685	07F5  54 32 00 29 01 50			     db	      54h, 32h,	00h, 29h, 01h, 50h
    686	07FB  CD D3 32 05 20 02			     db	     0CDh,0D3h,	32h, 05h, 20h, 02h
    687	0801  A8 00 22 88 2A 00			     db	     0A8h, 00h,	22h, 88h, 2Ah, 00h
    688	0807  28 8A A8 00 08 27			     db	      28h, 8Ah,0A8h, 00h, 08h, 27h
    689	080D  02 A0 22 6E BE AA			     db	      02h,0A0h,	22h, 6Eh,0BEh,0AAh
    690	0813  B9 02 32 29 02 27			     db	     0B9h, 02h,	32h, 29h, 02h, 27h
    691	0819  00 A0 CD D3 32 04			     db	      00h,0A0h,0CDh,0D3h, 32h, 04h
    692	081F  06 80 00 50 00 05			     db	      06h, 80h,	00h, 50h, 00h, 05h
    693	0825  40 15 00 45 5D 54			     db	      40h, 15h,	00h, 45h, 5Dh, 54h
    694	082B  32 00 10 55 57 F5			     db	      32h, 00h,	10h, 55h, 57h,0F5h
    695	0831  54 11 5F 55 7D 5D			     db	      54h, 11h,	5Fh, 55h, 7Dh, 5Dh
    696	0837  F0 32 16 3C 32 11			     db	     0F0h, 32h,	16h, 3Ch, 32h, 11h
    697	083D  05 00 10 CD D3 32			     db	      05h, 00h,	10h,0CDh,0D3h, 32h
    698	0843  07 80 00 02 A8 2A			     db	      07h, 80h,	00h, 02h,0A8h, 2Ah
    699	0849  00 2A AA A8 08 00			     db	      00h, 2Ah,0AAh,0A8h, 08h, 00h
    700	084F  20 2A 82 2A AA 80			     db	      20h, 2Ah,	82h, 2Ah,0AAh, 80h
Turbo Assembler	 Version 2.01	     03/22/26 17:19:58	    Page 14
ZR2_51.asm



    701	0855  88 6A 27 00 AB 80			     db	      88h, 6Ah,	27h, 00h,0ABh, 80h
    702	085B  32 15 7A 32 14 CD			     db	      32h, 15h,	7Ah, 32h, 14h,0CDh
    703	0861  D3 32 04 0C 32 00			     db	     0D3h, 32h,	04h, 0Ch, 32h, 00h
    704	0867  40 00 01 54 15 00			     db	      40h, 00h,	01h, 54h, 15h, 00h
    705	086D  45 57 55 32 00 01			     db	      45h, 57h,	55h, 32h, 00h, 01h
    706	0873  41 55 5F D5 10 04			     db	      41h, 55h,	5Fh,0D5h, 10h, 04h
    707	0879  05 15 57 FD F1 32			     db	      05h, 15h,	57h,0FDh,0F1h, 32h
    708	087F  09 25 D5 54 32 07			     db	      09h, 25h,0D5h, 54h, 32h, 07h
    709	0885  70 70 32 13 CD D3			     db	      70h, 70h,	32h, 13h,0CDh,0D3h
    710	088B  32 07 A0 00 5B 00			     db	      32h, 07h,0A0h, 00h, 5Bh, 00h
    711	0891			     loc_19:
    712	0891  2A 08				     sub     cl,[bx+si]
    713	0893  2A 27				     sub     ah,[bx]
    714	0895  01 32				     add     [bp+si],si
    715	0897  00 20				     add     [bx+si],ah
    716	0899  AA				     stosb			     ; Store al	to es:[di]
    717	089A  2F				     das			     ; Decimal adjust
    718	089B  AA				     stosb			     ; Store al	to es:[di]
    719	089C  E8 A900				     call    $-56FDh
    720	089F  02 72 AA				     add     dh,[bp+si-56h]
    721	08A2  86 E8				     xchg    ch,al
    722	08A4  32 07				     xor     al,[bx]
    723	08A6  86 BF 32EE			     xchg    byte ptr ds:[32EEh][bx],bh
    724	08AA  08 2E 32FC			     or	     byte ptr ds:[32FCh],ch
    725				     ;*		     or	     [bp+di+0],bx
    726	08AE  09 5B 00				     db	      09h, 5Bh,	00h	     ;	Fixup -	byte match
    727	08B1  32 06 CD D3 32 07			     db	      32h, 06h,0CDh,0D3h, 32h, 07h
    728	08B7  54 00 04 01 05 14			     db	      54h, 00h,	04h, 01h, 05h, 14h
    729	08BD  01 51 DD 54 10 32			     db	      01h, 51h,0DDh, 54h, 10h, 32h
    730	08C3  01 11 BE DD 40 01			     db	      01h, 11h,0BEh,0DDh, 40h, 01h
    731	08C9  40 56 52 95 D7 C0			     db	      40h, 56h,	52h, 95h,0D7h,0C0h
    732	08CF  32 00 40 32 01 2A			     db	      32h, 00h,	40h, 32h, 01h, 2Ah
    733	08D5  83 F5 DF 55 54 32			     db	      83h,0F5h,0DFh, 55h, 54h, 32h
    734	08DB  07 3E F4 32 08 15			     db	      07h, 3Eh,0F4h, 32h, 08h, 15h
    735	08E1  01 10 32 06 CD D3			     db	      01h, 10h,	32h, 06h,0CDh,0D3h
    736	08E7  32 07 28 32 00 80			     db	      32h, 07h,	28h, 32h, 00h, 80h
    737	08ED  2A A0 02 27 01 32			     db	      2Ah,0A0h,	02h, 27h, 01h, 32h
    738	08F3  00 0A 80 08 AA EA			     db	      00h, 0Ah,	80h, 08h,0AAh,0EAh
    739	08F9  A8 00 A2 22 8A 84			     db	     0A8h, 00h,0A2h, 22h, 8Ah, 84h
    740	08FF  27 00 A0 32 01 08			     db	      27h, 00h,0A0h, 32h, 01h, 08h
    741	0905  0E EB FF BE AA BA			     db	      0Eh,0EBh,0FFh,0BEh,0AAh,0BAh
    742	090B  A8 32 07 1C 60 00			     db	     0A8h, 32h,	07h, 1Ch, 60h, 00h
    743	0911  03 80 32 00 02 A0			     db	      03h, 80h,	32h, 00h, 02h,0A0h
    744	0917  28 32 00 02 00 AA			     db	      28h, 32h,	00h, 02h, 00h,0AAh
    745	091D  08 20 32 04 CD D3			     db	      08h, 20h,	32h, 04h,0CDh,0D3h
    746	0923  32 0A 10 05 40 04			     db	      32h, 0Ah,	10h, 05h, 40h, 04h
    747	0929  55 5D 45 40 00 11			     db	      55h, 5Dh,	45h, 40h, 00h, 11h
    748	092F  44 17 15 6F D5 50			     db	      44h, 17h,	15h, 6Fh,0D5h, 50h
    749	0935  00 01 42 51 82 09			     db	      00h, 01h,	42h, 51h, 82h, 09h
    750	093B  26 5D 40 00 02 AA			     db	      26h, 5Dh,	40h, 00h, 02h,0AAh
    751	0941  9F 5D 55 9D 00 41			     db	      9Fh, 5Dh,	55h, 9Dh, 00h, 41h
    752	0947  32 00 63 00 32 03			     db	      32h, 00h,	63h, 00h, 32h, 03h
    753	094D  15 32 00 07 C8 32			     db	      15h, 32h,	00h, 07h,0C8h, 32h
    754	0953  00 AB F1 50 32 01			     db	      00h,0ABh,0F1h, 50h, 32h, 01h
Turbo Assembler	 Version 2.01	     03/22/26 17:19:58	    Page 15
ZR2_51.asm



    755	0959  14 01 32 00 01 32			     db	      14h, 01h,	32h, 00h, 01h, 32h
    756	095F  03 CD D3 32 06 80			     db	      03h,0CDh,0D3h, 32h, 06h, 80h
    757	0965  32 01 08 0A A8 08			     db	      32h, 01h,	08h, 0Ah,0A8h, 08h
    758	096B  20 27 00 32 00 02			     db	      20h, 27h,	00h, 32h, 00h, 02h
    759	0971  0A AA 83 AC AE AA			     db	      0Ah,0AAh,	83h,0ACh,0AEh,0AAh
    760	0977  A0 00 80 A2 8A 2A			     db	     0A0h, 00h,	80h,0A2h, 8Ah, 2Ah
    761	097D  28 B2 8A 88 82 A8			     db	      28h,0B2h,	8Ah, 88h, 82h,0A8h
    762	0983  B5 BE FA EB AA 2A			     db	     0B5h,0BEh,0FAh,0EBh,0AAh, 2Ah
    763	0989  88 32 06 0A 00 0E			     db	      88h, 32h,	06h, 0Ah, 00h, 0Eh
    764	098F  05 E1 00 08 AA 2A			     db	      05h,0E1h,	00h, 08h,0AAh, 2Ah
    765	0995  AA 28 32 01 02 08			     db	     0AAh, 28h,	32h, 01h, 02h, 08h
    766	099B  32 05 CD D3 32 01			     db	      32h, 05h,0CDh,0D3h, 32h, 01h
    767	09A1  10 32 04 04 00 04			     db	      10h, 32h,	04h, 04h, 00h, 04h
    768	09A7  05 15 51 15 54 51			     db	      05h, 15h,	51h, 15h, 54h, 51h
    769	09AD  40 00 9B 00 40 41			     db	      40h, 00h,	9Bh, 00h, 40h, 41h
    770	09B3  04 59 59 54 32 00			     db	      04h, 59h,	59h, 54h, 32h, 00h
    771	09B9  20 00 84 AB 90 4C			     db	      20h, 00h,	84h,0ABh, 90h, 4Ch
    772	09BF  84 45 48 AB F7 5D			     db	      84h, 45h,	48h,0ABh,0F7h, 5Dh
    773	09C5  E5 55 32 04 40 32			     db	     0E5h, 55h,	32h, 04h, 40h, 32h
    774	09CB  02 06 38 80 C0 01			     db	      02h, 06h,	38h, 80h,0C0h, 01h
    775	09D1  88 BB 22 D4 10 04			     db	      88h,0BBh,	22h,0D4h, 10h, 04h
    776	09D7  32 00 01 32 06 CD			     db	      32h, 00h,	01h, 32h, 06h,0CDh
    777	09DD  D3 32 00 08 32 03			     db	     0D3h, 32h,	00h, 08h, 32h, 03h
    778	09E3  80 00 82 40 22 00			     db	      80h, 00h,	82h, 40h, 22h, 00h
    779	09E9  AA 80 AA A8 08 32			     db	     0AAh, 80h,0AAh,0A8h, 08h, 32h
    780	09EF  00 20 12 02 82 A0			     db	      00h, 20h,	12h, 02h, 82h,0A0h
    781	09F5  9A 1A CA A8 02 A2			     db	      9Ah, 1Ah,0CAh,0A8h, 02h,0A2h
    782	09FB  32 00 8A 2A A2			     db	      32h, 00h,	8Ah, 2Ah,0A2h
    783	0A00  A0		     data_15	     db	     0A0h		     ; Data table (indexed access)
    784	0A01  8E 42 AA 02 AA 2A			     db	      8Eh, 42h,0AAh, 02h,0AAh, 2Ah
    785	0A07  80 02 80 32 04 02			     db	      80h, 02h,	80h, 32h, 04h, 02h
    786	0A0D  80 00 CF 30 32 02			     db	      80h, 00h,0CFh, 30h, 32h, 02h
    787	0A13  08 88 08 28 80 A0			     db	      08h, 88h,	08h, 28h, 80h,0A0h
    788	0A19  32 01 20 32 04 CD			     db	      32h, 01h,	20h, 32h, 04h,0CDh
    789	0A1F  D3 32 06 10 00 05			     db	     0D3h, 32h,	06h, 10h, 00h, 05h
    790	0A25  00 10 01 54 00 10			     db	      00h, 10h,	01h, 54h, 00h, 10h
    791	0A2B  40 04 01 00 44 08			     db	      40h, 04h,	01h, 00h, 44h, 08h
    792	0A31  01 76 00 04 11 60			     db	      01h, 76h,	00h, 04h, 11h, 60h
    793	0A37  05 54 01 32 01 04			     db	      05h, 54h,	01h, 32h, 01h, 04h
    794	0A3D  10 15 11 04 15 55			     db	      10h, 15h,	11h, 04h, 15h, 55h
    795	0A43  74 40 32 05 01 00			     db	      74h, 40h,	32h, 05h, 01h, 00h
    796	0A49  57 CF C8 CF 30 32			     db	      57h,0CFh,0C8h,0CFh, 30h, 32h
    797	0A4F  02 18 04 32 01 04			     db	      02h, 18h,	04h, 32h, 01h, 04h
    798	0A55  10 00 04 55 14 50			     db	      10h, 00h,	04h, 55h, 14h, 50h
    799	0A5B  32 01 10 CD D3 32			     db	      32h, 01h,	10h,0CDh,0D3h, 32h
    800	0A61  05 08 0A 20 02 00			     db	      05h, 08h,	0Ah, 20h, 02h, 00h
    801	0A67  5B 00 AA A8 32 00			     db	      5Bh, 00h,0AAh,0A8h, 32h, 00h
    802	0A6D  02 00 A0 22 02 20			     db	      02h, 00h,0A0h, 22h, 02h, 20h
    803	0A73  08 32 00 21 49 02			     db	      08h, 32h,	00h, 21h, 49h, 02h
    804	0A79  A0 66 00 22 88 8A			     db	     0A0h, 66h,	00h, 22h, 88h, 8Ah
    805	0A7F  0A AA CC 00 A8 27			     db	      0Ah,0AAh,0CCh, 00h,0A8h, 27h
    806	0A85  00 80 08 80 00 20			     db	      00h, 80h,	08h, 80h, 00h, 20h
    807	0A8B  00 08 0A 28 8A 88			     db	      00h, 08h,	0Ah, 28h, 8Ah, 88h
    808	0A91  B3 F4 06 08 32 02			     db	     0B3h,0F4h,	06h, 08h, 32h, 02h
Turbo Assembler	 Version 2.01	     03/22/26 17:19:58	    Page 16
ZR2_51.asm



    809	0A97  98 00 8A A2 88 32			     db	      98h, 00h,	8Ah,0A2h, 88h, 32h
    810	0A9D  01 08 A2 AA 88 02			     db	      01h, 08h,0A2h,0AAh, 88h, 02h
    811	0AA3  A0 88 80 CD D3 32			     db	     0A0h, 88h,	80h,0CDh,0D3h, 32h
    812	0AA9  01 10 32 02 10 00			     db	      01h, 10h,	32h, 02h, 10h, 00h
    813	0AAF  04 60 04 01 11 55			     db	      04h, 60h,	04h, 01h, 11h, 55h
    814	0AB5  01 00 40 00 50 10			     db	      01h, 00h,	40h, 00h, 50h, 10h
    815	0ABB  32 00 15 10 00 40			     db	      32h, 00h,	15h, 10h, 00h, 40h
    816	0AC1  C6 06 10 50 85 00			     db	     0C6h, 06h,	10h, 50h, 85h, 00h
    817	0AC7  04 01 51 45 10 29			     db	      04h, 01h,	51h, 45h, 10h, 29h
    818	0ACD  00 5D D5 5D 45 84			     db	      00h, 5Dh,0D5h, 5Dh, 45h, 84h
    819	0AD3  40 00 04 00 1A 1D			     db	      40h, 00h,	04h, 00h, 1Ah, 1Dh
    820
    821	0AD9			     loc_ret_21:
    822	0AD9  CF				     iret			     ; Interrupt return
    823										     ;*	No entry point to code
    824	0ADA  EC				     in	     al,dx		     ; port 0, DMA-1 bas&add ch	0
    825	0ADB  7B FC				     jnp     loc_ret_21		     ; Jump if not parity
    826	0ADD  32 04				     xor     al,[si]
    827				     ;*		     and     ch,dl
    828	0ADF  20 D5				     db	      20h,0D5h		     ;	Fixup -	byte match
    829	0AE1  49				     dec     cx
    830	0AE2  74 00				     jz	     $+2		     ; delay for I/O
    831	0AE4  01 00				     add     [bx+si],ax
    832	0AE6  40				     inc     ax
    833	0AE7  10 04				     adc     [si],al
    834	0AE9  15 1004				     adc     ax,1004h
    835	0AEC  40				     inc     ax
    836	0AED  32 00				     xor     al,[bx+si]
    837	0AEF  CD D3				     int     0D3h		     ; ??INT Non-standard interrupt
    838	0AF1  00 02				     add     [bp+si],al
    839	0AF3  32 04				     xor     al,[si]
    840	0AF5  2A 82 002Ar			     sub     al,ss:data_7[bp+si]
    841	0AF9  5B				     pop     bx
    842	0AFA  00 00				     add     [bx+si],al
    843	0AFC  28 00				     sub     [bx+si],al
    844	0AFE  80 20 32				     and     byte ptr [bx+si],32h    ; '2'
    845	0B01  00 0A				     add     [bp+si],cl
    846	0B03  00 20				     add     [bx+si],ah
    847	0B05  08 0A				     or	     [bp+si],cl
    848	0B07  08 82 8802			     or	     ss:data_27e[bp+si],al
    849				     ;*		     add     byte ptr [bx+si],2Ah    ; '*'
    850	0B0B  82 00 2A				     db	      82h, 00h,	2Ah	     ;	Fixup -	byte match
    851				     ;*		     or	     byte ptr ds:data_33e[bx+si],0BAh
    852	0B0E  82 88 A0 AA BA			     db	      82h, 88h,0A0h,0AAh,0BAh	     ;	Fixup -	byte match
    853	0B13  AB				     stosw			     ; Store ax	to es:[di]
    854	0B14  AE				     scasb			     ; Scan es:[di] for	al
    855	0B15  BF 320A				     mov     di,320Ah
    856	0B18  00 AA 2208			     add     ss:data_17e[bp+si],ch
    857	0B1C  0A 22				     or	     ah,[bp+si]
    858	0B1E  0A 27				     or	     ah,[bx]
    859	0B20  00 82 59AA			     add     ss:data_24e[bp+si],al
    860				     ;*		     sal     byte ptr [bp+si],1	     ; Shift w/zeros fill
    861	0B24  D0 32				     db	     0D0h, 32h		     ;	Fixup -	byte match
    862	0B26  04 AA				     add     al,0AAh
Turbo Assembler	 Version 2.01	     03/22/26 17:19:58	    Page 17
ZR2_51.asm



    863				     ;*		     and     byte ptr [bx],0
    864	0B28  82 27 00				     db	      82h, 27h,	00h	     ;	Fixup -	byte match
    865	0B2B  A2 3288				     mov     ds:data_22e,al
    866	0B2E  01 02				     add     [bp+si],ax
    867	0B30  28 AA 8A82			     sub     ss:data_28e[bp+si],ch
    868	0B34  28 00				     sub     [bx+si],al
    869	0B36  CD D3				     int     0D3h		     ; ??INT Non-standard interrupt
    870				     ;*		     add     [bp+di+0],ah
    871	0B38  00 63 00				     db	      00h, 63h,	00h	     ;	Fixup -	byte match
    872	0B3B  32 02 04 51 00 54			     db	      32h, 02h,	04h, 51h, 00h, 54h
    873	0B41  10 50 01 00 11 00			     db	      10h, 50h,	01h, 00h, 11h, 00h
    874	0B47  91 00 00 04 00 40			     db	      91h, 00h,	00h, 04h, 00h, 40h
    875	0B4D  10 89 01 01 00 01			     db	      10h, 89h,	01h, 01h, 00h, 01h
    876	0B53  05 A0 0C D0 01 11			     db	      05h,0A0h,	0Ch,0D0h, 01h, 11h
    877	0B59  29 00 75 F7 54 51			     db	      29h, 00h,	75h,0F7h, 54h, 51h
    878	0B5F  55 93 00 68 0E 44			     db	      55h, 93h,	00h, 68h, 0Eh, 44h
    879	0B65  73 00 30 53 11 F4			     db	      73h, 00h,	30h, 53h, 11h,0F4h
    880	0B6B  49 50 00 09 62 32			     db	      49h, 50h,	00h, 09h, 62h, 32h
    881	0B71  01 7D 5D FD 15 32			     db	      01h, 7Dh,	5Dh,0FDh, 15h, 32h
    882	0B77  00 44 00 78 60 04			     db	      00h, 44h,	00h, 78h, 60h, 04h
    883	0B7D  15 04 11 11 40 CD			     db	      15h, 04h,	11h, 11h, 40h,0CDh
    884	0B83  D3 32 00 99 00 32			     db	     0D3h, 32h,	00h, 99h, 00h, 32h
    885	0B89  02 A8 32 00 0A 28			     db	      02h,0A8h,	32h, 00h, 0Ah, 28h
    886	0B8F  00 82 20 00 08 00			     db	      00h, 82h,	20h, 00h, 08h, 00h
    887	0B95  08 02 00 20 08 02			     db	      08h, 02h,	00h, 20h, 08h, 02h
    888	0B9B  00 02 08 20 00 02			     db	      00h, 02h,	08h, 20h, 00h, 02h
    889	0BA1  28 02 A8 AA 0A 2A			     db	      28h, 02h,0A8h,0AAh, 0Ah, 2Ah
    890	0BA7  AA 68 6A 27 00 AE			     db	     0AAh, 68h,	6Ah, 27h, 00h,0AEh
    891	0BAD  27 00 A0 A2 28 80			     db	      27h, 00h,0A0h,0A2h, 28h, 80h
    892	0BB3  00 80 A8 20 B6 41			     db	      00h, 80h,0A8h, 20h,0B6h, 41h
    893	0BB9  40 00 2F 1F 40 32			     db	      40h, 00h,	2Fh, 1Fh, 40h, 32h
    894	0BBF  00 27 00 65 00 A8			     db	      00h, 27h,	00h, 65h, 00h,0A8h
    895	0BC5  98 01 82 28 00 08			     db	      98h, 01h,	82h, 28h, 00h, 08h
    896	0BCB  0A 32 01 CD D3 32			     db	      0Ah, 32h,	01h,0CDh,0D3h, 32h
    897	0BD1  00 04 32 02 10 40			     db	      00h, 04h,	32h, 02h, 10h, 40h
    898	0BD7  00 01 93 00 00 01			     db	      00h, 01h,	93h, 00h, 00h, 01h
    899	0BDD  14 32 00 42 04 32			     db	      14h, 32h,	00h, 42h, 04h, 32h
    900	0BE3  03 40 00 04 14 32			     db	      03h, 40h,	00h, 04h, 14h, 32h
    901	0BE9  00 01 11 04 01 32			     db	      00h, 01h,	11h, 04h, 01h, 32h
    902	0BEF  00 01 C5 55 15 4F			     db	      00h, 01h,0C5h, 55h, 15h, 4Fh
    903	0BF5  F5 55 D5 54 24 10			     db	     0F5h, 55h,0D5h, 54h, 24h, 10h
    904	0BFB  00 08 8C 87 39 F5			     db	      00h, 08h,	8Ch, 87h, 39h,0F5h
    905	0C01  31 40 10 BE 30 E0			     db	      31h, 40h,	10h,0BEh, 30h,0E0h
    906	0C07  02 01 55 F5 75 45			     db	      02h, 01h,	55h,0F5h, 75h, 45h
    907	0C0D  51 00 10 04 05 32			     db	      51h, 00h,	10h, 04h, 05h, 32h
    908	0C13  00 01 40 00 50 10			     db	      00h, 01h,	40h, 00h, 50h, 10h
    909	0C19  CD D3 00 5B 00 88			     db	     0CDh,0D3h,	00h, 5Bh, 00h, 88h
    910	0C1F  32 01 08 80 00 AA			     db	      32h, 01h,	08h, 80h, 00h,0AAh
    911	0C25  A0 08 32 00 0A 32			     db	     0A0h, 08h,	32h, 00h, 0Ah, 32h
    912	0C2B  00 21 02 00 80 32			     db	      00h, 21h,	02h, 00h, 80h, 32h
    913	0C31  00 08 98 00 02 08			     db	      00h, 08h,	98h, 00h, 02h, 08h
    914	0C37  32 00 28 27 00 00			     db	      32h, 00h,	28h, 27h, 00h, 00h
    915	0C3D  20 02 27 06 88 AA			     db	      20h, 02h,	27h, 06h, 88h,0AAh
    916	0C43  99 00 6C 00 B0 2A			     db	      99h, 00h,	6Ch, 00h,0B0h, 2Ah
Turbo Assembler	 Version 2.01	     03/22/26 17:19:58	    Page 18
ZR2_51.asm



    917	0C49  A8 5A 00 09 79 E3			     db	     0A8h, 5Ah,	00h, 09h, 79h,0E3h
    918	0C4F  1C 06 02 27 00 A8			     db	      1Ch, 06h,	02h, 27h, 00h,0A8h
    919	0C55  22 AA 8A AA 02 A8			     db	      22h,0AAh,	8Ah,0AAh, 02h,0A8h
    920	0C5B  00 AA 22 00 2A A2			     db	      00h,0AAh,	22h, 00h, 2Ah,0A2h
    921	0C61  80 CD D3 32 05 14			     db	      80h,0CDh,0D3h, 32h, 05h, 14h
    922	0C67  32 00 54 80 32 01			     db	      32h, 00h,	54h, 80h, 32h, 01h
    923	0C6D  05 32 00 10 32 00			     db	      05h, 32h,	00h, 10h, 32h, 00h
    924	0C73  40 02 32 00 10 32			     db	      40h, 02h,	32h, 00h, 10h, 32h
    925	0C79  03 51 41 40 44 05			     db	      03h, 51h,	41h, 40h, 44h, 05h
    926	0C7F  29 04 FF 57 14 19			     db	      29h, 04h,0FFh, 57h, 14h, 19h
    927	0C85  20 10 21 31 7A 6E			     db	      20h, 10h,	21h, 31h, 7Ah, 6Eh
    928	0C8B  B4 04 62 03 06 EF			     db	     0B4h, 04h,	62h, 03h, 06h,0EFh
    929	0C91  CE 72 1C 05 29 00			     db	     0CEh, 72h,	1Ch, 05h, 29h, 00h
    930	0C97  41 15 29 00 54 A7			     db	      41h, 15h,	29h, 00h, 54h,0A7h
    931	0C9D  55 1D 55 51 29 00			     db	      55h, 1Dh,	55h, 51h, 29h, 00h
    932	0CA3  44 10 CD D3 00 02			     db	      44h, 10h,0CDh,0D3h, 00h, 02h
    933	0CA9  32 03 22 0C 00 2A			     db	      32h, 03h,	22h, 0Ch, 00h, 2Ah
    934	0CAF  40 20 02 32 00 80			     db	      40h, 20h,	02h, 32h, 00h, 80h
    935	0CB5  20 00 20 32 00 01			     db	      20h, 00h,	20h, 32h, 00h, 01h
    936	0CBB  32 07 AA 08 A0 8A			     db	      32h, 07h,0AAh, 08h,0A0h, 8Ah
    937	0CC1  27 00 BA AA BA BA			     db	      27h, 00h,0BAh,0AAh,0BAh,0BAh
    938	0CC7  FA EA 22 22 0A 08			     db	     0FAh,0EAh,	22h, 22h, 0Ah, 08h
    939	0CCD  8A 27 00 8A 88 02			     db	      8Ah, 27h,	00h, 8Ah, 88h, 02h
    940	0CD3  34 07 06 EF CE 72			     db	      34h, 07h,	06h,0EFh,0CEh, 72h
    941	0CD9  1C 00 27 00 80 0A			     db	      1Ch, 00h,	27h, 00h, 80h, 0Ah
    942	0CDF  2A 27 00 2A 27 02			     db	      2Ah, 27h,	00h, 2Ah, 27h, 02h
    943	0CE5  8A A2 98 00 CD D3			     db	      8Ah,0A2h,	98h, 00h,0CDh,0D3h
    944	0CEB  32 00 01 00 0A 00			     db	      32h, 00h,	01h, 00h, 0Ah, 00h
    945	0CF1  01 10 32 00 54 20			     db	      01h, 10h,	32h, 00h, 54h, 20h
    946	0CF7  10 63 00 32 00 10			     db	      10h, 63h,	00h, 32h, 00h, 10h
    947	0CFD  32 01 02 00 40 32			     db	      32h, 01h,	02h, 00h, 40h, 32h
    948	0D03  04 01 29 02 7D F7			     db	      04h, 01h,	29h, 02h, 7Dh,0F7h
    949	0D09  7F 33 00 5F 57 5F			     db	      7Fh, 33h,	00h, 5Fh, 57h, 5Fh
    950	0D0F  FE 44 D5 45 75 5D			     db	     0FEh, 44h,0D5h, 45h, 75h, 5Dh
    951	0D15  5F FD 6D 32 01 16			     db	      5Fh,0FDh,	6Dh, 32h, 01h, 16h
    952	0D1B  47 4F DE 7F 3C 12			     db	      47h, 4Fh,0DEh, 7Fh, 3Ch, 12h
    953	0D21  C1 44 00 D0 30 41			     db	     0C1h, 44h,	00h,0D0h, 30h, 41h
    954	0D27  55 11 55 45 55 15			     db	      55h, 11h,	55h, 45h, 55h, 15h
    955	0D2D  45 54 11 50 CD D3			     db	      45h, 54h,	11h, 50h,0CDh,0D3h
    956	0D33  32 0A 28 00 66 00			     db	      32h, 0Ah,	28h, 00h, 66h, 00h
    957	0D39  32 02 20 00 80 32			     db	      32h, 02h,	20h, 00h, 80h, 32h
    958	0D3F  05 A0 2A AA 8A 27			     db	      05h,0A0h,	2Ah,0AAh, 8Ah, 27h
    959	0D45  02 AF AB BE 88 22			     db	      02h,0AFh,0ABh,0BEh, 88h, 22h
    960	0D4B  0A 22 C4 00 AA 2A			     db	      0Ah, 22h,0C4h, 00h,0AAh, 2Ah
    961	0D51  27 00 A2 0A 98 00			     db	      27h, 00h,0A2h, 0Ah, 98h, 00h
    962	0D57  2C 81 9E FF CE 7A			     db	      2Ch, 81h,	9Eh,0FFh,0CEh, 7Ah
    963	0D5D  04 18 A2 A8			     db	      04h, 18h,0A2h,0A8h
    964	0D61  2A				     db	     2Ah
    965	0D62			     loc_22:
    966	0D62  80 CC 00				     or	     ah,0
    967				     ;*		     sub     byte ptr ss:data_32e[bp+si],0A2h
    968	0D65  82 AA 82 AA A2			     db	      82h,0AAh,	82h,0AAh,0A2h	     ;	Fixup -	byte match
    969	0D6A  2A 88 A0AA			     sub     cl,ds:data_29e[bx+si]
    970	0D6E  CD D3				     int     0D3h		     ; ??INT Non-standard interrupt
Turbo Assembler	 Version 2.01	     03/22/26 17:19:58	    Page 19
ZR2_51.asm



    971	0D70  32 03				     xor     al,[bp+di]
    972	0D72  80 00 10				     add     byte ptr [bx+si],10h
    973	0D75  00 80 0232r			     add     data_13[bx+si],al
    974	0D79  73 00				     jnc     $+2		     ; delay for I/O
    975	0D7B  32 02				     xor     al,[bp+si]
    976	0D7D  10 32				     adc     [bp+si],dh
    977	0D7F  07				     pop     es
    978	0D80  05 0029				     add     ax,29h
    979	0D83  9C				     pushf			     ; Push flags
    980				     ;*		     add     bh,dl
    981	0D84  00 D7				     db	      00h,0D7h		     ;	Fixup -	byte match
    982	0D86  D7				     xlat			     ; al=[al+[bx]] table
    983	0D87  F7 FF				     idiv    di			     ; ax,dx rem=dx:ax/reg
    984	0D89  D7				     xlat			     ; al=[al+[bx]] table
    985	0D8A  D6 50 40 10 32 00			     db	     0D6h, 50h,	40h, 10h, 32h, 00h
    986	0D90  05 45 5F DF 3B 34			     db	      05h, 45h,	5Fh,0DFh, 3Bh, 34h
    987	0D96  32 00 41 6B 21 D1			     db	      32h, 00h,	41h, 6Bh, 21h,0D1h
    988	0D9C  FD 8D E4 02 14 41			     db	     0FDh, 8Dh,0E4h, 02h, 14h, 41h
    989	0DA2  00 05 04 44 77 64			     db	      00h, 05h,	04h, 44h, 77h, 64h
    990	0DA8  44 10 74 51 54 15			     db	      44h, 10h,	74h, 51h, 54h, 15h
    991	0DAE  D7 D0 CD D3 32 02			     db	     0D7h,0D0h,0CDh,0D3h, 32h, 02h
    992	0DB4  1A 80 32 02 28 00			     db	      1Ah, 80h,	32h, 02h, 28h, 00h
    993	0DBA  02 32 03 04 00 08			     db	      02h, 32h,	03h, 04h, 00h, 08h
    994	0DC0  32 06 27 00 2A 27			     db	      32h, 06h,	27h, 00h, 2Ah, 27h
    995	0DC6  00 38 A6 00 BE EA			     db	      00h, 38h,0A6h, 00h,0BEh,0EAh
    996	0DCC  AA 80 00 02 27 00			     db	     0AAh, 80h,	00h, 02h, 27h, 00h
    997	0DD2  88 27 02 20 99 00			     db	      88h, 27h,	02h, 20h, 99h, 00h
    998	0DD8  8A 84 E7 C0 E1 EC			     db	      8Ah, 84h,0E7h,0C0h,0E1h,0ECh
    999	0DDE  0E D8 81 00 A0 0A			     db	      0Eh,0D8h,	81h, 00h,0A0h, 0Ah
   1000	0DE4  22 8A 22 2A 27 00			     db	      22h, 8Ah,	22h, 2Ah, 27h, 00h
   1001	0DEA  28 2A 27 02 A0 CD			     db	      28h, 2Ah,	27h, 02h,0A0h,0CDh
   1002	0DF0  D3 32 02 80 32 01			     db	     0D3h, 32h,	02h, 80h, 32h, 01h
   1003	0DF6  40 32 01 01 32 03			     db	      40h, 32h,	01h, 01h, 32h, 03h
   1004	0DFC  01 32 04 89 01 32			     db	      01h, 32h,	04h, 89h, 01h, 32h
   1005	0E02  00 01 55 57 29 00			     db	      00h, 01h,	55h, 57h, 29h, 00h
   1006	0E08  7D D7 A5 00 94 89			     db	      7Dh,0D7h,0A5h, 00h, 94h, 89h
   1007	0E0E  00 54 41 29 02 54			     db	      00h, 54h,	41h, 29h, 02h, 54h
   1008	0E14  44 51 41 0D 54 19			     db	      44h, 51h,	41h, 0Dh, 54h, 19h
   1009	0E1A  FF 00 F9 60 FE 32			     db	     0FFh, 00h,0F9h, 60h,0FEh, 32h
   1010	0E20  00 90 32 00 14 54			     db	      00h, 90h,	32h, 00h, 14h, 54h
   1011	0E26  11 05 5D 55 57 77			     db	      11h, 05h,	5Dh, 55h, 57h, 77h
   1012	0E2C  67 54 29 00 50 CD			     db	      67h, 54h,	29h, 00h, 50h,0CDh
   1013	0E32  D3 02 00 20 32 02			     db	     0D3h, 02h,	00h, 20h, 32h, 02h
   1014	0E38  08 32 0D 20 28 02			     db	      08h, 32h,	0Dh, 20h, 28h, 02h
   1015	0E3E  00 AA A8 27 02 BA			     db	      00h,0AAh,0A8h, 27h, 02h,0BAh
   1016	0E44  A6 00 AA EA A2 A0			     db	     0A6h, 00h,0AAh,0EAh,0A2h,0A0h
   1017	0E4A  22 00 2A AA 2A AA			     db	      22h, 00h,	2Ah,0AAh, 2Ah,0AAh
   1018	0E50  2A 27 00 28 00 27			     db	      2Ah, 27h,	00h, 28h, 00h, 27h
   1019	0E56  00 28 3B FF 00 F9			     db	      00h, 28h,	3Bh,0FFh, 00h,0F9h
   1020	0E5C  60 FE 02 00 08 02			     db	      60h,0FEh,	02h, 00h, 08h, 02h
   1021	0E62  88 A8 27 04 2A 27			     db	      88h,0A8h,	27h, 04h, 2Ah, 27h
   1022	0E68  02 A0 CD D3 32 00			     db	      02h,0A0h,0CDh,0D3h, 32h, 00h
   1023	0E6E  10 32 02 04 01 14			     db	      10h, 32h,	02h, 04h, 01h, 14h
   1024	0E74  32 0B 10 40 01 29			     db	      32h, 0Bh,	10h, 40h, 01h, 29h
Turbo Assembler	 Version 2.01	     03/22/26 17:19:58	    Page 20
ZR2_51.asm



   1025	0E7A  07 F5 FD 7D 45 54			     db	      07h,0F5h,0FDh, 7Dh, 45h, 54h
   1026	0E80  29 03 45 01 5C E5			     db	      29h, 03h,	45h, 01h, 5Ch,0E5h
   1027	0E86  51 01				     db	      51h, 01h
   1028	0E88  45				     db	     45h
   1029	0E89			     loc_23:
   1030	0E89  41				     inc     cx
   1031	0E8A  55				     push    bp
   1032	0E8B  77 FC				     ja	     loc_23		     ; Jump if above
   1033	0E8D  01 7E B3				     add     [bp-4Dh],di
   1034	0E90  BF 1020r				     mov     di,offset data_16
   1035	0E93  44				     inc     sp
   1036	0E94  41				     inc     cx
   1037	0E95  01 41 45				     add     [bx+di+45h],ax
   1038	0E98  29 08				     sub     [bx+si],cx
   1039	0E9A  50				     push    ax
   1040	0E9B  CD D3				     int     0D3h		     ; ??INT Non-standard interrupt
   1041	0E9D  32 02				     xor     al,[bp+si]
   1042	0E9F  02 0A				     add     cl,[bp+si]
   1043	0EA1  00 22				     add     [bp+si],ah
   1044	0EA3  80 32 0D				     xor     byte ptr [bp+si],0Dh
   1045	0EA6  8A A8 0A00r			     mov     ch,data_15[bx+si]
   1046	0EAA  27				     daa			     ; Decimal adjust
   1047	0EAB  06				     push    es
   1048	0EAC  AE				     scasb			     ; Scan es:[di] for	al
   1049	0EAD  A8 82				     test    al,82h
   1050	0EAF  8A A8 0127			     mov     ch,byte ptr ds:[127h][bx+si]
   1051	0EB3  A0 278A				     mov     al,ds:data_19e
   1052	0EB6  06				     push    es
   1053	0EB7  E7 F8				     out     0F8h,ax		     ; port 0F8h ??I/O Non-standard
   1054	0EB9  21 6F D3				     and     [bx-2Dh],bp
   1055	0EBC  3F				     aas			     ; Ascii adjust
   1056	0EBD  60 00 02 A8 22 27			     db	      60h, 00h,	02h,0A8h, 22h, 27h
   1057	0EC3  0A A0 CD D3 32 05			     db	      0Ah,0A0h,0CDh,0D3h, 32h, 05h
   1058	0EC9  04 00 41 40 32 06			     db	      04h, 00h,	41h, 40h, 32h, 06h
   1059	0ECF  15 14 01 73 00 00			     db	      15h, 14h,	01h, 73h, 00h, 00h
   1060	0ED5  45 15 29 01 5F D7			     db	      45h, 15h,	29h, 01h, 5Fh,0D7h
   1061	0EDB  5D DF DF 75 29 01			     db	      5Dh,0DFh,0DFh, 75h, 29h, 01h
   1062	0EE1  54 11 29 01 44 15			     db	      54h, 11h,	29h, 01h, 44h, 15h
   1063	0EE7  55 11 45 15 29 01			     db	      55h, 11h,	45h, 15h, 29h, 01h
   1064	0EED  54 EF F8 06 BF EE			     db	      54h,0EFh,0F8h, 06h,0BFh,0EEh
   1065	0EF3  2F 78 00 05 54 29			     db	      2Fh, 78h,	00h, 05h, 54h, 29h
   1066	0EF9  06 54 29 02 50 CD			     db	      06h, 54h,	29h, 02h, 50h,0CDh
   1067	0EFF  D3 32 02 20 5B 00			     db	     0D3h, 32h,	02h, 20h, 5Bh, 00h
   1068	0F05  28 20 00 80			     db	      28h, 20h,	00h, 80h
   1069	0F09  32 08				     db	      32h, 08h
   1070	0F0B			     loc_24:
   1071	0F0B  28 00				     sub     [bx+si],al
   1072	0F0D  27				     daa			     ; Decimal adjust
   1073	0F0E  15 AAA8				     adc     ax,0AAA8h
   1074	0F11  A2 0227r				     mov     data_12,al
   1075	0F14  A8 CF				     test    al,0CFh
   1076	0F16  F0> 59						lock pop     cx
   1077	0F18  7F F1				     jg	     loc_24		     ; Jump if >
   1078	0F1A  4E				     dec     si
Turbo Assembler	 Version 2.01	     03/22/26 17:19:58	    Page 21
ZR2_51.asm



   1079	0F1B  78 00				     js	     $+2		     ; delay for I/O
   1080	0F1D  0A 27				     or	     ah,[bx]
   1081	0F1F  0C A0				     or	     al,0A0h
   1082	0F21  CD D3				     int     0D3h		     ; ??INT Non-standard interrupt
   1083	0F23  32 04				     xor     al,[si]
   1084	0F25  04 29				     add     al,29h		     ; ')'
   1085	0F27  02 00				     add     al,[bx+si]
   1086	0F29  45				     inc     bp
   1087	0F2A  63 00 76 00 41 54			     db	      63h, 00h,	76h, 00h, 41h, 54h
   1088	0F30  55 11 00 15 29 01			     db	      55h, 11h,	00h, 15h, 29h, 01h
   1089	0F36  5D FD FF D7 D5 75			     db	      5Dh,0FDh,0FFh,0D7h,0D5h, 75h
   1090	0F3C  29 09 50 29 00 50			     db	      29h, 09h,	50h, 29h, 00h, 50h
   1091	0F42  69 00 29 02 54 5F			     db	      69h, 00h,	29h, 02h, 54h, 5Fh
   1092	0F48  F0 46 33 00 10 FC			     db	     0F0h, 46h,	33h, 00h, 10h,0FCh
   1093	0F4E  00 05 29 0C 50 CD			     db	      00h, 05h,	29h, 0Ch, 50h,0CDh
   1094	0F54  D3 32 00 02 08 02			     db	     0D3h, 32h,	00h, 02h, 08h, 02h
   1095	0F5A  A8 AA 2A 27 00 32			     db	     0A8h,0AAh,	2Ah, 27h, 00h, 32h
   1096	0F60  01 02 20 A8 02 32			     db	      01h, 02h,	20h,0A8h, 02h, 32h
   1097	0F66  00 27 1B 2A 27 02			     db	      00h, 27h,	1Bh, 2Ah, 27h, 02h
   1098	0F6C  A8 1F F0 CF 0F FF			     db	     0A8h, 1Fh,0F0h,0CFh, 0Fh,0FFh
   1099	0F72  81 80 00 0A 27 0C			     db	      81h, 80h,	00h, 0Ah, 27h, 0Ch
   1100	0F78  A0 CD D3 32 02 11			     db	     0A0h,0CDh,0D3h, 32h, 02h, 11h
   1101	0F7E  15 04 29 01 45 04			     db	      15h, 04h,	29h, 01h, 45h, 04h
   1102	0F84  11 54 00 44 01 54			     db	      11h, 54h,	00h, 44h, 01h, 54h
   1103	0F8A  51 00 45 05 95 75			     db	      51h, 00h,	45h, 05h, 95h, 75h
   1104	0F90  D5 29 07 44 51 29			     db	     0D5h, 29h,	07h, 44h, 51h, 29h
   1105	0F96  08 45 15 29 01 5D			     db	      08h, 45h,	15h, 29h, 01h, 5Dh
   1106	0F9C  DD D4 1F F0 CF 0F			     db	     0DDh,0D4h,	1Fh,0F0h,0CFh, 0Fh
   1107	0FA2  FF 81 80 00 05 29			     db	     0FFh, 81h,	80h, 00h, 05h, 29h
   1108	0FA8  0C 50 CD D3 5B 00			     db	      0Ch, 50h,0CDh,0D3h, 5Bh, 00h
   1109	0FAE  00 02 2A 27 01 00			     db	      00h, 02h,	2Ah, 27h, 01h, 00h
   1110	0FB4  20 88 AA 22 AA 2A			     db	      20h, 88h,0AAh, 22h,0AAh, 2Ah
   1111	0FBA  AA A8 08 32 00 27			     db	     0AAh,0A8h,	08h, 32h, 00h, 27h
   1112	0FC0  18 0A 2A 27 04 1F			     db	      18h, 0Ah,	2Ah, 27h, 04h, 1Fh
   1113	0FC6  F0 C7 81 FF A2 00			     db	     0F0h,0C7h,	81h,0FFh,0A2h, 00h
   1114	0FCC  04 0A 27 0C A0 CD			     db	      04h, 0Ah,	27h, 0Ch,0A0h,0CDh
   1115	0FD2  D3 32 01 69 00 54			     db	     0D3h, 32h,	01h, 69h, 00h, 54h
   1116	0FD8  45 44 41 14 01 10			     db	      45h, 44h,	41h, 14h, 01h, 10h
   1117	0FDE  44 54 29 08 57 75	55+		     db	     'DT)', 8, 'WuU])'
   1118	      5D 29
   1119	0FE7  0F 9B 00 5D D5 29			     db	      0Fh, 9Bh,	00h, 5Dh,0D5h, 29h
   1120	0FED  01 DD 55 1F 78 E7			     db	      01h,0DDh,	55h, 1Fh, 78h,0E7h
   1121	0FF3  80 F3 FC 18 00 1D			     db	      80h,0F3h,0FCh, 18h, 00h, 1Dh
   1122	0FF9  C5 DD 29 0A 50 CD			     db	     0C5h,0DDh,	29h, 0Ah, 50h,0CDh
   1123	0FFF  D3 32 01 80 20 80			     db	     0D3h, 32h,	01h, 80h, 20h, 80h
   1124	1005  2A A0 0A A0 0A 6C			     db	      2Ah,0A0h,	0Ah,0A0h, 0Ah, 6Ch
   1125	100B  00 AA A8 A2 27 1B			     db	      00h,0AAh,0A8h,0A2h, 27h, 1Bh
   1126	1011  82 27 06 8F 58 61			     db	      82h, 27h,	06h, 8Fh, 58h, 61h
   1127	1017  C0 53 D0 20 04 2A			     db	     0C0h, 53h,0D0h, 20h, 04h, 2Ah
   1128	101D  A2 27 0B				     db	     0A2h, 27h,	0Bh
   1129	1020  A0		     data_16	     db	     0A0h
   1130	1021  CD D3 00 45 51 05			     db	     0CDh,0D3h,	00h, 45h, 51h, 05h
   1131	1027  29 03 45 29 00 51			     db	      29h, 03h,	45h, 29h, 00h, 51h
   1132	102D  29 11 54 29 06 5D			     db	      29h, 11h,	54h, 29h, 06h, 5Dh
Turbo Assembler	 Version 2.01	     03/22/26 17:19:58	    Page 22
ZR2_51.asm



   1133	1033  D5 DD D4 CD D5 DD			     db	     0D5h,0DDh,0D4h,0CDh,0D5h,0DDh
   1134	1039  55 5D 55 37 01 4F			     db	      55h, 5Dh,	55h, 37h, 01h, 4Fh
   1135	103F  BC 70 FF 1F E3 E0			     db	     0BCh, 70h,0FFh, 1Fh,0E3h,0E0h
   1136	1045  00 1D DD D4 D5 DD			     db	      00h, 1Dh,0DDh,0D4h,0D5h,0DDh
   1137	104B  5D DD 5D 35 00 37			     db	      5Dh,0DDh,	5Dh, 35h, 00h, 37h
   1138	1051  00 4D 00 DD D0 CD			     db	      00h, 4Dh,	00h,0DDh,0D0h,0CDh
   1139	1057  D3 08 88 AA A2 28			     db	     0D3h, 08h,	88h,0AAh,0A2h, 28h
   1140	105D  88 8A A2 A8 2A 27			     db	      88h, 8Ah,0A2h,0A8h, 2Ah, 27h
   1141	1063  00 2A 8A 27 1C 8A			     db	      00h, 2Ah,	8Ah, 27h, 1Ch, 8Ah
   1142	1069  27 07 87 AF 38 7F			     db	      27h, 07h,	87h,0AFh, 38h, 7Fh
   1143	106F  FF D7 E0 08 2A 27			     db	     0FFh,0D7h,0E0h, 08h, 2Ah, 27h
   1144	1075  0C A0 CD D3 05 45			     db	      0Ch,0A0h,0CDh,0D3h, 05h, 45h
   1145	107B  11 14 29 04 54 29			     db	      11h, 14h,	29h, 04h, 54h, 29h
   1146	1081  05 77 75 29 00 5D			     db	      05h, 77h,	75h, 29h, 00h, 5Dh
   1147	1087  57 29 0C D5 29 00			     db	      57h, 29h,	0Ch,0D5h, 29h, 00h
   1148	108D  5D 29 00 D1 55 5D			     db	      5Dh, 29h,	00h,0D1h, 55h, 5Dh
   1149	1093  29 00 5D D5 5D D5			     db	      29h, 00h,	5Dh,0D5h, 5Dh,0D5h
   1150	1099  DD 47 ED 38 7F FF			     db	     0DDh, 47h,0EDh, 38h, 7Fh,0FFh
   1151	109F  DF E0 08 5D 35 0C			     db	     0DFh,0E0h,	08h, 5Dh, 35h, 0Ch
   1152	10A5  D0 CD D3 00 A0 02			     db	     0D0h,0CDh,0D3h, 00h,0A0h, 02h
   1153	10AB  A2 0A A2 27 01 8A			     db	     0A2h, 0Ah,0A2h, 27h, 01h, 8Ah
   1154	10B1  A2 27 01 2A 27 25			     db	     0A2h, 27h,	01h, 2Ah, 27h, 25h
   1155	10B7  A7 F6 CE 3F FF DF			     db	     0A7h,0F6h,0CEh, 3Fh,0FFh,0DFh
   1156	10BD  C0 00 2A 27 0C A0			     db	     0C0h, 00h,	2Ah, 27h, 0Ch,0A0h
   1157	10C3  CD D3 00 04 51 29			     db	     0CDh,0D3h,	00h, 04h, 51h, 29h
   1158	10C9  00 45 29 01 69 00			     db	      00h, 45h,	29h, 01h, 69h, 00h
   1159	10CF  29 07 57 55 57 5D			     db	      29h, 07h,	57h, 55h, 57h, 5Dh
   1160	10D5  29 0A 4D 00 35 00			     db	      29h, 0Ah,	4Dh, 00h, 35h, 00h
   1161	10DB  29 02 5D D5 DD 4D			     db	      29h, 02h,	5Dh,0D5h,0DDh, 4Dh
   1162	10E1  00 D5 DD 5D 35 00			     db	      00h,0D5h,0DDh, 5Dh, 35h, 00h
   1163	10E7  D3 F9 07 1F FF DF			     db	     0D3h,0F9h,	07h, 1Fh,0FFh,0DFh
   1164	10ED  C0 00 35 0D D0 CD			     db	     0C0h, 00h,	35h, 0Dh,0D0h,0CDh
   1165	10F3  D3 00 27 33 AB FC			     db	     0D3h, 00h,	27h, 33h,0ABh,0FCh
   1166	10F9  40 8F 33 00 C0 00			     db	      40h, 8Fh,	33h, 00h,0C0h, 00h
   1167	10FF  27 0D A0 CD D3 04			     db	      27h, 0Dh,0A0h,0CDh,0D3h, 04h
   1168	1105  29 06 51 29 13 4D			     db	      29h, 06h,	51h, 29h, 13h, 4Dh
   1169	110B  00 29 04 37 00 DD			     db	      00h, 29h,	04h, 37h, 00h,0DDh
   1170	1111  D5 DD D5 DD D5 55			     db	     0D5h,0DDh,0D5h,0DDh,0D5h, 55h
   1171	1117  DD D5 DD D5 5D D5			     db	     0DDh,0D5h,0DDh,0D5h, 5Dh,0D5h
   1172	111D  D9 FF 80 01 33 00			     db	     0D9h,0FFh,	80h, 01h, 33h, 00h
   1173	1123  80 40 55 35 0C D0			     db	      80h, 40h,	55h, 35h, 0Ch,0D0h
   1174	1129  CD D3 02 A8 A2 8A			     db	     0CDh,0D3h,	02h,0A8h,0A2h, 8Ah
   1175	112F  27 03 A8 27 2A B9			     db	      27h, 03h,0A8h, 27h, 2Ah,0B9h
   1176	1135  FF E0 32 03 2A 27			     db	     0FFh,0E0h,	32h, 03h, 2Ah, 27h
   1177	113B  0C A0 CD D3 05 29			     db	      0Ch,0A0h,0CDh,0D3h, 05h, 29h
   1178	1141  08 57 77 55 D5 29			     db	      08h, 57h,	77h, 55h,0D5h, 29h
   1179	1147  09 D5 55 37 00 55			     db	      09h,0D5h,	55h, 37h, 00h, 55h
   1180	114D  D5 29 05 DD D5 35			     db	     0D5h, 29h,	05h,0DDh,0D5h, 35h
   1181	1153  00 D5 35 02 5D 35			     db	      00h,0D5h,	35h, 02h, 5Dh, 35h
   1182	1159  01 37 00 C0 FF F8			     db	      01h, 37h,	00h,0C0h,0FFh,0F8h
   1183	115F  20 0D 92 80 00 1D			     db	      20h, 0Dh,	92h, 80h, 00h, 1Dh
   1184	1165  DD D5 35 02 5D 35			     db	     0DDh,0D5h,	35h, 02h, 5Dh, 35h
   1185	116B  04 5D D0 CD D3 0A			     db	      04h, 5Dh,0D0h,0CDh,0D3h, 0Ah
   1186	1171  27 33 80 FF F8 20			     db	      27h, 33h,	80h,0FFh,0F8h, 20h
Turbo Assembler	 Version 2.01	     03/22/26 17:19:58	    Page 23
ZR2_51.asm



   1187	1177  33 00 80 00 0A 27			     db	      33h, 00h,	80h, 00h, 0Ah, 27h
   1188	117D  0C A0 CD D3 05 55			     db	      0Ch,0A0h,0CDh,0D3h, 05h, 55h
   1189	1183  D5 29 0E 7D 5D F5			     db	     0D5h, 29h,	0Eh, 7Dh, 5Dh,0F5h
   1190	1189  5D F5 37 00 29 02			     db	      5Dh,0F5h,	37h, 00h, 29h, 02h
   1191	118F  4D 00 55 4D 02 55			     db	      4Dh, 00h,	55h, 4Dh, 02h, 55h
   1192	1195  37 01 55 D5 55 DD			     db	      37h, 01h,	55h,0D5h, 55h,0DDh
   1193	119B  5D 35 06 80 7F FE			     db	      5Dh, 35h,	06h, 80h, 7Fh,0FEh
   1194	11A1  00 FF EF C0 00 05			     db	      00h,0FFh,0EFh,0C0h, 00h, 05h
   1195	11A7  35 00 55 35 00 D5			     db	      35h, 00h,	55h, 35h, 00h,0D5h
   1196	11AD  35 03 5D 35 00 50			     db	      35h, 03h,	5Dh, 35h, 00h, 50h
   1197	11B3  CD D3 0A 27 33 82			     db	     0CDh,0D3h,	0Ah, 27h, 33h, 82h
   1198	11B9  7F F9 00 F9 FE 40			     db	      7Fh,0F9h,	00h,0F9h,0FEh, 40h
   1199	11BF  10 02 27 0C A0 CD			     db	      10h, 02h,	27h, 0Ch,0A0h,0CDh
   1200	11C5  D3 05 29 12 D5 29			     db	     0D3h, 05h,	29h, 12h,0D5h, 29h
   1201	11CB  01 5D DD 5D 29 02			     db	      01h, 5Dh,0DDh, 5Dh, 29h, 02h
   1202	11D1  37 00 55 DD 55 5D			     db	      37h, 00h,	55h,0DDh, 55h, 5Dh
   1203	11D7  55 D5 DD 5D D5 DD			     db	      55h,0D5h,0DDh, 5Dh,0D5h,0DDh
   1204	11DD  D5 DD 55 35 05 5D			     db	     0D5h,0DDh,	55h, 35h, 05h, 5Dh
   1205	11E3  3F FE 80 F8 FC C0			     db	      3Fh,0FEh,	80h,0F8h,0FCh,0C0h
   1206	11E9  15 35 01 5D 35 00			     db	      15h, 35h,	01h, 5Dh, 35h, 00h
   1207	11EF  D5 35 03 5D 55 D5			     db	     0D5h, 35h,	03h, 5Dh, 55h,0D5h
   1208	11F5  50 CD D3 0A 27 34			     db	      50h,0CDh,0D3h, 0Ah, 27h, 34h
   1209	11FB  3F F9 40 7F 7B 80			     db	      3Fh,0F9h,	40h, 7Fh, 7Bh, 80h
   1210	1201  12 27 0D A0 CD D3			     db	      12h, 27h,	0Dh,0A0h,0CDh,0D3h
   1211	1207  05 29 08 5D 29 0A			     db	      05h, 29h,	08h, 5Dh, 29h, 0Ah
   1212	120D  D5 55 DD D5 5D 29			     db	     0D5h, 55h,0DDh,0D5h, 5Dh, 29h
   1213	1213  00 5D 35 04 D5 55			     db	      00h, 5Dh,	35h, 04h,0D5h, 55h
   1214	1219  DD D5 35 00 5D D5			     db	     0DDh,0D5h,	35h, 00h, 5Dh,0D5h
   1215	121F  35 07 3F FE 80 7F			     db	      35h, 07h,	3Fh,0FEh, 80h, 7Fh
   1216	1225  FF 00 15 35 04 D5			     db	     0FFh, 00h,	15h, 35h, 04h,0D5h
   1217	122B  5D DD 5D DD 37 00			     db	      5Dh,0DDh,	5Dh,0DDh, 37h, 00h
   1218	1231  29 00 D0 CD D3 0A			     db	      29h, 00h,0D0h,0CDh,0D3h, 0Ah
   1219	1237  27 34 9F FE 80 3F			     db	      27h, 34h,	9Fh,0FEh, 80h, 3Fh
   1220	123D  FF 00 12 27 0D A0			     db	     0FFh, 00h,	12h, 27h, 0Dh,0A0h
   1221	1243  CD D3 05 29 02 DD			     db	     0CDh,0D3h,	05h, 29h, 02h,0DDh
   1222	1249  37 00 29 05 DD D5			     db	      37h, 00h,	29h, 05h,0DDh,0D5h
   1223	124F  29 04 5D D5 5D 29			     db	      29h, 04h,	5Dh,0D5h, 5Dh, 29h
   1224	1255  00 D5 55 D5 55 35			     db	      00h,0D5h,	55h,0D5h, 55h, 35h
   1225	125B  00 D5 29 00 35 10			     db	      00h,0D5h,	29h, 00h, 35h, 10h
   1226	1261  9F F9 00 0F EC 20			     db	      9Fh,0F9h,	00h, 0Fh,0ECh, 20h
   1227	1267  2D 37 00 35 05 5D			     db	      2Dh, 37h,	00h, 35h, 05h, 5Dh
   1228	126D  35 00 D5 35 00 D0			     db	      35h, 00h,0D5h, 35h, 00h,0D0h
   1229	1273  CD 33 00 DA 27 33			     db	     0CDh, 33h,	00h,0DAh, 27h, 33h
   1230	1279  9F F9 32 01 A0 2A			     db	      9Fh,0F9h,	32h, 01h,0A0h, 2Ah
   1231	127F  27 0C AF FF FD 27			     db	      27h, 0Ch,0AFh,0FFh,0FDh, 27h
   1232	1285  00 DD D5 55 5D 29			     db	      00h,0DDh,0D5h, 55h, 5Dh, 29h
   1233	128B  00 4D 00 29 00 5D			     db	      00h, 4Dh,	00h, 29h, 00h, 5Dh
   1234	1291  29 01 DD 5D 55 DD			     db	      29h, 01h,0DDh, 5Dh, 55h,0DDh
   1235	1297  D5 55 DD 29 01 DD			     db	     0D5h, 55h,0DDh, 29h, 01h,0DDh
   1236	129D  29 00 35 06 D5 35			     db	      29h, 00h,	35h, 06h,0D5h, 35h
   1237	12A3  10 CF F6 32 00 23			     db	      10h,0CFh,0F6h, 32h, 00h, 23h
   1238	12A9  A0 2D DD 5D 35 05			     db	     0A0h, 2Dh,0DDh, 5Dh, 35h, 05h
   1239	12AF  D5 35 03 29 00 32			     db	     0D5h, 35h,	03h, 29h, 00h, 32h
   1240	12B5  00 D0 27 33 8F F6			     db	      00h,0D0h,	27h, 33h, 8Fh,0F6h
Turbo Assembler	 Version 2.01	     03/22/26 17:19:58	    Page 24
ZR2_51.asm



   1241	12BB  32 00 4F 40 4A 27			     db	      32h, 00h,	4Fh, 40h, 4Ah, 27h
   1242	12C1  0C AD 32 00 03 00			     db	      0Ch,0ADh,	32h, 00h, 03h, 00h
   1243	12C7  D0 55 D5 55 D5 55			     db	     0D0h, 55h,0D5h, 55h,0D5h, 55h
   1244	12CD  D5 55 4D 00 37 00			     db	     0D5h, 55h,	4Dh, 00h, 37h, 00h
   1245	12D3  5D D5 29 00 DD 5D			     db	      5Dh,0D5h,	29h, 00h,0DDh, 5Dh
   1246	12D9  DD D5 DD D5 5D D5			     db	     0DDh,0D5h,0DDh,0D5h, 5Dh,0D5h
   1247	12DF  5D 35 11 5D DD D5			     db	      5Dh, 35h,	11h, 5Dh,0DDh,0D5h
   1248	12E5  35 00 37 00 35 01			     db	      35h, 00h,	37h, 00h, 35h, 01h
   1249	12EB  CF F6 32 00 4F 40			     db	     0CFh,0F6h,	32h, 00h, 4Fh, 40h
   1250	12F1  5D 35 09 D5 DD 5D			     db	      5Dh, 35h,	09h,0D5h,0DDh, 5Dh
   1251	12F7  DD 00 C0 03 00 D0			     db	     0DDh, 00h,0C0h, 03h, 00h,0D0h
   1252	12FD  32 48 0D 00 C0 03			     db	      32h, 48h,	0Dh, 00h,0C0h, 03h
   1253	1303  00 D0 32 48 0D 00			     db	      00h,0D0h,	32h, 48h, 0Dh, 00h
   1254	1309  C0 03 FF D3 33 48			     db	     0C0h, 03h,0FFh,0D3h, 33h, 48h
   1255	130F  FD 3F C0 32 00 D0			     db	     0FDh, 3Fh,0C0h, 32h, 00h,0D0h
   1256	1315  32 48 0D 32 02 33			     db	      32h, 48h,	0Dh, 32h, 02h, 33h
   1257	131B  49 FD 32 02 D5 29			     db	      49h,0FDh,	32h, 02h,0D5h, 29h
   1258	1321  49 32 00				     db	      49h, 32h,	00h
   1259
   1260	1324			     seg_a	     ends
   1261
   1262
   1263
   1264						     end     start
Turbo Assembler	 Version 2.01	     03/22/26 17:19:58	    Page 25
Symbol Table




Symbol Name			  Type	 Value

??DATE				  Text	 "03/22/26"
??FILENAME			  Text	 "ZR2_51  "
??TIME				  Text	 "17:19:57"
??VERSION			  Number 0201
@CPU				  Text	 0101H
@CURSEG				  Text	 SEG_A
@FILENAME			  Text	 ZR2_51
@WORDSIZE			  Text	 2
DATA_12				  Byte	 SEG_A:0227
DATA_13				  Byte	 SEG_A:0232
DATA_15				  Byte	 SEG_A:0A00
DATA_16				  Byte	 SEG_A:1020
DATA_17E			  Number 2208
DATA_18E			  Number 2722
DATA_19E			  Number 278A
DATA_1E				  Number AABB
DATA_2				  Word	 SEG_A:0014
DATA_20E			  Number 27BA
DATA_21E			  Number 2957
DATA_22E			  Number 3288
DATA_23E			  Number 4075
DATA_24E			  Number 59AA
DATA_25E			  Number 80AA
DATA_26E			  Number 823F
DATA_27E			  Number 8802
DATA_28E			  Number 8A82
DATA_29E			  Number A0AA
DATA_3				  Word	 SEG_A:0016
DATA_30E			  Number A2AA
DATA_31E			  Number AA27
DATA_32E			  Number AA82
DATA_33E			  Number AAA0
DATA_34E			  Number ABAA
DATA_35E			  Number BAFF
DATA_36E			  Number D3CD
DATA_37E			  Number EAAA
DATA_38E			  Number FBFE
DATA_39E			  Number FF05
DATA_4				  Word	 SEG_A:001C
DATA_5				  Byte	 SEG_A:0022
DATA_6				  Byte	 SEG_A:0027
DATA_7				  Byte	 SEG_A:002A
DATA_8				  Word	 SEG_A:0032
DATA_9				  Word	 SEG_A:0080
LOCLOOP_3			  Near	 SEG_A:00AB
LOC_10				  Near	 SEG_A:01B1
LOC_13				  Near	 SEG_A:027C
LOC_14				  Near	 SEG_A:02A3
LOC_15				  Near	 SEG_A:02A5
LOC_16				  Near	 SEG_A:030D
LOC_17				  Near	 SEG_A:0364
Turbo Assembler	 Version 2.01	     03/22/26 17:19:58	    Page 26
Symbol Table



LOC_18				  Near	 SEG_A:03D5
LOC_19				  Near	 SEG_A:0891
LOC_22				  Near	 SEG_A:0D62
LOC_23				  Near	 SEG_A:0E89
LOC_24				  Near	 SEG_A:0F0B
LOC_4				  Near	 SEG_A:0109
LOC_5				  Near	 SEG_A:012D
LOC_7				  Near	 SEG_A:01A8
LOC_8				  Near	 SEG_A:01AE
LOC_9				  Near	 SEG_A:01AF
LOC_RET_21			  Near	 SEG_A:0AD9
START				  Near	 SEG_A:0000
SUB_3				  Near	 SEG_A:0259
TARGET				  Number 5432
ZR2_51				  Far	 SEG_A:0000

Macro Name

CALLF
CALLFX
CALLS
JMPN
JMPS

Groups & Segments		  Bit Size Align  Combine Class

SEG_A				  16  1324 Byte	  Public
Turbo Assembler	 Version 2.01	     03/22/26 17:19:58	    Page 27
Error Summary



**Error** ZR2_51.asm(62) Undefined symbol: SUB_4
**Error** ZR2_51.asm(63) Undefined symbol: SUB_2
