Microsoft (R) Macro Assembler  Version 4.00                 3/29/26 15:16:55

                                                            Page     1-1
                                                            

                                 
                                PAGE  59,132 
                                 
                                ;€€€€€€€€€€€€€€€€€€€€€€€€€€€€€€€€€€€€€€€€€€€€€€€€€€€€€€€€€€€€€€€€€€€€€€€€€€ 
                                ;€€					                                 €€ 
                                ;€€				_300LVLLD                                €€ 
                                ;€€					                                 €€ 
                                ;€€      Created:   29-Mar-26		                                 €€ 
                                ;€€      Code type: zero start		                                 €€ 
                                ;€€      Passes:    9          Analysis	Options on: none                 €€ 
                                ;€€					                                 €€ 
                                ;€€€€€€€€€€€€€€€€€€€€€€€€€€€€€€€€€€€€€€€€€€€€€€€€€€€€€€€€€€€€€€€€€€€€€€€€€€ 
                                 
 = 4D34                         target		EQU   'M4'                      ; Target assembler: MASM-4.0 
                                 
                             C  include  srmacros.inc 
                             C   
                             C  ; Macros which may be required for proper re-assembly 
                             C   
                             C  IF (target EQ 'M4') 
                             C  ;----------------------------------------------------------------------------- 
                             C  ;  MASM 4.0 does not allow retf and retn, allowed by current assemblers. 
                             C  ;  These marcos, convert RETF and RETN into data bytes that are acceptable 
                             C  ;  to MASM 4.0. 
                             C   
                             C   
                             C  retf            macro   ret_count               ; Fixup for Assembler 
                             C                  if      ret_count+0 GT 1 
                             C                  db      0CAh 
                             C                  dw      ret_count 
                             C                  else 
                             C                  db      0CBh 
                             C                  endif 
                             C  endm 
                             C   
                             C  retn            macro  ret_count 
                             C                  if     ret_count+0 GT 1 
                             C                  db     0C2h 
                             C                  dw     ret_count 
                             C                  else 
                             C                  db     0C3h 
                             C                  endif 
                             C  endm 
                             C   
                             C  ENDIF 
                             C   
                             C   
                             C  IF (target EQ 'M4') OR (target EQ 'M5')  
                             C  ;----------------------------------------------------------------------------- 
                             C  ; Due to a bug in earlier MASM assemblers, the valid instruction type  
                             C  ; "mov segreg, reg"  cannot be used, if the register is not AX.   
                             C  ; For example:  mov  es, bx 
                             C   
                             C  movseg          macro reg16, unused, Imm16      ; Fixup for Assembler 
                             C                  ifidn  <reg16>, <bx>             
Microsoft (R) Macro Assembler  Version 4.00                 3/29/26 15:16:55

                                                            Page     1-2
                                                            

                             C                  db     0BBh                      
                             C                  endif                            
                             C                  ifidn  <reg16>, <cx>             
                             C                  db     0B9h                      
                             C                  endif 
                             C                  ifidn  <reg16>, <dx> 
                             C                  db     0BAh 
                             C                  endif 
                             C                  ifidn  <reg16>, <si> 
                             C                  db     0BEh 
                             C                  endif 
                             C                  ifidn  <reg16>, <di> 
                             C                  db     0BFh 
                             C                  endif 
                             C                  ifidn  <reg16>, <bp> 
                             C                  db     0BDh 
                             C                  endif 
                             C                  ifidn  <reg16>, <sp> 
                             C                  db     0BCh 
                             C                  endif 
                             C                  ifidn  <reg16>, <BX> 
                             C                  db     0BBH 
                             C                  endif 
                             C                  ifidn  <reg16>, <CX> 
                             C                  db     0B9H 
                             C                  endif 
                             C                  ifidn  <reg16>, <DX> 
                             C                  db     0BAH 
                             C                  endif 
                             C                  ifidn  <reg16>, <SI> 
                             C                  db     0BEH 
                             C                  endif 
                             C                  ifidn  <reg16>, <DI> 
                             C                  db     0BFH 
                             C                  endif 
                             C                  ifidn  <reg16>, <BP> 
                             C                  db     0BDH 
                             C                  endif 
                             C                  ifidn  <reg16>, <SP> 
                             C                  db     0BCH 
                             C                  endif 
                             C                  dw     seg Imm16 
                             C  endm 
                             C   
                             C  ENDIF 
                             C   
                             C   
                             C  ENDIF 
                             C   
                             C   
                             C   
                             C  IFE (target EQ 'NO') 
                             C  ;----------------------------------------------------------------------------- 
                             C  ;  Some compilers and some assemblers will code a call that goes to a far 
                             C  ;  subroutine in the same segment as: 
Microsoft (R) Macro Assembler  Version 4.00                 3/29/26 15:16:55

                                                            Page     1-3
                                                            

                             C  ; 
                             C  ;               PUSH    CS 
                             C  ;               CALL    near 
                             C  ; 
                             C  ;  This saves one byte, and is slightly faster.  If the assembler you are 
                             C  ;  using (i.e. MASM, Optasm) does not do this automatically, the following 
                             C  ;  macros are used to code the same information.  In other words, the binary 
                             C  ;  file has "PUSH CS, CALL near", and Sourcer ensures the same instructions 
                             C  ;  are used!  (macro CALLF) 
                             C  ; 
                             C   
                             C  callf           macro   location 
                             C                  push    cs 
                             C                  call    near ptr location 
                             C  endm 
                             C   
                             C  ;  Some compilers generate an unnecessary DS override on the call instruction 
                             C  ;  when compacting the CALLF type function.  Macro CALLFX handles this case. 
                             C   
                             C  callfx          macro   location 
                             C                  push    cs 
                             C                  db      3Eh 
                             C                  call    near ptr location 
                             C  endm 
                             C   
                             C   
                             C  ;----------------------------------------------------------------------------- 
                             C  ;  Some compilers and some assemblers will code a near call that is the 
                             C  ;  selected assembler will convert to a short jump to save a byte.  This 
                             C  ;  reconstructs a near jump for these cases. 
                             C   
                             C  jmpn            macro   location 
                             C                  db      0E9h 
                             C                  dw      offset location-$-2 
                             C  endm 
                             C   
                             C  ENDIF 
                             C   
                                 
                                 
                                 
                                ; The following equates show data references outside the range of the program. 
                                 
 = 2000                         data_6e		equ	2000h			;* 
 = 2026                         data_7e		equ	2026h			;* 
 = 2028                         data_8e		equ	2028h			;* 
 = 203E                         data_9e		equ	203Eh			;* 
 = 3022                         data_10e	equ	3022h			;* 
 = 3024                         data_11e	equ	3024h			;* 
 = 3026                         data_12e	equ	3026h			;* 
 = 3028                         data_13e	equ	3028h			;* 
 = 84BE                         data_14e	equ	84BEh			;* 
 = A569                         data_15e	equ	0A569h			;* 
 = A572                         data_16e	equ	0A572h			;* 
 = A59A                         data_17e	equ	0A59Ah			;* 
Microsoft (R) Macro Assembler  Version 4.00                 3/29/26 15:16:55

                                                            Page     1-4
                                                            

 = A59B                         data_18e	equ	0A59Bh			;* 
 = A59C                         data_19e	equ	0A59Ch			;* 
 = A59D                         data_20e	equ	0A59Dh			;* 
 = A59E                         data_21e	equ	0A59Eh			;* 
 = A59F                         data_22e	equ	0A59Fh			;* 
 = A5A0                         data_23e	equ	0A5A0h			;* 
 = A5A1                         data_24e	equ	0A5A1h			;* 
 = A5A2                         data_25e	equ	0A5A2h			;* 
 = A5A3                         data_26e	equ	0A5A3h			;* 
 = A5A4                         data_27e	equ	0A5A4h			;* 
 = A5A5                         data_28e	equ	0A5A5h			;* 
 = A5A6                         data_29e	equ	0A5A6h			;* 
 = A5A7                         data_30e	equ	0A5A7h			;* 
 = FF1A                         data_31e	equ	0FF1Ah			;* 
 = FF26                         data_32e	equ	0FF26h			;* 
 = FF2C                         data_33e	equ	0FF2Ch			;* 
 = FF33                         data_34e	equ	0FF33h			;* 
 = FF75                         data_35e	equ	0FF75h			;* 
                                 
 0000                           seg_a		segment	byte public 
                                		assume	cs:seg_a, ds:seg_a 
                                 
                                 
 0000                           		org	0 
                                 
 0000                           _300LVLLD	proc	far 
                                 
 0000                           start: 
 0000  A8 05                    		test	al,5 
 0002  00 00                    		add	[bx+si],al 
 0004  02 A0 84BE               		add	ah,ds:data_14e[bx+si] 
 0008  A5                       		movsw				; Mov [si] to es:[di] 
 0009  2E: 8E 06 FF2C           		mov	es,cs:data_33e 
 000E  BF 3000                  		mov	di,3000h 
 0011  B0 05                    		mov	al,5 
 0013  2E: FF 16 010C           		call	word ptr cs:[10Ch] 
 0018  2E: 8E 06 FF2C           		mov	es,cs:data_33e 
 001D  BE A58F                  		mov	si,0A58Fh 
 0020  BF 6000                  		mov	di,6000h 
 0023  B0 02                    		mov	al,2 
 0025  2E: FF 16 010C           		call	word ptr cs:[10Ch] 
 002A  1E                       		push	ds 
 002B  2E: 8E 1E FF2C           		mov	ds,cs:data_33e 
 0030  BE 6000                  		mov	si,6000h 
 0033  BD D000                  		mov	bp,0D000h 
 0036  B9 0100                  		mov	cx,100h 
 0039  2E: FF 16 3028           		call	word ptr cs:data_13e 
 003E  1F                       		pop	ds 
 003F  FE 06 00A0               		inc	byte ptr ds:[0A0h] 
 0043  B0 00                    		mov	al,0 
 0045  80 3E 00A0 09            		cmp	byte ptr ds:[0A0h],9 
 004A  72 07                    		jb	loc_1			; Jump if below 
 004C  C6 06 00A0 09            		mov	byte ptr ds:[0A0h],9 
 0051  B0 01                    		mov	al,1 
 0053                           loc_1: 
Microsoft (R) Macro Assembler  Version 4.00                 3/29/26 15:16:55

                                                            Page     1-5
                                                            

 0053  A2 A5A4                  		mov	ds:data_27e,al 
 0056  BB 2552                  		mov	bx,2552h 
 0059  2E: FF 16 203E           		call	word ptr cs:data_9e 
 005E  80 26 00C2 FE            		and	byte ptr ds:[0C2h],0FEh 
 0063  BB 0C6E                  		mov	bx,0C6Eh 
 0066  B9 000D                  		mov	cx,0Dh 
                                 
 0069                           locloop_2: 
 0069  F7 C1 0001               		test	cx,1 
 006D  75 05                    		jnz	loc_3			; Jump if not zero 
 006F  C6 06 FF75 1A            		mov	byte ptr ds:data_35e,1Ah 
 0074                           loc_3: 
 0074  51                       		push	cx 
 0075  53                       		push	bx 
 0076  FE 06 00E7               		inc	byte ptr ds:[0E7h] 
 007A  80 26 00E7 03            		and	byte ptr ds:[0E7h],3 
 007F  E8 040B R                		call	sub_1 
 0082  E8 0493 R                		call	sub_2 
 0085  5B                       		pop	bx 
 0086  80 FF 24                 		cmp	bh,24h			; '$' 
 0089  74 0F                    		je	loc_4			; Jump if equal 
 008B  53                       		push	bx 
 008C  B9 0218                  		mov	cx,218h 
 008F  32 C0                    		xor	al,al			; Zero register 
 0091  2E: FF 16 2000           		call	word ptr cs:data_6e 
 0096  5B                       		pop	bx 
 0097  80 C7 02                 		add	bh,2 
 009A                           loc_4: 
 009A  59                       		pop	cx 
 009B  E2 CC                    		loop	locloop_2		; Loop if cx > 0 
                                 
 009D  C6 06 00E7 04            		mov	byte ptr ds:[0E7h],4 
 00A2  BB 246E                  		mov	bx,246Eh 
 00A5  E8 040B R                		call	sub_1 
 00A8  B9 0005                  		mov	cx,5 
                                 
 00AB                           locloop_5: 
 00AB  51                       		push	cx 
 00AC  E8 0493 R                		call	sub_2 
 00AF  59                       		pop	cx 
 00B0  E2 F9                    		loop	locloop_5		; Loop if cx > 0 
                                 
 00B2  C6 06 00E7 05            		mov	byte ptr ds:[0E7h],5 
 00B7                           loc_6: 
 00B7  BB 246E                  		mov	bx,246Eh 
 00BA  E8 040B R                		call	sub_1 
 00BD  E8 0493 R                		call	sub_2 
 00C0  E8 0493 R                		call	sub_2 
 00C3  FE 06 00E7               		inc	byte ptr ds:[0E7h] 
 00C7  80 3E 00E7 09            		cmp	byte ptr ds:[0E7h],9 
 00CC  72 E9                    		jb	loc_6			; Jump if below 
 00CE  BB 246E                  		mov	bx,246Eh 
 00D1  E8 040B R                		call	sub_1 
 00D4  2E: FF 16 3024           		call	word ptr cs:data_11e 
 00D9  32 FF                    		xor	bh,bh			; Zero register 
Microsoft (R) Macro Assembler  Version 4.00                 3/29/26 15:16:55

                                                            Page     1-6
                                                            

 00DB  8A 1E 00A0               		mov	bl,byte ptr ds:[0A0h] 
 00DF  4B                       		dec	bx 
 00E0  8A 87 A569               		mov	al,ds:data_15e[bx] 
 00E4  A2 A59A                  		mov	ds:data_17e,al 
 00E7  C6 06 A59B 02            		mov	byte ptr ds:data_18e,2 
 00EC  E8 04A7 R                		call	sub_3 
 00EF  8A 26 A59C               		mov	ah,ds:data_19e 
 00F3  D0 EC                    		shr	ah,1			; Shift w/zeros fill 
 00F5  D0 EC                    		shr	ah,1			; Shift w/zeros fill 
 00F7  D0 EC                    		shr	ah,1			; Shift w/zeros fill 
 00F9  A0 A59D                  		mov	al,ds:data_20e 
 00FC  B9 0310                  		mov	cx,310h 
 00FF  33 FF                    		xor	di,di			; Zero register 
 0101  2E: FF 16 2026           		call	word ptr cs:data_7e 
 0106  C6 06 A5A5 00            		mov	byte ptr ds:data_28e,0 
 010B                           loc_7: 
 010B  A0 A5A5                  		mov	al,ds:data_28e 
 010E  8A 1E A59C               		mov	bl,ds:data_19e 
 0112  32 FF                    		xor	bh,bh			; Zero register 
 0114  8A 0E A59D               		mov	cl,ds:data_20e 
 0118  2E: FF 16 3026           		call	word ptr cs:data_12e 
 011D  E8 0493 R                		call	sub_2 
 0120  8A 26 A59C               		mov	ah,ds:data_19e 
 0124  D0 EC                    		shr	ah,1			; Shift w/zeros fill 
 0126  D0 EC                    		shr	ah,1			; Shift w/zeros fill 
 0128  D0 EC                    		shr	ah,1			; Shift w/zeros fill 
 012A  A0 A59D                  		mov	al,ds:data_20e 
 012D  B9 0310                  		mov	cx,310h 
 0130  33 FF                    		xor	di,di			; Zero register 
 0132  2E: FF 16 2028           		call	word ptr cs:data_8e 
 0137  FE 06 A5A5               		inc	byte ptr ds:data_28e 
 013B  80 3E A5A5 02            		cmp	byte ptr ds:data_28e,2 
 0140  72 C9                    		jb	loc_7			; Jump if below 
 0142  8A 26 A59C               		mov	ah,ds:data_19e 
 0146  D0 EC                    		shr	ah,1			; Shift w/zeros fill 
 0148  D0 EC                    		shr	ah,1			; Shift w/zeros fill 
 014A  D0 EC                    		shr	ah,1			; Shift w/zeros fill 
 014C  80 EC 06                 		sub	ah,6 
 014F  A0 A59D                  		mov	al,ds:data_20e 
 0152  B9 1110                  		mov	cx,1110h 
 0155  33 FF                    		xor	di,di			; Zero register 
 0157  2E: FF 16 2026           		call	word ptr cs:data_7e 
 015C  C6 06 FF75 1B            		mov	byte ptr ds:data_35e,1Bh 
 0161  C6 06 A5A5 00            		mov	byte ptr ds:data_28e,0 
 0166                           loc_8: 
 0166  A0 A5A5                  		mov	al,ds:data_28e 
 0169  0C 80                    		or	al,80h 
 016B  8A 1E A59C               		mov	bl,ds:data_19e 
 016F  32 FF                    		xor	bh,bh			; Zero register 
 0171  83 EB 18                 		sub	bx,18h 
 0174  8A 0E A59D               		mov	cl,ds:data_20e 
 0178  2E: FF 16 3026           		call	word ptr cs:data_12e 
 017D  E8 0493 R                		call	sub_2 
 0180  E8 0493 R                		call	sub_2 
 0183  8A 26 A59C               		mov	ah,ds:data_19e 
Microsoft (R) Macro Assembler  Version 4.00                 3/29/26 15:16:55

                                                            Page     1-7
                                                            

 0187  D0 EC                    		shr	ah,1			; Shift w/zeros fill 
 0189  D0 EC                    		shr	ah,1			; Shift w/zeros fill 
 018B  D0 EC                    		shr	ah,1			; Shift w/zeros fill 
 018D  80 EC 06                 		sub	ah,6 
 0190  A0 A59D                  		mov	al,ds:data_20e 
 0193  B9 1110                  		mov	cx,1110h 
 0196  33 FF                    		xor	di,di			; Zero register 
 0198  2E: FF 16 2028           		call	word ptr cs:data_8e 
 019D  FE 06 A5A5               		inc	byte ptr ds:data_28e 
 01A1  80 3E A5A5 02            		cmp	byte ptr ds:data_28e,2 
 01A6  72 BE                    		jb	loc_8			; Jump if below 
 01A8  BB 2552                  		mov	bx,2552h 
 01AB  B9 0410                  		mov	cx,410h 
 01AE  32 C0                    		xor	al,al			; Zero register 
 01B0  2E: FF 16 2000           		call	word ptr cs:data_6e 
 01B5  2E: FF 16 3024           		call	word ptr cs:data_11e 
 01BA  8A 26 A59C               		mov	ah,ds:data_19e 
 01BE  D0 EC                    		shr	ah,1			; Shift w/zeros fill 
 01C0  D0 EC                    		shr	ah,1			; Shift w/zeros fill 
 01C2  D0 EC                    		shr	ah,1			; Shift w/zeros fill 
 01C4  A0 A59D                  		mov	al,ds:data_20e 
 01C7  B9 0310                  		mov	cx,310h 
 01CA  33 FF                    		xor	di,di			; Zero register 
 01CC  2E: FF 16 2026           		call	word ptr cs:data_7e 
 01D1  C6 06 A5A5 00            		mov	byte ptr ds:data_28e,0 
 01D6                           loc_9: 
 01D6  A0 A5A5                  		mov	al,ds:data_28e 
 01D9  8A 1E A59C               		mov	bl,ds:data_19e 
 01DD  32 FF                    		xor	bh,bh			; Zero register 
 01DF  8A 0E A59D               		mov	cl,ds:data_20e 
 01E3  2E: FF 16 3026           		call	word ptr cs:data_12e 
 01E8  E8 0493 R                		call	sub_2 
 01EB  8A 26 A59C               		mov	ah,ds:data_19e 
 01EF  D0 EC                    		shr	ah,1			; Shift w/zeros fill 
 01F1  D0 EC                    		shr	ah,1			; Shift w/zeros fill 
 01F3  D0 EC                    		shr	ah,1			; Shift w/zeros fill 
 01F5  A0 A59D                  		mov	al,ds:data_20e 
 01F8  B9 0310                  		mov	cx,310h 
 01FB  33 FF                    		xor	di,di			; Zero register 
 01FD  2E: FF 16 2028           		call	word ptr cs:data_8e 
 0202  FE 06 A5A5               		inc	byte ptr ds:data_28e 
 0206  80 3E A5A5 04            		cmp	byte ptr ds:data_28e,4 
 020B  72 C9                    		jb	loc_9			; Jump if below 
 020D  C6 06 A5A7 C8            		mov	byte ptr ds:data_30e,0C8h 
 0212                           loc_10: 
 0212  FE 06 A5A6               		inc	byte ptr ds:data_29e 
 0216  F6 06 A5A6 01            		test	byte ptr ds:data_29e,1 
 021B  75 19                    		jnz	loc_11			; Jump if not zero 
 021D  FE 06 A5A5               		inc	byte ptr ds:data_28e 
 0221  FE 06 A5A7               		inc	byte ptr ds:data_30e 
 0225  80 3E A5A7 03            		cmp	byte ptr ds:data_30e,3 
 022A  72 0A                    		jb	loc_11			; Jump if below 
 022C  C6 06 A5A7 00            		mov	byte ptr ds:data_30e,0 
 0231  C6 06 FF75 1C            		mov	byte ptr ds:data_35e,1Ch 
 0236                           loc_11: 
Microsoft (R) Macro Assembler  Version 4.00                 3/29/26 15:16:55

                                                            Page     1-8
                                                            

 0236  8A 26 A59C               		mov	ah,ds:data_19e 
 023A  D0 EC                    		shr	ah,1			; Shift w/zeros fill 
 023C  D0 EC                    		shr	ah,1			; Shift w/zeros fill 
 023E  D0 EC                    		shr	ah,1			; Shift w/zeros fill 
 0240  A0 A59D                  		mov	al,ds:data_20e 
 0243  B9 0310                  		mov	cx,310h 
 0246  33 FF                    		xor	di,di			; Zero register 
 0248  2E: FF 16 2028           		call	word ptr cs:data_8e 
 024D  E8 050E R                		call	sub_4 
 0250  9C                       		pushf				; Push flags 
 0251  8A 26 A59C               		mov	ah,ds:data_19e 
 0255  D0 EC                    		shr	ah,1			; Shift w/zeros fill 
 0257  D0 EC                    		shr	ah,1			; Shift w/zeros fill 
 0259  D0 EC                    		shr	ah,1			; Shift w/zeros fill 
 025B  A0 A59D                  		mov	al,ds:data_20e 
 025E  B9 0310                  		mov	cx,310h 
 0261  33 FF                    		xor	di,di			; Zero register 
 0263  2E: FF 16 2026           		call	word ptr cs:data_7e 
 0268  A0 A5A5                  		mov	al,ds:data_28e 
 026B  24 01                    		and	al,1 
 026D  04 02                    		add	al,2 
 026F  8A 1E A59C               		mov	bl,ds:data_19e 
 0273  32 FF                    		xor	bh,bh			; Zero register 
 0275  8A 0E A59D               		mov	cl,ds:data_20e 
 0279  2E: FF 16 3026           		call	word ptr cs:data_12e 
 027E  E8 0493 R                		call	sub_2 
 0281  9D                       		popf				; Pop flags 
 0282  73 8E                    		jnc	loc_10			; Jump if carry=0 
 0284  8A 26 A59C               		mov	ah,ds:data_19e 
 0288  D0 EC                    		shr	ah,1			; Shift w/zeros fill 
 028A  D0 EC                    		shr	ah,1			; Shift w/zeros fill 
 028C  D0 EC                    		shr	ah,1			; Shift w/zeros fill 
 028E  A0 A59D                  		mov	al,ds:data_20e 
 0291  B9 0310                  		mov	cx,310h 
 0294  33 FF                    		xor	di,di			; Zero register 
 0296  2E: FF 16 2028           		call	word ptr cs:data_8e 
 029B  8A 26 A59C               		mov	ah,ds:data_19e 
 029F  D0 EC                    		shr	ah,1			; Shift w/zeros fill 
 02A1  D0 EC                    		shr	ah,1			; Shift w/zeros fill 
 02A3  D0 EC                    		shr	ah,1			; Shift w/zeros fill 
 02A5  80 EC 06                 		sub	ah,6 
 02A8  A0 A59D                  		mov	al,ds:data_20e 
 02AB  B9 1110                  		mov	cx,1110h 
 02AE  33 FF                    		xor	di,di			; Zero register 
 02B0  2E: FF 16 2026           		call	word ptr cs:data_7e 
 02B5  C6 06 FF75 1B            		mov	byte ptr ds:data_35e,1Bh 
 02BA  C6 06 A5A5 00            		mov	byte ptr ds:data_28e,0 
 02BF                           loc_12: 
 02BF  A0 A5A5                  		mov	al,ds:data_28e 
 02C2  0C 80                    		or	al,80h 
 02C4  8A 1E A59C               		mov	bl,ds:data_19e 
 02C8  32 FF                    		xor	bh,bh			; Zero register 
 02CA  83 EB 18                 		sub	bx,18h 
 02CD  8A 0E A59D               		mov	cl,ds:data_20e 
 02D1  2E: FF 16 3026           		call	word ptr cs:data_12e 
Microsoft (R) Macro Assembler  Version 4.00                 3/29/26 15:16:55

                                                            Page     1-9
                                                            

 02D6  E8 0493 R                		call	sub_2 
 02D9  E8 0493 R                		call	sub_2 
 02DC  8A 26 A59C               		mov	ah,ds:data_19e 
 02E0  D0 EC                    		shr	ah,1			; Shift w/zeros fill 
 02E2  D0 EC                    		shr	ah,1			; Shift w/zeros fill 
 02E4  D0 EC                    		shr	ah,1			; Shift w/zeros fill 
 02E6  80 EC 06                 		sub	ah,6 
 02E9  A0 A59D                  		mov	al,ds:data_20e 
 02EC  B9 1110                  		mov	cx,1110h 
 02EF  33 FF                    		xor	di,di			; Zero register 
 02F1  2E: FF 16 2028           		call	word ptr cs:data_8e 
 02F6  FE 06 A5A5               		inc	byte ptr ds:data_28e 
 02FA  80 3E A5A5 02            		cmp	byte ptr ds:data_28e,2 
 02FF  72 BE                    		jb	loc_12			; Jump if below 
 0301  A0 A5A4                  		mov	al,ds:data_27e 
 0304  8A 1E 00A0               		mov	bl,byte ptr ds:[0A0h] 
 0308  FE CB                    		dec	bl 
 030A  32 FF                    		xor	bh,bh			; Zero register 
 030C  03 DB                    		add	bx,bx 
 030E  8B 9F A572               		mov	bx,ds:data_16e[bx] 
 0312  2E: FF 16 203E           		call	word ptr cs:data_9e 
 0317  8A 26 A59C               		mov	ah,ds:data_19e 
 031B  D0 EC                    		shr	ah,1			; Shift w/zeros fill 
 031D  D0 EC                    		shr	ah,1			; Shift w/zeros fill 
 031F  D0 EC                    		shr	ah,1			; Shift w/zeros fill 
 0321  A0 A59D                  		mov	al,ds:data_20e 
 0324  B9 0310                  		mov	cx,310h 
 0327  33 FF                    		xor	di,di			; Zero register 
 0329  2E: FF 16 2026           		call	word ptr cs:data_7e 
 032E  C6 06 A5A5 04            		mov	byte ptr ds:data_28e,4 
 0333                           loc_13: 
 0333  A0 A5A5                  		mov	al,ds:data_28e 
 0336  FE C8                    		dec	al 
 0338  8A 1E A59C               		mov	bl,ds:data_19e 
 033C  32 FF                    		xor	bh,bh			; Zero register 
 033E  8A 0E A59D               		mov	cl,ds:data_20e 
 0342  2E: FF 16 3026           		call	word ptr cs:data_12e 
 0347  E8 0493 R                		call	sub_2 
 034A  8A 26 A59C               		mov	ah,ds:data_19e 
 034E  D0 EC                    		shr	ah,1			; Shift w/zeros fill 
 0350  D0 EC                    		shr	ah,1			; Shift w/zeros fill 
 0352  D0 EC                    		shr	ah,1			; Shift w/zeros fill 
 0354  A0 A59D                  		mov	al,ds:data_20e 
 0357  B9 0310                  		mov	cx,310h 
 035A  33 FF                    		xor	di,di			; Zero register 
 035C  2E: FF 16 2028           		call	word ptr cs:data_8e 
 0361  FE 0E A5A5               		dec	byte ptr ds:data_28e 
 0365  75 CC                    		jnz	loc_13			; Jump if not zero 
 0367  1E                       		push	ds 
 0368  2E: 8E 1E FF2C           		mov	ds,cs:data_33e 
 036D  BE 3000                  		mov	si,3000h 
 0370  33 C0                    		xor	ax,ax			; Zero register 
 0372  CD 60                    		int	60h			; ??INT Non-standard interrupt 
 0374  1F                       		pop	ds 
 0375                           loc_14: 
Microsoft (R) Macro Assembler  Version 4.00                 3/29/26 15:16:55

                                                            Page     1-10
                                                            

 0375  F6 06 FF26 FF            		test	byte ptr ds:data_32e,0FFh 
 037A  74 F9                    		jz	loc_14			; Jump if zero 
 037C  B8 0001                  		mov	ax,1 
 037F  CD 60                    		int	60h			; ??INT Non-standard interrupt 
 0381  BB 2456                  		mov	bx,2456h 
 0384  B9 0618                  		mov	cx,618h 
 0387  32 C0                    		xor	al,al			; Zero register 
 0389  2E: FF 16 2000           		call	word ptr cs:data_6e 
 038E  C6 06 00E7 08            		mov	byte ptr ds:[0E7h],8 
 0393                           loc_15: 
 0393  BB 246E                  		mov	bx,246Eh 
 0396  E8 040B R                		call	sub_1 
 0399  E8 0493 R                		call	sub_2 
 039C  E8 0493 R                		call	sub_2 
 039F  FE 0E 00E7               		dec	byte ptr ds:[0E7h] 
 03A3  80 3E 00E7 05            		cmp	byte ptr ds:[0E7h],5 
 03A8  73 E9                    		jae	loc_15			; Jump if above or = 
 03AA  BB 246E                  		mov	bx,246Eh 
 03AD  E8 040B R                		call	sub_1 
 03B0  B9 0005                  		mov	cx,5 
                                 
 03B3                           locloop_16: 
 03B3  51                       		push	cx 
 03B4  E8 0493 R                		call	sub_2 
 03B7  59                       		pop	cx 
 03B8  E2 F9                    		loop	locloop_16		; Loop if cx > 0 
                                 
 03BA  BB 246E                  		mov	bx,246Eh 
 03BD  B9 0218                  		mov	cx,218h 
 03C0  32 C0                    		xor	al,al			; Zero register 
 03C2  2E: FF 16 2000           		call	word ptr cs:data_6e 
 03C7  BB 266E                  		mov	bx,266Eh 
 03CA  B9 000D                  		mov	cx,0Dh 
                                 
 03CD                           locloop_17: 
 03CD  F7 C1 0001               		test	cx,1 
 03D1  75 05                    		jnz	loc_18			; Jump if not zero 
 03D3  C6 06 FF75 1A            		mov	byte ptr ds:data_35e,1Ah 
 03D8                           loc_18: 
 03D8  51                       		push	cx 
 03D9  53                       		push	bx 
 03DA  FE 06 00E7               		inc	byte ptr ds:[0E7h] 
 03DE  80 26 00E7 03            		and	byte ptr ds:[0E7h],3 
 03E3  E8 040B R                		call	sub_1 
 03E6  E8 0493 R                		call	sub_2 
 03E9  5B                       		pop	bx 
 03EA  80 FF 3E                 		cmp	bh,3Eh			; '>' 
 03ED  74 0F                    		je	loc_19			; Jump if equal 
 03EF  53                       		push	bx 
 03F0  B9 0218                  		mov	cx,218h 
 03F3  32 C0                    		xor	al,al			; Zero register 
 03F5  2E: FF 16 2000           		call	word ptr cs:data_6e 
 03FA  5B                       		pop	bx 
 03FB  80 C7 02                 		add	bh,2 
 03FE                           loc_19: 
Microsoft (R) Macro Assembler  Version 4.00                 3/29/26 15:16:55

                                                            Page     1-11
                                                            

 03FE  59                       		pop	cx 
 03FF  E2 CC                    		loop	locloop_17		; Loop if cx > 0 
                                 
 0401  B9 0618                  		mov	cx,618h 
 0404  32 C0                    		xor	al,al			; Zero register 
 0406  2E: FF 26 2000           		jmp	word ptr cs:data_6e 
                                 
                                _300LVLLD	endp 
                                 
                                ;ﬂﬂﬂﬂﬂﬂﬂﬂﬂﬂﬂﬂﬂﬂﬂﬂﬂﬂﬂﬂﬂﬂﬂﬂﬂﬂﬂﬂﬂﬂﬂﬂﬂﬂﬂﬂﬂﬂﬂﬂﬂﬂﬂﬂﬂﬂﬂﬂﬂﬂﬂﬂﬂﬂﬂﬂﬂﬂﬂﬂﬂﬂﬂﬂﬂﬂﬂﬂﬂﬂﬂﬂﬂﬂ 
                                ;                              SUBROUTINE 
                                ;‹‹‹‹‹‹‹‹‹‹‹‹‹‹‹‹‹‹‹‹‹‹‹‹‹‹‹‹‹‹‹‹‹‹‹‹‹‹‹‹‹‹‹‹‹‹‹‹‹‹‹‹‹‹‹‹‹‹‹‹‹‹‹‹‹‹‹‹‹‹‹‹‹‹ 
                                 
 040B                           sub_1		proc	near 
 040B  A0 00E7                  		mov	al,byte ptr ds:[0E7h] 
 040E  B1 09                    		mov	cl,9 
 0410  F6 E1                    		mul	cl			; ax = reg * al 
 0412  05 A435                  		add	ax,0A435h 
 0415  8B F0                    		mov	si,ax 
 0417  B9 0003                  		mov	cx,3 
                                 
 041A                           locloop_20: 
 041A  51                       		push	cx 
 041B  B9 0003                  		mov	cx,3 
                                 
 041E                           locloop_21: 
 041E  51                       		push	cx 
 041F  AC                       		lodsb				; String [si] to al 
 0420  56                       		push	si 
 0421  53                       		push	bx 
 0422  2E: FF 16 3022           		call	word ptr cs:data_10e 
 0427  5B                       		pop	bx 
 0428  5E                       		pop	si 
 0429  80 C3 08                 		add	bl,8 
 042C  59                       		pop	cx 
 042D  E2 EF                    		loop	locloop_21		; Loop if cx > 0 
                                 
 042F  80 EB 18                 		sub	bl,18h 
 0432  80 C7 02                 		add	bh,2 
 0435  59                       		pop	cx 
 0436  E2 E2                    		loop	locloop_20		; Loop if cx > 0 
                                 
                                		retn 
 0438  C3                     1                 db     0C3h
                                sub_1		endp 
                                 
 0439  00 02 04 01 03 05        		db	 00h, 02h, 04h, 01h, 03h, 05h 
 043F  00 00 06 07 09 0B        		db	 00h, 00h, 06h, 07h, 09h, 0Bh 
 0445  08 0A 0C 00 00 00        		db	 08h, 0Ah, 0Ch, 00h, 00h, 00h 
 044B  00 02 0E 01 0D 0F        		db	 00h, 02h, 0Eh, 01h, 0Dh, 0Fh 
 0451  00 00 10 07 09 11        		db	 00h, 00h, 10h, 07h, 09h, 11h 
 0457  08 0A 12 00 00 00        		db	 08h, 0Ah, 12h, 00h, 00h, 00h 
 045D  00 14 16 13 15 17        		db	 00h, 14h, 16h, 13h, 15h, 17h 
 0463  00 00 18 19 00 1C        		db	 00h, 00h, 18h, 19h, 00h, 1Ch 
 0469  1A 1B 1D 00 00 1E        		db	 1Ah, 1Bh, 1Dh, 00h, 00h, 1Eh 
Microsoft (R) Macro Assembler  Version 4.00                 3/29/26 15:16:55

                                                            Page     1-12
                                                            

 046F  1F 00 23 20 21 24        		db	 1Fh, 00h, 23h, 20h, 21h, 24h 
 0475  00 22 25 1F 00 23        		db	 00h, 22h, 25h, 1Fh, 00h, 23h 
 047B  20 26 28 00 27 29        		db	 20h, 26h, 28h, 00h, 27h, 29h 
 0481  1F 00                    		db	 1Fh, 00h 
 0483  23 2A 2C 28 2B 2D 29     		db	'#*,(+-).1#/24035' 
       2E 31 23 2F 32 34 30     
       33 35                    
                                 
                                ;ﬂﬂﬂﬂﬂﬂﬂﬂﬂﬂﬂﬂﬂﬂﬂﬂﬂﬂﬂﬂﬂﬂﬂﬂﬂﬂﬂﬂﬂﬂﬂﬂﬂﬂﬂﬂﬂﬂﬂﬂﬂﬂﬂﬂﬂﬂﬂﬂﬂﬂﬂﬂﬂﬂﬂﬂﬂﬂﬂﬂﬂﬂﬂﬂﬂﬂﬂﬂﬂﬂﬂﬂﬂﬂ 
                                ;                              SUBROUTINE 
                                ;‹‹‹‹‹‹‹‹‹‹‹‹‹‹‹‹‹‹‹‹‹‹‹‹‹‹‹‹‹‹‹‹‹‹‹‹‹‹‹‹‹‹‹‹‹‹‹‹‹‹‹‹‹‹‹‹‹‹‹‹‹‹‹‹‹‹‹‹‹‹‹‹‹‹ 
                                 
 0493                           sub_2		proc	near 
 0493  8A 0E FF33               		mov	cl,ds:data_34e 
 0497  B0 04                    		mov	al,4 
 0499  F6 E1                    		mul	cl			; ax = reg * al 
 049B                           loc_22: 
 049B  38 06 FF1A               		cmp	ds:data_31e,al 
 049F  72 FA                    		jb	loc_22			; Jump if below 
 04A1  C6 06 FF1A 00            		mov	byte ptr ds:data_31e,0 
                                		retn 
 04A6  C3                     1                 db     0C3h
                                sub_2		endp 
                                 
                                 
                                ;ﬂﬂﬂﬂﬂﬂﬂﬂﬂﬂﬂﬂﬂﬂﬂﬂﬂﬂﬂﬂﬂﬂﬂﬂﬂﬂﬂﬂﬂﬂﬂﬂﬂﬂﬂﬂﬂﬂﬂﬂﬂﬂﬂﬂﬂﬂﬂﬂﬂﬂﬂﬂﬂﬂﬂﬂﬂﬂﬂﬂﬂﬂﬂﬂﬂﬂﬂﬂﬂﬂﬂﬂﬂﬂ 
                                ;                              SUBROUTINE 
                                ;‹‹‹‹‹‹‹‹‹‹‹‹‹‹‹‹‹‹‹‹‹‹‹‹‹‹‹‹‹‹‹‹‹‹‹‹‹‹‹‹‹‹‹‹‹‹‹‹‹‹‹‹‹‹‹‹‹‹‹‹‹‹‹‹‹‹‹‹‹‹‹‹‹‹ 
                                 
 04A7                           sub_3		proc	near 
 04A7  C6 06 A59C 94            		mov	byte ptr ds:data_19e,94h 
 04AC  C6 06 A59D 50            		mov	byte ptr ds:data_20e,50h	; 'P' 
 04B1  32 C9                    		xor	cl,cl			; Zero register 
 04B3  A0 A59A                  		mov	al,ds:data_17e 
 04B6  2A 06 A59C               		sub	al,ds:data_19e 
 04BA  74 0A                    		jz	loc_24			; Jump if zero 
 04BC  73 06                    		jnc	loc_23			; Jump if carry=0 
 04BE  F6 D8                    		neg	al 
 04C0  FE C9                    		dec	cl 
 04C2  EB 02                    		jmp	short loc_24 
 04C4                           loc_23: 
 04C4  FE C1                    		inc	cl 
 04C6                           loc_24: 
 04C6  A2 A5A0                  		mov	ds:data_23e,al 
 04C9  88 0E A59E               		mov	ds:data_21e,cl 
 04CD  32 C9                    		xor	cl,cl			; Zero register 
 04CF  A0 A59B                  		mov	al,ds:data_18e 
 04D2  2A 06 A59D               		sub	al,ds:data_20e 
 04D6  74 0A                    		jz	loc_26			; Jump if zero 
 04D8  73 06                    		jnc	loc_25			; Jump if carry=0 
 04DA  F6 D8                    		neg	al 
 04DC  FE C9                    		dec	cl 
 04DE  EB 02                    		jmp	short loc_26 
 04E0                           loc_25: 
 04E0  FE C1                    		inc	cl 
Microsoft (R) Macro Assembler  Version 4.00                 3/29/26 15:16:55

                                                            Page     1-13
                                                            

 04E2                           loc_26: 
 04E2  A2 A5A1                  		mov	ds:data_24e,al 
 04E5  88 0E A59F               		mov	ds:data_22e,cl 
 04E9  A0 A5A0                  		mov	al,ds:data_23e 
 04EC  D0 E8                    		shr	al,1			; Shift w/zeros fill 
 04EE  A2 A5A3                  		mov	ds:data_26e,al 
 04F1  C6 06 A5A2 00            		mov	byte ptr ds:data_25e,0 
 04F6  A0 A5A0                  		mov	al,ds:data_23e 
 04F9  3A 06 A5A1               		cmp	al,ds:data_24e 
 04FD  72 01                    		jb	loc_27			; Jump if below 
                                		retn 
 04FF  C3                     1                 db     0C3h
 0500                           loc_27: 
 0500  A0 A5A1                  		mov	al,ds:data_24e 
 0503  D0 E8                    		shr	al,1			; Shift w/zeros fill 
 0505  A2 A5A3                  		mov	ds:data_26e,al 
 0508  C6 06 A5A2 FF            		mov	byte ptr ds:data_25e,0FFh 
                                		retn 
 050D  C3                     1                 db     0C3h
                                sub_3		endp 
                                 
                                 
                                ;ﬂﬂﬂﬂﬂﬂﬂﬂﬂﬂﬂﬂﬂﬂﬂﬂﬂﬂﬂﬂﬂﬂﬂﬂﬂﬂﬂﬂﬂﬂﬂﬂﬂﬂﬂﬂﬂﬂﬂﬂﬂﬂﬂﬂﬂﬂﬂﬂﬂﬂﬂﬂﬂﬂﬂﬂﬂﬂﬂﬂﬂﬂﬂﬂﬂﬂﬂﬂﬂﬂﬂﬂﬂﬂ 
                                ;                              SUBROUTINE 
                                ;‹‹‹‹‹‹‹‹‹‹‹‹‹‹‹‹‹‹‹‹‹‹‹‹‹‹‹‹‹‹‹‹‹‹‹‹‹‹‹‹‹‹‹‹‹‹‹‹‹‹‹‹‹‹‹‹‹‹‹‹‹‹‹‹‹‹‹‹‹‹‹‹‹‹ 
                                 
 050E                           sub_4		proc	near 
 050E  F6 06 A5A2 FF            		test	byte ptr ds:data_25e,0FFh 
 0513  75 2C                    		jnz	loc_30			; Jump if not zero 
 0515  A0 A5A3                  		mov	al,ds:data_26e 
 0518  2A 06 A5A1               		sub	al,ds:data_24e 
 051C  73 0C                    		jnc	loc_28			; Jump if carry=0 
 051E  02 06 A5A0               		add	al,ds:data_23e 
 0522  8A 26 A59F               		mov	ah,ds:data_22e 
 0526  00 26 A59D               		add	ds:data_20e,ah 
 052A                           loc_28: 
 052A  A2 A5A3                  		mov	ds:data_26e,al 
 052D  A0 A59E                  		mov	al,ds:data_21e 
 0530  00 06 A59C               		add	ds:data_19e,al 
 0534  A0 A59A                  		mov	al,ds:data_17e 
 0537  3A 06 A59C               		cmp	al,ds:data_19e 
 053B  F9                       		stc				; Set carry flag 
 053C  75 01                    		jnz	loc_29			; Jump if not zero 
                                		retn 
 053E  C3                     1                 db     0C3h
 053F                           loc_29: 
 053F  F8                       		clc				; Clear carry flag 
                                		retn 
 0540  C3                     1                 db     0C3h
 0541                           loc_30: 
 0541  A0 A5A3                  		mov	al,ds:data_26e 
 0544  2A 06 A5A0               		sub	al,ds:data_23e 
 0548  73 0C                    		jnc	loc_31			; Jump if carry=0 
 054A  02 06 A5A1               		add	al,ds:data_24e 
 054E  8A 26 A59E               		mov	ah,ds:data_21e 
Microsoft (R) Macro Assembler  Version 4.00                 3/29/26 15:16:55

                                                            Page     1-14
                                                            

 0552  00 26 A59C               		add	ds:data_19e,ah 
 0556                           loc_31: 
 0556  A2 A5A3                  		mov	ds:data_26e,al 
 0559  A0 A59F                  		mov	al,ds:data_22e 
 055C  00 06 A59D               		add	ds:data_20e,al 
 0560  A0 A59B                  		mov	al,ds:data_18e 
 0563  3A 06 A59D               		cmp	al,ds:data_20e 
 0567  F9                       		stc				; Set carry flag 
 0568  75 01                    		jnz	loc_32			; Jump if not zero 
                                		retn 
 056A  C3                     1                 db     0C3h
 056B                           loc_32: 
 056B  F8                       		clc				; Clear carry flag 
                                		retn 
 056C  C3                     1                 db     0C3h
                                sub_4		endp 
                                 
                                			                        ;* No entry point to code 
 056D  3C F4                    		cmp	al,0F4h 
 056F  54                       		push	sp 
 0570  DC 6C C4 84 AC 98        		db	0DCh, 6Ch,0C4h, 84h,0ACh, 98h 
 0576  00 0F 00 3D 00 15        		db	 00h, 0Fh, 00h, 3Dh, 00h, 15h 
 057C  00 37 00 1B 00 31        		db	 00h, 37h, 00h, 1Bh, 00h, 31h 
 0582  00 21 00 2B 00 26        		db	 00h, 21h, 00h, 2Bh, 00h, 26h 
 0588  02                       		db	 02h 
 0589  5F 4D 46 41 4E 2E 4D     		db	'_MFAN.MSD' 
       53 44                    
 0592  00 02                    		db	0, 2 
 0594  36 44 4D 41 4E 2E 47     		db	'6DMAN.GRP' 
       52 50                    
 059D  000F[                    		db	15 dup (0) 
            00                  
                         ]      
                                
                                 
 05AC                           seg_a		ends 
                                 
                                 
                                 
                                		end	start 

Microsoft (R) Macro Assembler  Version 4.00                 3/29/26 15:16:55

                                                            Symbols-1
                                                             

Macros:

		N a m e			Lines

CALLF  . . . . . . . . . . . . .  	   2
CALLFX . . . . . . . . . . . . .  	   3
JMPN . . . . . . . . . . . . . .  	   2
MOVSEG . . . . . . . . . . . . .  	  43
RETF . . . . . . . . . . . . . .  	   6
RETN . . . . . . . . . . . . . .  	   6

Segments and Groups:

                N a m e         	Size	Align	Combine Class

SEG_A  . . . . . . . . . . . . .  	05AC	BYTE	PUBLIC	

Symbols:            

                N a m e         	Type	Value	Attr         

DATA_10E . . . . . . . . . . . .  	Number	3022	
DATA_11E . . . . . . . . . . . .  	Number	3024	
DATA_12E . . . . . . . . . . . .  	Number	3026	
DATA_13E . . . . . . . . . . . .  	Number	3028	
DATA_14E . . . . . . . . . . . .  	Number	84BE	
DATA_15E . . . . . . . . . . . .  	Number	A569	
DATA_16E . . . . . . . . . . . .  	Number	A572	
DATA_17E . . . . . . . . . . . .  	Number	A59A	
DATA_18E . . . . . . . . . . . .  	Number	A59B	
DATA_19E . . . . . . . . . . . .  	Number	A59C	
DATA_20E . . . . . . . . . . . .  	Number	A59D	
DATA_21E . . . . . . . . . . . .  	Number	A59E	
DATA_22E . . . . . . . . . . . .  	Number	A59F	
DATA_23E . . . . . . . . . . . .  	Number	A5A0	
DATA_24E . . . . . . . . . . . .  	Number	A5A1	
DATA_25E . . . . . . . . . . . .  	Number	A5A2	
DATA_26E . . . . . . . . . . . .  	Number	A5A3	
DATA_27E . . . . . . . . . . . .  	Number	A5A4	
DATA_28E . . . . . . . . . . . .  	Number	A5A5	
DATA_29E . . . . . . . . . . . .  	Number	A5A6	
DATA_30E . . . . . . . . . . . .  	Number	A5A7	
DATA_31E . . . . . . . . . . . .  	Number	FF1A	
DATA_32E . . . . . . . . . . . .  	Number	FF26	
DATA_33E . . . . . . . . . . . .  	Number	FF2C	
DATA_34E . . . . . . . . . . . .  	Number	FF33	
DATA_35E . . . . . . . . . . . .  	Number	FF75	
DATA_6E  . . . . . . . . . . . .  	Number	2000	
DATA_7E  . . . . . . . . . . . .  	Number	2026	
DATA_8E  . . . . . . . . . . . .  	Number	2028	
DATA_9E  . . . . . . . . . . . .  	Number	203E	

LOCLOOP_16 . . . . . . . . . . .  	L NEAR	03B3	SEG_A
LOCLOOP_17 . . . . . . . . . . .  	L NEAR	03CD	SEG_A
LOCLOOP_2  . . . . . . . . . . .  	L NEAR	0069	SEG_A
Microsoft (R) Macro Assembler  Version 4.00                 3/29/26 15:16:55

                                                            Symbols-2
                                                             

LOCLOOP_20 . . . . . . . . . . .  	L NEAR	041A	SEG_A
LOCLOOP_21 . . . . . . . . . . .  	L NEAR	041E	SEG_A
LOCLOOP_5  . . . . . . . . . . .  	L NEAR	00AB	SEG_A
LOC_1  . . . . . . . . . . . . .  	L NEAR	0053	SEG_A
LOC_10 . . . . . . . . . . . . .  	L NEAR	0212	SEG_A
LOC_11 . . . . . . . . . . . . .  	L NEAR	0236	SEG_A
LOC_12 . . . . . . . . . . . . .  	L NEAR	02BF	SEG_A
LOC_13 . . . . . . . . . . . . .  	L NEAR	0333	SEG_A
LOC_14 . . . . . . . . . . . . .  	L NEAR	0375	SEG_A
LOC_15 . . . . . . . . . . . . .  	L NEAR	0393	SEG_A
LOC_18 . . . . . . . . . . . . .  	L NEAR	03D8	SEG_A
LOC_19 . . . . . . . . . . . . .  	L NEAR	03FE	SEG_A
LOC_22 . . . . . . . . . . . . .  	L NEAR	049B	SEG_A
LOC_23 . . . . . . . . . . . . .  	L NEAR	04C4	SEG_A
LOC_24 . . . . . . . . . . . . .  	L NEAR	04C6	SEG_A
LOC_25 . . . . . . . . . . . . .  	L NEAR	04E0	SEG_A
LOC_26 . . . . . . . . . . . . .  	L NEAR	04E2	SEG_A
LOC_27 . . . . . . . . . . . . .  	L NEAR	0500	SEG_A
LOC_28 . . . . . . . . . . . . .  	L NEAR	052A	SEG_A
LOC_29 . . . . . . . . . . . . .  	L NEAR	053F	SEG_A
LOC_3  . . . . . . . . . . . . .  	L NEAR	0074	SEG_A
LOC_30 . . . . . . . . . . . . .  	L NEAR	0541	SEG_A
LOC_31 . . . . . . . . . . . . .  	L NEAR	0556	SEG_A
LOC_32 . . . . . . . . . . . . .  	L NEAR	056B	SEG_A
LOC_4  . . . . . . . . . . . . .  	L NEAR	009A	SEG_A
LOC_6  . . . . . . . . . . . . .  	L NEAR	00B7	SEG_A
LOC_7  . . . . . . . . . . . . .  	L NEAR	010B	SEG_A
LOC_8  . . . . . . . . . . . . .  	L NEAR	0166	SEG_A
LOC_9  . . . . . . . . . . . . .  	L NEAR	01D6	SEG_A

START  . . . . . . . . . . . . .  	L NEAR	0000	SEG_A
SUB_1  . . . . . . . . . . . . .  	N PROC	040B	SEG_A	Length = 002E
SUB_2  . . . . . . . . . . . . .  	N PROC	0493	SEG_A	Length = 0014
SUB_3  . . . . . . . . . . . . .  	N PROC	04A7	SEG_A	Length = 0067
SUB_4  . . . . . . . . . . . . .  	N PROC	050E	SEG_A	Length = 005F

TARGET . . . . . . . . . . . . .  	Number	4D34	

_300LVLLD  . . . . . . . . . . .  	F PROC	0000	SEG_A	Length = 040B


    755 Source  Lines
    804 Total   Lines
     97 Symbols

  47168 Bytes symbol space free

      0 Warning Errors
      0 Severe  Errors
