Microsoft (R) Macro Assembler  Version 4.00                 3/29/26 15:16:58

                                                            Page     1-1
                                                            

                                 
                                PAGE  59,132 
                                 
                                ;€€€€€€€€€€€€€€€€€€€€€€€€€€€€€€€€€€€€€€€€€€€€€€€€€€€€€€€€€€€€€€€€€€€€€€€€€€ 
                                ;€€					                                 €€ 
                                ;€€				_314LVLRD                                €€ 
                                ;€€					                                 €€ 
                                ;€€      Created:   29-Mar-26		                                 €€ 
                                ;€€      Code type: zero start		                                 €€ 
                                ;€€      Passes:    9          Analysis	Options on: none                 €€ 
                                ;€€					                                 €€ 
                                ;€€€€€€€€€€€€€€€€€€€€€€€€€€€€€€€€€€€€€€€€€€€€€€€€€€€€€€€€€€€€€€€€€€€€€€€€€€ 
                                 
 = 4D34                         target		EQU   'M4'                      ; Target assembler: MASM-4.0 
                                 
                             C  include  srmacros.inc 
                             C   
                             C  ; Macros which may be required for proper re-assembly 
                             C   
                             C  IF (target EQ 'M4') 
                             C  ;----------------------------------------------------------------------------- 
                             C  ;  MASM 4.0 does not allow retf and retn, allowed by current assemblers. 
                             C  ;  These marcos, convert RETF and RETN into data bytes that are acceptable 
                             C  ;  to MASM 4.0. 
                             C   
                             C   
                             C  retf            macro   ret_count               ; Fixup for Assembler 
                             C                  if      ret_count+0 GT 1 
                             C                  db      0CAh 
                             C                  dw      ret_count 
                             C                  else 
                             C                  db      0CBh 
                             C                  endif 
                             C  endm 
                             C   
                             C  retn            macro  ret_count 
                             C                  if     ret_count+0 GT 1 
                             C                  db     0C2h 
                             C                  dw     ret_count 
                             C                  else 
                             C                  db     0C3h 
                             C                  endif 
                             C  endm 
                             C   
                             C  ENDIF 
                             C   
                             C   
                             C  IF (target EQ 'M4') OR (target EQ 'M5')  
                             C  ;----------------------------------------------------------------------------- 
                             C  ; Due to a bug in earlier MASM assemblers, the valid instruction type  
                             C  ; "mov segreg, reg"  cannot be used, if the register is not AX.   
                             C  ; For example:  mov  es, bx 
                             C   
                             C  movseg          macro reg16, unused, Imm16      ; Fixup for Assembler 
                             C                  ifidn  <reg16>, <bx>             
Microsoft (R) Macro Assembler  Version 4.00                 3/29/26 15:16:58

                                                            Page     1-2
                                                            

                             C                  db     0BBh                      
                             C                  endif                            
                             C                  ifidn  <reg16>, <cx>             
                             C                  db     0B9h                      
                             C                  endif 
                             C                  ifidn  <reg16>, <dx> 
                             C                  db     0BAh 
                             C                  endif 
                             C                  ifidn  <reg16>, <si> 
                             C                  db     0BEh 
                             C                  endif 
                             C                  ifidn  <reg16>, <di> 
                             C                  db     0BFh 
                             C                  endif 
                             C                  ifidn  <reg16>, <bp> 
                             C                  db     0BDh 
                             C                  endif 
                             C                  ifidn  <reg16>, <sp> 
                             C                  db     0BCh 
                             C                  endif 
                             C                  ifidn  <reg16>, <BX> 
                             C                  db     0BBH 
                             C                  endif 
                             C                  ifidn  <reg16>, <CX> 
                             C                  db     0B9H 
                             C                  endif 
                             C                  ifidn  <reg16>, <DX> 
                             C                  db     0BAH 
                             C                  endif 
                             C                  ifidn  <reg16>, <SI> 
                             C                  db     0BEH 
                             C                  endif 
                             C                  ifidn  <reg16>, <DI> 
                             C                  db     0BFH 
                             C                  endif 
                             C                  ifidn  <reg16>, <BP> 
                             C                  db     0BDH 
                             C                  endif 
                             C                  ifidn  <reg16>, <SP> 
                             C                  db     0BCH 
                             C                  endif 
                             C                  dw     seg Imm16 
                             C  endm 
                             C   
                             C  ENDIF 
                             C   
                             C   
                             C  ENDIF 
                             C   
                             C   
                             C   
                             C  IFE (target EQ 'NO') 
                             C  ;----------------------------------------------------------------------------- 
                             C  ;  Some compilers and some assemblers will code a call that goes to a far 
                             C  ;  subroutine in the same segment as: 
Microsoft (R) Macro Assembler  Version 4.00                 3/29/26 15:16:58

                                                            Page     1-3
                                                            

                             C  ; 
                             C  ;               PUSH    CS 
                             C  ;               CALL    near 
                             C  ; 
                             C  ;  This saves one byte, and is slightly faster.  If the assembler you are 
                             C  ;  using (i.e. MASM, Optasm) does not do this automatically, the following 
                             C  ;  macros are used to code the same information.  In other words, the binary 
                             C  ;  file has "PUSH CS, CALL near", and Sourcer ensures the same instructions 
                             C  ;  are used!  (macro CALLF) 
                             C  ; 
                             C   
                             C  callf           macro   location 
                             C                  push    cs 
                             C                  call    near ptr location 
                             C  endm 
                             C   
                             C  ;  Some compilers generate an unnecessary DS override on the call instruction 
                             C  ;  when compacting the CALLF type function.  Macro CALLFX handles this case. 
                             C   
                             C  callfx          macro   location 
                             C                  push    cs 
                             C                  db      3Eh 
                             C                  call    near ptr location 
                             C  endm 
                             C   
                             C   
                             C  ;----------------------------------------------------------------------------- 
                             C  ;  Some compilers and some assemblers will code a near call that is the 
                             C  ;  selected assembler will convert to a short jump to save a byte.  This 
                             C  ;  reconstructs a near jump for these cases. 
                             C   
                             C  jmpn            macro   location 
                             C                  db      0E9h 
                             C                  dw      offset location-$-2 
                             C  endm 
                             C   
                             C  ENDIF 
                             C   
                                 
                                 
                                 
                                ; The following equates show data references outside the range of the program. 
                                 
 = 200C                         data_8e		equ	200Ch			;* 
 = 6028                         data_9e		equ	6028h			;* 
 = 6036                         data_10e	equ	6036h			;* 
 = 6038                         data_11e	equ	6038h			;* 
 = A3C7                         data_12e	equ	0A3C7h			;* 
 = A41B                         data_13e	equ	0A41Bh			;* 
 = A41F                         data_14e	equ	0A41Fh			;* 
 = A424                         data_15e	equ	0A424h			;* 
 = A5D8                         data_16e	equ	0A5D8h			;* 
 = A5D9                         data_17e	equ	0A5D9h			;* 
 = A69B                         data_18e	equ	0A69Bh			;* 
 = A6BC                         data_19e	equ	0A6BCh			;* 
Microsoft (R) Macro Assembler  Version 4.00                 3/29/26 15:16:58

                                                            Page     1-4
                                                            

 = A6C8                         data_20e	equ	0A6C8h			;* 
 = A744                         data_21e	equ	0A744h			;* 
 = A7A0                         data_22e	equ	0A7A0h			;* 
 = A7A2                         data_23e	equ	0A7A2h			;* 
 = A7A3                         data_24e	equ	0A7A3h			;* 
 = A7B6                         data_25e	equ	0A7B6h			;* 
 = A7B7                         data_26e	equ	0A7B7h			;* 
 = A7B8                         data_27e	equ	0A7B8h			;* 
 = A7B9                         data_28e	equ	0A7B9h			;* 
 = A7BB                         data_29e	equ	0A7BBh			;* 
 = A7BC                         data_30e	equ	0A7BCh			;* 
 = A7BD                         data_31e	equ	0A7BDh			;* 
 = A7BE                         data_32e	equ	0A7BEh			;* 
 = A7BF                         data_33e	equ	0A7BFh			;* 
 = A7C0                         data_34e	equ	0A7C0h			;* 
 = A7C1                         data_35e	equ	0A7C1h			;* 
 = A7C2                         data_36e	equ	0A7C2h			;* 
 = A7C3                         data_37e	equ	0A7C3h			;* 
 = A7C5                         data_38e	equ	0A7C5h			;* 
 = A7C6                         data_39e	equ	0A7C6h			;* 
 = A7C7                         data_40e	equ	0A7C7h			;* 
 = A7C8                         data_41e	equ	0A7C8h			;* 
 = A7C9                         data_42e	equ	0A7C9h			;* 
 = A7CB                         data_43e	equ	0A7CBh			;* 
 = A7F1                         data_44e	equ	0A7F1h			;* 
 = C010                         data_45e	equ	0C010h			;* 
 = ED20                         data_46e	equ	0ED20h			;* 
 = FF2E                         data_47e	equ	0FF2Eh			;* 
 = FF2F                         data_48e	equ	0FF2Fh			;* 
 = FF3C                         data_49e	equ	0FF3Ch			;* 
 = FF75                         data_50e	equ	0FF75h			;* 
                                 
 0000                           seg_a		segment	byte public 
                                		assume	cs:seg_a, ds:seg_a 
                                 
                                 
 0000                           		org	0 
                                 
 0000                           _314LVLRD	proc	far 
                                 
 0000                           start: 
 0000  19 08                    		sbb	[bx+si],cx 
 0002  00 00                    		add	[bx+si],al 
 0004  23 A2 A7A0               		and	sp,ss:data_22e[bp+si] 
 0008  000C[                    		db	12 dup (0) 
            00                  
                         ]      
                                
 0014  A0 A0 A0 A0 A0 A0        		db	0A0h,0A0h,0A0h,0A0h,0A0h,0A0h 
 001A  50                       		db	 50h 
 001B  0A 0A                    		db	 0Ah, 0Ah 
 001D  0A 0A 0A 0A 0A 0A 0A     data_3		db	0Ah, 0Ah, 0Ah, 0Ah, 0Ah, 0Ah, 0Ah	; Data table (indexed access) 
 0024  0A 0A 0A 0A 0A 0A 0A     		db	0Ah, 0Ah, 0Ah, 0Ah, 0Ah, 0Ah, 0Ah 
 002B  0A 0A 0A 0A 0A 0A 0A     		db	0Ah, 0Ah, 0Ah, 0Ah, 0Ah, 0Ah, 0Ah 
 0032  0A 0A 3E                 		db	0Ah, 0Ah, '>' 
Microsoft (R) Macro Assembler  Version 4.00                 3/29/26 15:16:58

                                                            Page     1-5
                                                            

 0035  A0 8E A0 DE A0 2E        		db	0A0h, 8Eh,0A0h,0DEh,0A0h, 2Eh 
 003B  A1 7E A1 CE A1 05        		db	0A1h, 7Eh,0A1h,0CEh,0A1h, 05h 
 0041  A2 02 00 00 00 03        		db	0A2h, 02h, 00h, 00h, 00h, 03h 
 0047  02 00 00 04 00 02        		db	 02h, 00h, 00h, 04h, 00h, 02h 
 004D  00 00 00 05 02 00        		db	 00h, 00h, 00h, 05h, 02h, 00h 
 0053  00 06 00 02 00 00        		db	 00h, 06h, 00h, 02h, 00h, 00h 
 0059  00 07 02 00 00 08        		db	 00h, 07h, 02h, 00h, 00h, 08h 
 005F  00 02 00 AD 00 AF        		db	 00h, 02h, 00h,0ADh, 00h,0AFh 
 0065  02 AE 00 B0 00 02        		db	 02h,0AEh, 00h,0B0h, 00h, 02h 
 006B  B1 B2 B5 B6 02 B3        		db	0B1h,0B2h,0B5h,0B6h, 02h,0B3h 
 0071  B4 B7 B8 02 B9 BA        		db	0B4h,0B7h,0B8h, 02h,0B9h,0BAh 
 0077  39 01 02 75 AA 02        		db	 39h, 01h, 02h, 75h,0AAh, 02h 
 007D  38 02 00 00 00 01        		db	 38h, 02h, 00h, 00h, 00h, 01h 
 0083  02 00 00 02 00 02        		db	 02h, 00h, 00h, 02h, 00h, 02h 
 0089  00 00 00 BB 02 00        		db	 00h, 00h, 00h,0BBh, 02h, 00h 
 008F  00 BC 00 00 09 0A        		db	 00h,0BCh, 00h, 00h, 09h, 0Ah 
 0095  0B 0C 00 0D 0E 10        		db	 0Bh, 0Ch, 00h, 0Dh, 0Eh, 10h 
 009B  11 00 0E 0F 11 12        		db	 11h, 00h, 0Eh, 0Fh, 11h, 12h 
 00A1  00                       data_4		db	0			; Data table (indexed access) 
 00A2  13 14                    		db	 13h, 14h 
 00A4  1615                     data_5		dw	1615h			; Data table (indexed access) 
 00A6  00 17 18 19 1A 00        		db	 00h, 17h, 18h, 19h, 1Ah, 00h 
 00AC  19 1A 1C 1D 00 1A        		db	 19h, 1Ah, 1Ch, 1Dh, 00h, 1Ah 
 00B2  1B 1D 1E 00 1F 13        		db	 1Bh, 1Dh, 1Eh, 00h, 1Fh, 13h 
 00B8  20 21 00 13 14 21        		db	 20h, 21h, 00h, 13h, 14h, 21h 
 00BE  16 00 20 21 22 23        		db	 16h, 00h, 20h, 21h, 22h, 23h 
 00C4  00 21 16 23 18 00        		db	 00h, 21h, 16h, 23h, 18h, 00h 
 00CA  24 1A 25 1D 00 1A        		db	 24h, 1Ah, 25h, 1Dh, 00h, 1Ah 
 00D0  1B 1D 1E 00 0D 0E        		db	 1Bh, 1Dh, 1Eh, 00h, 0Dh, 0Eh 
 00D6  26 27 00 0F 00 28        		db	 26h, 27h, 00h, 0Fh, 00h, 28h 
 00DC  29 00 2A 2B 2E 2F        		db	 29h, 00h, 2Ah, 2Bh, 2Eh, 2Fh 
 00E2  00 2C 2D 30 31 00        		db	 00h, 2Ch, 2Dh, 30h, 31h, 00h 
 00E8  32 33 36 37 00 34        		db	 32h, 33h, 36h, 37h, 00h, 34h 
 00EE  35 19 1A 00 36 37        		db	 35h, 19h, 1Ah, 00h, 36h, 37h 
 00F4  3A 3B 00 19 1A 1C        		db	 3Ah, 3Bh, 00h, 19h, 1Ah, 1Ch 
 00FA  1D 00 1A 00 1D 1E        		db	 1Dh, 00h, 1Ah, 00h, 1Dh, 1Eh 
 0100  00 0D 0E 3D 27 00        		db	 00h, 0Dh, 0Eh, 3Dh, 27h, 00h 
 0106  3C 3D 3E 3F 00 3F        		db	 3Ch, 3Dh, 3Eh, 3Fh, 00h, 3Fh 
 010C  40 43 44 00 41 42        		db	 40h, 43h, 44h, 00h, 41h, 42h 
 0112  45 46 00 47 48 49        		db	 45h, 46h, 00h, 47h, 48h, 49h 
 0118  00 00                    		db	 00h, 00h 
 011A  0E4A                     data_6		dw	0E4Ah 
 011C  4D 27 00 34 35 58        		db	 4Dh, 27h, 00h, 34h, 35h, 58h 
 0122  59 00 4B 4C 4E 4F        		db	 59h, 00h, 4Bh, 4Ch, 4Eh, 4Fh 
 0128  00 50 51 00 44 00        		db	 00h, 50h, 51h, 00h, 44h, 00h 
 012E  58 59 5A 5B 00 53        		db	 58h, 59h, 5Ah, 5Bh, 00h, 53h 
 0134  54 56 57 00 4E 4F        		db	 54h, 56h, 57h, 00h, 4Eh, 4Fh 
 013A  54 55 00 00 00 52        		db	 54h, 55h, 00h, 00h, 00h, 52h 
 0140  53 00 0D 0E 5D 27        		db	 53h, 00h, 0Dh, 0Eh, 5Dh, 27h 
 0146  00 0E 0F 27 28 00        		db	 00h, 0Eh, 0Fh, 27h, 28h, 00h 
 014C  61 2C 6A 6B 00 2C        		db	 61h, 2Ch, 6Ah, 6Bh, 00h, 2Ch 
 0152  69 6B 6C 00 6B 6C        		db	 69h, 6Bh, 6Ch, 00h, 6Bh, 6Ch 
 0158  6D 6E 00 6E 6F 70        		db	 6Dh, 6Eh, 00h, 6Eh, 6Fh, 70h 
 015E  71 00 70 71 5A 72        		db	 71h, 00h, 70h, 71h, 5Ah, 72h 
 0164  00 00 5C 5E 5F 00        		db	 00h, 00h, 5Ch, 5Eh, 5Fh, 00h 
Microsoft (R) Macro Assembler  Version 4.00                 3/29/26 15:16:58

                                                            Page     1-6
                                                            

 016A  5C 5D 5F 60 00 62        		db	 5Ch, 5Dh, 5Fh, 60h, 00h, 62h 
 0170  63 65 66 00 64 65        		db	 63h, 65h, 66h, 00h, 64h, 65h 
 0176  67 68 00 0D 0E 73        		db	 67h, 68h, 00h, 0Dh, 0Eh, 73h 
 017C  74 00 0E 0F 74 12        		db	 74h, 00h, 0Eh, 0Fh, 74h, 12h 
 0182  00 76 77 7A 7B 00        		db	 00h, 76h, 77h, 7Ah, 7Bh, 00h 
 0188  78 79 7C 7D 00 17        		db	 78h, 79h, 7Ch, 7Dh, 00h, 17h 
 018E  7A 19 1A 00 19 1A        		db	 7Ah, 19h, 1Ah, 00h, 19h, 1Ah 
 0194  1C 1D 00 1A 1B 1D        		db	 1Ch, 1Dh, 00h, 1Ah, 1Bh, 1Dh 
 019A  1E 00 7E 7F 82 83        		db	 1Eh, 00h, 7Eh, 7Fh, 82h, 83h 
 01A0  00 80 81 84 85 00        		db	 00h, 80h, 81h, 84h, 85h, 00h 
 01A6  19 1A A2 A3 00 1A        		db	 19h, 1Ah,0A2h,0A3h, 00h, 1Ah 
 01AC  1B A3 A4 00 7E 7F        		db	 1Bh,0A3h,0A4h, 00h, 7Eh, 7Fh 
 01B2  A5 83 00 00 00 A0        		db	0A5h, 83h, 00h, 00h, 00h,0A0h 
 01B8  A1 00 7E 7F AC 83        		db	0A1h, 00h, 7Eh, 7Fh,0ACh, 83h 
 01BE  00 1A 1B 1D AB 00        		db	 00h, 1Ah, 1Bh, 1Dh,0ABh, 00h 
 01C4  19 1A A9 1D 00 00        		db	 19h, 1Ah,0A9h, 1Dh, 00h, 00h 
 01CA  A6 A7 A8 00 86 87        		db	0A6h,0A7h,0A8h, 00h, 86h, 87h 
 01D0  88 89 00 8B 8C 8E        		db	 88h, 89h, 00h, 8Bh, 8Ch, 8Eh 
 01D6  8F 00 89 8A 8C 8D        		db	 8Fh, 00h, 89h, 8Ah, 8Ch, 8Dh 
 01DC  00 92 93 96 97 00        		db	 00h, 92h, 93h, 96h, 97h, 00h 
 01E2  8F 90 93 94 00 98        		db	 8Fh, 90h, 93h, 94h, 00h, 98h 
 01E8  99 1A 9B 00 99 9A        		db	 99h, 1Ah, 9Bh, 00h, 99h, 9Ah 
 01EE  9B 9C 00 1A 9B 9D        		db	 9Bh, 9Ch, 00h, 1Ah, 9Bh, 9Dh 
 01F4  9E 00 9B 9C 9E 9F        		db	 9Eh, 00h, 9Bh, 9Ch, 9Eh, 9Fh 
 01FA  00 91 92 95 96 00        		db	 00h, 91h, 92h, 95h, 96h, 00h 
 0200  17 98 19 1A 00 19        		db	 17h, 98h, 19h, 1Ah, 00h, 19h 
 0206  1A 1C 9D 02 BD BE        		db	 1Ah, 1Ch, 9Dh, 02h,0BDh,0BEh 
 020C  BF C0 02 C1 C2 C3        		db	0BFh,0C0h, 02h,0C1h,0C2h,0C3h 
 0212  C4 02 C5 C6 C7 C8        		db	0C4h, 02h,0C5h,0C6h,0C7h,0C8h 
 0218  02 C9 CA CB CC 02        		db	 02h,0C9h,0CAh,0CBh,0CCh, 02h 
 021E  CD CE CF D0 02 00        		db	0CDh,0CEh,0CFh,0D0h, 02h, 00h 
 0224  00 D1 D2 8B 36 10        		db	 00h,0D1h,0D2h, 8Bh, 36h, 10h 
 022A  C0 C6 06 B6 A7 00        		db	0C0h,0C6h, 06h,0B6h,0A7h, 00h 
 0230  C6                       		db	0C6h 
 0231                           loc_1: 
 0231  06                       		push	es 
 0232  B7 A7                    		mov	bh,0A7h 
 0234  00 83 FF3C               		add	ss:data_49e[bp+di],al 
 0238  74 39                    		jz	loc_5			; Jump if zero 
 023A  8B 04                    		mov	ax,[si] 
 023C  2E: FF 16 6036           		call	word ptr cs:data_10e 
 0241  72 25                    		jc	loc_4			; Jump if carry Set 
 0243  88 5C 03                 		mov	[si+3],bl 
 0246  8B 44 02                 		mov	ax,[si+2] 
 0249  2E: FF 16 6028           		call	word ptr cs:data_9e 
 024E  8A 1E A7B6               		mov	bl,ds:data_25e 
 0252  32 FF                    		xor	bh,bh			; Zero register 
 0254  8A 87 ED20               		mov	al,ds:data_46e[bx] 
 0258  88 05                    		mov	[di],al 
 025A  F6 44 05 40              		test	byte ptr [si+5],40h	; '@' 
 025E  74 08                    		jz	loc_4			; Jump if zero 
 0260  8A 44 05                 		mov	al,[si+5] 
 0263  24 1F                    		and	al,1Fh 
 0265  A2 A7B7                  		mov	ds:data_26e,al 
 0268                           loc_4: 
Microsoft (R) Macro Assembler  Version 4.00                 3/29/26 15:16:58

                                                            Page     1-7
                                                            

 0268  FE 06 A7B6               		inc	byte ptr ds:data_25e 
 026C  83 C6 10                 		add	si,10h 
                                ;*		jmp	short loc_2		;* 
 026F  FF A6 0235               				jmp 235h			; was: db 0EBh,0C4h 
314LVLRD.asm(198) : error 56: No immediate mode 
 0273                           loc_5: 
 0273  8B 36 C010               		mov	si,ds:data_45e 
 0277  C7 04 FFFF               		mov	word ptr [si],0FFFFh 
 027B  F6 06 A7B7 FF            		test	byte ptr ds:data_26e,0FFh 
 0280  74 39                    		jz	loc_8			; Jump if zero 
 0282  A0 A7B7                  		mov	al,ds:data_26e 
 0285  50                       		push	ax 
 0286  2E: FF 16 6038           		call	word ptr cs:data_11e 
 028B  8A DC                    		mov	bl,ah 
 028D  32 FF                    		xor	bh,bh			; Zero register 
 028F  58                       		pop	ax 
 0290  3C 09                    		cmp	al,9 
 0292  74 0E                    		je	loc_7			; Jump if equal 
 0294  3C 01                    		cmp	al,1 
 0296  75 04                    		jne	loc_6			; Jump if not equal 
 0298  03 DB                    		add	bx,bx 
 029A  EB 06                    		jmp	short loc_7 
 029C                           loc_6: 
 029C  D1 EB                    		shr	bx,1			; Shift w/zeros fill 
 029E  D1 EB                    		shr	bx,1			; Shift w/zeros fill 
 02A0  D1 EB                    		shr	bx,1			; Shift w/zeros fill 
 02A2                           loc_7: 
 02A2  E8 06E5 R                		call	sub_4 
 02A5  C6 06 FF75 2F            		mov	byte ptr ds:data_50e,2Fh	; '/' 
 02AA  80 3E A7A0 2F            		cmp	byte ptr ds:data_22e,2Fh	; '/' 
 02AF  73 0A                    		jae	loc_8			; Jump if above or = 
 02B1  C6 06 A7BF 14            		mov	byte ptr ds:data_33e,14h 
 02B6  C6 06 A7BD FF            		mov	byte ptr ds:data_31e,0FFh 
 02BB                           loc_8: 
 02BB  F6 06 FF2E FF            		test	byte ptr ds:data_47e,0FFh 
 02C0  74 03                    		jz	loc_9			; Jump if zero 
 02C2  E9 070F R                		jmp	loc_47 
 02C5                           loc_9: 
 02C5  F6 06 A7C0 FF            		test	byte ptr ds:data_34e,0FFh 
 02CA  74 03                    		jz	loc_10			; Jump if zero 
 02CC  E9 0000 U                		jmp	loc_20 
314LVLRD.asm(234) : error 9: Symbol not defined LOC_20
 02CF                           loc_10: 
 02CF  F6 06 A7C2 FF            		test	byte ptr ds:data_36e,0FFh 
 02D4  74 0A                    		jz	loc_11			; Jump if zero 
 02D6  80 3E A7C7 0D            		cmp	byte ptr ds:data_40e,0Dh 
 02DB  73 03                    		jae	loc_11			; Jump if above or = 
 02DD  E9 0400 R                		jmp	loc_18 
 02E0                           loc_11: 
 02E0  F6 06 A7BD FF            		test	byte ptr ds:data_31e,0FFh 
 02E5  75 35                    		jnz	loc_13			; Jump if not zero 
 02E7  C6 06 A7BF 3C            		mov	byte ptr ds:data_33e,3Ch	; '<' 
 02EC  FE 06 A7B9               		inc	byte ptr ds:data_28e 
 02F0  80 26 A7B9 07            		and	byte ptr ds:data_28e,7 
 02F5  A0 A7B9                  		mov	al,ds:data_28e 
Microsoft (R) Macro Assembler  Version 4.00                 3/29/26 15:16:58

                                                            Page     1-8
                                                            

 02F8  0E                       		push	cs 
 02F9  07                       		pop	es 
 02FA  BF A41F                  		mov	di,data_14e 
 02FD  B9 0005                  		mov	cx,5 
 0300  F2/ AE                   		repne	scasb			; Rep zf=0+cx >0 Scan es:[di] for al 
 0302  75 16                    		jnz	loc_12			; Jump if not zero 
 0304  50                       		push	ax 
 0305  E8 04CA R                		call	sub_1 
 0308  1A C0                    		sbb	al,al 
 030A  A2 A7BD                  		mov	ds:data_31e,al 
 030D  58                       		pop	ax 
 030E  3C 07                    		cmp	al,7 
 0310  75 08                    		jne	loc_12			; Jump if not equal 
 0312  E8 04CA R                		call	sub_1 
 0315  1A C0                    		sbb	al,al 
 0317  A2 A7BD                  		mov	ds:data_31e,al 
 031A                           loc_12: 
 031A  EB 00                    		jmp	short loc_18 
314LVLRD.asm(265) : error 53: Relative jump out of range 
 031C                           loc_13: 
 031C  FE 0E A7BF               		dec	byte ptr ds:data_33e 
 0320  75 07                    		jnz	loc_14			; Jump if not zero 
 0322  C6 06 A7BD 00            		mov	byte ptr ds:data_31e,0 
 0327  EB 00                    		jmp	short loc_18 
314LVLRD.asm(270) : error 53: Relative jump out of range 
 0329                           loc_14: 
 0329  A0 A7B9                  		mov	al,ds:data_28e 
 032C  0A C0                    		or	al,al			; Zero ? 
 032E  75 02                    		jnz	loc_15			; Jump if not zero 
 0330  B0 08                    		mov	al,8 
 0332                           loc_15: 
 0332  3C 06                    		cmp	al,6 
 0334  75 02                    		jne	loc_16			; Jump if not equal 
 0336  2C 02                    		sub	al,2 
 0338                           loc_16: 
 0338  FE C8                    		dec	al 
 033A  A2 A7B9                  		mov	ds:data_28e,al 
 033D  0E                       		push	cs 
 033E  07                       		pop	es 
 033F  BF A424                  		mov	di,data_15e 
 0342  B9 0005                  		mov	cx,5 
                                		; Tile/character index table 
 0345  3D 5C 27 2C 20 30 09     		db	'=\'', 0		; 0x0000 
314LVLRD.asm(288) : error 10: Syntax error 
       09 3B 20 30 78 30 30     
       30 30 20                 
314LVLRD.asm(288) : error 1: Extra characters on line 
 0356  3C 3D 3E 3F 00           		db	'<=>?', 0		; 0x0003 
 035B  3F 40 43 44 00           		db	'?@CD', 0		; 0x0008 
 0360  41 42 45 46 00           		db	'ABEF', 0		; 0x000D 
 0365  47 48 49 00              		db	'GHI', 0		; 0x0012 
 0369  4A 00                    		db	'J', 0		; 0x0017 
 036B  4D 5C 27 2C 20 30 09     		db	'M\'', 0		; 0x0019 
314LVLRD.asm(294) : error 10: Syntax error 
       09 3B 20 30 78 30 30     
Microsoft (R) Macro Assembler  Version 4.00                 3/29/26 15:16:58

                                                            Page     1-9
                                                            

       31 39 20                 
 037C  34 35 58 59 00           		db	'45XY', 0		; 0x001C 
 0381  4B 4C 4E 4F 00           		db	'KLNO', 0		; 0x0021 
                                		; Tile index table (continued) 
 0386  5C                       		db	'\'(', 0		; 0x0000 
314LVLRD.asm(298) : error 10: Syntax error 
 0387  61 2C 6A 6B 00           		db	'a,jk', 0		; 0x0003 
 038C  2C 69 6B 6C 00           		db	',ikl', 0		; 0x0008 
 0391  6B 6C 6D 6E 00           		db	'klmn', 0		; 0x000D 
 0396  6E 6F 70 71 00           		db	'nopq', 0		; 0x0012 
 039B  70 71 5A 72 00           		db	'pqZr', 0		; 0x0017 
 03A0  5C 5C 5E 5F 00           		db	'\\^_', 0		; 0x001D 
 03A5  5C 5C 5D 5F 60 00        		db	'\\]_`', 0		; 0x0021 
 03AB  62 63 65 66 00           		db	'bcef', 0		; 0x0026 
 03B0  64 65 67 68 00           		db	'degh', 0		; 0x002B 
 03B5  70 71 5A 72 00           		db	'pqZr', 0		; 0x0017 
 03BA  5C 5C 5E 5F 00           		db	'\\^_', 0		; 0x001D 
 03BF  5C 5C 5D 5F 60 00        		db	'\\]_`', 0		; 0x0021 
                                		; Tile index table (continued) 
 03C5  76 77 7A 7B 00           		db	'vwz{', 0		; 0x0001 
 03CA  78 79 7C 7D 00           		db	'xy|}', 0		; 0x0006 
 03CF  70 71 5A 72 00           		db	'pqZr', 0		; 0x0017 
 03D4  5C 5C 5E 5F 00           		db	'\\^_', 0		; 0x001D 
 03D9  5C 5C 5D 5F 60 00        		db	'\\]_`', 0		; 0x0021 
                                		; Tile index table (continued) 
 03DF  76 77 7A 7B 00           		db	'vwz{', 0		; 0x0001 
 03E4  78 79 7C 7D 00           		db	'xy|}', 0		; 0x0006 
 03E9  1A C0                    		sbb	al,al 
 03EB  A2 A7BD                  		mov	ds:data_31e,al 
 03EE  58                       		pop	ax 
 03EF  3C 06                    		cmp	al,6 
 03F1  74 04                    		je	loc_17			; Jump if equal 
 03F3  3C 03                    		cmp	al,3 
 03F5  75 00                    		jne	loc_14			; Jump if not equal 
314LVLRD.asm(326) : error 53: Relative jump out of range 
 03F7                           loc_17: 
 03F7  E8 04DC R                		call	sub_2 
 03FA  F5                       		cmc				; Complement carry 
 03FB  1A C0                    		sbb	al,al 
 03FD  A2 A7BD                  		mov	ds:data_31e,al 
 0400                           loc_18: 
 0400  F6 06 A7BD FF            		test	byte ptr ds:data_31e,0FFh 
 0405  75 39                    		jnz	loc_19			; Jump if not zero 
 0407  80 3E A7B9 06            		cmp	byte ptr ds:data_28e,6 
 040C  75 32                    		jne	loc_19			; Jump if not equal 
 040E  2E: FF 16 011A R         		call	word ptr cs:data_6 
 0413  24 01                    		and	al,1 
 0415  75 29                    		jnz	loc_19			; Jump if not zero 
 0417  F6 06 A7C2 FF            		test	byte ptr ds:data_36e,0FFh 
 041C  75 22                    		jnz	loc_19			; Jump if not zero 
 041E  2E: A1 A7A0              		mov	ax,cs:data_22e 
 0422  2D 0014                  		sub	ax,14h 
 0425  72 19                    		jc	loc_19			; Jump if carry Set 
 0427  C6 06 A7C0 FF            		mov	byte ptr ds:data_34e,0FFh 
 042C  C6 06 A7C1 00            		mov	byte ptr ds:data_35e,0 
Microsoft (R) Macro Assembler  Version 4.00                 3/29/26 15:16:58

                                                            Page     1-10
                                                            

 0431  C6 06 A7BE 00            		mov	byte ptr ds:data_32e,0 
 0436  C6 06 A7B9 08            		mov	byte ptr ds:data_28e,8 
 043B  C6 06 FF75 30            		mov	byte ptr ds:data_50e,30h	; '0' 
 0440                           loc_19: 
 0440  FE 06 A7BB               		inc	byte ptr ds:data_29e 
 0444  80 26 A7BB 03            		and	byte ptr ds:data_29e,3 
 0449  A0 A7BB                  		mov	al,ds:data_29e 
 044C  BB A41B                  		mov	bx,data_13e 
 044F  D7                       		xlat				; al=[al+[bx]] table 
 0450  A2 A7BA                  		mov	byte ptr ds:[0A7BAh],al 
 0453  E9 04ED R                		jmp	$+9Ah 
314LVLRD.asm(357) : error 64: Near JMP/CALL to different CS 
 0456  FE 06 C1 A7 8A 1E        		db	0FEh, 06h,0C1h,0A7h, 8Ah, 1Eh 
 045C  C1 A7 FE CB 32 FF        		db	0C1h,0A7h,0FEh,0CBh, 32h,0FFh 
 0462  03 DB FF A7 C7 A3        		db	 03h,0DBh,0FFh,0A7h,0C7h,0A3h 
 0468  CD A3 FE A3 0A A4        		db	0CDh,0A3h,0FEh,0A3h, 0Ah,0A4h 
 046E  C6 06 BA A7 06 C6        		db	0C6h, 06h,0BAh,0A7h, 06h,0C6h 
 0474  06 B9 A7 08 C6 06        		db	 06h,0B9h,0A7h, 08h,0C6h, 06h 
 047A  C2 A7 FF A1 A0 A7        		db	0C2h,0A7h,0FFh,0A1h,0A0h,0A7h 
 0480  05 04 00 A3 C3 A7        		db	 05h, 04h, 00h,0A3h,0C3h,0A7h 
 0486  A0 A2 A7 24 3F A2        		db	0A0h,0A2h,0A7h, 24h, 3Fh,0A2h 
 048C  C5 A7 C6 06 C6 A7        		db	0C5h,0A7h,0C6h, 06h,0C6h,0A7h 
 0492  00 C6 06 C7 A7 00        		db	 00h,0C6h, 06h,0C7h,0A7h, 00h 
 0498  C6 06 C8 A7 00 EB        		db	0C6h, 06h,0C8h,0A7h, 00h,0EBh 
 049E  4E C6 06 BA A7 07        		db	 4Eh,0C6h, 06h,0BAh,0A7h, 07h 
 04A4  C6 06 B9 A7 06 EB        		db	0C6h, 06h,0B9h,0A7h, 06h,0EBh 
 04AA  42 C6 06 BA A7 00        		db	 42h,0C6h, 06h,0BAh,0A7h, 00h 
 04B0  C6 06 C0 A7 00 C6        		db	0C6h, 06h,0C0h,0A7h, 00h,0C6h 
 04B6  06 B9 A7 06 EB 31        		db	 06h,0B9h,0A7h, 06h,0EBh, 31h 
 04BC  00 01 02 01 02 05        		db	 00h, 01h, 02h, 01h, 02h, 05h 
 04C2  06 07 00 01 03 06        		db	 06h, 07h, 00h, 01h, 03h, 06h 
 04C8  07 07                    		db	 07h, 07h 
                                 
                                _314LVLRD	endp 
                                 
                                ;ﬂﬂﬂﬂﬂﬂﬂﬂﬂﬂﬂﬂﬂﬂﬂﬂﬂﬂﬂﬂﬂﬂﬂﬂﬂﬂﬂﬂﬂﬂﬂﬂﬂﬂﬂﬂﬂﬂﬂﬂﬂﬂﬂﬂﬂﬂﬂﬂﬂﬂﬂﬂﬂﬂﬂﬂﬂﬂﬂﬂﬂﬂﬂﬂﬂﬂﬂﬂﬂﬂﬂﬂﬂﬂ 
                                ;                              SUBROUTINE 
                                ;‹‹‹‹‹‹‹‹‹‹‹‹‹‹‹‹‹‹‹‹‹‹‹‹‹‹‹‹‹‹‹‹‹‹‹‹‹‹‹‹‹‹‹‹‹‹‹‹‹‹‹‹‹‹‹‹‹‹‹‹‹‹‹‹‹‹‹‹‹‹‹‹‹‹ 
                                 
 04CA                           sub_1		proc	near 
 04CA  A1 A7A0                  		mov	ax,ds:data_22e 
 04CD  48                       		dec	ax 
 04CE  BB 000E                  		mov	bx,0Eh 
 04D1  2B D8                    		sub	bx,ax 
 04D3  A3 A7A0                  		mov	ds:data_22e,ax 
 04D6  F5                       		cmc				; Complement carry 
 04D7  73 01                    		jnc	$+3			; Jump if carry=0 
                                		retn 
 04D9  C3                     1                 db     0C3h
                                sub_1		endp 
                                 
 04DA  F8 C3                    		db	0F8h,0C3h 
                                 
                                ;ﬂﬂﬂﬂﬂﬂﬂﬂﬂﬂﬂﬂﬂﬂﬂﬂﬂﬂﬂﬂﬂﬂﬂﬂﬂﬂﬂﬂﬂﬂﬂﬂﬂﬂﬂﬂﬂﬂﬂﬂﬂﬂﬂﬂﬂﬂﬂﬂﬂﬂﬂﬂﬂﬂﬂﬂﬂﬂﬂﬂﬂﬂﬂﬂﬂﬂﬂﬂﬂﬂﬂﬂﬂﬂ 
                                ;                              SUBROUTINE 
Microsoft (R) Macro Assembler  Version 4.00                 3/29/26 15:16:58

                                                            Page     1-11
                                                            

                                ;‹‹‹‹‹‹‹‹‹‹‹‹‹‹‹‹‹‹‹‹‹‹‹‹‹‹‹‹‹‹‹‹‹‹‹‹‹‹‹‹‹‹‹‹‹‹‹‹‹‹‹‹‹‹‹‹‹‹‹‹‹‹‹‹‹‹‹‹‹‹‹‹‹‹ 
                                 
 04DC                           sub_2		proc	near 
 04DC  A1 A7A0                  		mov	ax,ds:data_22e 
 04DF  40                       		inc	ax 
 04E0  BB 0032                  		mov	bx,32h 
 04E3  2B D8                    		sub	bx,ax 
 04E5  73 01                    		jnc	$+3			; Jump if carry=0 
                                		retn 
 04E7  C3                     1                 db     0C3h
                                sub_2		endp 
                                 
 04E8  A3 A0 A7 F8 C3           		db	0A3h,0A0h,0A7h,0F8h,0C3h 
 04ED  0E 07                    		db	 0Eh, 07h 
 04EF  BF C9 A7 B9 28 00        		db	0BFh,0C9h,0A7h,0B9h, 28h, 00h 
 04F5  B8 FF FF F3 AB 8A        		db	0B8h,0FFh,0FFh,0F3h,0ABh, 8Ah 
 04FB  1E B9 A7 32 FF 03        		db	 1Eh,0B9h,0A7h, 32h,0FFh, 03h 
 0501  DB 8B B7 C8 A6 8B        		db	0DBh, 8Bh,0B7h,0C8h,0A6h, 8Bh 
 0507  AF 44 A7                 		db	0AFh, 44h,0A7h 
 050A  BF CB A7 B9 08 00        		db	0BFh,0CBh,0A7h,0B9h, 08h, 00h 
                                 
 0510                           locloop_23: 
 0510  51                       		push	cx 
 0511  B9 0008                  		mov	cx,8 
                                 
 0514                           locloop_24: 
 0514  3E: D0 46 00             		rol	byte ptr ds:[bp],1	; Rotate 
 0518  73 02                    		jnc	loc_25			; Jump if carry=0 
 051A  A4                       		movsb				; Mov [si] to es:[di] 
 051B  4F                       		dec	di 
 051C                           loc_25: 
 051C  47                       		inc	di 
 051D  E2 F5                    		loop	locloop_24		; Loop if cx > 0 
                                 
 051F  47                       		inc	di 
 0520  47                       		inc	di 
 0521  45                       		inc	bp 
 0522  59                       		pop	cx 
 0523  E2 EB                    		loop	locloop_23		; Loop if cx > 0 
                                 
 0525  A0 A7BA                  		mov	al,byte ptr ds:[0A7BAh] 
 0528  02 C0                    		add	al,al 
 052A  BF A7F1                  		mov	di,data_44e 
 052D  80 3E A7B9 06            		cmp	byte ptr ds:data_28e,6 
 0532  74 07                    		je	loc_26			; Jump if equal 
 0534  80 3E A7B9 08            		cmp	byte ptr ds:data_28e,8 
 0539  72 01                    		jb	loc_27			; Jump if below 
 053B                           loc_26: 
 053B  47                       		inc	di 
 053C                           loc_27: 
 053C  AA                       		stosb				; Store al to es:[di] 
 053D  83 C7 13                 		add	di,13h 
 0540  FE C0                    		inc	al 
 0542  AA                       		stosb				; Store al to es:[di] 
 0543  C6 06 A7B6 00            		mov	byte ptr ds:data_25e,0 
Microsoft (R) Macro Assembler  Version 4.00                 3/29/26 15:16:58

                                                            Page     1-12
                                                            

 0548  A1 A7A0                  		mov	ax,ds:data_22e 
 054B  8B 36 C010               		mov	si,ds:data_45e 
 054F  BF A7C9                  		mov	di,0A7C9h 
 0552  B9 0008                  		mov	cx,8 
 0555                           loc_28: 
 0555  51                       		push	cx 
 0556  57                       		push	di 
 0557  50                       		push	ax 
 0558  2E: FF 16 6036           		call	word ptr cs:data_10e 
 055D  58                       		pop	ax 
 055E  88 1E A7BC               		mov	ds:data_30e,bl 
 0562  72 74                    		jc	loc_32			; Jump if carry Set 
 0564  32 C9                    		xor	cl,cl			; Zero register 
 0566                           loc_29: 
 0566  51                       		push	cx 
 0567  50                       		push	ax 
 0568  80 3D FF                 		cmp	byte ptr [di],0FFh 
 056B  74 61                    		je	loc_31			; Jump if equal 
 056D  89 04                    		mov	[si],ax 
 056F  A0 A7A2                  		mov	al,ds:data_23e 
 0572  02 C1                    		add	al,cl 
 0574  24 3F                    		and	al,3Fh			; '?' 
 0576  88 44 02                 		mov	[si+2],al 
 0579  A0 A7BC                  		mov	al,ds:data_30e 
 057C  88 44 03                 		mov	[si+3],al 
 057F  8A 05                    		mov	al,[di] 
 0581  88 44 06                 		mov	[si+6],al 
 0584  8A E0                    		mov	ah,al 
 0586  02 C0                    		add	al,al 
 0588  1A C0                    		sbb	al,al 
 058A  24 60                    		and	al,60h			; '`' 
 058C  8A DC                    		mov	bl,ah 
 058E  D0 EB                    		shr	bl,1			; Shift w/zeros fill 
 0590  D0 EB                    		shr	bl,1			; Shift w/zeros fill 
 0592  D0 EB                    		shr	bl,1			; Shift w/zeros fill 
 0594  D0 EB                    		shr	bl,1			; Shift w/zeros fill 
 0596  80 E3 07                 		and	bl,7 
 0599  0A C3                    		or	al,bl 
 059B  88 44 04                 		mov	[si+4],al 
 059E  C6 44 05 00              		mov	byte ptr [si+5],0 
 05A2  F6 06 A7B7 FF            		test	byte ptr ds:data_26e,0FFh 
 05A7  74 04                    		jz	loc_30			; Jump if zero 
 05A9  80 4C 05 20              		or	byte ptr [si+5],20h	; ' ' 
 05AD                           loc_30: 
 05AD  57                       		push	di 
 05AE  8B 44 02                 		mov	ax,[si+2] 
 05B1  2E: FF 16 6028           		call	word ptr cs:data_9e 
 05B6  8A 1E A7B6               		mov	bl,ds:data_25e 
 05BA  32 FF                    		xor	bh,bh			; Zero register 
 05BC  8A C3                    		mov	al,bl 
 05BE  0C 80                    		or	al,80h 
 05C0  86 05                    		xchg	[di],al 
 05C2  88 87 ED20               		mov	ds:data_46e[bx],al 
 05C6  5F                       		pop	di 
 05C7  83 C6 10                 		add	si,10h 
Microsoft (R) Macro Assembler  Version 4.00                 3/29/26 15:16:58

                                                            Page     1-13
                                                            

 05CA  FE 06 A7B6               		inc	byte ptr ds:data_25e 
 05CE                           loc_31: 
 05CE  47                       		inc	di 
 05CF  58                       		pop	ax 
 05D0  59                       		pop	cx 
 05D1  FE C1                    		inc	cl 
 05D3  80 F9 0A                 		cmp	cl,0Ah 
 05D6  75 8E                    		jne	loc_29			; Jump if not equal 
 05D8                           loc_32: 
 05D8  40                       		inc	ax 
 05D9  5F                       		pop	di 
 05DA  83 C7 0A                 		add	di,0Ah 
 05DD  59                       		pop	cx 
 05DE  E2 02                    		loop	locloop_33		; Loop if cx > 0 
                                 
 05E0  EB 03                    		jmp	short loc_34 
                                 
 05E2                           locloop_33: 
 05E2  E9 0555 R                		jmp	loc_28 
 05E5                           loc_34: 
 05E5  E8 069B R                		call	sub_3 
 05E8  C7 04 FFFF               		mov	word ptr [si],0FFFFh 
 05EC  F6 06 A7C2 FF            		test	byte ptr ds:data_36e,0FFh 
 05F1  75 01                    		jnz	loc_35			; Jump if not zero 
                                		retn 
 05F3  C3                     1                 db     0C3h
 05F4                           loc_35: 
 05F4  F6 06 A7C8 FF            		test	byte ptr ds:data_41e,0FFh 
 05F9  75 6C                    		jnz	loc_41			; Jump if not zero 
 05FB  80 3E A7C3 12            		cmp	byte ptr ds:data_37e,12h 
 0600  73 10                    		jae	loc_36			; Jump if above or = 
 0602  C6 06 A7C8 FF            		mov	byte ptr ds:data_41e,0FFh 
 0607  C6 06 A7C6 03            		mov	byte ptr ds:data_39e,3 
 060C  C6 06 FF75 32            		mov	byte ptr ds:data_50e,32h	; '2' 
                                		retn 
 0611  C3                     1                 db     0C3h
 0612                           loc_36: 
 0612  8A 1E A7C7               		mov	bl,ds:data_40e 
 0616  32 FF                    		xor	bh,bh			; Zero register 
 0618  03 DB                    		add	bx,bx 
 061A  8A 87 A5D8               		mov	al,ds:data_16e[bx] 
 061E  00 06 A7C3               		add	ds:data_37e,al 
 0622  8A 87 A5D9               		mov	al,ds:data_17e[bx] 
 0626  00 06 A7C5               		add	ds:data_38e,al 
 062A  80 3E A7C7 10            		cmp	byte ptr ds:data_40e,10h 
 062F  80 16 A7C7 00            		adc	byte ptr ds:data_40e,0 
 0634  A0 A7C6                  		mov	al,ds:data_39e 
 0637  FE C0                    		inc	al 
 0639  3C 03                    		cmp	al,3 
 063B  72 02                    		jb	loc_37			; Jump if below 
 063D  32 C0                    		xor	al,al			; Zero register 
 063F                           loc_37: 
 063F  A2 A7C6                  		mov	ds:data_39e,al 
 0642  80 3E A7C7 09            		cmp	byte ptr ds:data_40e,9 
 0647  75 05                    		jne	loc_38			; Jump if not equal 
Microsoft (R) Macro Assembler  Version 4.00                 3/29/26 15:16:58

                                                            Page     1-14
                                                            

 0649  C6 06 FF75 31            		mov	byte ptr ds:data_50e,31h	; '1' 
 064E                           loc_38: 
 064E  80 3E A7C7 0C            		cmp	byte ptr ds:data_40e,0Ch 
 0653  75 05                    		jne	loc_39			; Jump if not equal 
 0655  C6 06 FF75 31            		mov	byte ptr ds:data_50e,31h	; '1' 
 065A                           loc_39: 
 065A  80 3E A7C7 0F            		cmp	byte ptr ds:data_40e,0Fh 
 065F  75 05                    		jne	loc_ret_40		; Jump if not equal 
 0661  C6 06 FF75 31            		mov	byte ptr ds:data_50e,31h	; '1' 
                                 
 0666                           loc_ret_40: 
                                		retn 
 0666  C3                     1                 db     0C3h
 0667                           loc_41: 
 0667  FE 06 A7C6               		inc	byte ptr ds:data_39e 
 066B  80 3E A7C6 06            		cmp	byte ptr ds:data_39e,6 
 0670  73 01                    		jae	loc_42			; Jump if above or = 
                                		retn 
 0672  C3                     1                 db     0C3h
 0673                           loc_42: 
 0673  C6 06 A7C2 00            		mov	byte ptr ds:data_36e,0 
                                		retn 
 0678  C3                     1                 db     0C3h
 0679  FF 00 FF 00 FF 01        		db	0FFh, 00h,0FFh, 00h,0FFh, 01h 
 067F  00 02 FF 02 00 02        		db	 00h, 02h,0FFh, 02h, 00h, 02h 
 0685  FF 02 FF FE FF 00        		db	0FFh, 02h,0FFh,0FEh,0FFh, 00h 
 068B  FF 02 FF FF FF 00        		db	0FFh, 02h,0FFh,0FFh,0FFh, 00h 
 0691  FF 01 FF 00 FF 00        		db	0FFh, 01h,0FFh, 00h,0FFh, 00h 
 0697  FF 00 FF 00              		db	0FFh, 00h,0FFh, 00h 
                                 
                                ;ﬂﬂﬂﬂﬂﬂﬂﬂﬂﬂﬂﬂﬂﬂﬂﬂﬂﬂﬂﬂﬂﬂﬂﬂﬂﬂﬂﬂﬂﬂﬂﬂﬂﬂﬂﬂﬂﬂﬂﬂﬂﬂﬂﬂﬂﬂﬂﬂﬂﬂﬂﬂﬂﬂﬂﬂﬂﬂﬂﬂﬂﬂﬂﬂﬂﬂﬂﬂﬂﬂﬂﬂﬂﬂ 
                                ;                              SUBROUTINE 
                                ;‹‹‹‹‹‹‹‹‹‹‹‹‹‹‹‹‹‹‹‹‹‹‹‹‹‹‹‹‹‹‹‹‹‹‹‹‹‹‹‹‹‹‹‹‹‹‹‹‹‹‹‹‹‹‹‹‹‹‹‹‹‹‹‹‹‹‹‹‹‹‹‹‹‹ 
                                 
 069B                           sub_3		proc	near 
 069B  F6 06 A7C2 FF            		test	byte ptr ds:data_36e,0FFh 
 06A0  75 01                    		jnz	loc_43			; Jump if not zero 
                                		retn 
 06A2  C3                     1                 db     0C3h
 06A3                           loc_43: 
 06A3  A1 A7C3                  		mov	ax,ds:data_37e 
 06A6  50                       		push	ax 
 06A7  2E: FF 16 6036           		call	word ptr cs:data_10e 
 06AC  58                       		pop	ax 
 06AD  73 01                    		jnc	loc_44			; Jump if carry=0 
                                		retn 
 06AF  C3                     1                 db     0C3h
 06B0                           loc_44: 
 06B0  89 04                    		mov	[si],ax 
 06B2  A0 A7C5                  		mov	al,ds:data_38e 
 06B5  88 44 02                 		mov	[si+2],al 
 06B8  88 5C 03                 		mov	[si+3],bl 
 06BB  C6 44 04 26              		mov	byte ptr [si+4],26h	; '&' 
 06BF  C6 44 05 00              		mov	byte ptr [si+5],0 
 06C3  A0 A7C6                  		mov	al,ds:data_39e 
Microsoft (R) Macro Assembler  Version 4.00                 3/29/26 15:16:58

                                                            Page     1-15
                                                            

 06C6  88 44 06                 		mov	[si+6],al 
 06C9  8B 44 02                 		mov	ax,[si+2] 
 06CC  2E: FF 16 6028           		call	word ptr cs:data_9e 
 06D1  8A 1E A7B6               		mov	bl,ds:data_25e 
 06D5  32 FF                    		xor	bh,bh			; Zero register 
 06D7  8A C3                    		mov	al,bl 
 06D9  0C 80                    		or	al,80h 
 06DB  86 05                    		xchg	[di],al 
 06DD  88 87 ED20               		mov	ds:data_46e[bx],al 
 06E1  83 C6 10                 		add	si,10h 
                                		retn 
 06E4  C3                     1                 db     0C3h
                                sub_3		endp 
                                 
                                 
                                ;ﬂﬂﬂﬂﬂﬂﬂﬂﬂﬂﬂﬂﬂﬂﬂﬂﬂﬂﬂﬂﬂﬂﬂﬂﬂﬂﬂﬂﬂﬂﬂﬂﬂﬂﬂﬂﬂﬂﬂﬂﬂﬂﬂﬂﬂﬂﬂﬂﬂﬂﬂﬂﬂﬂﬂﬂﬂﬂﬂﬂﬂﬂﬂﬂﬂﬂﬂﬂﬂﬂﬂﬂﬂﬂ 
                                ;                              SUBROUTINE 
                                ;‹‹‹‹‹‹‹‹‹‹‹‹‹‹‹‹‹‹‹‹‹‹‹‹‹‹‹‹‹‹‹‹‹‹‹‹‹‹‹‹‹‹‹‹‹‹‹‹‹‹‹‹‹‹‹‹‹‹‹‹‹‹‹‹‹‹‹‹‹‹‹‹‹‹ 
                                 
 06E5                           sub_4		proc	near 
 06E5  A1 A7A3                  		mov	ax,ds:data_24e 
 06E8  2B C3                    		sub	ax,bx 
 06EA  73 02                    		jnc	loc_45			; Jump if carry=0 
 06EC  33 C0                    		xor	ax,ax			; Zero register 
 06EE                           loc_45: 
 06EE  A3 A7A3                  		mov	ds:data_24e,ax 
 06F1  8B D8                    		mov	bx,ax 
 06F3  50                       		push	ax 
 06F4  2E: FF 16 200C           		call	word ptr cs:data_8e 
 06F9  58                       		pop	ax 
 06FA  0B C0                    		or	ax,ax			; Zero ? 
 06FC  74 01                    		jz	loc_46			; Jump if zero 
                                		retn 
 06FE  C3                     1                 db     0C3h
 06FF                           loc_46: 
 06FF  C6 06 A7B8 00            		mov	byte ptr ds:data_27e,0 
 0704  C6 06 A7C2 00            		mov	byte ptr ds:data_36e,0 
 0709  C6 06 FF2E FF            		mov	byte ptr ds:data_47e,0FFh 
                                		retn 
 070E  C3                     1                 db     0C3h
                                sub_4		endp 
                                 
 070F                           loc_47: 
 070F  80 3E A7B8 28            		cmp	byte ptr ds:data_27e,28h	; '(' 
                                ;*		jae	loc_50			;*Jump if above or = 
 0714  73 00                    				jnc 6C6h			; was: db 073h,04Dh 
314LVLRD.asm(654) : error 56: No immediate mode 
 0716  C6 06 FF2F FF            		mov	byte ptr ds:data_48e,0FFh 
 071B  FE 06 A7B8               		inc	byte ptr ds:data_27e 
 071F  80 3E A7B8 0A            		cmp	byte ptr ds:data_27e,0Ah 
 0724  73 20                    		jae	loc_49			; Jump if above or = 
 0726  A0 A7B8                  		mov	al,ds:data_27e 
 0729  BB A69B                  		mov	bx,data_18e 
 072C  D7                       		xlat				; al=[al+[bx]] table 
 072D  A2 A7B9                  		mov	ds:data_28e,al 
Microsoft (R) Macro Assembler  Version 4.00                 3/29/26 15:16:58

                                                            Page     1-16
                                                            

 0730  3C 03                    		cmp	al,3 
 0732  72 05                    		jb	loc_48			; Jump if below 
 0734  C6 06 FF75 33            		mov	byte ptr ds:data_50e,33h	; '3' 
 0739                           loc_48: 
 0739  E9 0440 R                		jmp	loc_19 
 073C  00 01 02 03 06 07        		db	0, 1, 2, 3, 6, 7 
 0742  06 03 02 01              		db	6, 3, 2, 1 
 0746                           loc_49: 
 0746  8A 26 A7B8               		mov	ah,ds:data_27e 
 074A  B0 06                    		mov	al,6 
 074C  80 FC 06                 		cmp	ah,6 
 074F  73 06                    		jae	$+8			; Jump if above or = 
 0751  8A C4                    		mov	al,ah 
 0753  BB A6BC                  		mov	bx,data_19e 
 0756  D7                       		xlat				; al=[al+[bx]] table 
 0757  A2 A7BA                  		mov	byte ptr ds:[0A7BAh],al 
 075A  E9 04ED R                		jmp	$-26Dh 
314LVLRD.asm(679) : error 64: Near JMP/CALL to different CS 
                                			                        ;* No entry point to code 
 075D  03 03                    		add	ax,[bp+di] 
 075F  04 04                    		add	al,4 
 0761  05 C605                  		add	ax,0C605h 
 0764  06                       		push	es 
                                ;*		xor	bh,bh			; Zero register 
 0765  32 FF                    				xor bh,bh			; was: db 030h,0FFh 
                                ;*		inc	bx 
 0767  43                       				inc bx			; was: db 0FFh,0C3h 
 0768  DC A6 E3 A6 EC A6        		db	0DCh,0A6h,0E3h,0A6h,0ECh,0A6h 
 076E  F6 A6 01 A7 0C A7        		db	0F6h,0A6h, 01h,0A7h, 0Ch,0A7h 
 0774  18 A7 22 A7 2E A7        		db	 18h,0A7h, 22h,0A7h, 2Eh,0A7h 
 077A  39 A7 11 10 12 13        		db	 39h,0A7h, 11h, 10h, 12h, 13h 
 0780  14 15 16 11 17 19        		db	 14h, 15h, 16h, 11h, 17h, 19h 
 0786  10 12 18 1A 1B 1C        		db	 10h, 12h, 18h, 1Ah, 1Bh, 1Ch 
 078C  1D 1F 21 23 10 1E        		db	 1Dh, 1Fh, 21h, 23h, 10h, 1Eh 
 0792  20 22 24                 		db	' "$' 
 0795  25 29 2A 27 26 28        		db	'%)*', 27h, '&(' 
 079B  10 1E                    		db	 10h, 1Eh 
 079D  20 22 24                 		db	' "$' 
 07A0  25 32 30 2D 31 2B 2E     		db	'%20-1+.' 
                                
 07A7  10 1E                    		db	 10h, 1Eh 
 07A9  20 2C 2F 3D 3A 3C 3B     		db	' ,/=:<;3' 
       33                       
 07B1  10                       		db	10h 
 07B2  34 35 36 37 38 39 42     		db	'456789BC@D>' 
       43 40 44 3E              
 07BD  10                       		db	10h 
 07BE  3F 41 45 46 58 59 5A     		db	'?AEFXYZOPRTVQSUW' 
       4F 50 52 54 56 51 53     
       55 57                    
 07CE  CA 42 47 40 48 3E        		db	0CAh, 42h, 47h, 40h, 48h, 3Eh 
 07D4  10 3F 41 45 46 CE        		db	 10h, 3Fh, 41h, 45h, 46h,0CEh 
 07DA  42 4D 40 4C 3E 10        		db	 42h, 4Dh, 40h, 4Ch, 3Eh, 10h 
 07E0  3F 41 45 46 58 A7        		db	 3Fh, 41h, 45h, 46h, 58h,0A7h 
 07E6  60 A7 68 A7 70 A7        		db	 60h,0A7h, 68h,0A7h, 70h,0A7h 
Microsoft (R) Macro Assembler  Version 4.00                 3/29/26 15:16:58

                                                            Page     1-17
                                                            

 07EC  78 A7 80 A7 88 A7        		db	 78h,0A7h, 80h,0A7h, 88h,0A7h 
 07F2  90 A7 98 A7 98 A7        		db	 90h,0A7h, 98h,0A7h, 98h,0A7h 
 07F8  00 00 00 00 20 AB        		db	 00h, 00h, 00h, 00h, 20h,0ABh 
 07FE  01 00 00 00 00 00        		db	 01h, 00h, 00h, 00h, 00h, 00h 
 0804  2C AD 01 00 00 00        		db	 2Ch,0ADh, 01h, 00h, 00h, 00h 
 080A  00 00 2B 80 2B 01        		db	 00h, 00h, 2Bh, 80h, 2Bh, 01h 
 0810  00 00 05 10 28 80        		db	 00h, 00h, 05h, 10h, 28h, 80h 
 0816  2B 01 08 04 18 00        		db	 2Bh, 01h, 08h, 04h, 18h, 00h 
 081C  28 80 2B 00 00 02        		db	 28h, 80h, 2Bh, 00h, 00h, 02h 
 0822  14 10 20 A8 0C 03        		db	 14h, 10h, 20h,0A8h, 0Ch, 03h 
 0828  00 00 03 05 10 55        		db	 00h, 00h, 03h, 05h, 10h, 55h 
 082E  00 01 00 00 00 00        		db	 00h, 01h, 00h, 00h, 00h, 00h 
 0834  0B AB 53 00 01 00        		db	 0Bh,0ABh, 53h, 00h, 01h, 00h 
 083A  03 05 10 55 00 01        		db	 03h, 05h, 10h, 55h, 00h, 01h 
 0840  26 00 07 80 02 70        		db	 26h, 00h, 07h, 80h, 02h, 70h 
 0846  17 08 FF AD A7 DC        		db	 17h, 08h,0FFh,0ADh,0A7h,0DCh 
 084C  05 11 BB 02 05           		db	 05h, 11h,0BBh, 02h, 05h 
 0851  54 61 72 73 6F           		db	 54h, 61h, 72h, 73h, 6Fh 
 0856  0063[                    		db	99 dup (0) 
            00                  
                         ]      
                                
                                 
 08B9                           seg_a		ends 
                                 
                                 
                                 
                                		end	start 

Microsoft (R) Macro Assembler  Version 4.00                 3/29/26 15:16:58

                                                            Symbols-1
                                                             

Macros:

		N a m e			Lines

CALLF  . . . . . . . . . . . . .  	   2
CALLFX . . . . . . . . . . . . .  	   3
JMPN . . . . . . . . . . . . . .  	   2
MOVSEG . . . . . . . . . . . . .  	  43
RETF . . . . . . . . . . . . . .  	   6
RETN . . . . . . . . . . . . . .  	   6

Segments and Groups:

                N a m e         	Size	Align	Combine Class

SEG_A  . . . . . . . . . . . . .  	08B9	BYTE	PUBLIC	

Symbols:            

                N a m e         	Type	Value	Attr         

DATA_10E . . . . . . . . . . . .  	Number	6036	
DATA_11E . . . . . . . . . . . .  	Number	6038	
DATA_12E . . . . . . . . . . . .  	Number	A3C7	
DATA_13E . . . . . . . . . . . .  	Number	A41B	
DATA_14E . . . . . . . . . . . .  	Number	A41F	
DATA_15E . . . . . . . . . . . .  	Number	A424	
DATA_16E . . . . . . . . . . . .  	Number	A5D8	
DATA_17E . . . . . . . . . . . .  	Number	A5D9	
DATA_18E . . . . . . . . . . . .  	Number	A69B	
DATA_19E . . . . . . . . . . . .  	Number	A6BC	
DATA_20E . . . . . . . . . . . .  	Number	A6C8	
DATA_21E . . . . . . . . . . . .  	Number	A744	
DATA_22E . . . . . . . . . . . .  	Number	A7A0	
DATA_23E . . . . . . . . . . . .  	Number	A7A2	
DATA_24E . . . . . . . . . . . .  	Number	A7A3	
DATA_25E . . . . . . . . . . . .  	Number	A7B6	
DATA_26E . . . . . . . . . . . .  	Number	A7B7	
DATA_27E . . . . . . . . . . . .  	Number	A7B8	
DATA_28E . . . . . . . . . . . .  	Number	A7B9	
DATA_29E . . . . . . . . . . . .  	Number	A7BB	
DATA_3 . . . . . . . . . . . . .  	L BYTE 	001D	SEG_A
DATA_30E . . . . . . . . . . . .  	Number	A7BC	
DATA_31E . . . . . . . . . . . .  	Number	A7BD	
DATA_32E . . . . . . . . . . . .  	Number	A7BE	
DATA_33E . . . . . . . . . . . .  	Number	A7BF	
DATA_34E . . . . . . . . . . . .  	Number	A7C0	
DATA_35E . . . . . . . . . . . .  	Number	A7C1	
DATA_36E . . . . . . . . . . . .  	Number	A7C2	
DATA_37E . . . . . . . . . . . .  	Number	A7C3	
DATA_38E . . . . . . . . . . . .  	Number	A7C5	
DATA_39E . . . . . . . . . . . .  	Number	A7C6	
DATA_4 . . . . . . . . . . . . .  	L BYTE 	00A1	SEG_A
DATA_40E . . . . . . . . . . . .  	Number	A7C7	
DATA_41E . . . . . . . . . . . .  	Number	A7C8	
Microsoft (R) Macro Assembler  Version 4.00                 3/29/26 15:16:58

                                                            Symbols-2
                                                             

DATA_42E . . . . . . . . . . . .  	Number	A7C9	
DATA_43E . . . . . . . . . . . .  	Number	A7CB	
DATA_44E . . . . . . . . . . . .  	Number	A7F1	
DATA_45E . . . . . . . . . . . .  	Number	C010	
DATA_46E . . . . . . . . . . . .  	Number	ED20	
DATA_47E . . . . . . . . . . . .  	Number	FF2E	
DATA_48E . . . . . . . . . . . .  	Number	FF2F	
DATA_49E . . . . . . . . . . . .  	Number	FF3C	
DATA_5 . . . . . . . . . . . . .  	L WORD 	00A4	SEG_A
DATA_50E . . . . . . . . . . . .  	Number	FF75	
DATA_6 . . . . . . . . . . . . .  	L WORD 	011A	SEG_A
DATA_8E  . . . . . . . . . . . .  	Number	200C	
DATA_9E  . . . . . . . . . . . .  	Number	6028	

LOCLOOP_23 . . . . . . . . . . .  	L NEAR	0510	SEG_A
LOCLOOP_24 . . . . . . . . . . .  	L NEAR	0514	SEG_A
LOCLOOP_33 . . . . . . . . . . .  	L NEAR	05E2	SEG_A
LOC_1  . . . . . . . . . . . . .  	L NEAR	0231	SEG_A
LOC_10 . . . . . . . . . . . . .  	L NEAR	02CF	SEG_A
LOC_11 . . . . . . . . . . . . .  	L NEAR	02E0	SEG_A
LOC_12 . . . . . . . . . . . . .  	L NEAR	031A	SEG_A
LOC_13 . . . . . . . . . . . . .  	L NEAR	031C	SEG_A
LOC_14 . . . . . . . . . . . . .  	L NEAR	0329	SEG_A
LOC_15 . . . . . . . . . . . . .  	L NEAR	0332	SEG_A
LOC_16 . . . . . . . . . . . . .  	L NEAR	0338	SEG_A
LOC_17 . . . . . . . . . . . . .  	L NEAR	03F7	SEG_A
LOC_18 . . . . . . . . . . . . .  	L NEAR	0400	SEG_A
LOC_19 . . . . . . . . . . . . .  	L NEAR	0440	SEG_A
LOC_25 . . . . . . . . . . . . .  	L NEAR	051C	SEG_A
LOC_26 . . . . . . . . . . . . .  	L NEAR	053B	SEG_A
LOC_27 . . . . . . . . . . . . .  	L NEAR	053C	SEG_A
LOC_28 . . . . . . . . . . . . .  	L NEAR	0555	SEG_A
LOC_29 . . . . . . . . . . . . .  	L NEAR	0566	SEG_A
LOC_30 . . . . . . . . . . . . .  	L NEAR	05AD	SEG_A
LOC_31 . . . . . . . . . . . . .  	L NEAR	05CE	SEG_A
LOC_32 . . . . . . . . . . . . .  	L NEAR	05D8	SEG_A
LOC_34 . . . . . . . . . . . . .  	L NEAR	05E5	SEG_A
LOC_35 . . . . . . . . . . . . .  	L NEAR	05F4	SEG_A
LOC_36 . . . . . . . . . . . . .  	L NEAR	0612	SEG_A
LOC_37 . . . . . . . . . . . . .  	L NEAR	063F	SEG_A
LOC_38 . . . . . . . . . . . . .  	L NEAR	064E	SEG_A
LOC_39 . . . . . . . . . . . . .  	L NEAR	065A	SEG_A
LOC_4  . . . . . . . . . . . . .  	L NEAR	0268	SEG_A
LOC_41 . . . . . . . . . . . . .  	L NEAR	0667	SEG_A
LOC_42 . . . . . . . . . . . . .  	L NEAR	0673	SEG_A
LOC_43 . . . . . . . . . . . . .  	L NEAR	06A3	SEG_A
LOC_44 . . . . . . . . . . . . .  	L NEAR	06B0	SEG_A
LOC_45 . . . . . . . . . . . . .  	L NEAR	06EE	SEG_A
LOC_46 . . . . . . . . . . . . .  	L NEAR	06FF	SEG_A
LOC_47 . . . . . . . . . . . . .  	L NEAR	070F	SEG_A
LOC_48 . . . . . . . . . . . . .  	L NEAR	0739	SEG_A
LOC_49 . . . . . . . . . . . . .  	L NEAR	0746	SEG_A
LOC_5  . . . . . . . . . . . . .  	L NEAR	0273	SEG_A
LOC_6  . . . . . . . . . . . . .  	L NEAR	029C	SEG_A
LOC_7  . . . . . . . . . . . . .  	L NEAR	02A2	SEG_A
Microsoft (R) Macro Assembler  Version 4.00                 3/29/26 15:16:58

                                                            Symbols-3
                                                             

LOC_8  . . . . . . . . . . . . .  	L NEAR	02BB	SEG_A
LOC_9  . . . . . . . . . . . . .  	L NEAR	02C5	SEG_A
LOC_RET_40 . . . . . . . . . . .  	L NEAR	0666	SEG_A

START  . . . . . . . . . . . . .  	L NEAR	0000	SEG_A
SUB_1  . . . . . . . . . . . . .  	N PROC	04CA	SEG_A	Length = 0010
SUB_2  . . . . . . . . . . . . .  	N PROC	04DC	SEG_A	Length = 000C
SUB_3  . . . . . . . . . . . . .  	N PROC	069B	SEG_A	Length = 004A
SUB_4  . . . . . . . . . . . . .  	N PROC	06E5	SEG_A	Length = 002A

TARGET . . . . . . . . . . . . .  	Number	4D34	

_314LVLRD  . . . . . . . . . . .  	F PROC	0000	SEG_A	Length = 04CA


    884 Source  Lines
    957 Total   Lines
    126 Symbols

  46132 Bytes symbol space free

      1 Warning Errors
     11 Severe  Errors
