Microsoft (R) Macro Assembler  Version 4.00                 3/29/26 15:17:01

                                                            Page     1-1
                                                            

                                 
                                PAGE  59,132 
                                 
                                ;€€€€€€€€€€€€€€€€€€€€€€€€€€€€€€€€€€€€€€€€€€€€€€€€€€€€€€€€€€€€€€€€€€€€€€€€€€ 
                                ;€€					                                 €€ 
                                ;€€				_316TILCL                                €€ 
                                ;€€					                                 €€ 
                                ;€€      Created:   29-Mar-26		                                 €€ 
                                ;€€      Code type: zero start		                                 €€ 
                                ;€€      Passes:    9          Analysis	Options on: none                 €€ 
                                ;€€					                                 €€ 
                                ;€€€€€€€€€€€€€€€€€€€€€€€€€€€€€€€€€€€€€€€€€€€€€€€€€€€€€€€€€€€€€€€€€€€€€€€€€€ 
                                 
 = 4D34                         target		EQU   'M4'                      ; Target assembler: MASM-4.0 
                                 
                             C  include  srmacros.inc 
                             C   
                             C  ; Macros which may be required for proper re-assembly 
                             C   
                             C  IF (target EQ 'M4') 
                             C  ;----------------------------------------------------------------------------- 
                             C  ;  MASM 4.0 does not allow retf and retn, allowed by current assemblers. 
                             C  ;  These marcos, convert RETF and RETN into data bytes that are acceptable 
                             C  ;  to MASM 4.0. 
                             C   
                             C   
                             C  retf            macro   ret_count               ; Fixup for Assembler 
                             C                  if      ret_count+0 GT 1 
                             C                  db      0CAh 
                             C                  dw      ret_count 
                             C                  else 
                             C                  db      0CBh 
                             C                  endif 
                             C  endm 
                             C   
                             C  retn            macro  ret_count 
                             C                  if     ret_count+0 GT 1 
                             C                  db     0C2h 
                             C                  dw     ret_count 
                             C                  else 
                             C                  db     0C3h 
                             C                  endif 
                             C  endm 
                             C   
                             C  ENDIF 
                             C   
                             C   
                             C  IF (target EQ 'M4') OR (target EQ 'M5')  
                             C  ;----------------------------------------------------------------------------- 
                             C  ; Due to a bug in earlier MASM assemblers, the valid instruction type  
                             C  ; "mov segreg, reg"  cannot be used, if the register is not AX.   
                             C  ; For example:  mov  es, bx 
                             C   
                             C  movseg          macro reg16, unused, Imm16      ; Fixup for Assembler 
                             C                  ifidn  <reg16>, <bx>             
Microsoft (R) Macro Assembler  Version 4.00                 3/29/26 15:17:01

                                                            Page     1-2
                                                            

                             C                  db     0BBh                      
                             C                  endif                            
                             C                  ifidn  <reg16>, <cx>             
                             C                  db     0B9h                      
                             C                  endif 
                             C                  ifidn  <reg16>, <dx> 
                             C                  db     0BAh 
                             C                  endif 
                             C                  ifidn  <reg16>, <si> 
                             C                  db     0BEh 
                             C                  endif 
                             C                  ifidn  <reg16>, <di> 
                             C                  db     0BFh 
                             C                  endif 
                             C                  ifidn  <reg16>, <bp> 
                             C                  db     0BDh 
                             C                  endif 
                             C                  ifidn  <reg16>, <sp> 
                             C                  db     0BCh 
                             C                  endif 
                             C                  ifidn  <reg16>, <BX> 
                             C                  db     0BBH 
                             C                  endif 
                             C                  ifidn  <reg16>, <CX> 
                             C                  db     0B9H 
                             C                  endif 
                             C                  ifidn  <reg16>, <DX> 
                             C                  db     0BAH 
                             C                  endif 
                             C                  ifidn  <reg16>, <SI> 
                             C                  db     0BEH 
                             C                  endif 
                             C                  ifidn  <reg16>, <DI> 
                             C                  db     0BFH 
                             C                  endif 
                             C                  ifidn  <reg16>, <BP> 
                             C                  db     0BDH 
                             C                  endif 
                             C                  ifidn  <reg16>, <SP> 
                             C                  db     0BCH 
                             C                  endif 
                             C                  dw     seg Imm16 
                             C  endm 
                             C   
                             C  ENDIF 
                             C   
                             C   
                             C  ENDIF 
                             C   
                             C   
                             C   
                             C  IFE (target EQ 'NO') 
                             C  ;----------------------------------------------------------------------------- 
                             C  ;  Some compilers and some assemblers will code a call that goes to a far 
                             C  ;  subroutine in the same segment as: 
Microsoft (R) Macro Assembler  Version 4.00                 3/29/26 15:17:01

                                                            Page     1-3
                                                            

                             C  ; 
                             C  ;               PUSH    CS 
                             C  ;               CALL    near 
                             C  ; 
                             C  ;  This saves one byte, and is slightly faster.  If the assembler you are 
                             C  ;  using (i.e. MASM, Optasm) does not do this automatically, the following 
                             C  ;  macros are used to code the same information.  In other words, the binary 
                             C  ;  file has "PUSH CS, CALL near", and Sourcer ensures the same instructions 
                             C  ;  are used!  (macro CALLF) 
                             C  ; 
                             C   
                             C  callf           macro   location 
                             C                  push    cs 
                             C                  call    near ptr location 
                             C  endm 
                             C   
                             C  ;  Some compilers generate an unnecessary DS override on the call instruction 
                             C  ;  when compacting the CALLF type function.  Macro CALLFX handles this case. 
                             C   
                             C  callfx          macro   location 
                             C                  push    cs 
                             C                  db      3Eh 
                             C                  call    near ptr location 
                             C  endm 
                             C   
                             C   
                             C  ;----------------------------------------------------------------------------- 
                             C  ;  Some compilers and some assemblers will code a near call that is the 
                             C  ;  selected assembler will convert to a short jump to save a byte.  This 
                             C  ;  reconstructs a near jump for these cases. 
                             C   
                             C  jmpn            macro   location 
                             C                  db      0E9h 
                             C                  dw      offset location-$-2 
                             C  endm 
                             C   
                             C  ENDIF 
                             C   
                                 
                                 
                                 
                                ; The following equates show data references outside the range of the program. 
                                 
 = 200C                         data_14e	equ	200Ch			;* 
 = 6028                         data_15e	equ	6028h			;* 
 = 6036                         data_16e	equ	6036h			;* 
 = 6038                         data_17e	equ	6038h			;* 
 = 8000                         data_18e	equ	8000h			;* 
 = A4BB                         data_19e	equ	0A4BBh			;* 
 = A783                         data_20e	equ	0A783h			;* 
 = A810                         data_21e	equ	0A810h			;* 
 = A87A                         data_22e	equ	0A87Ah			;* 
 = A87D                         data_23e	equ	0A87Dh			;* 
 = A881                         data_24e	equ	0A881h			;* 
 = A89A                         data_25e	equ	0A89Ah			;* 
Microsoft (R) Macro Assembler  Version 4.00                 3/29/26 15:17:01

                                                            Page     1-4
                                                            

 = A8B7                         data_26e	equ	0A8B7h			;* 
 = A8D7                         data_27e	equ	0A8D7h			;* 
 = A8DE                         data_28e	equ	0A8DEh			;* 
 = A8FD                         data_29e	equ	0A8FDh			;* 
 = A96C                         data_30e	equ	0A96Ch			;* 
 = A985                         data_31e	equ	0A985h			;* 
 = AA3C                         data_32e	equ	0AA3Ch			;* 
 = AA3E                         data_33e	equ	0AA3Eh			;* 
 = AA3F                         data_34e	equ	0AA3Fh			;* 
 = AA53                         data_35e	equ	0AA53h			;* 
 = AA54                         data_36e	equ	0AA54h			;* 
 = AA55                         data_37e	equ	0AA55h			;* 
 = AA56                         data_38e	equ	0AA56h			;* 
 = AA57                         data_39e	equ	0AA57h			;* 
 = AA58                         data_40e	equ	0AA58h			;* 
 = AA59                         data_41e	equ	0AA59h			;* 
 = AA5A                         data_42e	equ	0AA5Ah			;* 
 = AA5B                         data_43e	equ	0AA5Bh			;* 
 = AA5C                         data_44e	equ	0AA5Ch			;* 
 = AA5D                         data_45e	equ	0AA5Dh			;* 
 = AA5E                         data_46e	equ	0AA5Eh			;* 
 = AA5F                         data_47e	equ	0AA5Fh			;* 
 = AA60                         data_48e	equ	0AA60h			;* 
 = AA61                         data_49e	equ	0AA61h			;* 
 = AA62                         data_50e	equ	0AA62h			;* 
 = AA63                         data_51e	equ	0AA63h			;* 
 = AA64                         data_52e	equ	0AA64h			;* 
 = AA65                         data_53e	equ	0AA65h			;* 
 = AA66                         data_54e	equ	0AA66h			;* 
 = AA67                         data_55e	equ	0AA67h			;* 
 = AA68                         data_56e	equ	0AA68h			;* 
 = AA69                         data_57e	equ	0AA69h			;* 
 = C010                         data_58e	equ	0C010h			;* 
 = ED20                         data_59e	equ	0ED20h			;* 
 = FF2E                         data_60e	equ	0FF2Eh			;* 
 = FF2F                         data_61e	equ	0FF2Fh			;* 
 = FF30                         data_62e	equ	0FF30h			;* 
 = FF75                         data_63e	equ	0FF75h			;* 
                                 
 0000                           seg_a		segment	byte public 
                                		assume	cs:seg_a, ds:seg_a 
                                 
                                 
 0000                           		org	0 
                                 
 0000                           _316TILCL	proc	far 
                                 
 0000                           start: 
 0000  A9 000B                  		test	ax,0Bh 
                                ;*		add	ch,bl 
 0003  02 EB                    				add ch,bl			; was: db 000h,0DDh 
 0005  A2 AA3C                  		mov	ds:data_32e,al 
 0008  000C[                    		db	12 dup (0) 
            00                  
                         ]      
Microsoft (R) Macro Assembler  Version 4.00                 3/29/26 15:17:01

                                                            Page     1-5
                                                            

                                
 0014  28 1E 1E 1E 1E 1E        		db	 28h, 1Eh, 1Eh, 1Eh, 1Eh, 1Eh 
 001A  1E 1E                    		db	 1Eh, 1Eh 
 001C  28 28                    		db	 28h, 28h 
 001E  0016[                    		db	22 dup (0) 
            00                  
                         ]      
                                
 0034  44 A0 6C A0 BC A0        		db	 44h,0A0h, 6Ch,0A0h,0BCh,0A0h 
 003A  07 A1 52 A1 8E A1        		db	 07h,0A1h, 52h,0A1h, 8Eh,0A1h 
 0040  DE A1 1F A2 47 A2        		db	0DEh,0A1h, 1Fh,0A2h, 47h,0A2h 
 0046  97 A2 00 66 00 67        		db	 97h,0A2h, 00h, 66h, 00h, 67h 
 004C  6C 00 68 69 6D 6E        		db	 6Ch, 00h, 68h, 69h, 6Dh, 6Eh 
 0052  00 6C 6D 72 73 00        		db	 00h, 6Ch, 6Dh, 72h, 73h, 00h 
 0058  83 84 00 86 00 95        		db	 83h, 84h, 00h, 86h, 00h, 95h 
 005E  B1 98 99 00 9A 9B        		db	0B1h, 98h, 99h, 00h, 9Ah, 9Bh 
 0064  9D 9E 00 68 90 6D        		db	 9Dh, 9Eh, 00h, 68h, 90h, 6Dh 
 006A  91 00 9A 9B 9D FE        		db	 91h, 00h, 9Ah, 9Bh, 9Dh,0FEh 
 0070  00 73 74 00 00           		db	 00h, 73h, 74h, 00h, 00h 
 0075  00                       data_3		db	0			; Data table (indexed access) 
 0076  6A 6B 6F 70 00 70        		db	 6Ah, 6Bh, 6Fh, 70h, 00h, 70h 
 007C  71 75 76 00              		db	 71h, 75h, 76h, 00h 
 0080  77                       data_4		db	77h 
 0081  78 7A 7B 00 78 79        		db	 78h, 7Ah, 7Bh, 00h, 78h, 79h 
 0087  7B 7C 00 7D 7E 77        		db	 7Bh, 7Ch, 00h, 7Dh, 7Eh, 77h 
 008D  10 00 7F 01 0C 0D        		db	 10h, 00h, 7Fh, 01h, 0Ch, 0Dh 
 0093  00 77 10 00 0E 00        		db	 00h, 77h, 10h, 00h, 0Eh, 00h 
 0099  97 00                    		db	 97h, 00h 
 009B  70                       		db	70h 
 009C  71                       data_5		db	71h			; Data table (indexed access) 
 009D  00                       		db	0 
 009E                           loc_1: 
 009E  B3 75                    		mov	bl,75h			; 'u' 
                                ;*		add	[bx+0],dh 
 00A0  00 37                    				add [bx+0h],dh			; was: db 000h,077h,000h 
 00A2  76 00 78 79 00 A6        		db	 76h, 00h, 78h, 79h, 00h,0A6h 
 00A8  9F 87 A1 00 99           		db	 9Fh, 87h,0A1h, 00h, 99h 
 00AD  87                       data_6		db	87h			; Data table (indexed access) 
 00AE  B3 88 00 A1 A3 8C        		db	0B3h, 88h, 00h,0A1h,0A3h, 8Ch 
 00B4  89 00 8A 00 AD 8D        		db	 89h, 00h, 8Ah, 00h,0ADh, 8Dh 
 00BA  00 AD 8D 8B 10 00        		db	 00h,0ADh, 8Dh, 8Bh, 10h, 00h 
 00C0  8D 8F 10 7E 00 A6        		db	 8Dh, 8Fh, 10h, 7Eh, 00h,0A6h 
 00C6  01 0C 0D 00 8E 10        		db	 01h, 0Ch, 0Dh, 00h, 8Eh, 10h 
 00CC  67 0E 00 6E 6F 73        		db	 67h, 0Eh, 00h, 6Eh, 6Fh, 73h 
 00D2  A7 00 6A 6B 6F A0        		db	0A7h, 00h, 6Ah, 6Bh, 6Fh,0A0h 
 00D8  00 A0 A1 A8 A9 00        		db	 00h,0A0h,0A1h,0A8h,0A9h, 00h 
 00DE  9F 9F A1 A2 00 A2        		db	 9Fh, 9Fh,0A1h,0A2h, 00h,0A2h 
 00E4  A3 AA AB 00 A4 A5        		db	0A3h,0AAh,0ABh, 00h,0A4h,0A5h 
 00EA  AC AD 00 AC AD 67        		db	0ACh,0ADh, 00h,0ACh,0ADh, 67h 
 00F0  0E 00                    		db	 0Eh, 00h 
 00F2  6E 6F                    		db	 6Eh, 6Fh 
 00F4                           loc_2: 
 00F4  85 A7 8000               		test	sp,ds:data_18e[bx] 
                                ;*		add	data_6[bx+di],0B4h 
 00F8  80 81 00AE B4            				add byte ptr [bx+di+0AEh],0B4h			; was: db 082h,081h,0AEh,000h,0B4h 
Microsoft (R) Macro Assembler  Version 4.00                 3/29/26 15:17:01

                                                            Page     1-6
                                                            

 00FD  D3 C4                    		rol	sp,cl			; Rotate 
 00FF  94                       		xchg	sp,ax 
                                ;*		add	bl,dl 
 0100  02 DA                    				add bl,dl			; was: db 000h,0D3h 
 0102  00 94 009C R             		add	data_5[si],dl 
                                ;*		test	si,[si+0] 
 0106  85 34                    				test [si+0h],si			; was: db 085h,074h,000h 
 0108  00 00 00 DF E8 E9        		db	 00h, 00h, 00h,0DFh,0E8h,0E9h 
 010E  00 E0 E1 EA EA 00        		db	 00h,0E0h,0E1h,0EAh,0EAh, 00h 
 0114  E2 E2 EA EB              		db	0E2h,0E2h,0EAh,0EBh 
 0118  E300                     data_7		dw	0E300h 
 011A  E4 00 00 00              		db	0E4h, 00h, 00h, 00h 
 011E                           loc_5: 
 011E  E4 E5                    		in	al,0E5h			; port 0E5h ??I/O Non-standard 
 0120  00 00 00 00 E7 EC        		db	 00h, 00h, 00h, 00h,0E7h,0ECh 
 0126  ED 00 00 F5 F9 FA        		db	0EDh, 00h, 00h,0F5h,0F9h,0FAh 
 012C  00 ED EE F6 F7 00        		db	 00h,0EDh,0EEh,0F6h,0F7h, 00h 
 0132  EF F0 F8 EA 00 F1        		db	0EFh,0F0h,0F8h,0EAh, 00h,0F1h 
 0138  F2 EA EB 00 F3 F4        		db	0F2h,0EAh,0EBh, 00h,0F3h,0F4h 
 013E  00 00 00 00 00 F4        		db	 00h, 00h, 00h, 00h, 00h,0F4h 
 0144  00 00 FB FC B2 96        		db	 00h, 00h,0FBh,0FCh,0B2h, 96h 
 014A  00 FD FD EA EA 00        		db	 00h,0FDh,0FDh,0EAh,0EAh, 00h 
 0150  FD F3 E6 A6 00 00        		db	0FDh,0F3h,0E6h,0A6h, 00h, 00h 
 0156  92 F9 FA 00 93 BB        		db	 92h,0F9h,0FAh, 00h, 93h,0BBh 
 015C  BA BF 00 00 CC C8        		db	0BAh,0BFh, 00h, 00h,0CCh,0C8h 
 0162  E9 00 CF CF EA EB        		db	0E9h, 00h,0CFh,0CFh,0EAh,0EBh 
 0168  00 D0 D1 00 00 00        		db	 00h,0D0h,0D1h, 00h, 00h, 00h 
 016E  AF 00 00 B0 00 BC        		db	0AFh, 00h, 00h,0B0h, 00h,0BCh 
 0174  C1 B2 96 00 CA F1        		db	0C1h,0B2h, 96h, 00h,0CAh,0F1h 
 017A  FD FD 00 F2 F3 FD        		db	0FDh,0FDh, 00h,0F2h,0F3h,0FDh 
 0180  F3 00 F3 F4 F3 F4        		db	0F3h, 00h,0F3h,0F4h,0F3h,0F4h 
 0186  00 FD FD EA EA 00        		db	 00h,0FDh,0FDh,0EAh,0EAh, 00h 
 018C  FD F3 E6 A6 00 00        		db	0FDh,0F3h,0E6h,0A6h, 00h, 00h 
 0192  0E 20 21 00 0F 10        		db	 0Eh, 20h, 21h, 00h, 0Fh, 10h 
 0198  22 23 00 02 03 19        		db	 22h, 23h, 00h, 02h, 03h, 19h 
 019E  10 00 04 05 1A 1B        		db	 10h, 00h, 04h, 05h, 1Ah, 1Bh 
 01A4  00 1C 1D 24 25 00        		db	 00h, 1Ch, 1Dh, 24h, 25h, 00h 
 01AA  1E 1F 26 27 00 0E        		db	 1Eh, 1Fh, 26h, 27h, 00h, 0Eh 
 01B0  0F 20 12 00 0F 10        		db	 0Fh, 20h, 12h, 00h, 0Fh, 10h 
 01B6  12 3C 00 02 03 19        		db	 12h, 3Ch, 00h, 02h, 03h, 19h 
 01BC  28 00 04 05 29 2A        		db	 28h, 00h, 04h, 05h, 29h, 2Ah 
 01C2  00 1C 2B 3D 26 00        		db	 00h, 1Ch, 2Bh, 3Dh, 26h, 00h 
 01C8  2C 11 27 31 00 0F        		db	 2Ch, 11h, 27h, 31h, 00h, 0Fh 
 01CE  10 37 38 00 02 03        		db	 10h, 37h, 38h, 00h, 02h, 03h 
 01D4  32 33 00 04 05 34        		db	 32h, 33h, 00h, 04h, 05h, 34h 
 01DA  35 00 36 2C 26 27        		db	 35h, 00h, 36h, 2Ch, 26h, 27h 
 01E0  00 11 11 31 39 00        		db	 00h, 11h, 11h, 31h, 39h, 00h 
 01E6  06 07 11 5C 00 11        		db	 06h, 07h, 11h, 5Ch, 00h, 11h 
 01EC  42 3B 48 00 08 09        		db	 42h, 3Bh, 48h, 00h, 08h, 09h 
 01F2  3E 3F 00 43 44 49        		db	 3Eh, 3Fh, 00h, 43h, 44h, 49h 
 01F8  4A 00 45 46 4B 4C        		db	 4Ah, 00h, 45h, 46h, 4Bh, 4Ch 
 01FE  00 47 16 4D 4E 00        		db	 00h, 47h, 16h, 4Dh, 4Eh, 00h 
 0204  11 4F 55 56 00 54        		db	 11h, 4Fh, 55h, 56h, 00h, 54h 
 020A  16 5B 4E 00 50 51        		db	 16h, 5Bh, 4Eh, 00h, 50h, 51h 
 0210  57 58 00 52 53 59        		db	 57h, 58h, 00h, 52h, 53h, 59h 
Microsoft (R) Macro Assembler  Version 4.00                 3/29/26 15:17:01

                                                            Page     1-7
                                                            

 0216  5A 00 11 5E 64 65        		db	 5Ah, 00h, 11h, 5Eh, 64h, 65h 
 021C  00 08 09 5D 3F 00        		db	 00h, 08h, 09h, 5Dh, 3Fh, 00h 
 0222  5F 60 2D 2E 00 61        		db	 5Fh, 60h, 2Dh, 2Eh, 00h, 61h 
 0228  62 2F 30 00 63 16        		db	 62h, 2Fh, 30h, 00h, 63h, 16h 
 022E  3A 4E 00 0A 0B 40        		db	 3Ah, 4Eh, 00h, 0Ah, 0Bh, 40h 
 0234  41 00 00 00 14 15        		db	 41h, 00h, 00h, 00h, 14h, 15h 
 023A  00 06 07 11 11 00        		db	 00h, 06h, 07h, 11h, 11h, 00h 
 0240  13 75 17 77 00 17        		db	 13h, 75h, 17h, 77h, 00h, 17h 
 0246  77 18 7A 01 00 B6        		db	 77h, 18h, 7Ah, 01h, 00h,0B6h 
 024C  B7 00 01 00 B5 B6        		db	0B7h, 00h, 01h, 00h,0B5h,0B6h 
 0252  00 01 00 B6 B7 00        		db	 00h, 01h, 00h,0B6h,0B7h, 00h 
 0258  01 00 B7 B8 00 01        		db	 01h, 00h,0B7h,0B8h, 00h, 01h 
 025E  00 B6 B5 00 01 B9        		db	 00h,0B6h,0B5h, 00h, 01h,0B9h 
 0264  B6 B8 00 01 BE B8        		db	0B6h,0B8h, 00h, 01h,0BEh,0B8h 
 026A  B8 C0 01 B8 C0 C5        		db	0B8h,0C0h, 01h,0B8h,0C0h,0C5h 
 0270  C6 01 00 00 C2 C7        		db	0C6h, 01h, 00h, 00h,0C2h,0C7h 
 0276  01 BD BE C5 C3 01        		db	 01h,0BDh,0BEh,0C5h,0C3h, 01h 
 027C  00 00 BD C2 01 C9        		db	 00h, 00h,0BDh,0C2h, 01h,0C9h 
 0282  B7 CB 00 01 C9 CD        		db	0B7h,0CBh, 00h, 01h,0C9h,0CDh 
 0288  CD CE 01 00 C9 BE        		db	0CDh,0CEh, 01h, 00h,0C9h,0BEh 
 028E  D2 01 00 CD C2 D2        		db	0D2h, 01h, 00h,0CDh,0C2h,0D2h 
 0294  01 CE 00 C2 D4 01        		db	 01h,0CEh, 00h,0C2h,0D4h, 01h 
 029A  00 00 D5 D8 01 00        		db	 00h, 00h,0D5h,0D8h, 01h, 00h 
 02A0  00 D8 D9 01 00 00        		db	 00h,0D8h,0D9h, 01h, 00h, 00h 
 02A6  DA DC 01 00 00 DB        		db	0DAh,0DCh, 01h, 00h, 00h,0DBh 
 02AC  DC 01 00 00 DB DE        		db	0DCh, 01h, 00h, 00h,0DBh,0DEh 
 02B2  01 00 00 D5 D6 01        		db	 01h, 00h, 00h,0D5h,0D6h, 01h 
 02B8  00 00 D6 D6 01 00        		db	 00h, 00h,0D6h,0D6h, 01h, 00h 
 02BE  00 D7 D7 01 00 00        		db	 00h,0D7h,0D7h, 01h, 00h, 00h 
 02C4  D6 D7 01 00 00 D8        		db	0D6h,0D7h, 01h, 00h, 00h,0D8h 
 02CA  D9 01 00 00 DA DB        		db	0D9h, 01h, 00h, 00h,0DAh,0DBh 
 02D0  01 00 00 DB DC 01        		db	 01h, 00h, 00h,0DBh,0DCh, 01h 
 02D6  00 00 DC DB 01 00        		db	 00h, 00h,0DCh,0DBh, 01h, 00h 
 02DC  00 DD DE 8B 36 10        		db	 00h,0DDh,0DEh, 8Bh, 36h, 10h 
 02E2  C0 C6 06 59 AA 00        		db	0C0h,0C6h, 06h, 59h,0AAh, 00h 
 02E8  C6 06 5A AA 00           		db	0C6h, 06h, 5Ah,0AAh, 00h 
 02ED                           loc_6: 
 02ED  83 3C FF                 		cmp	word ptr [si],0FFFFh 
 02F0  74 46                    		je	loc_9			; Jump if equal 
 02F2  8B 04                    		mov	ax,[si] 
 02F4  2E: FF 16 6036           		call	word ptr cs:data_16e 
 02F9  72 34                    		jc	loc_8			; Jump if carry Set 
 02FB  88 5C 03                 		mov	[si+3],bl 
 02FE  8B 44 02                 		mov	ax,[si+2] 
 0301  2E: FF 16 6028           		call	word ptr cs:data_15e 
 0306  8A 1E AA59               		mov	bl,ds:data_41e 
 030A  32 FF                    		xor	bh,bh			; Zero register 
 030C  8A 87 ED20               		mov	al,ds:data_59e[bx] 
 0310  88 05                    		mov	[di],al 
 0312  F6 44 05 40              		test	byte ptr [si+5],40h	; '@' 
 0316  74 17                    		jz	loc_8			; Jump if zero 
 0318  F6 06 AA5A 80            		test	byte ptr ds:data_42e,80h 
 031D  75 10                    		jnz	loc_8			; Jump if not zero 
 031F  8A 44 05                 		mov	al,[si+5] 
 0322  24 1F                    		and	al,1Fh 
Microsoft (R) Macro Assembler  Version 4.00                 3/29/26 15:17:01

                                                            Page     1-8
                                                            

 0324  F6 44 04 1F              		test	byte ptr [si+4],1Fh 
 0328  75 02                    		jnz	loc_7			; Jump if not zero 
 032A  0C 80                    		or	al,80h 
 032C                           loc_7: 
 032C  A2 AA5A                  		mov	ds:data_42e,al 
 032F                           loc_8: 
 032F  FE 06 AA59               		inc	byte ptr ds:data_41e 
 0333  83 C6 10                 		add	si,10h 
 0336  EB B5                    		jmp	short loc_6 
 0338                           loc_9: 
 0338  8B 36 C010               		mov	si,ds:data_58e 
 033C  C7 04 FFFF               		mov	word ptr [si],0FFFFh 
 0340  F6 06 AA5A FF            		test	byte ptr ds:data_42e,0FFh 
 0345  74 75                    		jz	loc_14			; Jump if zero 
 0347  A0 AA5A                  		mov	al,ds:data_42e 
 034A  50                       		push	ax 
 034B  24 1F                    		and	al,1Fh 
 034D  2E: FF 16 6038           		call	word ptr cs:data_17e 
 0352  8A DC                    		mov	bl,ah 
 0354  32 FF                    		xor	bh,bh			; Zero register 
 0356  58                       		pop	ax 
 0357  8A E0                    		mov	ah,al 
 0359  80 E4 7F                 		and	ah,7Fh 
 035C  D1 EB                    		shr	bx,1			; Shift w/zeros fill 
 035E  80 EC 02                 		sub	ah,2 
 0361  72 04                    		jc	loc_10			; Jump if carry Set 
 0363  D1 EB                    		shr	bx,1			; Shift w/zeros fill 
 0365  D1 EB                    		shr	bx,1			; Shift w/zeros fill 
 0367                           loc_10: 
 0367  A8 80                    		test	al,80h 
 0369  74 0E                    		jz	loc_11			; Jump if zero 
 036B  C6 06 AA65 FF            		mov	byte ptr ds:data_53e,0FFh 
 0370  C6 06 FF75 34            		mov	byte ptr ds:data_63e,34h	; '4' 
 0375  03 DB                    		add	bx,bx 
 0377  EB 0A                    		jmp	short loc_12 
 0379                           loc_11: 
 0379  C6 06 AA5F FF            		mov	byte ptr ds:data_47e,0FFh 
 037E  C6 06 FF75 35            		mov	byte ptr ds:data_63e,35h	; '5' 
 0383                           loc_12: 
 0383  E8 0A03 R                		call	sub_4 
 0386  F6 06 AA65 FF            		test	byte ptr ds:data_53e,0FFh 
 038B  74 2A                    		jz	loc_13			; Jump if zero 
 038D  A0 AA5B                  		mov	al,ds:data_43e 
 0390  3C 06                    		cmp	al,6 
 0392  1A C0                    		sbb	al,al 
 0394  F6 D8                    		neg	al 
 0396  A2 AA66                  		mov	ds:data_54e,al 
 0399  C6 06 AA67 00            		mov	byte ptr ds:data_55e,0 
 039E  C6 06 AA56 00            		mov	byte ptr ds:data_38e,0 
 03A3  C6 06 AA61 00            		mov	byte ptr ds:data_49e,0 
 03A8  C6 06 AA5F FF            		mov	byte ptr ds:data_47e,0FFh 
 03AD  C6 06 AA68 FF            		mov	byte ptr ds:data_56e,0FFh 
 03B2  C6 06 AA60 08            		mov	byte ptr ds:data_48e,8 
 03B7                           loc_13: 
 03B7  C6 06 AA65 00            		mov	byte ptr ds:data_53e,0 
Microsoft (R) Macro Assembler  Version 4.00                 3/29/26 15:17:01

                                                            Page     1-9
                                                            

 03BC                           loc_14: 
 03BC  F6 06 FF2E FF            		test	byte ptr ds:data_60e,0FFh 
 03C1  74 03                    		jz	loc_15			; Jump if zero 
 03C3  E9 0A41 R                		jmp	loc_60 
 03C6                           loc_15: 
 03C6  FE 06 AA5C               		inc	byte ptr ds:data_44e 
 03CA  F6 06 AA56 FF            		test	byte ptr ds:data_38e,0FFh 
 03CF  74 03                    		jz	loc_16			; Jump if zero 
 03D1  E9 054B R                		jmp	loc_31 
 03D4                           loc_16: 
 03D4  F6 06 AA61 FF            		test	byte ptr ds:data_49e,0FFh 
 03D9  74 04                    		jz	loc_17			; Jump if zero 
                                ;*		jmp	loc_30			;* 
 03DB  FF A6 04C6               				jmp 4C6h			; was: db 0E9h,0E6h,000h 
316TILCL.asm(315) : error 56: No immediate mode 
 03DF                           loc_17: 
 03DF  80 06 AA5E 80            		add	byte ptr ds:data_46e,80h 
 03E4  73 2D                    		jnc	loc_20			; Jump if carry=0 
 03E6  F6 06 AA5F FF            		test	byte ptr ds:data_47e,0FFh 
 03EB  75 0B                    		jnz	loc_18			; Jump if not zero 
 03ED  E8 0570 R                		call	sub_1 
 03F0  72 21                    		jc	loc_20			; Jump if carry Set 
 03F2  FE 06 AA5D               		inc	byte ptr ds:data_45e 
 03F6  EB 1B                    		jmp	short loc_20 
 03F8                           loc_18: 
 03F8  FE 0E AA60               		dec	byte ptr ds:data_48e 
 03FC  75 07                    		jnz	loc_19			; Jump if not zero 
 03FE  C6 06 AA5F 00            		mov	byte ptr ds:data_47e,0 
 0403  EB 0E                    		jmp	short loc_20 
 0405                           loc_19: 
 0405  E8 0581 R                		call	sub_2 
 0408  1A C0                    		sbb	al,al 
 040A  F6 D0                    		not	al 
 040C  A2 AA5F                  		mov	ds:data_47e,al 
 040F  FE 0E AA5D               		dec	byte ptr ds:data_45e 
 0413                           loc_20: 
 0413  F6 06 AA68 FF            		test	byte ptr ds:data_56e,0FFh 
 0418  75 00                    		jnz	loc_28			; Jump if not zero 
316TILCL.asm(338) : error 53: Relative jump out of range 
 041A  2E: FF 16 0118 R         		call	word ptr cs:data_7 
 041F  24 C0                    		and	al,0C0h 
 0421  75 28                    		jnz	loc_22			; Jump if not zero 
 0423  F6 06 AA5B FF            		test	byte ptr ds:data_43e,0FFh 
 0428  74 0E                    		jz	loc_21			; Jump if zero 
 042A  80 3E AA5B 04            		cmp	byte ptr ds:data_43e,4 
 042F  74 07                    		je	loc_21			; Jump if equal 
 0431  80 3E AA5B 07            		cmp	byte ptr ds:data_43e,7 
 0436  75 13                    		jne	loc_22			; Jump if not equal 
 0438                           loc_21: 
 0438  A0 AA5B                  		mov	al,ds:data_43e 
 043B  A2 AA62                  		mov	ds:data_50e,al 
 043E  C6 06 AA63 00            		mov	byte ptr ds:data_51e,0 
 0443  C6 06 AA61 FF            		mov	byte ptr ds:data_49e,0FFh 
 0448  E9 0591 R                		jmp	loc_35 
 044B                           loc_22: 
Microsoft (R) Macro Assembler  Version 4.00                 3/29/26 15:17:01

                                                            Page     1-10
                                                            

 044B  A0 0080 R                		mov	al,data_4 
 044E  04 10                    		add	al,10h 
 0450  3A 06 AA3C               		cmp	al,ds:data_32e 
                                		; Tile pattern table (continued) 
 0454  3E 3F 00                 		db	'>?', 0		; 0x0000 
 0457  43 44 49 4A 00           		db	'CDIJ', 0		; 0x0003 
 045C  45 46 4B 4C 00           		db	'EFKL', 0		; 0x0008 
 0461  47 00                    		db	'G', 0		; 0x000D 
 0463  4D 4E 00                 		db	'MN', 0		; 0x000F 
 0466  11                       		db	011h		; 0x0012 
 0467  4F 55 56 00              		db	'OUV', 0		; 0x0013 
 046B  54 00                    		db	'T', 0		; 0x0017 
 046D  5B 4E 00                 		db	'[N', 0		; 0x0019 
 0470  50 51 57 58 00           		db	'PQWX', 0		; 0x001C 
                                		; Tile pattern table (continued) 
 0475  5D 3F 00                 		db	']?', 0		; 0x0000 
 0478  5F 60 2D 2E 00           		db	'_`-.', 0		; 0x0003 
 047D  61 62 2F 30 00           		db	'ab/0', 0		; 0x0008 
 0482  63 00                    		db	'c', 0		; 0x000D 
 0484  3A 4E 00                 		db	':N', 0		; 0x000F 
                                		; Tile pattern table (continued) 
 0487  5D 3F 00                 		db	']?', 0		; 0x0000 
 048A  5F 60 2D 2E 00           		db	'_`-.', 0		; 0x0003 
 048F  61 62 2F 30 00           		db	'ab/0', 0		; 0x0008 
 0494  63 00                    		db	'c', 0		; 0x000D 
 0496  3A 4E 00                 		db	':N', 0		; 0x000F 
                                		; Tile pattern table (continued) 
 0499  5D 3F 00                 		db	']?', 0		; 0x0000 
 049C  5F 60 2D 2E 00           		db	'_`-.', 0		; 0x0003 
 04A1  61 62 2F 30 00           		db	'ab/0', 0		; 0x0008 
 04A6  63 00                    		db	'c', 0		; 0x000D 
 04A8  3A 4E 00                 		db	':N', 0		; 0x000F 
 04AB  B0 07                    		mov	al,7 
 04AD                           loc_23: 
 04AD  A2 AA5B                  		mov	ds:data_43e,al 
 04B0  E9 0591 R                		jmp	loc_35 
 04B3                           loc_24: 
 04B3  2C 05                    		sub	al,5 
 04B5  3A 06 AA3C               		cmp	al,ds:data_32e 
 04B9  73 11                    		jae	loc_26			; Jump if above or = 
 04BB  B0 00                    		mov	al,0 
 04BD  80 3E AA5B 07            		cmp	byte ptr ds:data_43e,7 
 04C2  72 02                    		jb	loc_25			; Jump if below 
 04C4  B0 06                    		mov	al,6 
 04C6                           loc_25: 
 04C6  A2 AA5B                  		mov	ds:data_43e,al 
 04C9  E9 0591 R                		jmp	loc_35 
 04CC                           loc_26: 
 04CC  B0 04                    		mov	al,4 
 04CE  80 3E AA5B 07            		cmp	byte ptr ds:data_43e,7 
 04D3  72 02                    		jb	loc_27			; Jump if below 
 04D5  B0 06                    		mov	al,6 
 04D7                           loc_27: 
 04D7  A2 AA5B                  		mov	ds:data_43e,al 
 04DA  E9 0591 R                		jmp	loc_35 
Microsoft (R) Macro Assembler  Version 4.00                 3/29/26 15:17:01

                                                            Page     1-11
                                                            

 04DD                           loc_28: 
 04DD  BB A4B4                  		mov	bx,0A4B4h 
 04E0  F6 06 AA66 FF            		test	byte ptr ds:data_54e,0FFh 
 04E5  75 03                    		jnz	loc_29			; Jump if not zero 
 04E7  BB A4BB                  		mov	bx,data_19e 
 04EA                           loc_29: 
 04EA  A0 AA67                  		mov	al,ds:data_55e 
 04ED  D7                       		xlat				; al=[al+[bx]] table 
 04EE  0A C0                    		or	al,al			; Zero ? 
 04F0  79 07                    		jns	$+9			; Jump if not sign 
 04F2  24 7F                    		and	al,7Fh 
 04F4  C6 06 AA68 00            		mov	byte ptr ds:data_56e,0 
 04F9  A2 AA5B                  		mov	ds:data_43e,al 
 04FC  FE 06 AA67               		inc	byte ptr ds:data_55e 
 0500  E9 0591 R                		jmp	loc_35 
                                			                        ;* No entry point to code 
 0503  0A 09                    		or	cl,[bx+di] 
 0505  06                       		push	es 
 0506  03 02                    		add	ax,[bp+si] 
 0508  03 82 0203               		add	ax,word ptr ss:[203h][bp+si] 
 050C  03 02                    		add	ax,[bp+si] 
 050E  01 03                    		add	[bp+di],ax 
                                ;*		cmp	dh,6 
 0510  80 FE 06                 				cmp dh,6h			; was: db 082h,0FEh,006h 
 0513  63 AA A0 63 AA 24        		db	 63h,0AAh,0A0h, 63h,0AAh, 24h 
 0519  01 02 06 62 AA A2        		db	 01h, 02h, 06h, 62h,0AAh,0A2h 
 051F  5B AA A0 63 AA 3C        		db	 5Bh,0AAh,0A0h, 63h,0AAh, 3Ch 
 0525  06 72 69 A0 62 AA        		db	 06h, 72h, 69h,0A0h, 62h,0AAh 
 052B  FE C0 A2 5B AA C6        		db	0FEh,0C0h,0A2h, 5Bh,0AAh,0C6h 
 0531  06 57 AA 00 C6 06        		db	 06h, 57h,0AAh, 00h,0C6h, 06h 
 0537  64 AA 00 C6 06 61        		db	 64h,0AAh, 00h,0C6h, 06h, 61h 
 053D  AA 00 C6 06 56 AA        		db	0AAh, 00h,0C6h, 06h, 56h,0AAh 
 0543  FF C6 06 75 FF 36        		db	0FFh,0C6h, 06h, 75h,0FFh, 36h 
 0549  EB                       		db	0EBh 
 054A  46                       		db	46h 
 054B                           loc_31: 
 054B  C6 06 FF75 36            		mov	byte ptr ds:data_63e,36h	; '6' 
 0550  A0 AA57                  		mov	al,ds:data_39e 
 0553  FE C0                    		inc	al 
 0555  3C 04                    		cmp	al,4 
 0557  72 02                    		jb	loc_32			; Jump if below 
 0559  B0 02                    		mov	al,2 
 055B                           loc_32: 
 055B  A2 AA57                  		mov	ds:data_39e,al 
 055E  FE 06 AA64               		inc	byte ptr ds:data_52e 
 0562  A0 AA64                  		mov	al,ds:data_52e 
 0565  3C 0A                    		cmp	al,0Ah 
 0567  72 28                    		jb	loc_35			; Jump if below 
 0569  C6 06 AA56 00            		mov	byte ptr ds:data_38e,0 
 056E  EB 21                    		jmp	short loc_35 
                                 
                                _316TILCL	endp 
                                 
                                ;ﬂﬂﬂﬂﬂﬂﬂﬂﬂﬂﬂﬂﬂﬂﬂﬂﬂﬂﬂﬂﬂﬂﬂﬂﬂﬂﬂﬂﬂﬂﬂﬂﬂﬂﬂﬂﬂﬂﬂﬂﬂﬂﬂﬂﬂﬂﬂﬂﬂﬂﬂﬂﬂﬂﬂﬂﬂﬂﬂﬂﬂﬂﬂﬂﬂﬂﬂﬂﬂﬂﬂﬂﬂﬂ 
                                ;                              SUBROUTINE 
Microsoft (R) Macro Assembler  Version 4.00                 3/29/26 15:17:01

                                                            Page     1-12
                                                            

                                ;‹‹‹‹‹‹‹‹‹‹‹‹‹‹‹‹‹‹‹‹‹‹‹‹‹‹‹‹‹‹‹‹‹‹‹‹‹‹‹‹‹‹‹‹‹‹‹‹‹‹‹‹‹‹‹‹‹‹‹‹‹‹‹‹‹‹‹‹‹‹‹‹‹‹ 
                                 
 0570                           sub_1		proc	near 
 0570  A1 AA3C                  		mov	ax,ds:data_32e 
 0573  48                       		dec	ax 
 0574  BB 000E                  		mov	bx,0Eh 
 0577  2B D8                    		sub	bx,ax 
 0579  F5                       		cmc				; Complement carry 
 057A  73 01                    		jnc	loc_33			; Jump if carry=0 
                                		retn 
 057C  C3                     1                 db     0C3h
 057D                           loc_33: 
 057D  A3 AA3C                  		mov	ds:data_32e,ax 
                                		retn 
 0580  C3                     1                 db     0C3h
                                sub_1		endp 
                                 
                                 
                                ;ﬂﬂﬂﬂﬂﬂﬂﬂﬂﬂﬂﬂﬂﬂﬂﬂﬂﬂﬂﬂﬂﬂﬂﬂﬂﬂﬂﬂﬂﬂﬂﬂﬂﬂﬂﬂﬂﬂﬂﬂﬂﬂﬂﬂﬂﬂﬂﬂﬂﬂﬂﬂﬂﬂﬂﬂﬂﬂﬂﬂﬂﬂﬂﬂﬂﬂﬂﬂﬂﬂﬂﬂﬂﬂ 
                                ;                              SUBROUTINE 
                                ;‹‹‹‹‹‹‹‹‹‹‹‹‹‹‹‹‹‹‹‹‹‹‹‹‹‹‹‹‹‹‹‹‹‹‹‹‹‹‹‹‹‹‹‹‹‹‹‹‹‹‹‹‹‹‹‹‹‹‹‹‹‹‹‹‹‹‹‹‹‹‹‹‹‹ 
                                 
 0581                           sub_2		proc	near 
 0581  A1 AA3C                  		mov	ax,ds:data_32e 
 0584  40                       		inc	ax 
 0585  BB 001E                  		mov	bx,1Eh 
 0588  2B D8                    		sub	bx,ax 
 058A  73 01                    		jnc	loc_34			; Jump if carry=0 
                                		retn 
 058C  C3                     1                 db     0C3h
 058D                           loc_34: 
 058D  A3 AA3C                  		mov	ds:data_32e,ax 
                                		retn 
 0590  C3                     1                 db     0C3h
                                sub_2		endp 
                                 
 0591                           loc_35: 
 0591  0E                       		push	cs 
 0592  07                       		pop	es 
 0593  BF AA69                  		mov	di,data_57e 
 0596  B8 FFFF                  		mov	ax,0FFFFh 
 0599  B9 00A0                  		mov	cx,0A0h 
 059C  F3/ AB                   		rep	stosw			; Rep when cx >0 Store ax to es:[di] 
 059E  C6 06 AA53 00            		mov	byte ptr ds:data_35e,0 
 05A3  C6 06 AA54 01            		mov	byte ptr ds:data_36e,1 
 05A8  8A 1E AA5B               		mov	bl,ds:data_43e 
 05AC  02 DB                    		add	bl,bl 
 05AE  32 FF                    		xor	bh,bh			; Zero register 
 05B0  8B B7 A783               		mov	si,ds:data_20e[bx] 
 05B4  8B AF A810               		mov	bp,ds:data_21e[bx] 
 05B8  B9 000C                  		mov	cx,0Ch 
 05BB  E8 07A7 R                		call	sub_3 
 05BE  C6 06 AA53 0C            		mov	byte ptr ds:data_35e,0Ch 
 05C3  C6 06 AA54 00            		mov	byte ptr ds:data_36e,0 
 05C8  8A 1E AA5C               		mov	bl,ds:data_44e 
Microsoft (R) Macro Assembler  Version 4.00                 3/29/26 15:17:01

                                                            Page     1-13
                                                            

 05CC  80 E3 01                 		and	bl,1 
 05CF  02 DB                    		add	bl,bl 
 05D1  8B B7 A8DE               		mov	si,ds:data_28e[bx] 
 05D5  8B AF A8FD               		mov	bp,ds:data_29e[bx] 
 05D9  B9 000B                  		mov	cx,0Bh 
 05DC  E8 07A7 R                		call	sub_3 
 05DF  C6 06 AA53 09            		mov	byte ptr ds:data_35e,9 
 05E4  C6 06 AA54 06            		mov	byte ptr ds:data_36e,6 
 05E9  8A 1E AA5D               		mov	bl,ds:data_45e 
 05ED  80 E3 03                 		and	bl,3 
 05F0  02 DB                    		add	bl,bl 
 05F2  8B B7 A881               		mov	si,ds:data_24e[bx] 
 05F6  8B AF A89A               		mov	bp,ds:data_25e[bx] 
 05FA  B9 0007                  		mov	cx,7 
 05FD  E8 07A7 R                		call	sub_3 
 0600  C6 06 AA53 11            		mov	byte ptr ds:data_35e,11h 
 0605  C6 06 AA54 06            		mov	byte ptr ds:data_36e,6 
 060A  8A 1E AA5D               		mov	bl,ds:data_45e 
 060E  80 E3 03                 		and	bl,3 
 0611  02 DB                    		add	bl,bl 
 0613  8B B7 A8B7               		mov	si,ds:data_26e[bx] 
 0617  BD A8D7                  		mov	bp,data_27e 
 061A  B9 0007                  		mov	cx,7 
 061D  E8 07A7 R                		call	sub_3 
 0620  C6 06 AA53 19            		mov	byte ptr ds:data_35e,19h 
 0625  C6 06 AA54 08            		mov	byte ptr ds:data_36e,8 
 062A  BE A87A                  		mov	si,data_22e 
 062D  BD A87D                  		mov	bp,data_23e 
 0630  B9 0004                  		mov	cx,4 
 0633  E8 07A7 R                		call	sub_3 
 0636  C6 06 AA59 00            		mov	byte ptr ds:data_41e,0 
 063B  A1 AA3C                  		mov	ax,ds:data_32e 
 063E  8B 36 C010               		mov	si,ds:data_58e 
 0642  BF AA69                  		mov	di,data_57e 
 0645  B9 001D                  		mov	cx,1Dh 
 0648                           loc_36: 
 0648  51                       		push	cx 
 0649  57                       		push	di 
 064A  50                       		push	ax 
 064B  2E: FF 16 6036           		call	word ptr cs:data_16e 
 0650  58                       		pop	ax 
 0651  88 1E AA55               		mov	ds:data_37e,bl 
 0655  72 72                    		jc	loc_40			; Jump if carry Set 
 0657  32 C9                    		xor	cl,cl			; Zero register 
 0659                           loc_37: 
 0659  51                       		push	cx 
 065A  50                       		push	ax 
 065B  80 3D FF                 		cmp	byte ptr [di],0FFh 
 065E  74 5F                    		je	loc_39			; Jump if equal 
 0660  89 04                    		mov	[si],ax 
 0662  A0 AA3E                  		mov	al,ds:data_33e 
 0665  02 C1                    		add	al,cl 
 0667  24 3F                    		and	al,3Fh			; '?' 
 0669  88 44 02                 		mov	[si+2],al 
 066C  A0 AA55                  		mov	al,ds:data_37e 
Microsoft (R) Macro Assembler  Version 4.00                 3/29/26 15:17:01

                                                            Page     1-14
                                                            

 066F  88 44 03                 		mov	[si+3],al 
 0672  8A 05                    		mov	al,[di] 
 0674  8A E0                    		mov	ah,al 
 0676  D0 E8                    		shr	al,1			; Shift w/zeros fill 
 0678  D0 E8                    		shr	al,1			; Shift w/zeros fill 
 067A  D0 E8                    		shr	al,1			; Shift w/zeros fill 
 067C  D0 E8                    		shr	al,1			; Shift w/zeros fill 
 067E  8A 1E FF2E               		mov	bl,ds:data_60e 
 0682  F6 D3                    		not	bl 
 0684  80 E3 80                 		and	bl,80h 
 0687  0A C3                    		or	al,bl 
 0689  88 44 04                 		mov	[si+4],al 
 068C  88 64 06                 		mov	[si+6],ah 
 068F  C6 44 05 00              		mov	byte ptr [si+5],0 
 0693  F6 06 AA5A FF            		test	byte ptr ds:data_42e,0FFh 
 0698  74 04                    		jz	loc_38			; Jump if zero 
 069A  80 4C 05 20              		or	byte ptr [si+5],20h	; ' ' 
 069E                           loc_38: 
 069E  57                       		push	di 
 069F  8B 44 02                 		mov	ax,[si+2] 
 06A2  2E: FF 16 6028           		call	word ptr cs:data_15e 
 06A7  8A 1E AA59               		mov	bl,ds:data_41e 
 06AB  32 FF                    		xor	bh,bh			; Zero register 
 06AD  8A C3                    		mov	al,bl 
 06AF  0C 80                    		or	al,80h 
 06B1  86 05                    		xchg	[di],al 
 06B3  88 87 ED20               		mov	ds:data_59e[bx],al 
 06B7  83 C6 10                 		add	si,10h 
 06BA  FE 06 AA59               		inc	byte ptr ds:data_41e 
 06BE  5F                       		pop	di 
 06BF                           loc_39: 
 06BF  47                       		inc	di 
 06C0  58                       		pop	ax 
 06C1  59                       		pop	cx 
 06C2  FE C1                    		inc	cl 
 06C4  80 F9 0A                 		cmp	cl,0Ah 
 06C7  75 90                    		jne	loc_37			; Jump if not equal 
 06C9                           loc_40: 
 06C9  40                       		inc	ax 
 06CA  5F                       		pop	di 
 06CB  83 C7 0A                 		add	di,0Ah 
 06CE  59                       		pop	cx 
 06CF  E2 02                    		loop	locloop_41		; Loop if cx > 0 
                                 
 06D1  EB 03                    		jmp	short loc_42 
                                 
 06D3                           locloop_41: 
 06D3  E9 0648 R                		jmp	loc_36 
 06D6                           loc_42: 
 06D6  C7 04 FFFF               		mov	word ptr [si],0FFFFh 
 06DA  F6 06 AA56 FF            		test	byte ptr ds:data_38e,0FFh 
 06DF  75 01                    		jnz	loc_43			; Jump if not zero 
                                		retn 
 06E1  C3                     1                 db     0C3h
 06E2                           loc_43: 
Microsoft (R) Macro Assembler  Version 4.00                 3/29/26 15:17:01

                                                            Page     1-15
                                                            

 06E2  BF A917                  		mov	di,0A917h 
 06E5  BD A930                  		mov	bp,0A930h 
 06E8  80 3E AA5B 06            		cmp	byte ptr ds:data_43e,6 
 06ED  72 06                    		jb	loc_44			; Jump if below 
 06EF  BF A96C                  		mov	di,data_30e 
 06F2  BD A985                  		mov	bp,data_31e 
 06F5                           loc_44: 
 06F5  8A 1E AA57               		mov	bl,ds:data_39e 
 06F9  80 E3 03                 		and	bl,3 
 06FC  02 DB                    		add	bl,bl 
 06FE  32 FF                    		xor	bh,bh			; Zero register 
 0700  8B 39                    		mov	di,[bx+di] 
 0702  57                       		push	di 
 0703  8B FD                    		mov	di,bp 
 0705  8B 29                    		mov	bp,[bx+di] 
 0707  5F                       		pop	di 
 0708  A1 AA3C                  		mov	ax,ds:data_32e 
 070B  2D 000A                  		sub	ax,0Ah 
 070E  80 3E AA5B 05            		cmp	byte ptr ds:data_43e,5 
 0713  75 03                    		jne	loc_45			; Jump if not equal 
 0715  05 0004                  		add	ax,4 
 0718                           loc_45: 
 0718  B9 000D                  		mov	cx,0Dh 
 071B                           loc_46: 
 071B  51                       		push	cx 
 071C  50                       		push	ax 
 071D  2E: FF 16 6036           		call	word ptr cs:data_16e 
 0722  58                       		pop	ax 
 0723  88 1E AA55               		mov	ds:data_37e,bl 
 0727  73 0E                    		jnc	loc_49			; Jump if carry=0 
 0729  B9 0008                  		mov	cx,8 
                                 
 072C                           locloop_47: 
 072C  3E: D0 46 00             		rol	byte ptr ds:[bp],1	; Rotate 
 0730  73 01                    		jnc	loc_48			; Jump if carry=0 
 0732  47                       		inc	di 
 0733                           loc_48: 
 0733  E2 F7                    		loop	locloop_47		; Loop if cx > 0 
                                 
 0735  EB 61                    		jmp	short loc_52 
 0737                           loc_49: 
 0737  32 C9                    		xor	cl,cl			; Zero register 
 0739                           loc_50: 
 0739  51                       		push	cx 
 073A  50                       		push	ax 
 073B  3E: D0 46 00             		rol	byte ptr ds:[bp],1	; Rotate 
 073F  73 4E                    		jnc	loc_51			; Jump if carry=0 
 0741  89 04                    		mov	[si],ax 
 0743  A0 AA3E                  		mov	al,ds:data_33e 
 0746  02 C1                    		add	al,cl 
 0748  04 04                    		add	al,4 
 074A  24 3F                    		and	al,3Fh			; '?' 
 074C  88 44 02                 		mov	[si+2],al 
 074F  A0 AA55                  		mov	al,ds:data_37e 
 0752  88 44 03                 		mov	[si+3],al 
Microsoft (R) Macro Assembler  Version 4.00                 3/29/26 15:17:01

                                                            Page     1-16
                                                            

 0755  8A 05                    		mov	al,[di] 
 0757  8A E0                    		mov	ah,al 
 0759  D0 E8                    		shr	al,1			; Shift w/zeros fill 
 075B  D0 E8                    		shr	al,1			; Shift w/zeros fill 
 075D  D0 E8                    		shr	al,1			; Shift w/zeros fill 
 075F  D0 E8                    		shr	al,1			; Shift w/zeros fill 
 0761  0C 20                    		or	al,20h			; ' ' 
 0763  88 44 04                 		mov	[si+4],al 
 0766  88 64 06                 		mov	[si+6],ah 
 0769  C6 44 05 00              		mov	byte ptr [si+5],0 
 076D  57                       		push	di 
 076E  8B 44 02                 		mov	ax,[si+2] 
 0771  2E: FF 16 6028           		call	word ptr cs:data_15e 
 0776  8A 1E AA59               		mov	bl,ds:data_41e 
 077A  32 FF                    		xor	bh,bh			; Zero register 
 077C  8A C3                    		mov	al,bl 
 077E  0C 80                    		or	al,80h 
 0780  86 05                    		xchg	[di],al 
 0782  88 87 ED20               		mov	ds:data_59e[bx],al 
 0786  83 C6 10                 		add	si,10h 
 0789  FE 06 AA59               		inc	byte ptr ds:data_41e 
 078D  5F                       		pop	di 
 078E  47                       		inc	di 
 078F                           loc_51: 
 078F  58                       		pop	ax 
 0790  59                       		pop	cx 
 0791  FE C1                    		inc	cl 
 0793  80 F9 08                 		cmp	cl,8 
 0796  75 A1                    		jne	loc_50			; Jump if not equal 
 0798                           loc_52: 
 0798  40                       		inc	ax 
 0799  45                       		inc	bp 
 079A  59                       		pop	cx 
 079B  E2 02                    		loop	locloop_53		; Loop if cx > 0 
                                 
 079D  EB 03                    		jmp	short loc_54 
                                 
 079F                           locloop_53: 
 079F  E9 071B R                		jmp	loc_46 
 07A2                           loc_54: 
 07A2  C7 04 FFFF               		mov	word ptr [si],0FFFFh 
                                		retn 
 07A6  C3                     1                 db     0C3h
                                 
                                ;ﬂﬂﬂﬂﬂﬂﬂﬂﬂﬂﬂﬂﬂﬂﬂﬂﬂﬂﬂﬂﬂﬂﬂﬂﬂﬂﬂﬂﬂﬂﬂﬂﬂﬂﬂﬂﬂﬂﬂﬂﬂﬂﬂﬂﬂﬂﬂﬂﬂﬂﬂﬂﬂﬂﬂﬂﬂﬂﬂﬂﬂﬂﬂﬂﬂﬂﬂﬂﬂﬂﬂﬂﬂﬂ 
                                ;                              SUBROUTINE 
                                ;‹‹‹‹‹‹‹‹‹‹‹‹‹‹‹‹‹‹‹‹‹‹‹‹‹‹‹‹‹‹‹‹‹‹‹‹‹‹‹‹‹‹‹‹‹‹‹‹‹‹‹‹‹‹‹‹‹‹‹‹‹‹‹‹‹‹‹‹‹‹‹‹‹‹ 
                                 
 07A7                           sub_3		proc	near 
 07A7  A0 AA53                  		mov	al,ds:data_35e 
 07AA  B3 0A                    		mov	bl,0Ah 
 07AC  F6 E3                    		mul	bl			; ax = reg * al 
 07AE  8A 1E AA54               		mov	bl,ds:data_36e 
 07B2  32 FF                    		xor	bh,bh			; Zero register 
 07B4  03 C3                    		add	ax,bx 
Microsoft (R) Macro Assembler  Version 4.00                 3/29/26 15:17:01

                                                            Page     1-17
                                                            

 07B6  05 AA69                  		add	ax,0AA69h 
 07B9  8B F8                    		mov	di,ax 
                                 
 07BB                           locloop_55: 
 07BB  51                       		push	cx 
 07BC  B9 0008                  		mov	cx,8 
                                 
 07BF                           locloop_56: 
 07BF  3E: D0 46 00             		rol	byte ptr ds:[bp],1	; Rotate 
 07C3  73 03                    		jnc	loc_57			; Jump if carry=0 
 07C5  AC                       		lodsb				; String [si] to al 
 07C6  88 05                    		mov	[di],al 
 07C8                           loc_57: 
 07C8  47                       		inc	di 
 07C9  E2 F4                    		loop	locloop_56		; Loop if cx > 0 
                                 
 07CB  47                       		inc	di 
 07CC  47                       		inc	di 
 07CD  45                       		inc	bp 
 07CE  59                       		pop	cx 
 07CF  E2 EA                    		loop	locloop_55		; Loop if cx > 0 
                                 
                                		retn 
 07D1  C3                     1                 db     0C3h
                                sub_3		endp 
                                 
                                			                        ;* No entry point to code 
 07D2  99                       		cwd				; Word to double word 
 07D3  A7                       		cmpsw				; Cmp [si] to es:[di] 
 07D4  AF                       		scasw				; Scan es:[di] for ax 
 07D5  A7                       		cmpsw				; Cmp [si] to es:[di] 
 07D6  A4                       		movsb				; Mov [si] to es:[di] 
 07D7  A7                       		cmpsw				; Cmp [si] to es:[di] 
 07D8  BA C5A7                  		mov	dx,0C5A7h 
 07DB  A7                       		cmpsw				; Cmp [si] to es:[di] 
 07DC  CF                       		iret				; Interrupt return 
                                			                        ;* No entry point to code 
 07DD  A7                       		cmpsw				; Cmp [si] to es:[di] 
 07DE  DA A7 E4 A7 FA A7        		db	0DAh,0A7h,0E4h,0A7h,0FAh,0A7h 
 07E4  EF A7 05 A8 00 02        		db	0EFh,0A7h, 05h,0A8h, 00h, 02h 
 07EA  01 10 11 12 13 14        		db	 01h, 10h, 11h, 12h, 13h, 14h 
 07F0  15 17 16 00 02 06        		db	 15h, 17h, 16h, 00h, 02h, 06h 
 07F6  10 11 12 13 14 15        		db	 10h, 11h, 12h, 13h, 14h, 15h 
 07FC  17 16 00 03 01 2E        		db	 17h, 16h, 00h, 03h, 01h, 2Eh 
 0802  11 12 13 14 15 17        		db	 11h, 12h, 13h, 14h, 15h, 17h 
 0808  16 00 03 06 2E 11        		db	 16h, 00h, 03h, 06h, 2Eh, 11h 
 080E  12 13 14 15 17 16        		db	 12h, 13h, 14h, 15h, 17h, 16h 
 0814  05 04 19 18 13 1A        		db	 05h, 04h, 19h, 18h, 13h, 1Ah 
 081A  14 15 17 16 07 04        		db	 14h, 15h, 17h, 16h, 07h, 04h 
 0820  76 77 18 13 1A 14        		db	 76h, 77h, 18h, 13h, 1Ah, 14h 
 0826  15 17 16 05 04 1C        		db	 15h, 17h, 16h, 05h, 04h, 1Ch 
 082C  1B 1D 1E 1F 20 22        		db	 1Bh, 1Dh, 1Eh, 1Fh, 20h, 22h 
 0832  16 00 02 01              		db	 16h, 00h, 02h, 01h 
 0836  23 24                    		db	'#$' 
 0838  25 26 27 28 29 21        		db	'%&', 27h, '()!' 
Microsoft (R) Macro Assembler  Version 4.00                 3/29/26 15:17:01

                                                            Page     1-18
                                                            

 083E  00 02 06                 		db	0, 2, 6 
 0841  23 24                    		db	'#$' 
 0843  25 26 27 28 29 21        		db	'%&', 27h, '()!' 
 0849  00 03 01                 		db	0, 3, 1 
 084C  2A 24                    		db	'*$' 
 084E  25 26 27 28 29 21        		db	'%&', 27h, '()!' 
 0854  00 03 06                 		db	0, 3, 6 
 0857  2A 24                    		db	'*$' 
 0859  25 26 27 28 29 21 26     		db	'%&', 27h, '()!&' 
                                
 0860  A8 32 A8 26 A8 32        		db	0A8h, 32h,0A8h, 26h,0A8h, 32h 
 0866  A8 3E A8 4A A8 56        		db	0A8h, 3Eh,0A8h, 4Ah,0A8h, 56h 
 086C  A8 62 A8 6E A8 62        		db	0A8h, 62h,0A8h, 6Eh,0A8h, 62h 
 0872  A8 6E A8 00 00 00        		db	0A8h, 6Eh,0A8h, 00h, 00h, 00h 
 0878  80 40 80 20 80 50        		db	 80h, 40h, 80h, 20h, 80h, 50h 
 087E  16 00 04 00 00 00        		db	 16h, 00h, 04h, 00h, 00h, 00h 
 0884  80 20 80 20 80 50        		db	 80h, 20h, 80h, 20h, 80h, 50h 
 088A  16 00 04 00 00 00        		db	 16h, 00h, 04h, 00h, 00h, 00h 
 0890  00 00 20 80 20 90        		db	 00h, 00h, 20h, 80h, 20h, 90h 
 0896  36 00 04 00 00 00        		db	 36h, 00h, 04h, 00h, 00h, 00h 
 089C  00 00 20 80 30 90        		db	 00h, 00h, 20h, 80h, 30h, 90h 
 08A2  36 00 04 00 00 08        		db	 36h, 00h, 04h, 00h, 00h, 08h 
 08A8  20 10 20 10 00 18        		db	 20h, 10h, 20h, 10h, 00h, 18h 
 08AE  0A 00 04 08 04 08        		db	 0Ah, 00h, 04h, 08h, 04h, 08h 
 08B4  04 08 04 08 04 00        		db	 04h, 08h, 04h, 08h, 04h, 00h 
 08BA  06 00 04 08 02 08        		db	 06h, 00h, 04h, 08h, 02h, 08h 
 08C0  04 08 04 08 04 00        		db	 04h, 08h, 04h, 08h, 04h, 00h 
 08C6  06 00 04 2B 2C 2D        		db	 06h, 00h, 04h, 2Bh, 2Ch, 2Dh 
 08CC  80 00 80 80 89 A8        		db	 80h, 00h, 80h, 80h, 89h,0A8h 
 08D2  8F A8 95 A8 8F A8        		db	 8Fh,0A8h, 95h,0A8h, 8Fh,0A8h 
 08D8  50 51 52 54 53 55 56     		db	'PQRTSUVWXZY[\]_^`' 
       57 58 5A 59 5B 5C 5D     
       5F 5E 60                 
 08E9  A2 A8 A9 A8 B0 A8        		db	0A2h,0A8h,0A9h,0A8h,0B0h,0A8h 
 08EF  A9 A8 20 00 20 00        		db	0A9h,0A8h, 20h, 00h, 20h, 00h 
 08F5  A0 00 A0 00 20 20        		db	0A0h, 00h,0A0h, 00h, 20h, 20h 
 08FB  00 A0 00 A0 00 00        		db	 00h,0A0h, 00h,0A0h, 00h, 00h 
 0901  20 00 A0 00 A0 BF        		db	 20h, 00h,0A0h, 00h,0A0h,0BFh 
 0907  A8 C7 A8 CF A8 C7        		db	0A8h,0C7h,0A8h,0CFh,0A8h,0C7h 
 090D  A8                       		db	0A8h 
 090E  75 62 63 64 73 65 74     		db	'ubcdsetfugcisjthaklpsqtr' 
       66 75 67 63 69 73 6A     
       74 68 61 6B 6C 70 73     
       71 74 72                 
 0926  A0 00 A0 00 A0 00        		db	0A0h, 00h,0A0h, 00h,0A0h, 00h 
 092C  A0 E2 A8 F1 A8           		db	0A0h,0E2h,0A8h,0F1h,0A8h 
 0931  36 35 37 3C 30 38 3D     		db	'657<08=19>2:;34@AFBGJCHKIDE' 
       31 39 3E 32 3A 3B 33     
       34 40 41 46 42 47 4A     
       43 48 4B 49 44 45        
 094C  01 A9 0C A9 10 40        		db	 01h,0A9h, 0Ch,0A9h, 10h, 40h 
 0952  28 80 28 80 28 80        		db	 28h, 80h, 28h, 80h, 28h, 80h 
 0958  30 80 80 10 00 28        		db	 30h, 80h, 80h, 10h, 00h, 28h 
 095E  00 58 00 58 10 40        		db	 00h, 58h, 00h, 58h, 10h, 40h 
 0964  00 40 1F A9 20 A9        		db	 00h, 40h, 1Fh,0A9h, 20h,0A9h 
Microsoft (R) Macro Assembler  Version 4.00                 3/29/26 15:17:01

                                                            Page     1-19
                                                            

 096A  23 A9 2A A9 80 83        		db	 23h,0A9h, 2Ah,0A9h, 80h, 83h 
 0970  82 81 8A 89 86 87        		db	 82h, 81h, 8Ah, 89h, 86h, 87h 
 0976  85 88 84 8D 8E 8C        		db	 85h, 88h, 84h, 8Dh, 8Eh, 8Ch 
 097C  8F 8B 81 38 A9 45        		db	 8Fh, 8Bh, 81h, 38h,0A9h, 45h 
 0982  A9 52 A9 5F A9           		db	0A9h, 52h,0A9h, 5Fh,0A9h 
 0987  000C[                    		db	12 dup (0) 
            00                  
                         ]      
                                
 0993  80 00 00                 		db	 80h, 00h, 00h 
 0996  0007[                    		db	7 dup (0) 
            00                  
                         ]      
                                
 099D  10 00 40 80 00 00        		db	 10h, 00h, 40h, 80h, 00h, 00h 
 09A3  00 00 00 08 00 08        		db	 00h, 00h, 00h, 08h, 00h, 08h 
 09A9  00 18 20 08 80 00        		db	 00h, 18h, 20h, 08h, 80h, 00h 
 09AF  00 00 00 00 08 00        		db	 00h, 00h, 00h, 00h, 08h, 00h 
 09B5  08 10 08 20 00 80        		db	 08h, 10h, 08h, 20h, 00h, 80h 
 09BB  74 A9 76 A9 79 A9        		db	 74h,0A9h, 76h,0A9h, 79h,0A9h 
 09C1  7F A9 90 91 92 93        		db	 7Fh,0A9h, 90h, 91h, 92h, 93h 
 09C7  94 95 96 97 98 96        		db	 94h, 95h, 96h, 97h, 98h, 96h 
 09CD  99 9A 9B 9B 9C 9B        		db	 99h, 9Ah, 9Bh, 9Bh, 9Ch, 9Bh 
 09D3  9D 8D A9 9A A9 A7        		db	 9Dh, 8Dh,0A9h, 9Ah,0A9h,0A7h 
 09D9  A9 A7 A9                 		db	0A9h,0A7h,0A9h 
 09DC  0008[                    		db	8 dup (0) 
            00                  
                         ]      
                                
 09E4  20 20                    		db	 20h, 20h 
 09E6  0008[                    		db	8 dup (0) 
            00                  
                         ]      
                                
 09EE  20 00 20 00 20 00        		db	 20h, 00h, 20h, 00h, 20h, 00h 
 09F4  00 00 20 20 00 20        		db	 00h, 00h, 20h, 20h, 00h, 20h 
 09FA  00 20 00 20 00 20        		db	 00h, 20h, 00h, 20h, 00h, 20h 
 0A00  00 00 00                 		db	 00h, 00h, 00h 
                                 
                                ;ﬂﬂﬂﬂﬂﬂﬂﬂﬂﬂﬂﬂﬂﬂﬂﬂﬂﬂﬂﬂﬂﬂﬂﬂﬂﬂﬂﬂﬂﬂﬂﬂﬂﬂﬂﬂﬂﬂﬂﬂﬂﬂﬂﬂﬂﬂﬂﬂﬂﬂﬂﬂﬂﬂﬂﬂﬂﬂﬂﬂﬂﬂﬂﬂﬂﬂﬂﬂﬂﬂﬂﬂﬂﬂ 
                                ;                              SUBROUTINE 
                                ;‹‹‹‹‹‹‹‹‹‹‹‹‹‹‹‹‹‹‹‹‹‹‹‹‹‹‹‹‹‹‹‹‹‹‹‹‹‹‹‹‹‹‹‹‹‹‹‹‹‹‹‹‹‹‹‹‹‹‹‹‹‹‹‹‹‹‹‹‹‹‹‹‹‹ 
                                 
 0A03                           sub_4		proc	near 
 0A03  A1 AA3F                  		mov	ax,ds:data_34e 
 0A06  2B C3                    		sub	ax,bx 
 0A08  73 02                    		jnc	loc_58			; Jump if carry=0 
 0A0A  33 C0                    		xor	ax,ax			; Zero register 
 0A0C                           loc_58: 
 0A0C  A3 AA3F                  		mov	ds:data_34e,ax 
 0A0F  8B D8                    		mov	bx,ax 
 0A11  50                       		push	ax 
 0A12  2E: FF 16 200C           		call	word ptr cs:data_14e 
 0A17  58                       		pop	ax 
 0A18  0B C0                    		or	ax,ax			; Zero ? 
Microsoft (R) Macro Assembler  Version 4.00                 3/29/26 15:17:01

                                                            Page     1-20
                                                            

 0A1A  74 01                    		jz	loc_59			; Jump if zero 
                                		retn 
 0A1C  C3                     1                 db     0C3h
 0A1D                           loc_59: 
 0A1D  C6 06 AA58 00            		mov	byte ptr ds:data_40e,0 
 0A22  C6 06 FF2E FF            		mov	byte ptr ds:data_60e,0FFh 
 0A27  C6 06 AA58 00            		mov	byte ptr ds:data_40e,0 
 0A2C  C6 06 AA65 00            		mov	byte ptr ds:data_53e,0 
 0A31  C6 06 AA67 00            		mov	byte ptr ds:data_55e,0 
 0A36  C6 06 AA56 00            		mov	byte ptr ds:data_38e,0 
 0A3B  C6 06 AA61 00            		mov	byte ptr ds:data_49e,0 
                                		retn 
 0A40  C3                     1                 db     0C3h
                                sub_4		endp 
                                 
 0A41                           loc_60: 
 0A41  80 3E AA58 28            		cmp	byte ptr ds:data_40e,28h	; '(' 
 0A46  73 3D                    		jae	loc_63			; Jump if above or = 
 0A48  C6 06 FF2F FF            		mov	byte ptr ds:data_61e,0FFh 
 0A4D  FE 06 AA58               		inc	byte ptr ds:data_40e 
 0A51  80 3E AA58 1E            		cmp	byte ptr ds:data_40e,1Eh 
 0A56  73 20                    		jae	loc_62			; Jump if above or = 
 0A58  FE 06 AA5C               		inc	byte ptr ds:data_44e 
 0A5C  A0 AA5C                  		mov	al,ds:data_44e 
 0A5F  24 01                    		and	al,1 
 0A61  04 02                    		add	al,2 
 0A63  A2 AA5B                  		mov	ds:data_43e,al 
 0A66  A0 AA5C                  		mov	al,ds:data_44e 
 0A69  24 03                    		and	al,3 
 0A6B  74 03                    		jz	loc_61			; Jump if zero 
 0A6D  E9 0591 R                		jmp	loc_35 
 0A70                           loc_61: 
 0A70  C6 06 FF75 37            		mov	byte ptr ds:data_63e,37h	; '7' 
 0A75  E9 0591 R                		jmp	loc_35 
 0A78                           loc_62: 
 0A78  C6 06 AA5C 01            		mov	byte ptr ds:data_44e,1 
 0A7D  C6 06 AA5B 0A            		mov	byte ptr ds:data_43e,0Ah 
 0A82  E9 0591 R                		jmp	loc_35 
 0A85                           loc_63: 
 0A85  C6 06 FF30 FF            		mov	byte ptr ds:data_62e,0FFh 
                                		retn 
 0A8A  C3                     1                 db     0C3h
                                			                        ;* No entry point to code 
 0A8B  1E                       		push	ds 
 0A8C  00 08                    		add	[bx+si],cl 
 0A8E  20 03                    		and	[bp+di],al 
                                ;*		loopnz	locloop_64		;*Loop if zf=0, cx>0 
                                 
 0A90  E0 00                    				loopne 0A75h			; was: db 0E0h,02Eh 
316TILCL.asm(922) : error 56: No immediate mode 
 0A92  05 4900                  		add	ax,4900h 
 0A95  AA                       		stosb				; Store al to es:[di] 
 0A96  C4 09                    		les	cx,dword ptr [bx+di]	; Load seg:offset ptr 
 0A98  11 BB 0600               		adc	word ptr ss:[600h][bp+di],di 
 0A9C  44                       		inc	sp 
Microsoft (R) Macro Assembler  Version 4.00                 3/29/26 15:17:01

                                                            Page     1-21
                                                            

                                ;*		jc	loc_65			;*Jump if carry Set 
 0A9D  72 00                    				jc 0AB5h			; was: db 072h,061h 
316TILCL.asm(929) : error 56: No immediate mode 
 0A9F  67 6F 6E                 		db	 67h, 6Fh, 6Eh 
 0AA2  0156[                    		db	342 dup (0) 
            00                  
                         ]      
                                
                                 
 0BF8                           seg_a		ends 
                                 
                                 
                                 
                                		end	start 

Microsoft (R) Macro Assembler  Version 4.00                 3/29/26 15:17:01

                                                            Symbols-1
                                                             

Macros:

		N a m e			Lines

CALLF  . . . . . . . . . . . . .  	   2
CALLFX . . . . . . . . . . . . .  	   3
JMPN . . . . . . . . . . . . . .  	   2
MOVSEG . . . . . . . . . . . . .  	  43
RETF . . . . . . . . . . . . . .  	   6
RETN . . . . . . . . . . . . . .  	   6

Segments and Groups:

                N a m e         	Size	Align	Combine Class

SEG_A  . . . . . . . . . . . . .  	0BF8	BYTE	PUBLIC	

Symbols:            

                N a m e         	Type	Value	Attr         

DATA_14E . . . . . . . . . . . .  	Number	200C	
DATA_15E . . . . . . . . . . . .  	Number	6028	
DATA_16E . . . . . . . . . . . .  	Number	6036	
DATA_17E . . . . . . . . . . . .  	Number	6038	
DATA_18E . . . . . . . . . . . .  	Number	8000	
DATA_19E . . . . . . . . . . . .  	Number	A4BB	
DATA_20E . . . . . . . . . . . .  	Number	A783	
DATA_21E . . . . . . . . . . . .  	Number	A810	
DATA_22E . . . . . . . . . . . .  	Number	A87A	
DATA_23E . . . . . . . . . . . .  	Number	A87D	
DATA_24E . . . . . . . . . . . .  	Number	A881	
DATA_25E . . . . . . . . . . . .  	Number	A89A	
DATA_26E . . . . . . . . . . . .  	Number	A8B7	
DATA_27E . . . . . . . . . . . .  	Number	A8D7	
DATA_28E . . . . . . . . . . . .  	Number	A8DE	
DATA_29E . . . . . . . . . . . .  	Number	A8FD	
DATA_3 . . . . . . . . . . . . .  	L BYTE 	0075	SEG_A
DATA_30E . . . . . . . . . . . .  	Number	A96C	
DATA_31E . . . . . . . . . . . .  	Number	A985	
DATA_32E . . . . . . . . . . . .  	Number	AA3C	
DATA_33E . . . . . . . . . . . .  	Number	AA3E	
DATA_34E . . . . . . . . . . . .  	Number	AA3F	
DATA_35E . . . . . . . . . . . .  	Number	AA53	
DATA_36E . . . . . . . . . . . .  	Number	AA54	
DATA_37E . . . . . . . . . . . .  	Number	AA55	
DATA_38E . . . . . . . . . . . .  	Number	AA56	
DATA_39E . . . . . . . . . . . .  	Number	AA57	
DATA_4 . . . . . . . . . . . . .  	L BYTE 	0080	SEG_A
DATA_40E . . . . . . . . . . . .  	Number	AA58	
DATA_41E . . . . . . . . . . . .  	Number	AA59	
DATA_42E . . . . . . . . . . . .  	Number	AA5A	
DATA_43E . . . . . . . . . . . .  	Number	AA5B	
DATA_44E . . . . . . . . . . . .  	Number	AA5C	
DATA_45E . . . . . . . . . . . .  	Number	AA5D	
Microsoft (R) Macro Assembler  Version 4.00                 3/29/26 15:17:01

                                                            Symbols-2
                                                             

DATA_46E . . . . . . . . . . . .  	Number	AA5E	
DATA_47E . . . . . . . . . . . .  	Number	AA5F	
DATA_48E . . . . . . . . . . . .  	Number	AA60	
DATA_49E . . . . . . . . . . . .  	Number	AA61	
DATA_5 . . . . . . . . . . . . .  	L BYTE 	009C	SEG_A
DATA_50E . . . . . . . . . . . .  	Number	AA62	
DATA_51E . . . . . . . . . . . .  	Number	AA63	
DATA_52E . . . . . . . . . . . .  	Number	AA64	
DATA_53E . . . . . . . . . . . .  	Number	AA65	
DATA_54E . . . . . . . . . . . .  	Number	AA66	
DATA_55E . . . . . . . . . . . .  	Number	AA67	
DATA_56E . . . . . . . . . . . .  	Number	AA68	
DATA_57E . . . . . . . . . . . .  	Number	AA69	
DATA_58E . . . . . . . . . . . .  	Number	C010	
DATA_59E . . . . . . . . . . . .  	Number	ED20	
DATA_6 . . . . . . . . . . . . .  	L BYTE 	00AD	SEG_A
DATA_60E . . . . . . . . . . . .  	Number	FF2E	
DATA_61E . . . . . . . . . . . .  	Number	FF2F	
DATA_62E . . . . . . . . . . . .  	Number	FF30	
DATA_63E . . . . . . . . . . . .  	Number	FF75	
DATA_7 . . . . . . . . . . . . .  	L WORD 	0118	SEG_A

LOCLOOP_41 . . . . . . . . . . .  	L NEAR	06D3	SEG_A
LOCLOOP_47 . . . . . . . . . . .  	L NEAR	072C	SEG_A
LOCLOOP_53 . . . . . . . . . . .  	L NEAR	079F	SEG_A
LOCLOOP_55 . . . . . . . . . . .  	L NEAR	07BB	SEG_A
LOCLOOP_56 . . . . . . . . . . .  	L NEAR	07BF	SEG_A
LOC_1  . . . . . . . . . . . . .  	L NEAR	009E	SEG_A
LOC_10 . . . . . . . . . . . . .  	L NEAR	0367	SEG_A
LOC_11 . . . . . . . . . . . . .  	L NEAR	0379	SEG_A
LOC_12 . . . . . . . . . . . . .  	L NEAR	0383	SEG_A
LOC_13 . . . . . . . . . . . . .  	L NEAR	03B7	SEG_A
LOC_14 . . . . . . . . . . . . .  	L NEAR	03BC	SEG_A
LOC_15 . . . . . . . . . . . . .  	L NEAR	03C6	SEG_A
LOC_16 . . . . . . . . . . . . .  	L NEAR	03D4	SEG_A
LOC_17 . . . . . . . . . . . . .  	L NEAR	03DF	SEG_A
LOC_18 . . . . . . . . . . . . .  	L NEAR	03F8	SEG_A
LOC_19 . . . . . . . . . . . . .  	L NEAR	0405	SEG_A
LOC_2  . . . . . . . . . . . . .  	L NEAR	00F4	SEG_A
LOC_20 . . . . . . . . . . . . .  	L NEAR	0413	SEG_A
LOC_21 . . . . . . . . . . . . .  	L NEAR	0438	SEG_A
LOC_22 . . . . . . . . . . . . .  	L NEAR	044B	SEG_A
LOC_23 . . . . . . . . . . . . .  	L NEAR	04AD	SEG_A
LOC_24 . . . . . . . . . . . . .  	L NEAR	04B3	SEG_A
LOC_25 . . . . . . . . . . . . .  	L NEAR	04C6	SEG_A
LOC_26 . . . . . . . . . . . . .  	L NEAR	04CC	SEG_A
LOC_27 . . . . . . . . . . . . .  	L NEAR	04D7	SEG_A
LOC_28 . . . . . . . . . . . . .  	L NEAR	04DD	SEG_A
LOC_29 . . . . . . . . . . . . .  	L NEAR	04EA	SEG_A
LOC_31 . . . . . . . . . . . . .  	L NEAR	054B	SEG_A
LOC_32 . . . . . . . . . . . . .  	L NEAR	055B	SEG_A
LOC_33 . . . . . . . . . . . . .  	L NEAR	057D	SEG_A
LOC_34 . . . . . . . . . . . . .  	L NEAR	058D	SEG_A
LOC_35 . . . . . . . . . . . . .  	L NEAR	0591	SEG_A
LOC_36 . . . . . . . . . . . . .  	L NEAR	0648	SEG_A
Microsoft (R) Macro Assembler  Version 4.00                 3/29/26 15:17:01

                                                            Symbols-3
                                                             

LOC_37 . . . . . . . . . . . . .  	L NEAR	0659	SEG_A
LOC_38 . . . . . . . . . . . . .  	L NEAR	069E	SEG_A
LOC_39 . . . . . . . . . . . . .  	L NEAR	06BF	SEG_A
LOC_40 . . . . . . . . . . . . .  	L NEAR	06C9	SEG_A
LOC_42 . . . . . . . . . . . . .  	L NEAR	06D6	SEG_A
LOC_43 . . . . . . . . . . . . .  	L NEAR	06E2	SEG_A
LOC_44 . . . . . . . . . . . . .  	L NEAR	06F5	SEG_A
LOC_45 . . . . . . . . . . . . .  	L NEAR	0718	SEG_A
LOC_46 . . . . . . . . . . . . .  	L NEAR	071B	SEG_A
LOC_48 . . . . . . . . . . . . .  	L NEAR	0733	SEG_A
LOC_49 . . . . . . . . . . . . .  	L NEAR	0737	SEG_A
LOC_5  . . . . . . . . . . . . .  	L NEAR	011E	SEG_A
LOC_50 . . . . . . . . . . . . .  	L NEAR	0739	SEG_A
LOC_51 . . . . . . . . . . . . .  	L NEAR	078F	SEG_A
LOC_52 . . . . . . . . . . . . .  	L NEAR	0798	SEG_A
LOC_54 . . . . . . . . . . . . .  	L NEAR	07A2	SEG_A
LOC_57 . . . . . . . . . . . . .  	L NEAR	07C8	SEG_A
LOC_58 . . . . . . . . . . . . .  	L NEAR	0A0C	SEG_A
LOC_59 . . . . . . . . . . . . .  	L NEAR	0A1D	SEG_A
LOC_6  . . . . . . . . . . . . .  	L NEAR	02ED	SEG_A
LOC_60 . . . . . . . . . . . . .  	L NEAR	0A41	SEG_A
LOC_61 . . . . . . . . . . . . .  	L NEAR	0A70	SEG_A
LOC_62 . . . . . . . . . . . . .  	L NEAR	0A78	SEG_A
LOC_63 . . . . . . . . . . . . .  	L NEAR	0A85	SEG_A
LOC_7  . . . . . . . . . . . . .  	L NEAR	032C	SEG_A
LOC_8  . . . . . . . . . . . . .  	L NEAR	032F	SEG_A
LOC_9  . . . . . . . . . . . . .  	L NEAR	0338	SEG_A

START  . . . . . . . . . . . . .  	L NEAR	0000	SEG_A
SUB_1  . . . . . . . . . . . . .  	N PROC	0570	SEG_A	Length = 0011
SUB_2  . . . . . . . . . . . . .  	N PROC	0581	SEG_A	Length = 0010
SUB_3  . . . . . . . . . . . . .  	N PROC	07A7	SEG_A	Length = 002B
SUB_4  . . . . . . . . . . . . .  	N PROC	0A03	SEG_A	Length = 003E

TARGET . . . . . . . . . . . . .  	Number	4D34	

_316TILCL  . . . . . . . . . . .  	F PROC	0000	SEG_A	Length = 0570


   1085 Source  Lines
   1146 Total   Lines
    150 Symbols

  45738 Bytes symbol space free

      0 Warning Errors
      4 Severe  Errors
