Turbo Assembler	 Version 2.01	     03/22/26 12:38:36	    Page 1
322ENBHV.asm



      1
      2
      3				     ;лллллллллллллллллллллллллллллллллллллллллллллллллллллллллллллллллллллллллл
      4				     ;лл								      лл
      5				     ;лл			     ZR3_22				      лл
      6				     ;лл								      лл
      7				     ;лл      Created:	 16-Feb-26					      лл
      8				     ;лл      Code type: zero start					      лл
      9				     ;лл      Passes:	 9	    Analysis Options on: none		      лл
     10				     ;лл								      лл
     11				     ;лллллллллллллллллллллллллллллллллллллллллллллллллллллллллллллллллллллллллл
     12
     13	      =	5432		     target	     EQU   'T2'			     ; Target assembler: TASM-2.X
     14
     15				     include  srmacros.inc
1    16
1    17				     ; Macros which may	be required for	proper re-assembly
1    18
1    19
1    20
1    21
1    22
1    23				     ;-----------------------------------------------------------------------------
1    24				     ; Some assemblers,	like TASM, check each far call and jump, to see	if it is
1    25				     ; in the same segment.  If	so, rather than	produce	the standard five byte far
1    26				     ; instruction it uses a near jump or call.
1    27
1    28				     calls	     macro   dummy1, dummy2, slocation
1    29						     db	     9Ah		     ; forced call far instruction
1    30						     dw	     offset slocation, seg slocation
1    31				     endm
1    32
1    33				     jmps	     macro   dummy1, dummy2, jlocation
1    34						     db	     0EAh		     ; forced jump far instruction
1    35						     dw	     offset jlocation, seg jlocation
1    36				     endm
1    37
1    38
1    39
1    40
1    41				     ;-----------------------------------------------------------------------------
1    42				     ;	Some compilers and some	assemblers will	code a call that goes to a far
1    43				     ;	subroutine in the same segment as:
1    44				     ;
1    45				     ;		     PUSH    CS
1    46				     ;		     CALL    near
1    47				     ;
1    48				     ;	This saves one byte, and is slightly faster.  If the assembler you are
1    49				     ;	using (i.e. MASM, Optasm) does not do this automatically, the following
1    50				     ;	macros are used	to code	the same information.  In other	words, the binary
1    51				     ;	file has "PUSH CS, CALL	near", and Sourcer ensures the same instructions
1    52				     ;	are used!  (macro CALLF)
1    53				     ;
1    54
Turbo Assembler	 Version 2.01	     03/22/26 12:38:36	    Page 2
322ENBHV.asm



1    55				     callf	     macro   location
1    56						     push    cs
1    57						     call    near ptr location
1    58				     endm
1    59
1    60				     ;	Some compilers generate	an unnecessary DS override on the call instruction
1    61				     ;	when compacting	the CALLF type function.  Macro	CALLFX handles this case.
1    62
1    63				     callfx	     macro   location
1    64						     push    cs
1    65						     db	     3Eh
1    66						     call    near ptr location
1    67				     endm
1    68
1    69
1    70				     ;-----------------------------------------------------------------------------
1    71				     ;	Some compilers and some	assemblers will	code a near call that is the
1    72				     ;	selected assembler will	convert	to a short jump	to save	a byte.	 This
1    73				     ;	reconstructs a near jump for these cases.
1    74
1    75				     jmpn	     macro   location
1    76						     db	     0E9h
1    77						     dw	     offset location-$-2
1    78				     endm
1    79
1    80
1    81
     82
     83
     84	0000			     seg_a	     segment byte public
     85						     assume  cs:seg_a, ds:seg_a
     86
     87
     88						     org     0
     89
     90	0000			     zr3_22	     proc    far
     91
     92	0000			     start:
     93	0000  B6 1B				     mov     dh,1Bh
     94	0002  00 00				     add     [bx+si],al
     95	0004  2F				     das			     ; Decimal adjust
     96	0005  D8 E0 00 F5 D6 06			     db	     0D8h,0E0h,	00h,0F5h,0D6h, 06h
     97	000B  D7 08 D7 57 D7 A1			     db	     0D7h, 08h,0D7h, 57h,0D7h,0A1h
     98	0011  D7 1A D8 34 D8 02			     db	     0D7h, 1Ah,0D8h, 34h,0D8h, 02h
     99	0017  AB 00 37 0A 2D D7			     db	     0ABh, 00h,	37h, 0Ah, 2Dh,0D7h
    100	001D  F5 D6 81 C4 C8 49			     db	     0F5h,0D6h,	81h,0C4h,0C8h, 49h
    101	0023  CD 87 C5 69 C8 CD			     db	     0CDh, 87h,0C5h, 69h,0C8h,0CDh
    102	0029  87 C5 49 CC 81 CE			     db	      87h,0C5h,	49h,0CCh, 81h,0CEh
    103	002F  88 C5 C9 CC 88 C3			     db	      88h,0C5h,0C9h,0CCh, 88h,0C3h
    104	0035  49 CB CC CE 86 81			     db	      49h,0CBh,0CCh,0CEh, 86h, 81h
    105	003B  C4 C8 49 CD 87 C4			     db	     0C4h,0C8h,	49h,0CDh, 87h,0C4h
    106	0041  59 47 CD CE 86 C5			     db	      59h, 47h,0CDh,0CEh, 86h,0C5h
    107	0047  CA C8 CA CC 89 C5			     db	     0CAh,0C8h,0CAh,0CCh, 89h,0C5h
    108	004D  C9 CC 88 C4 CA CC			     db	     0C9h,0CCh,	88h,0C4h,0CAh,0CCh
Turbo Assembler	 Version 2.01	     03/22/26 12:38:36	    Page 3
322ENBHV.asm



    109	0053  C3 CA CD 86 81 C4			     db	     0C3h,0CAh,0CDh, 86h, 81h,0C4h
    110	0059  47 CD 82 CE 85 C4			     db	      47h,0CDh,	82h,0CEh, 85h,0C4h
    111	005F  49 C7 CA CD 88 C5			     db	      49h,0C7h,0CAh,0CDh, 88h,0C5h
    112	0065  59 C7 CC 88 C5 CA			     db	      59h,0C7h,0CCh, 88h,0C5h,0CAh
    113	006B  CC 88 C4 49 47 48			     db	     0CCh, 88h,0C4h, 49h, 47h, 48h
    114	0071  CD 84 81 C4 C8 CB			     db	     0CDh, 84h,	81h,0C4h,0C8h,0CBh
    115	0077  CD 88 C4 47 49 CC			     db	     0CDh, 88h,0C4h, 47h, 49h,0CCh
    116	007D  88 C5 59 CC 89 C5			     db	      88h,0C5h,	59h,0CCh, 89h,0C5h
    117	0083  CA CC 88 C4 CA 57			     db	     0CAh,0CCh,	88h,0C4h,0CAh, 57h
    118	0089  C9 CC 85 81 C5 C8			     db	     0C9h,0CCh,	85h, 81h,0C5h,0C8h
    119	008F  CD 89 C4 46 59 CD			     db	     0CDh, 89h,0C4h, 46h, 59h,0CDh
    120	0095  87 C5 49 CB CC 81			     db	      87h,0C5h,	49h,0CBh,0CCh, 81h
    121	009B  CE 87 C5 CD 89 C4			     db	     0CEh, 87h,0C5h,0CDh, 89h,0C4h
    122	00A1  57 CB CA CC CE 84			     db	      57h,0CBh,0CAh,0CCh,0CEh, 84h
    123	00A7  81 C5 C8 C9 CC 88			     db	      81h,0C5h,0C8h,0C9h,0CCh, 88h
    124	00AD  C4 C8 69 CB CD 86			     db	     0C4h,0C8h,	69h,0CBh,0CDh, 86h
    125	00B3  C5 C8 49 CC 89 C5			     db	     0C5h,0C8h,	49h,0CCh, 89h,0C5h
    126	00B9  CD 89 C4 57 CA CC			     db	     0CDh, 89h,0C4h, 57h,0CAh,0CCh
    127	00BF  82 D5 83 81 C5 C8			     db	      82h,0D5h,	83h, 81h,0C5h,0C8h
    128	00C5  C9 CA C7 CD 86 C5			     db	     0C9h,0CAh,0C7h,0CDh, 86h,0C5h
    129	00CB  C8 79 CD 86 C5 C8			     db	     0C8h, 79h,0CDh, 86h,0C5h,0C8h
    130	00D1  49 CC 89 C6 CC 89			     db	      49h,0CCh,	89h,0C6h,0CCh, 89h
    131	00D7  C4 CA 47 CB CC CE			     db	     0C4h,0CAh,	47h,0CBh,0CCh,0CEh
    132	00DD  81 D6 83 81 C5 C8			     db	      81h,0D6h,	83h, 81h,0C5h,0C8h
    133	00E3  C9 CA C9 C8 CD 85			     db	     0C9h,0CAh,0C9h,0C8h,0CDh, 85h
    134	00E9  C5 59 CC 49 CD 86			     db	     0C5h, 59h,0CCh, 49h,0CDh, 86h
    135	00EF  C5 59 C7 C8 CC 92			     db	     0C5h, 59h,0C7h,0C8h,0CCh, 92h
    136	00F5  C5 67 CA CC 81 D7			     db	     0C5h, 67h,0CAh,0CCh, 81h,0D7h
    137	00FB  83 81 C5 C8 C9 CC			     db	      83h, 81h,0C5h,0C8h,0C9h,0CCh
    138	0101  C3 CC CE 85 C5 79			     db	     0C3h,0CCh,0CEh, 85h,0C5h, 79h
    139	0107  C8 CD 86 C5 59 47			     db	     0C8h,0CDh,	86h,0C5h, 59h, 47h
    140	010D  CB CD 40 41 40 C2			     db	     0CBh,0CDh,	40h, 41h, 40h,0C2h
    141	0113  C1 41 40 41 C1 C2			     db	     0C1h, 41h,	40h, 41h,0C1h,0C2h
    142	0119  81 C5 67 CB CC 81			     db	      81h,0C5h,	67h,0CBh,0CCh, 81h
    143	011F  D8 83 81 C4 C8 48			     db	     0D8h, 83h,	81h,0C4h,0C8h, 48h
    144	0125  CA CD 86 C5 69 47			     db	     0CAh,0CDh,	86h,0C5h, 69h, 47h
    145	012B  C7 CC 85 C5 49 C8			     db	     0C7h,0CCh,	85h,0C5h, 49h,0C8h
    146	0131  C7 CC 93 C5 67 CB			     db	     0C7h,0CCh,	93h,0C5h, 67h,0CBh
    147	0137  CC 81 D9 83 81 C4			     db	     0CCh, 81h,0D9h, 83h, 81h,0C4h
    148	013D  C8 C9 CA CD 81 CE			     db	     0C8h,0C9h,0CAh,0CDh, 81h,0CEh
    149	0143  85 C5 69 47 CD 86			     db	      85h,0C5h,	69h, 47h,0CDh, 86h
    150	0149  C5 CA 47 CD 81 CE			     db	     0C5h,0CAh,	47h,0CDh, 81h,0CEh
    151	014F  8A D0 CC 86 C5 67			     db	      8Ah,0D0h,0CCh, 86h,0C5h, 67h
    152	0155  CD 81 CE 84 81 C4			     db	     0CDh, 81h,0CEh, 84h, 81h,0C4h
    153	015B  C8 C9 CC 88 C5 69			     db	     0C8h,0C9h,0CCh, 88h,0C5h, 69h
    154	0161  C8 CA CD 86 C5 59			     db	     0C8h,0CAh,0CDh, 86h,0C5h, 59h
    155	0167  CC 8B D0 C4 CC CE			     db	     0CCh, 8Bh,0D0h,0C4h,0CCh,0CEh
    156	016D  85 C5 67 CB CD 85			     db	      85h,0C5h,	67h,0CBh,0CDh, 85h
    157	0173  81 C4 C8 C9 CA CD			     db	      81h,0C4h,0C8h,0C9h,0CAh,0CDh
    158	0179  87 C5 CA C8 CA C7			     db	      87h,0C5h,0CAh,0C8h,0CAh,0C7h
    159	017F  C8 CD CE 86 C5 C8			     db	     0C8h,0CDh,0CEh, 86h,0C5h,0C8h
    160	0185  49 CD CE 89 D0 43			     db	      49h,0CDh,0CEh, 89h,0D0h, 43h
    161	018B  CC 86 C4 57 46 CD			     db	     0CCh, 86h,0C4h, 57h, 46h,0CDh
    162	0191  85 81 C4 C8 C9 CB			     db	      85h, 81h,0C4h,0C8h,0C9h,0CBh
Turbo Assembler	 Version 2.01	     03/22/26 12:38:36	    Page 4
322ENBHV.asm



    163	0197  CD 87 C5 47 CA 47			     db	     0CDh, 87h,0C5h, 47h,0CAh, 47h
    164	019D  CD 87 C5 59 CD 8A			     db	     0CDh, 87h,0C5h, 59h,0CDh, 8Ah
    165	01A3  53 CD 86 C5 67 CC			     db	      53h,0CDh,	86h,0C5h, 67h,0CCh
    166	01A9  86 81 C5 49 CC CE			     db	      86h, 81h,0C5h, 49h,0CCh,0CEh
    167	01AF  87 C5 C8 79 CD CE			     db	      87h,0C5h,0C8h, 79h,0CDh,0CEh
    168	01B5  85 C5 49 C8 C7 CC			     db	      85h,0C5h,	49h,0C8h,0C7h,0CCh
    169	01BB  89 C5 43 CC 81 CE			     db	      89h,0C5h,	43h,0CCh, 81h,0CEh
    170	01C1  84 C5 57 CA CC CE			     db	      84h,0C5h,	57h,0CAh,0CCh,0CEh
    171	01C7  85 81 C6 CB CD 89			     db	      85h, 81h,0C6h,0CBh,0CDh, 89h
    172	01CD  C6 C5 79 CD 86 C5			     db	     0C6h,0C5h,	79h,0CDh, 86h,0C5h
    173	01D3  69 CD CE 88 C5 C4			     db	      69h,0CDh,0CEh, 88h,0C5h,0C4h
    174	01D9  CA CC 86 C5 57 CB			     db	     0CAh,0CCh,	86h,0C5h, 57h,0CBh
    175	01DF  CD 86 8E C5 59 CC			     db	     0CDh, 86h,	8Eh,0C5h, 59h,0CCh
    176	01E5  CA C7 CD 85 C5 69			     db	     0CAh,0C7h,0CDh, 85h,0C5h, 69h
    177	01EB  CD 89 C5 C4 CA CD			     db	     0CDh, 89h,0C5h,0C4h,0CAh,0CDh
    178	01F1  CE 85 C4 67 CD 86			     db	     0CEh, 85h,0C4h, 67h,0CDh, 86h
    179	01F7  50 41 50 C2 40 C2			     db	      50h, 41h,	50h,0C2h, 40h,0C2h
    180	01FD  C1 81 C4 79 CD 86			     db	     0C1h, 81h,0C4h, 79h,0CDh, 86h
    181	0203  C5 69 C8 CC 88 C5			     db	     0C5h, 69h,0C8h,0CCh, 88h,0C5h
    182	0209  C4 CA CC 86 C4 57			     db	     0C4h,0CAh,0CCh, 86h,0C4h, 57h
    183	020F  CB CC C2 40 41 C1			     db	     0CBh,0CCh,0C2h, 40h, 41h,0C1h
    184	0215  8E C6 59 C8 CB CD			     db	      8Eh,0C6h,	59h,0C8h,0CBh,0CDh
    185	021B  86 C5 69 C7 CD CE			     db	      86h,0C5h,	69h,0C7h,0CDh,0CEh
    186	0221  87 43 CA CC 81 CE			     db	      87h, 43h,0CAh,0CCh, 81h,0CEh
    187	0227  84 C4 47 C7 CD 87			     db	      84h,0C4h,	47h,0C7h,0CDh, 87h
    188	022D  8F C5 47 C7 CA CC			     db	      8Fh,0C5h,	47h,0C7h,0CAh,0CCh
    189	0233  86 C5 59 C8 CA CD			     db	      86h,0C5h,	59h,0C8h,0CAh,0CDh
    190	0239  88 C5 49 C7 CC 85			     db	      88h,0C5h,	49h,0C7h,0CCh, 85h
    191	023F  C4 47 C9 CC 87 8F			     db	     0C4h, 47h,0C9h,0CCh, 87h, 8Fh
    192	0245  C5 47 CA CD CE 86			     db	     0C5h, 47h,0CAh,0CDh,0CEh, 86h
    193	024B  C5 CB CA C8 49 CC			     db	     0C5h,0CBh,0CAh,0C8h, 49h,0CCh
    194	0251  81 CE 86 C5 49 C7			     db	      81h,0CEh,	86h,0C5h, 49h,0C7h
    195	0257  C9 CC 84 C4 47 C9			     db	     0C9h,0CCh,	84h,0C4h, 47h,0C9h
    196	025D  CD CE 86 8F C5 69			     db	     0CDh,0CEh,	86h, 8Fh,0C5h, 69h
    197	0263  CD 86 C4 79 C7 C9			     db	     0CDh, 86h,0C4h, 79h,0C7h,0C9h
    198	0269  CD 86 C5 49 47 CC			     db	     0CDh, 86h,0C5h, 49h, 47h,0CCh
    199	026F  84 C5 49 C7 CD 87			     db	      84h,0C5h,	49h,0C7h,0CDh, 87h
    200	0275  8F C5 49 CC CE 87			     db	      8Fh,0C5h,	49h,0CCh,0CEh, 87h
    201	027B  C4 79 C8 C7 C9 CD			     db	     0C4h, 79h,0C8h,0C7h,0C9h,0CDh
    202	0281  CE 84 C5 CA CC C3			     db	     0CEh, 84h,0C5h,0CAh,0CCh,0C3h
    203	0287  CC 85 C5 49 CC 88			     db	     0CCh, 85h,0C5h, 49h,0CCh, 88h
    204	028D  8F C5 69 C7 CC 85			     db	      8Fh,0C5h,	69h,0C7h,0CCh, 85h
    205	0293  C4 69 47 CC C6 CC			     db	     0C4h, 69h,	47h,0CCh,0C6h,0CCh
    206	0299  85 C5 47 CA C7 C9			     db	      85h,0C5h,	47h,0CAh,0C7h,0C9h
    207	029F  CC 83 C5 49 CC CE			     db	     0CCh, 83h,0C5h, 49h,0CCh,0CEh
    208	02A5  87 8F C5 69 CC 81			     db	      87h, 8Fh,0C5h, 69h,0CCh, 81h
    209	02AB  CE 84 C4 69 C8 C5			     db	     0CEh, 84h,0C4h, 69h,0C8h,0C5h
    210	02B1  C7 CC 86 C5 CC C3			     db	     0C7h,0CCh,	86h,0C5h,0CCh,0C3h
    211	02B7  CA C8 CC CE 83 C4			     db	     0CAh,0C8h,0CCh,0CEh, 83h,0C4h
    212	02BD  CA C7 CD 88 8F C5			     db	     0CAh,0C7h,0CDh, 88h, 8Fh,0C5h
    213	02C3  CA C8 46 CC 86 C6			     db	     0CAh,0C8h,	46h,0CCh, 86h,0C6h
    214	02C9  79 CD CE 87 C5 49			     db	      79h,0CDh,0CEh, 87h,0C5h, 49h
    215	02CF  C8 C7 CC 84 C4 CA			     db	     0C8h,0C7h,0CCh, 84h,0C4h,0CAh
    216	02D5  C9 CC 88 8F C5 57			     db	     0C9h,0CCh,	88h, 8Fh,0C5h, 57h
Turbo Assembler	 Version 2.01	     03/22/26 12:38:36	    Page 5
322ENBHV.asm



    217	02DB  CD 88 C5 69 CC 88			     db	     0CDh, 88h,0C5h, 69h,0CCh, 88h
    218	02E1  C5 49 CB CC CE 84			     db	     0C5h, 49h,0CBh,0CCh,0CEh, 84h
    219	02E7  C6 CB CC 89 85 C3			     db	     0C6h,0CBh,0CCh, 89h, 85h,0C3h
    220	02ED  C4 CD 87 C5 47 CA			     db	     0C4h,0CDh,	87h,0C5h, 47h,0CAh
    221	02F3  CD 81 CE 86 C6 59			     db	     0CDh, 81h,0CEh, 86h,0C6h, 59h
    222	02F9  C7 CC 88 C4 49 C8			     db	     0C7h,0CCh,	88h,0C4h, 49h,0C8h
    223	02FF  CC 91 41 40 81 43			     db	     0CCh, 91h,	41h, 40h, 81h, 43h
    224	0305  CD 87 C5 C8 49 CB			     db	     0CDh, 87h,0C5h,0C8h, 49h,0CBh
    225	030B  CD 88 C4 CA C7 CC			     db	     0CDh, 88h,0C4h,0CAh,0C7h,0CCh
    226	0311  89 C4 CA CB CA CB			     db	      89h,0C4h,0CAh,0CBh,0CAh,0CBh
    227	0317  CD C1 C2 40 41 50			     db	     0CDh,0C1h,0C2h, 40h, 41h, 50h
    228	031D  C2 C1 C2 60 85 53			     db	     0C2h,0C1h,0C2h, 60h, 85h, 53h
    229	0323  CD 86 C5 59 CD CE			     db	     0CDh, 86h,0C5h, 59h,0CDh,0CEh
    230	0329  88 C4 49 CC 89 C4			     db	      88h,0C4h,	49h,0CCh, 89h,0C4h
    231	032F  59 CC 91 85 53 CC			     db	      59h,0CCh,	91h, 85h, 53h,0CCh
    232	0335  86 C5 59 C8 CC 88			     db	      86h,0C5h,	59h,0C8h,0CCh, 88h
    233	033B  C5 59 CC 88 C4 49			     db	     0C5h, 59h,0CCh, 88h,0C4h, 49h
    234	0341  C7 CD 8A C3 C4 CD			     db	     0C7h,0CDh,	8Ah,0C3h,0C4h,0CDh
    235	0347  84 84 C3 43 C9 CD			     db	      84h, 84h,0C3h, 43h,0C9h,0CDh
    236	034D  86 C4 59 C8 CC 88			     db	      86h,0C4h,	59h,0C8h,0CCh, 88h
    237	0353  C5 49 CD 89 C4 49			     db	     0C5h, 49h,0CDh, 89h,0C4h, 49h
    238	0359  C8 CD 8A 53 CD 83			     db	     0C8h,0CDh,	8Ah, 53h,0CDh, 83h
    239	035F  84 43 48 CD 86 C4			     db	      84h, 43h,	48h,0CDh, 86h,0C4h
    240	0365  49 47 CD 88 C5 59			     db	      49h, 47h,0CDh, 88h,0C5h, 59h
    241	036B  CD CE 87 C5 CA C8			     db	     0CDh,0CEh,	87h,0C5h,0CAh,0C8h
    242	0371  C7 CC CE 89 43 C7			     db	     0C7h,0CCh,0CEh, 89h, 43h,0C7h
    243	0377  CC 83 83 C3 68 CD			     db	     0CCh, 83h,	83h,0C3h, 68h,0CDh
    244	037D  86 C4 69 C9 CC 87			     db	      86h,0C4h,	69h,0C9h,0CCh, 87h
    245	0383  C5 59 CC 81 CE 86			     db	     0C5h, 59h,0CCh, 81h,0CEh, 86h
    246	0389  C5 47 C7 CC 8A 43			     db	     0C5h, 47h,0C7h,0CCh, 8Ah, 43h
    247	038F  CA CD 83 83 C4 68			     db	     0CAh,0CDh,	83h, 83h,0C4h, 68h
    248	0395  CD 86 C4 69 C7 CD			     db	     0CDh, 86h,0C4h, 69h,0C7h,0CDh
    249	039B  CE 86 C5 49 C8 CD			     db	     0CEh, 86h,0C5h, 49h,0C8h,0CDh
    250	03A1  88 C5 CC C3 C8 C7			     db	      88h,0C5h,0CCh,0C3h,0C8h,0C7h
    251	03A7  CC 89 C4 CA CC 84			     db	     0CCh, 89h,0C4h,0CAh,0CCh, 84h
    252	03AD  82 C3 68 C8 CC CE			     db	      82h,0C3h,	68h,0C8h,0CCh,0CEh
    253	03B3  85 C4 CA 47 49 CB			     db	      85h,0C4h,0CAh, 47h, 49h,0CBh
    254	03B9  CC 86 C5 CA 47 CC			     db	     0CCh, 86h,0C5h,0CAh, 47h,0CCh
    255	03BF  C3 CC 86 C5 59 C8			     db	     0C3h,0CCh,	86h,0C5h, 59h,0C8h
    256	03C5  CC 89 C4 CA CD CE			     db	     0CCh, 89h,0C4h,0CAh,0CDh,0CEh
    257	03CB  83 82 C4 58 C8 CD			     db	      83h, 82h,0C4h, 58h,0C8h,0CDh
    258	03D1  87 C4 47 49 CD 88			     db	      87h,0C4h,	47h, 49h,0CDh, 88h
    259	03D7  C5 05 0A CB CC 84			     db	     0C5h, 05h,	0Ah,0CBh,0CCh, 84h
    260	03DD  C5 59 C8 CC 89 C5			     db	     0C5h, 59h,0C8h,0CCh, 89h,0C5h
    261	03E3  CA CD 84 82 C4 47			     db	     0CAh,0CDh,	84h, 82h,0C4h, 47h
    262	03E9  C9 CD 88 C4 59 CD			     db	     0C9h,0CDh,	88h,0C4h, 59h,0CDh
    263	03EF  C3 CC 87 C5 49 CD			     db	     0C3h,0CCh,	87h,0C5h, 49h,0CDh
    264	03F5  C3 C8 CD 86 C5 49			     db	     0C3h,0C8h,0CDh, 86h,0C5h, 49h
    265	03FB  47 C7 CC 88 C5 CA			     db	      47h,0C7h,0CCh, 88h,0C5h,0CAh
    266	0401  CD 84 82 C4 68 CD			     db	     0CDh, 84h,	82h,0C4h, 68h,0CDh
    267	0407  CE 86 C4 79 CC 87			     db	     0CEh, 86h,0C4h, 79h,0CCh, 87h
    268	040D  C5 69 C8 CD CE 85			     db	     0C5h, 69h,0C8h,0CDh,0CEh, 85h
    269	0413  C5 49 C8 CA CC CE			     db	     0C5h, 49h,0C8h,0CAh,0CCh,0CEh
    270	0419  88 C5 CA CD 84 82			     db	      88h,0C5h,0CAh,0CDh, 84h, 82h
Turbo Assembler	 Version 2.01	     03/22/26 12:38:36	    Page 6
322ENBHV.asm



    271	041F  C5 58 C8 C9 CD 86			     db	     0C5h, 58h,0C8h,0C9h,0CDh, 86h
    272	0425  C4 CB CC C3 CC 89			     db	     0C4h,0CBh,0CCh,0C3h,0CCh, 89h
    273	042B  C5 79 CD 86 C5 69			     db	     0C5h, 79h,0CDh, 86h,0C5h, 69h
    274	0431  C7 CC 88 C5 C7 CC			     db	     0C7h,0CCh,	88h,0C5h,0C7h,0CCh
    275	0437  84 82 C5 C9 57 C9			     db	      84h, 82h,0C5h,0C9h, 57h,0C9h
    276	043D  CC 86 C4 69 CD 88			     db	     0CCh, 86h,0C4h, 69h,0CDh, 88h
    277	0443  C5 CA C8 49 CD 87			     db	     0C5h,0CAh,0C8h, 49h,0CDh, 87h
    278	0449  C5 47 49 C8 CC 88			     db	     0C5h, 47h,	49h,0C8h,0CCh, 88h
    279	044F  C5 CA CD 84 82 C5			     db	     0C5h,0CAh,0CDh, 84h, 82h,0C5h
    280	0455  57 48 CD 86 C5 CA			     db	      57h, 48h,0CDh, 86h,0C5h,0CAh
    281	045B  C5 CA 47 CC 87 C5			     db	     0C5h,0CAh,	47h,0CCh, 87h,0C5h
    282	0461  47 CA C8 CD 82 CE			     db	      47h,0CAh,0C8h,0CDh, 82h,0CEh
    283	0467  84 C4 79 CC 88 C5			     db	      84h,0C4h,	79h,0CCh, 88h,0C5h
    284	046D  CA CD CE 83 82 C5			     db	     0CAh,0CDh,0CEh, 83h, 82h,0C5h
    285	0473  C8 58 CD 87 C5 C8			     db	     0C8h, 58h,0CDh, 87h,0C5h,0C8h
    286	0479  CA 47 CA CD 87 C5			     db	     0CAh, 47h,0CAh,0CDh, 87h,0C5h
    287	047F  79 CC 86 C4 05 0A			     db	      79h,0CCh,	86h,0C4h, 05h, 0Ah
    288	0485  CC 87 C5 CA CD 84			     db	     0CCh, 87h,0C5h,0CAh,0CDh, 84h
    289	048B  82 C4 C8 68 CD 86			     db	      82h,0C4h,0C8h, 68h,0CDh, 86h
    290	0491  C5 57 49 CD 87 C5			     db	     0C5h, 57h,	49h,0CDh, 87h,0C5h
    291	0497  69 C8 CD 86 C4 59			     db	      69h,0C8h,0CDh, 86h,0C4h, 59h
    292	049D  47 CA CC CE 86 C4			     db	      47h,0CAh,0CCh,0CEh, 86h,0C4h
    293	04A3  CA CD CE 83 82 C4			     db	     0CAh,0CDh,0CEh, 83h, 82h,0C4h
    294	04A9  C8 C9 C8 C9 CD 87			     db	     0C8h,0C9h,0C8h,0C9h,0CDh, 87h
    295	04AF  C5 59 CD 89 C5 79			     db	     0C5h, 59h,0CDh, 89h,0C5h, 79h
    296	04B5  CB CD 85 C5 49 47			     db	     0CBh,0CDh,	85h,0C5h, 49h, 47h
    297	04BB  49 CC 87 C4 49 CD			     db	      49h,0CCh,	87h,0C4h, 49h,0CDh
    298	04C1  83 82 C4 57 CA CC			     db	      83h, 82h,0C4h, 57h,0CAh,0CCh
    299	04C7  CE 86 C5 C8 CC 8B			     db	     0CEh, 86h,0C5h,0C8h,0CCh, 8Bh
    300	04CD  C5 CC C6 C8 CA CD			     db	     0C5h,0CCh,0C6h,0C8h,0CAh,0CDh
    301	04D3  87 C5 CA CC C6 59			     db	      87h,0C5h,0CAh,0CCh,0C6h, 59h
    302	04D9  CC 87 C4 CB CC 84			     db	     0CCh, 87h,0C4h,0CBh,0CCh, 84h
    303	04DF  81 C3 CB C9 C8 C9			     db	      81h,0C3h,0CBh,0C9h,0C8h,0C9h
    304	04E5  CC CA CD 86 C5 CC			     db	     0CCh,0CAh,0CDh, 86h,0C5h,0CCh
    305	04EB  8C C6 C8 CC 8A C6			     db	      8Ch,0C6h,0C8h,0CCh, 8Ah,0C6h
    306	04F1  CC 82 C4 49 CC 87			     db	     0CCh, 82h,0C4h, 49h,0CCh, 87h
    307	04F7  C4 49 CD 83 81 C9			     db	     0C4h, 49h,0CDh, 83h, 81h,0C9h
    308	04FD  4A 48 C3 49 CD 85			     db	      4Ah, 48h,0C3h, 49h,0CDh, 85h
    309	0503  C5 CC 9D C4 59 CC			     db	     0C5h,0CCh,	9Dh,0C4h, 59h,0CCh
    310	0509  86 C4 49 CC 81 C3			     db	      86h,0C4h,	49h,0CCh, 81h,0C3h
    311	050F  81 81 C9 CB 48 47			     db	      81h, 81h,0C9h,0CBh, 48h, 47h
    312	0515  49 CC 85 C6 CC C2			     db	      49h,0CCh,	85h,0C6h,0CCh,0C2h
    313	051B  60 C2 C1 C2 70 41			     db	      60h,0C2h,0C1h,0C2h, 70h, 41h
    314	0521  60 C2 50 C2 40 41			     db	      60h,0C2h,	50h,0C2h, 40h, 41h
    315	0527  81 C4 59 CC 86 C4			     db	      81h,0C4h,	59h,0CCh, 86h,0C4h
    316	052D  49 C7 48 81 CB C9			     db	      49h,0C7h,	48h, 81h,0CBh,0C9h
    317	0533  CB C9 47 CA 4A CD			     db	     0CBh,0C9h,	47h,0CAh, 4Ah,0CDh
    318	0539  85 C3 CC 9D C4 59			     db	      85h,0C3h,0CCh, 9Dh,0C4h, 59h
    319	053F  CC 86 C4 59 C8 4A			     db	     0CCh, 86h,0C4h, 59h,0C8h, 4Ah
    320	0545  CA C8 58 49 CB CE			     db	     0CAh,0C8h,	58h, 49h,0CBh,0CEh
    321	054B  86 C4 CA CC 92 C3			     db	      86h,0C4h,0CAh,0CCh, 92h,0C3h
    322	0551  CA CC 87 C4 CA C7			     db	     0CAh,0CCh,	87h,0C4h,0CAh,0C7h
    323	0557  47 CC 85 C4 59 C8			     db	      47h,0CCh,	85h,0C4h, 59h,0C8h
    324	055D  C7 CA 49 48 CB CC			     db	     0C7h,0CAh,	49h, 48h,0CBh,0CCh
Turbo Assembler	 Version 2.01	     03/22/26 12:38:36	    Page 7
322ENBHV.asm



    325	0563  89 C4 49 CC 91 C4			     db	      89h,0C4h,	49h,0CCh, 91h,0C4h
    326	0569  49 CC 86 C4 CA 47			     db	      49h,0CCh,	86h,0C4h,0CAh, 47h
    327	056F  CC 86 C4 59 C8 CA			     db	     0CCh, 86h,0C4h, 59h,0C8h,0CAh
    328	0575  C8 C6 47 C9 CF CE			     db	     0C8h,0C6h,	47h,0C9h,0CFh,0CEh
    329	057B  89 C5 69 CC 82 C3			     db	      89h,0C5h,	69h,0CCh, 82h,0C3h
    330	0581  49 CD 89 C4 CA CB			     db	      49h,0CDh,	89h,0C4h,0CAh,0CBh
    331	0587  CA CC 85 C4 47 CA			     db	     0CAh,0CCh,	85h,0C4h, 47h,0CAh
    332	058D  CC 86 C4 57 CA C7			     db	     0CCh, 86h,0C4h, 57h,0CAh,0C7h
    333	0593  CD 82 C6 C8 CC 8A			     db	     0CDh, 82h,0C6h,0C8h,0CCh, 8Ah
    334	0599  C5 59 C7 06 0A CC			     db	     0C5h, 59h,0C7h, 06h, 0Ah,0CCh
    335	059F  88 C4 59 CC CE 84			     db	      88h,0C4h,	59h,0CCh,0CEh, 84h
    336	05A5  C5 47 CB CD 86 C5			     db	     0C5h, 47h,0CBh,0CDh, 86h,0C5h
    337	05AB  57 C7 CD CE 8F C4			     db	      57h,0C7h,0CDh,0CEh, 8Fh,0C4h
    338	05B1  79 CD C6 47 CA CD			     db	      79h,0CDh,0C6h, 47h,0CAh,0CDh
    339	05B7  89 C5 49 C8 CC 85			     db	      89h,0C5h,	49h,0C8h,0CCh, 85h
    340	05BD  C5 47 CC 87 C5 C8			     db	     0C5h, 47h,0CCh, 87h,0C5h,0C8h
    341	05C3  49 CD 82 8F C5 47			     db	      49h,0CDh,	82h, 8Fh,0C5h, 47h
    342	05C9  49 C7 CA CD C6 C8			     db	      49h,0C7h,0CAh,0CDh,0C6h,0C8h
    343	05CF  CC 8A C5 CA C8 CC			     db	     0CCh, 8Ah,0C5h,0CAh,0C8h,0CCh
    344	05D5  86 C5 C8 49 CC 86			     db	      86h,0C5h,0C8h, 49h,0CCh, 86h
    345	05DB  C5 49 CD 81 CE 81			     db	     0C5h, 49h,0CDh, 81h,0CEh, 81h
    346	05E1  8F C5 67 CA CD 8E			     db	      8Fh,0C5h,	67h,0CAh,0CDh, 8Eh
    347	05E7  C5 C7 C8 CC CE 85			     db	     0C5h,0C7h,0C8h,0CCh,0CEh, 85h
    348	05ED  C5 59 CC 86 C5 CA			     db	     0C5h, 59h,0CCh, 86h,0C5h,0CAh
    349	05F3  CC 84 84 C3 CC 89			     db	     0CCh, 84h,	84h,0C3h,0CCh, 89h
    350	05F9  C4 C8 CA C7 CA CC			     db	     0C4h,0C8h,0CAh,0C7h,0CAh,0CCh
    351	05FF  81 CE 8D C4 49 CC			     db	      81h,0CEh,	8Dh,0C4h, 49h,0CCh
    352	0605  86 C5 C8 CA CC CE			     db	      86h,0C5h,0C8h,0CAh,0CCh,0CEh
    353	060B  86 C5 CA CD CE 83			     db	      86h,0C5h,0CAh,0CDh,0CEh, 83h
    354	0611  84 C4 CC 89 C4 49			     db	      84h,0C4h,0CCh, 89h,0C4h, 49h
    355	0617  CD 82 CE 8E C4 CA			     db	     0CDh, 82h,0CEh, 8Eh,0C4h,0CAh
    356	061D  CB CA CB CC 84 C5			     db	     0CBh,0CAh,0CBh,0CCh, 84h,0C5h
    357	0623  CA CC CE 87 C5 CA			     db	     0CAh,0CCh,0CEh, 87h,0C5h,0CAh
    358	0629  CD 84 84 C4 49 CD			     db	     0CDh, 84h,	84h,0C4h, 49h,0CDh
    359	062F  87 C4 49 C7 CD 41			     db	      87h,0C4h,	49h,0C7h,0CDh, 41h
    360	0635  C1 41 09 01 81 C4			     db	     0C1h, 41h,	09h, 01h, 81h,0C4h
    361	063B  59 CD 85 C4 C8 CA			     db	      59h,0CDh,	85h,0C4h,0C8h,0CAh
    362	0641  CC 87 C5 CA CC 84			     db	     0CCh, 87h,0C5h,0CAh,0CCh, 84h
    363	0647  84 C4 49 CC 87 C4			     db	      84h,0C4h,	49h,0CCh, 87h,0C4h
    364	064D  59 CD 90 C4 59 CC			     db	      59h,0CDh,	90h,0C4h, 59h,0CCh
    365	0653  85 C4 49 CB CC 86			     db	      85h,0C4h,	49h,0CBh,0CCh, 86h
    366	0659  C5 C7 CD 84 84 C4			     db	     0C5h,0C7h,0CDh, 84h, 84h,0C4h
    367	065F  69 CC 85 C4 59 CD			     db	      69h,0CCh,	85h,0C4h, 59h,0CDh
    368	0665  85 C3 CC 89 C4 59			     db	      85h,0C3h,0CCh, 89h,0C4h, 59h
    369	066B  CC CE 84 C4 CA CC			     db	     0CCh,0CEh,	84h,0C4h,0CAh,0CCh
    370	0671  88 C6 CD 85 84 C4			     db	      88h,0C6h,0CDh, 85h, 84h,0C4h
    371	0677  CA C8 CA CD 86 C4			     db	     0CAh,0C8h,0CAh,0CDh, 86h,0C4h
    372	067D  59 CD 85 C4 CA CC			     db	      59h,0CDh,	85h,0C4h,0CAh,0CCh
    373	0683  88 C4 59 CC 85 C4			     db	      88h,0C4h,	59h,0CCh, 85h,0C4h
    374	0689  C8 CD 8F 84 C5 C8			     db	     0C8h,0CDh,	8Fh, 84h,0C5h,0C8h
    375	068F  C7 CA CD 86 C4 59			     db	     0C7h,0CAh,0CDh, 86h,0C4h, 59h
    376	0695  CB CC 84 C4 C8 CA			     db	     0CBh,0CCh,	84h,0C4h,0C8h,0CAh
    377	069B  CD 87 C4 C8 CA CC			     db	     0CDh, 87h,0C4h,0C8h,0CAh,0CCh
    378	06A1  86 C6 C8 CD 8F 84			     db	      86h,0C6h,0C8h,0CDh, 8Fh, 84h
Turbo Assembler	 Version 2.01	     03/22/26 12:38:36	    Page 8
322ENBHV.asm



    379	06A7  C5 59 CC 81 CE 84			     db	     0C5h, 59h,0CCh, 81h,0CEh, 84h
    380	06AD  C4 CA 47 86 C5 C8			     db	     0C4h,0CAh,	47h, 86h,0C5h,0C8h
    381	06B3  CC 81 CE 86 C5 C8			     db	     0CCh, 81h,0CEh, 86h,0C5h,0C8h
    382	06B9  CA CC CE 85 C3 C8			     db	     0CAh,0CCh,0CEh, 85h,0C3h,0C8h
    383	06BF  CC 8F 84 C5 49 C8			     db	     0CCh, 8Fh,	84h,0C5h, 49h,0C8h
    384	06C5  CA CC 85 C5 C8 CA			     db	     0CAh,0CCh,	85h,0C5h,0C8h,0CAh
    385	06CB  CD CE 85 C5 CA CC			     db	     0CDh,0CEh,	85h,0C5h,0CAh,0CCh
    386	06D1  88 C5 C8 49 CC 85			     db	      88h,0C5h,0C8h, 49h,0CCh, 85h
    387	06D7  C4 C8 CC 8F 84 C5			     db	     0C4h,0C8h,0CCh, 8Fh, 84h,0C5h
    388	06DD  69 CB CD 84 C5 59			     db	      69h,0CBh,0CDh, 84h,0C5h, 59h
    389	06E3  CD 85 C5 49 CC 81			     db	     0CDh, 85h,0C5h, 49h,0CCh, 81h
    390	06E9  CE 85 C5 C8 49 CD			     db	     0CEh, 85h,0C5h,0C8h, 49h,0CDh
    391	06EF  85 C4 CC CE 8F 84			     db	      85h,0C4h,0CCh,0CEh, 8Fh, 84h
    392	06F5  C5 47 C7 CA CC 85			     db	     0C5h, 47h,0C7h,0CAh,0CCh, 85h
    393	06FB  C5 CA 47 CC 85 C5			     db	     0C5h,0CAh,	47h,0CCh, 85h,0C5h
    394	0701  49 C8 87 C5 C8 49			     db	      49h,0C8h,	87h,0C5h,0C8h, 49h
    395	0707  CC CE 84 C4 CD 90			     db	     0CCh,0CEh,	84h,0C4h,0CDh, 90h
    396	070D  84 C5 C8 49 CC 86			     db	      84h,0C5h,0C8h, 49h,0CCh, 86h
    397	0713  C5 59 CD 85 C5 C8			     db	     0C5h, 59h,0CDh, 85h,0C5h,0C8h
    398	0719  CA C8 C7 CD 85 C5			     db	     0CAh,0C8h,0C7h,0CDh, 85h,0C5h
    399	071F  47 CA CC 85 C4 CD			     db	      47h,0CAh,0CCh, 85h,0C4h,0CDh
    400	0725  81 CE 8E 84 C4 47			     db	      81h,0CEh,	8Eh, 84h,0C4h, 47h
    401	072B  CD CF CE 85 C5 47			     db	     0CDh,0CFh,0CEh, 85h,0C5h, 47h
    402	0731  CA CD CE 84 C4 49			     db	     0CAh,0CDh,0CEh, 84h,0C4h, 49h
    403	0737  CD 87 C5 47 CA CD			     db	     0CDh, 87h,0C5h, 47h,0CAh,0CDh
    404	073D  85 C5 CA CD 8F 84			     db	      85h,0C5h,0CAh,0CDh, 8Fh, 84h
    405	0743  C4 C8 CA CC CF 86			     db	     0C4h,0C8h,0CAh,0CCh,0CFh, 86h
    406	0749  C5 C8 CA CC 86 C4			     db	     0C5h,0C8h,0CAh,0CCh, 86h,0C4h
    407	074F  49 CD CE 86 C4 CA			     db	      49h,0CDh,0CEh, 86h,0C4h,0CAh
    408	0755  C8 CD 86 C5 CA CD			     db	     0C8h,0CDh,	86h,0C5h,0CAh,0CDh
    409	075B  8F 84 C4 49 C8 CA			     db	      8Fh, 84h,0C4h, 49h,0C8h,0CAh
    410	0761  CC 85 C5 C8 49 CD			     db	     0CCh, 85h,0C5h,0C8h, 49h,0CDh
    411	0767  85 C4 49 CD 87 C4			     db	      85h,0C4h,	49h,0CDh, 87h,0C4h
    412	076D  59 CC 85 C5 C8 CC			     db	      59h,0CCh,	85h,0C5h,0C8h,0CCh
    413	0773  8F 84 C4 CA C8 49			     db	      8Fh, 84h,0C4h,0CAh,0C8h, 49h
    414	0779  CB CC 84 C5 47 49			     db	     0CBh,0CCh,	84h,0C5h, 47h, 49h
    415	077F  CD 84 C4 49 CC 81			     db	     0CDh, 84h,0C4h, 49h,0CCh, 81h
    416	0785  CE 85 C4 59 CC 85			     db	     0CEh, 85h,0C4h, 59h,0CCh, 85h
    417	078B  C5 C8 CD CE 8E 84			     db	     0C5h,0C8h,0CDh,0CEh, 8Eh, 84h
    418	0791  C4 CA C8 C7 C8 CC			     db	     0C4h,0CAh,0C8h,0C7h,0C8h,0CCh
    419	0797  85 C4 59 CD 85 C4			     db	      85h,0C4h,	59h,0CDh, 85h,0C4h
    420	079D  49 C8 CC 85 C3 79			     db	      49h,0C8h,0CCh, 85h,0C3h, 79h
    421	07A3  CC 84 C5 CA CD 88			     db	     0CCh, 84h,0C5h,0CAh,0CDh, 88h
    422	07A9  C3 CC 85 84 C4 47			     db	     0C3h,0CCh,	85h, 84h,0C4h, 47h
    423	07AF  CA CC CF 85 C4 49			     db	     0CAh,0CCh,0CFh, 85h,0C4h, 49h
    424	07B5  CD CE 85 C4 49 C8			     db	     0CDh,0CEh,	85h,0C4h, 49h,0C8h
    425	07BB  49 CD 82 C3 59 C8			     db	      49h,0CDh,	82h,0C3h, 59h,0C8h
    426	07C1  CC 86 C5 CA CD 88			     db	     0CCh, 86h,0C5h,0CAh,0CDh, 88h
    427	07C7  C4 CC 85 84 C5 C8			     db	     0C4h,0CCh,	85h, 84h,0C5h,0C8h
    428	07CD  CA C8 CD 81 CE 84			     db	     0CAh,0C8h,0CDh, 81h,0CEh, 84h
    429	07D3  C4 59 CD 85 C4 C8			     db	     0C4h, 59h,0CDh, 85h,0C4h,0C8h
    430	07D9  79 CD 81 49 C7 59			     db	      79h,0CDh,	81h, 49h,0C7h, 59h
    431	07DF  CD 85 C5 CA CC 88			     db	     0CDh, 85h,0C5h,0CAh,0CCh, 88h
    432	07E5  C4 CA CC 84 84 C5			     db	     0C4h,0CAh,0CCh, 84h, 84h,0C5h
Turbo Assembler	 Version 2.01	     03/22/26 12:38:36	    Page 9
322ENBHV.asm



    433	07EB  49 CD CF 86 C4 59			     db	      49h,0CDh,0CFh, 86h,0C4h, 59h
    434	07F1  CD CE 84 C5 C8 59			     db	     0CDh,0CEh,	84h,0C5h,0C8h, 59h
    435	07F7  C8 CA C8 69 C8 CA			     db	     0C8h,0CAh,0C8h, 69h,0C8h,0CAh
    436	07FD  CD 86 C4 49 CD 87			     db	     0CDh, 86h,0C4h, 49h,0CDh, 87h
    437	0803  C4 49 CC 83 84 C5			     db	     0C4h, 49h,0CCh, 83h, 84h,0C5h
    438	0809  CA CC CF 87 C4 49			     db	     0CAh,0CCh,0CFh, 87h,0C4h, 49h
    439	080F  C7 CC 85 C5 69 C8			     db	     0C7h,0CCh,	85h,0C5h, 69h,0C8h
    440	0815  CB 05 0A CC 87 C4			     db	     0CBh, 05h,	0Ah,0CCh, 87h,0C4h
    441	081B  49 CD 81 CE 85 C4			     db	      49h,0CDh,	81h,0CEh, 85h,0C4h
    442	0821  49 CC 83 84 C5 C8			     db	      49h,0CCh,	83h, 84h,0C5h,0C8h
    443	0827  CC 81 CE 86 C4 49			     db	     0CCh, 81h,0CEh, 86h,0C4h, 49h
    444	082D  CD 86 C5 49 C7 69			     db	     0CDh, 86h,0C5h, 49h,0C7h, 69h
    445	0833  C7 CA CC 8A C4 CA			     db	     0C7h,0CAh,0CCh, 8Ah,0C4h,0CAh
    446	0839  C7 CD 87 C4 CA C8			     db	     0C7h,0CDh,	87h,0C4h,0CAh,0C8h
    447	083F  49 CC 81 84 C6 CD			     db	      49h,0CCh,	81h, 84h,0C6h,0CDh
    448	0845  89 C4 C8 CA CD CE			     db	      89h,0C4h,0C8h,0CAh,0CDh,0CEh
    449	084B  85 C5 06 0A C8 CD			     db	      85h,0C5h,	06h, 0Ah,0C8h,0CDh
    450	0851  09 01 81 C4 C8 CA			     db	      09h, 01h,	81h,0C4h,0C8h,0CAh
    451	0857  C7 CC 86 C4 59 CD			     db	     0C7h,0CCh,	86h,0C4h, 59h,0CDh
    452	085D  82 8F C5 49 CC 86			     db	      82h, 8Fh,0C5h, 49h,0CCh, 86h
    453	0863  C5 79 CC 8E C5 49			     db	     0C5h, 79h,0CCh, 8Eh,0C5h, 49h
    454	0869  CD 87 C4 69 CD 81			     db	     0CDh, 87h,0C4h, 69h,0CDh, 81h
    455	086F  0D 01 81 C5 49 CD			     db	      0Dh, 01h,	81h,0C5h, 49h,0CDh
    456	0875  86 C6 C8 69 CB CC			     db	      86h,0C6h,0C8h, 69h,0CBh,0CCh
    457	087B  07 01 85 C5 49 CD			     db	      07h, 01h,	85h,0C5h, 49h,0CDh
    458	0881  87 C4 CA C8 59 CC			     db	      87h,0C4h,0CAh,0C8h, 59h,0CCh
    459	0887  8F C5 47 CD 88 C5			     db	      8Fh,0C5h,	47h,0CDh, 88h,0C5h
    460	088D  59 CC 8E C5 49 CD			     db	      59h,0CCh,	8Eh,0C5h, 49h,0CDh
    461	0893  87 C4 49 C7 CC 82			     db	      87h,0C4h,	49h,0C7h,0CCh, 82h
    462	0899  8F C5 47 CD 88 C5			     db	      8Fh,0C5h,	47h,0CDh, 88h,0C5h
    463	089F  49 CC 89 C3 C9 05			     db	      49h,0CCh,	89h,0C3h,0C9h, 05h
    464	08A5  0A C8 C7 CD 86 C4			     db	      0Ah,0C8h,0C7h,0CDh, 86h,0C4h
    465	08AB  CA C7 CA CB CD 81			     db	     0CAh,0C7h,0CAh,0CBh,0CDh, 81h
    466	08B1  8F C5 C8 CD 89 C4			     db	      8Fh,0C5h,0C8h,0CDh, 89h,0C4h
    467	08B7  49 CC 89 06 0A C8			     db	      49h,0CCh,	89h, 06h, 0Ah,0C8h
    468	08BD  CA C7 CD CE 85 C4			     db	     0CAh,0C7h,0CDh,0CEh, 85h,0C4h
    469	08C3  49 CC 83 8F C5 49			     db	      49h,0CCh,	83h, 8Fh,0C5h, 49h
    470	08C9  CD 88 C4 CA CC 89			     db	     0CDh, 88h,0C4h,0CAh,0CCh, 89h
    471	08CF  C3 08 0A C8 CC 86			     db	     0C3h, 08h,	0Ah,0C8h,0CCh, 86h
    472	08D5  C4 CA C7 CC 83 8F			     db	     0C4h,0CAh,0C7h,0CCh, 83h, 8Fh
    473	08DB  C6 59 CC 87 C4 CB			     db	     0C6h, 59h,0CCh, 87h,0C4h,0CBh
    474	08E1  CD 89 C4 07 0A 47			     db	     0CDh, 89h,0C4h, 07h, 0Ah, 47h
    475	08E7  CD 86 C5 47 CC CE			     db	     0CDh, 86h,0C5h, 47h,0CCh,0CEh
    476	08ED  82 90 C5 49 C8 CD			     db	      82h, 90h,0C5h, 49h,0C8h,0CDh
    477	08F3  86 C4 49 CC 88 C4			     db	      86h,0C4h,	49h,0CCh, 88h,0C4h
    478	08F9  59 57 59 C8 CD 86			     db	      59h, 57h,	59h,0C8h,0CDh, 86h
    479	08FF  C5 49 C7 CC 82 90			     db	     0C5h, 49h,0C7h,0CCh, 82h, 90h
    480	0905  C5 49 C8 CD 86 C4			     db	     0C5h, 49h,0C8h,0CDh, 86h,0C4h
    481	090B  59 CC 87 C4 49 CC			     db	      59h,0CCh,	87h,0C4h, 49h,0CCh
    482	0911  81 C6 C9 59 C7 CC			     db	      81h,0C6h,0C9h, 59h,0C7h,0CCh
    483	0917  86 C4 49 C8 CA CC			     db	      86h,0C4h,	49h,0C8h,0CAh,0CCh
    484	091D  CE 90 C5 57 CD 86			     db	     0CEh, 90h,0C5h, 57h,0CDh, 86h
    485	0923  C4 49 C8 CC 87 C4			     db	     0C4h, 49h,0C8h,0CCh, 87h,0C4h
    486	0929  CA CB CD 83 CA C8			     db	     0CAh,0CBh,0CDh, 83h,0CAh,0C8h
Turbo Assembler	 Version 2.01	     03/22/26 12:38:36	    Page 10
322ENBHV.asm



    487	092F  CC 88 C4 49 C8 CA			     db	     0CCh, 88h,0C4h, 49h,0C8h,0CAh
    488	0935  CC 81 CE 8F C5 C8			     db	     0CCh, 81h,0CEh, 8Fh,0C5h,0C8h
    489	093B  CA CD CE 86 C5 59			     db	     0CAh,0CDh,0CEh, 86h,0C5h, 59h
    490	0941  CC 87 C4 CA CC 84			     db	     0CCh, 87h,0C4h,0CAh,0CCh, 84h
    491	0947  C5 CA CD 81 CE 86			     db	     0C5h,0CAh,0CDh, 81h,0CEh, 86h
    492	094D  C5 CA 47 49 CC 90			     db	     0C5h,0CAh,	47h, 49h,0CCh, 90h
    493	0953  C4 49 CD 87 C5 47			     db	     0C4h, 49h,0CDh, 87h,0C5h, 47h
    494	0959  CA CC 87 C4 CC 85			     db	     0CAh,0CCh,	87h,0C4h,0CCh, 85h
    495	095F  C5 49 CC 87 C6 C8			     db	     0C5h, 49h,0CCh, 87h,0C6h,0C8h
    496	0965  CC 81 C5 CE 81 CD			     db	     0CCh, 81h,0C5h,0CEh, 81h,0CDh
    497	096B  8F C4 49 C7 CD 86			     db	      8Fh,0C4h,	49h,0C7h,0CDh, 86h
    498	0971  C5 C8 CA CD 88 C4			     db	     0C5h,0C8h,0CAh,0CDh, 88h,0C4h
    499	0977  CB CD 84 C5 49 C8			     db	     0CBh,0CDh,	84h,0C5h, 49h,0C8h
    500	097D  CC 8A C5 CC C3 CC			     db	     0CCh, 8Ah,0C5h,0CCh,0C3h,0CCh
    501	0983  8F C4 CA 47 CD 86			     db	      8Fh,0C4h,0CAh, 47h,0CDh, 86h
    502	0989  C5 49 CD 88 C4 CD			     db	     0C5h, 49h,0CDh, 88h,0C4h,0CDh
    503	098F  85 C5 C8 C7 CC 40			     db	      85h,0C5h,0C8h,0C7h,0CCh, 40h
    504	0995  C2 C1 C2 70 81 C5			     db	     0C2h,0C1h,0C2h, 70h, 81h,0C5h
    505	099B  49 CC 8F C4 CA C8			     db	      49h,0CCh,	8Fh,0C4h,0CAh,0C8h
    506	09A1  CD CE 86 C5 CA CB			     db	     0CDh,0CEh,	86h,0C5h,0CAh,0CBh
    507	09A7  CD 88 CA CD 85 C5			     db	     0CDh, 88h,0CAh,0CDh, 85h,0C5h
    508	09AD  47 CD CE 8A C5 49			     db	      47h,0CDh,0CEh, 8Ah,0C5h, 49h
    509	09B3  49 CC 82 C3 49 CC			     db	      49h,0CCh,	82h,0C3h, 49h,0CCh
    510	09B9  87 C4 C8 CA C7 CB			     db	      87h,0C4h,0C8h,0CAh,0C7h,0CBh
    511	09BF  CC 85 C5 CA CC 89			     db	     0CCh, 85h,0C5h,0CAh,0CCh, 89h
    512	09C5  CA CD 85 C6 C8 CC			     db	     0CAh,0CDh,	85h,0C6h,0C8h,0CCh
    513	09CB  8C C5 47 09 0A CC			     db	      8Ch,0C5h,	47h, 09h, 0Ah,0CCh
    514	09D1  85 C4 57 CD 86 C5			     db	      85h,0C4h,	57h,0CDh, 86h,0C5h
    515	09D7  49 CC 88 C4 CC 94			     db	      49h,0CCh,	88h,0C4h,0CCh, 94h
    516	09DD  C5 C8 CA C7 59 C8			     db	     0C5h,0C8h,0CAh,0C7h, 59h,0C8h
    517	09E3  49 CC 88 C4 CA C7			     db	      49h,0CCh,	88h,0C4h,0CAh,0C7h
    518	09E9  CC 87 C5 59 CC 87			     db	     0CCh, 87h,0C5h, 59h,0CCh, 87h
    519	09EF  C4 CD C1 41 60 41			     db	     0C4h,0CDh,0C1h, 41h, 60h, 41h
    520	09F5  50 C2 40 C2 40 82			     db	      50h,0C2h,	40h,0C2h, 40h, 82h
    521	09FB  C4 49 79 C7 CA CB			     db	     0C4h, 49h,	79h,0C7h,0CAh,0CBh
    522	0A01  CC 87 C5 CA CD 88			     db	     0CCh, 87h,0C5h,0CAh,0CDh, 88h
    523	0A07  C5 49 CD 88 C4 CB			     db	     0C5h, 49h,0CDh, 88h,0C4h,0CBh
    524	0A0D  CD 93 C4 49 49 C8			     db	     0CDh, 93h,0C4h, 49h, 49h,0C8h
    525	0A13  69 CD 88 C5 CD 89			     db	      69h,0CDh,	88h,0C5h,0CDh, 89h
    526	0A19  C5 49 C8 CC 87 C4			     db	     0C5h, 49h,0C8h,0CCh, 87h,0C4h
    527	0A1F  49 CD 83 C3 CD 8D			     db	      49h,0CDh,	83h,0C3h,0CDh, 8Dh
    528	0A25  C4 49 CB C8 4A CA			     db	     0C4h, 49h,0CBh,0C8h, 4Ah,0CAh
    529	0A2B  C8 49 CD 87 C6 CD			     db	     0C8h, 49h,0CDh, 87h,0C6h,0CDh
    530	0A31  89 C5 CA CC 89 C4			     db	      89h,0C5h,0CAh,0CCh, 89h,0C4h
    531	0A37  CC CA C9 CD 81 C3			     db	     0CCh,0CAh,0C9h,0CDh, 81h,0C3h
    532	0A3D  C8 CA C8 CA CD CE			     db	     0C8h,0CAh,0C8h,0CAh,0CDh,0CEh
    533	0A43  89 C4 49 83 C6 4A			     db	      89h,0C4h,	49h, 83h,0C6h, 4Ah
    534	0A49  49 CD 87 C3 CD 89			     db	      49h,0CDh,	87h,0C3h,0CDh, 89h
    535	0A4F  C4 49 CC 88 C4 09			     db	     0C4h, 49h,0CCh, 88h,0C4h, 09h
    536	0A55  0A CC 8A C6 CB CC			     db	      0Ah,0CCh,	8Ah,0C6h,0CBh,0CCh
    537	0A5B  86 59 CB CC 85 C5			     db	      86h, 59h,0CBh,0CCh, 85h,0C5h
    538	0A61  49 CD 87 C4 59 CD			     db	      49h,0CDh,	87h,0C4h, 59h,0CDh
    539	0A67  87 C5 05 0A C8 CD			     db	      87h,0C5h,	05h, 0Ah,0C8h,0CDh
    540	0A6D  C3 49 CD CE 8B 86			     db	     0C3h, 49h,0CDh,0CEh, 8Bh, 86h
Turbo Assembler	 Version 2.01	     03/22/26 12:38:36	    Page 11
322ENBHV.asm



    541	0A73  79 CC 84 C5 49 C8			     db	      79h,0CCh,	84h,0C5h, 49h,0C8h
    542	0A79  CB CD 85 C4 49 CD			     db	     0CBh,0CDh,	85h,0C4h, 49h,0CDh
    543	0A7F  86 C3 05 0A 57 79			     db	      86h,0C3h,	05h, 0Ah, 57h, 79h
    544	0A85  CC 8B 86 C4 C8 CA			     db	     0CCh, 8Bh,	86h,0C4h,0C8h,0CAh
    545	0A8B  CC 86 C5 49 C7 CD			     db	     0CCh, 86h,0C5h, 49h,0C7h,0CDh
    546	0A91  86 C4 49 C8 CC 85			     db	      86h,0C4h,	49h,0C8h,0CCh, 85h
    547	0A97  C8 C7 69 C8 CB CD			     db	     0C8h,0C7h,	69h,0C8h,0CBh,0CDh
    548	0A9D  C6 49 C8 49 C7 C4			     db	     0C6h, 49h,0C8h, 49h,0C7h,0C4h
    549	0AA3  CD 89 86 C4 C7 CA			     db	     0CDh, 89h,	86h,0C4h,0C7h,0CAh
    550	0AA9  CC 86 C5 47 CD 87			     db	     0CCh, 86h,0C5h, 47h,0CDh, 87h
    551	0AAF  C4 CA C8 CA C8 CC			     db	     0C4h,0CAh,0C8h,0CAh,0C8h,0CCh
    552	0AB5  82 C3 CA C8 CA C8			     db	      82h,0C3h,0CAh,0C8h,0CAh,0C8h
    553	0ABB  C7 CA CC CE 83 C6			     db	     0C7h,0CAh,0CCh,0CEh, 83h,0C6h
    554	0AC1  67 49 CC 85 C3 49			     db	      67h, 49h,0CCh, 85h,0C3h, 49h
    555	0AC7  CC 86 C4 CA CC 87			     db	     0CCh, 86h,0C4h,0CAh,0CCh, 87h
    556	0ACD  C5 C7 49 CD 86 C4			     db	     0C5h,0C7h,	49h,0CDh, 86h,0C4h
    557	0AD3  49 CB 05 0A CB CD			     db	      49h,0CBh,	05h, 0Ah,0CBh,0CDh
    558	0AD9  C6 CB CC 81 CE 88			     db	     0C6h,0CBh,0CCh, 81h,0CEh, 88h
    559	0ADF  C5 CA C8 CD 83 C3			     db	     0C5h,0CAh,0C8h,0CDh, 83h,0C3h
    560	0AE5  C4 CA CC 81 86 C5			     db	     0C4h,0CAh,0CCh, 81h, 86h,0C5h
    561	0AEB  49 CD 86 C4 49 C8			     db	      49h,0CDh,	86h,0C4h, 49h,0C8h
    562	0AF1  CC 86 C4 06 0A C8			     db	     0CCh, 86h,0C4h, 06h, 0Ah,0C8h
    563	0AF7  CA CC 50 C2 60 C2			     db	     0CAh,0CCh,	50h,0C2h, 60h,0C2h
    564	0AFD  60 81 C5 5A CD 81			     db	      60h, 81h,0C5h, 5Ah,0CDh, 81h
    565	0B03  C3 69 CC CE 85 C5			     db	     0C3h, 69h,0CCh,0CEh, 85h,0C5h
    566	0B09  CA CD 87 C4 CA C7			     db	     0CAh,0CDh,	87h,0C4h,0CAh,0C7h
    567	0B0F  CC 87 C4 69 C7 C8			     db	     0CCh, 87h,0C4h, 69h,0C7h,0C8h
    568	0B15  CC 91 C6 CC 81 D2			     db	     0CCh, 91h,0C6h,0CCh, 81h,0D2h
    569	0B1B  D3 D4 C9 C8 49 CC			     db	     0D3h,0D4h,0C9h,0C8h, 49h,0CCh
    570	0B21  81 86 C5 69 CC 84			     db	      81h, 86h,0C5h, 69h,0CCh, 84h
    571	0B27  C4 47 CD CE 86 C4			     db	     0C4h, 47h,0CDh,0CEh, 86h,0C4h
    572	0B2D  49 C8 CA C9 CC C2			     db	      49h,0C8h,0CAh,0C9h,0CCh,0C2h
    573	0B33  60 C2 50 C2 60 87			     db	      60h,0C2h,	50h,0C2h, 60h, 87h
    574	0B39  D2 D3 D4 C9 59 C7			     db	     0D2h,0D3h,0D4h,0C9h, 59h,0C7h
    575	0B3F  CD 86 C6 59 CC 85			     db	     0CDh, 86h,0C6h, 59h,0CCh, 85h
    576	0B45  C4 C8 CD 88 C4 49			     db	     0C4h,0C8h,0CDh, 88h,0C4h, 49h
    577	0B4B  C8 CA C9 CC 95 D2			     db	     0C8h,0CAh,0C9h,0CCh, 95h,0D2h
    578	0B51  D3 D4 C9 69 CC CD			     db	     0D3h,0D4h,0C9h, 69h,0CCh,0CDh
    579	0B57  86 C5 CA CD 86 C4			     db	      86h,0C5h,0CAh,0CDh, 86h,0C4h
    580	0B5D  49 CD 87 C4 CA C8			     db	      49h,0CDh,	87h,0C4h,0CAh,0C8h
    581	0B63  49 C8 CD 85 C3 68			     db	      49h,0C8h,0CDh, 85h,0C3h, 68h
    582	0B69  CC 81 CE 88 D2 D3			     db	     0CCh, 81h,0CEh, 88h,0D2h,0D3h
    583	0B6F  D4 C8 59 C8 C7 CD			     db	     0D4h,0C8h,	59h,0C8h,0C7h,0CDh
    584	0B75  86 C5 CA CC 86 C4			     db	      86h,0C5h,0CAh,0CCh, 86h,0C4h
    585	0B7B  49 CD 87 C4 47 49			     db	      49h,0CDh,	87h,0C4h, 47h, 49h
    586	0B81  C9 CD 85 C5 78 CC			     db	     0C9h,0CDh,	85h,0C5h, 78h,0CCh
    587	0B87  89 D2 D3 D4 C8 49			     db	      89h,0D2h,0D3h,0D4h,0C8h, 49h
    588	0B8D  C7 C8 CA C7 CC 85			     db	     0C7h,0C8h,0CAh,0C7h,0CCh, 85h
    589	0B93  C5 CD 87 C4 49 CD			     db	     0C5h,0CDh,	87h,0C4h, 49h,0CDh
    590	0B99  87 C4 49 CD C9 CB			     db	      87h,0C4h,	49h,0CDh,0C9h,0CBh
    591	0B9F  CD 85 C6 5A 48 C8			     db	     0CDh, 85h,0C6h, 5Ah, 48h,0C8h
    592	0BA5  CD 88 D2 D3 D4 C8			     db	     0CDh, 88h,0D2h,0D3h,0D4h,0C8h
    593	0BAB  79 CA CD 85 C6 CC			     db	      79h,0CAh,0CDh, 85h,0C6h,0CCh
    594	0BB1  87 C4 47 CA CD CE			     db	      87h,0C4h,	47h,0CAh,0CDh,0CEh
Turbo Assembler	 Version 2.01	     03/22/26 12:38:36	    Page 12
322ENBHV.asm



    595	0BB7  85 C5 59 CD 82 CE			     db	      85h,0C5h,	59h,0CDh, 82h,0CEh
    596	0BBD  86 D2 D3 CA C9 C8			     db	      86h,0D2h,0D3h,0CAh,0C9h,0C8h
    597	0BC3  CA CC 87 D2 D3 D4			     db	     0CAh,0CCh,	87h,0D2h,0D3h,0D4h
    598	0BC9  C8 69 C8 CD 8F C5			     db	     0C8h, 69h,0C8h,0CDh, 8Fh,0C5h
    599	0BCF  CA C8 CA CC 86 C5			     db	     0CAh,0C8h,0CAh,0CCh, 86h,0C5h
    600	0BD5  59 CD CE 88 D2 D3			     db	      59h,0CDh,0CEh, 88h,0D2h,0D3h
    601	0BDB  CA 47 CC 81 CE 86			     db	     0CAh, 47h,0CCh, 81h,0CEh, 86h
    602	0BE1  D2 D3 D4 59 57 CA			     db	     0D2h,0D3h,0D4h, 59h, 57h,0CAh
    603	0BE7  CD 0C 01 81 C5 C8			     db	     0CDh, 0Ch,	01h, 81h,0C5h,0C8h
    604	0BED  49 CB CC 85 C5 49			     db	      49h,0CBh,0CCh, 85h,0C5h, 49h
    605	0BF3  CB CC 81 CE 86 D2			     db	     0CBh,0CCh,	81h,0CEh, 86h,0D2h
    606	0BF9  D3 D4 CA C8 49 CC			     db	     0D3h,0D4h,0CAh,0C8h, 49h,0CCh
    607	0BFF  87 D2 D3 D4 59 C8			     db	      87h,0D2h,0D3h,0D4h, 59h,0C8h
    608	0C05  49 CC 8F C5 C7 49			     db	      49h,0CCh,	8Fh,0C5h,0C7h, 49h
    609	0C0B  CD CE 85 C5 49 C9			     db	     0CDh,0CEh,	85h,0C5h, 49h,0C9h
    610	0C11  CD 88 D2 D3 D4 59			     db	     0CDh, 88h,0D2h,0D3h,0D4h, 59h
    611	0C17  CB CC 87 D2 D3 D4			     db	     0CBh,0CCh,	87h,0D2h,0D3h,0D4h
    612	0C1D  59 C8 49 88 C3 CC			     db	      59h,0C8h,	49h, 88h,0C3h,0CCh
    613	0C23  86 C5 47 CA CC 86			     db	      86h,0C5h,	47h,0CAh,0CCh, 86h
    614	0C29  C5 49 48 CD 87 D2			     db	     0C5h, 49h,	48h,0CDh, 87h,0D2h
    615	0C2F  D3 D4 C8 CA C8 CA			     db	     0D3h,0D4h,0C8h,0CAh,0C8h,0CAh
    616	0C35  CC 87 D2 D3 D4 49			     db	     0CCh, 87h,0D2h,0D3h,0D4h, 49h
    617	0C3B  C7 CA C8 CD 88 C5			     db	     0C7h,0CAh,0C8h,0CDh, 88h,0C5h
    618	0C41  CA CC 85 C5 C8 CA			     db	     0CAh,0CCh,	85h,0C5h,0C8h,0CAh
    619	0C47  CD CE 86 C4 CA C4			     db	     0CDh,0CEh,	86h,0C4h,0CAh,0C4h
    620	0C4D  48 CD 87 D2 D3 D4			     db	      48h,0CDh,	87h,0D2h,0D3h,0D4h
    621	0C53  C8 49 CC 82 CE 85			     db	     0C8h, 49h,0CCh, 82h,0CEh, 85h
    622	0C59  D2 D3 D4 69 C8 CC			     db	     0D2h,0D3h,0D4h, 69h,0C8h,0CCh
    623	0C5F  88 C5 49 CC 84 C6			     db	      88h,0C5h,	49h,0CCh, 84h,0C6h
    624	0C65  C8 CC 88 C4 CA 58			     db	     0C8h,0CCh,	88h,0C4h,0CAh, 58h
    625	0C6B  CD 87 D2 D3 D4 C8			     db	     0CDh, 87h,0D2h,0D3h,0D4h,0C8h
    626	0C71  59 CC 8A C6 59 C8			     db	      59h,0CCh,	8Ah,0C6h, 59h,0C8h
    627	0C77  CD 88 C5 CA CD 90			     db	     0CDh, 88h,0C5h,0CAh,0CDh, 90h
    628	0C7D  C4 58 CB CD CE 86			     db	     0C4h, 58h,0CBh,0CDh,0CEh, 86h
    629	0C83  D2 D3 CA C8 CA CB			     db	     0D2h,0D3h,0CAh,0C8h,0CAh,0CBh
    630	0C89  CD 8C C6 C5 CB CD			     db	     0CDh, 8Ch,0C6h,0C5h,0CBh,0CDh
    631	0C8F  CE 88 C5 49 CC CE			     db	     0CEh, 88h,0C5h, 49h,0CCh,0CEh
    632	0C95  8E C5 C9 C8 CD C3			     db	      8Eh,0C5h,0C9h,0C8h,0CDh,0C3h
    633	0C9B  CC 87 D2 49 C8 CC			     db	     0CCh, 87h,0D2h, 49h,0C8h,0CCh
    634	0CA1  82 CE 88 CE 83 C6			     db	      82h,0CEh,	88h,0CEh, 83h,0C6h
    635	0CA7  CA C8 CD CC 87 C5			     db	     0CAh,0C8h,0CDh,0CCh, 87h,0C5h
    636	0CAD  49 CC 8F C4 47 58			     db	      49h,0CCh,	8Fh,0C4h, 47h, 58h
    637	0CB3  CD 86 D2 69 CC 87			     db	     0CDh, 86h,0D2h, 69h,0CCh, 87h
    638	0CB9  C3 CD 86 C6 47 88			     db	     0C3h,0CDh,	86h,0C6h, 47h, 88h
    639	0CBF  C5 C8 49 CC 8E C4			     db	     0C5h,0C8h,	49h,0CCh, 8Eh,0C4h
    640	0CC5  78 CD 85 C3 C9 59			     db	      78h,0CDh,	85h,0C3h,0C9h, 59h
    641	0CCB  C8 CA CC 86 C4 CA			     db	     0C8h,0CAh,0CCh, 86h,0C4h,0CAh
    642	0CD1  CD 88 88 C4 69 CD			     db	     0CDh, 88h,	88h,0C4h, 69h,0CDh
    643	0CD7  8D C4 48 C8 CD CE			     db	      8Dh,0C4h,	48h,0C8h,0CDh,0CEh
    644	0CDD  86 C4 59 47 CA CC			     db	      86h,0C4h,	59h, 47h,0CAh,0CCh
    645	0CE3  86 C4 CA C9 CC 87			     db	      86h,0C4h,0CAh,0C9h,0CCh, 87h
    646	0CE9  88 C4 CB 49 CD 8E			     db	      88h,0C4h,0CBh, 49h,0CDh, 8Eh
    647	0CEF  C4 48 C8 48 CD 85			     db	     0C4h, 48h,0C8h, 48h,0CDh, 85h
    648	0CF5  C4 C8 59 C8 59 CC			     db	     0C4h,0C8h,	59h,0C8h, 59h,0CCh
Turbo Assembler	 Version 2.01	     03/22/26 12:38:36	    Page 13
322ENBHV.asm



    649	0CFB  84 C5 CA CC 88 88			     db	      84h,0C5h,0CAh,0CCh, 88h, 88h
    650	0D01  C4 49 CB CD 81 CE			     db	     0C4h, 49h,0CBh,0CDh, 81h,0CEh
    651	0D07  8B C3 C4 C9 47 CB			     db	      8Bh,0C3h,0C4h,0C9h, 47h,0CBh
    652	0D0D  CC 86 C4 59 47 49			     db	     0CCh, 86h,0C4h, 59h, 47h, 49h
    653	0D13  CC 85 C6 CB CC 81			     db	     0CCh, 85h,0C6h,0CBh,0CCh, 81h
    654	0D19  CE 83 C3 CA CC 88			     db	     0CEh, 83h,0C3h,0CAh,0CCh, 88h
    655	0D1F  C5 49 C7 CA CC 8C			     db	     0C5h, 49h,0C7h,0CAh,0CCh, 8Ch
    656	0D25  C4 58 C7 CD CE 86			     db	     0C4h, 58h,0C7h,0CDh,0CEh, 86h
    657	0D2B  C4 05 0A CC 82 CE			     db	     0C4h, 05h,	0Ah,0CCh, 82h,0CEh
    658	0D31  8B C5 CA CD C3 CD			     db	      8Bh,0C5h,0CAh,0CDh,0C3h,0CDh
    659	0D37  86 C5 59 CC 8D C4			     db	      86h,0C5h,	59h,0CCh, 8Dh,0C4h
    660	0D3D  48 C8 C9 CC 87			     db	      48h,0C8h,0C9h,0CCh, 87h
    661	0D42			     loc_1:
    662	0D42  C4 49 C8				     les     cx,dword ptr [bx+di-38h]	     ; Load seg:offset ptr
    663	0D45  59				     pop     cx
    664	0D46  CD 8E				     int     8Eh		     ; ??INT Non-standard interrupt
    665	0D48  C4 CA CD CA CD 86			     db	     0C4h,0CAh,0CDh,0CAh,0CDh, 86h
    666	0D4E  C4 CA CD 8F C5 48			     db	     0C4h,0CAh,0CDh, 8Fh,0C5h, 48h
    667	0D54  C8 CD 88 C4 CA CD			     db	     0C8h,0CDh,	88h,0C4h,0CAh,0CDh
    668	0D5A  C3 CA CD C3 CD 8E			     db	     0C3h,0CAh,0CDh,0C3h,0CDh, 8Eh
    669	0D60  C4 49 CC 87 C6 CB			     db	     0C4h, 49h,0CCh, 87h,0C6h,0CBh
    670	0D66  CD 81 CE 8D C5 47			     db	     0CDh, 81h,0CEh, 8Dh,0C5h, 47h
    671	0D6C  CD CE 88 C4 06 0A			     db	     0CDh,0CEh,	88h,0C4h, 06h, 0Ah
    672	0D72  CD 87 C3 79 CB 49			     db	     0CDh, 87h,0C3h, 79h,0CBh, 49h
    673	0D78  CD 81 CE 97 C5 47			     db	     0CDh, 81h,0CEh, 97h,0C5h, 47h
    674	0D7E  C9 CC 88 C5 CA C8			     db	     0C9h,0CCh,	88h,0C5h,0CAh,0C8h
    675	0D84  69 C8 CD 87 C4 CA			     db	      69h,0C8h,0CDh, 87h,0C4h,0CAh
    676	0D8A  47 69 CB CA CD 98			     db	      47h, 69h,0CBh,0CAh,0CDh, 98h
    677	0D90  C5 C9 C8 C7 CD CE			     db	     0C5h,0C9h,0C8h,0C7h,0CDh,0CEh
    678	0D96  87 C5 47 49 47 CA			     db	      87h,0C5h,	47h, 49h, 47h,0CAh
    679	0D9C  CD CE 86 C4 47 CB			     db	     0CDh,0CEh,	86h,0C4h, 47h,0CBh
    680	0DA2  79 C7 CC 98 C5 68			     db	      79h,0C7h,0CCh, 98h,0C5h, 68h
    681	0DA8  CC 87 C5 C8 79 CD			     db	     0CCh, 87h,0C5h,0C8h, 79h,0CDh
    682	0DAE  CE 87 C4 C8 CC C3			     db	     0CEh, 87h,0C4h,0C8h,0CCh,0C3h
    683	0DB4  79 CD 99 C5 78 CB			     db	      79h,0CDh,	99h,0C5h, 78h,0CBh
    684	0DBA  CC 85 C5 49 CB 49			     db	     0CCh, 85h,0C5h, 49h,0CBh, 49h
    685	0DC0  47 CD 87 C4 07 0A			     db	      47h,0CDh,	87h,0C4h, 07h, 0Ah
    686	0DC6  CE 99 C5 48 C7 C9			     db	     0CEh, 99h,0C5h, 48h,0C7h,0C9h
    687	0DCC  CB CD 81 CE 84 C5			     db	     0CBh,0CDh,	81h,0CEh, 84h,0C5h
    688	0DD2  69 C7 CD C3 CA CC			     db	      69h,0C7h,0CDh,0C3h,0CAh,0CCh
    689	0DD8  86 C5 59 C7 CA C8			     db	      86h,0C5h,	59h,0C7h,0CAh,0C8h
    690	0DDE  CD 81 9A C5 05 09			     db	     0CDh, 81h,	9Ah,0C5h, 05h, 09h
    691	0DE4  CD 85 C5 C8 59 CC			     db	     0CDh, 85h,0C5h,0C8h, 59h,0CCh
    692	0DEA  84 CE 85 C5 CA C7			     db	      84h,0CEh,	85h,0C5h,0CAh,0C7h
    693	0DF0  59 CD 82 9A C5 57			     db	      59h,0CDh,	82h, 9Ah,0C5h, 57h
    694	0DF6  C9 CD 87 C4 59 CD			     db	     0C9h,0CDh,	87h,0C4h, 59h,0CDh
    695	0DFC  81 CE 89 C5 79 C8			     db	      81h,0CEh,	89h,0C5h, 79h,0C8h
    696	0E02  CA CC 9A C5 47 CD			     db	     0CAh,0CCh,	9Ah,0C5h, 47h,0CDh
    697	0E08  82 CE 86 C5 49 C8			     db	      82h,0CEh,	86h,0C5h, 49h,0C8h
    698	0E0E  49 CC 81 CE 87 C5			     db	      49h,0CCh,	81h,0CEh, 87h,0C5h
    699	0E14  C4 CA 67 CC 81 9A			     db	     0C4h,0CAh,	67h,0CCh, 81h, 9Ah
    700	0E1A  C5 C8 C9 CD CE 88			     db	     0C5h,0C8h,0C9h,0CDh,0CEh, 88h
    701	0E20  C5 CA 47 59 CC 82			     db	     0C5h,0CAh,	47h, 59h,0CCh, 82h
    702	0E26  CE 85 C6 C5 CA 47			     db	     0CEh, 85h,0C6h,0C5h,0CAh, 47h
Turbo Assembler	 Version 2.01	     03/22/26 12:38:36	    Page 14
322ENBHV.asm



    703	0E2C  49 C7 CD 86 C3 CC			     db	      49h,0C7h,0CDh, 86h,0C3h,0CCh
    704	0E32  88 C3 CA CD 87 C5			     db	      88h,0C3h,0CAh,0CDh, 87h,0C5h
    705	0E38  48 CC 89 C5 47 CB			     db	      48h,0CCh,	89h,0C5h, 47h,0CBh
    706	0E3E  CA CC CA 47 CD 88			     db	     0CAh,0CCh,0CAh, 47h,0CDh, 88h
    707	0E44  C6 CA C8 CA CD 82			     db	     0C6h,0CAh,0C8h,0CAh,0CDh, 82h
    708	0E4A  86 C4 CD 88 C4 49			     db	      86h,0C4h,0CDh, 88h,0C4h, 49h
    709	0E50  CD 86 C5 CC CE 8A			     db	     0CDh, 86h,0C5h,0CCh,0CEh, 8Ah
    710	0E56  C5 07 0A CD 89 C4			     db	     0C5h, 07h,	0Ah,0CDh, 89h,0C4h
    711	0E5C  C8 CC CE 82 86 C4			     db	     0C8h,0CCh,0CEh, 82h, 86h,0C4h
    712	0E62  C9 CB CD 86 C4 C8			     db	     0C9h,0CBh,0CDh, 86h,0C4h,0C8h
    713	0E68  CA CD CE 85 C5 CD			     db	     0CAh,0CDh,0CEh, 85h,0C5h,0CDh
    714	0E6E  8B C5 59 CD C3 69			     db	      8Bh,0C5h,	59h,0CDh,0C3h, 69h
    715	0E74  CD CE 87 C4 CA CD			     db	     0CDh,0CEh,	87h,0C4h,0CAh,0CDh
    716	0E7A  83 85 C3 48 CC CE			     db	      83h, 85h,0C3h, 48h,0CCh,0CEh
    717	0E80  86 C5 47 CC 86 C6			     db	      86h,0C5h,	47h,0CCh, 86h,0C6h
    718	0E86  CD 8B C5 07 0A C8			     db	     0CDh, 8Bh,0C5h, 07h, 0Ah,0C8h
    719	0E8C  CA CD 87 C4 CA CC			     db	     0CAh,0CDh,	87h,0C4h,0CAh,0CCh
    720	0E92  81 CE 81 84 C3 48			     db	      81h,0CEh,	81h, 84h,0C3h, 48h
    721	0E98  C8 CD 87 C5 C8 CA			     db	     0C8h,0CDh,	87h,0C5h,0C8h,0CAh
    722	0E9E  CD 86 C3 CD 8B C5			     db	     0CDh, 86h,0C3h,0CDh, 8Bh,0C5h
    723	0EA4  C8 69 47 C7 49 CB			     db	     0C8h, 69h,	47h,0C7h, 49h,0CBh
    724	0EAA  CD 86 C4 49 C7 CC			     db	     0CDh, 86h,0C4h, 49h,0C7h,0CCh
    725	0EB0  81 84 C4 C9 47 C7			     db	      81h, 84h,0C4h,0C9h, 47h,0C7h
    726	0EB6  CC 86 C5 4A C7 CD			     db	     0CCh, 86h,0C5h, 4Ah,0C7h,0CDh
    727	0EBC  85 C4 CD 8B C5 49			     db	      85h,0C4h,0CDh, 8Bh,0C5h, 49h
    728	0EC2  C8 CA 47 CA C8 CC			     db	     0C8h,0CAh,	47h,0CAh,0C8h,0CCh
    729	0EC8  81 CE 87 C4 49 CC			     db	      81h,0CEh,	87h,0C4h, 49h,0CCh
    730	0ECE  82 84 C4 48 CD 88			     db	      82h, 84h,0C4h, 48h,0CDh, 88h
    731	0ED4  C4 CD 81 CA CD 85			     db	     0C4h,0CDh,	81h,0CAh,0CDh, 85h
    732	0EDA  C4 C9 CC 8A C5 CA			     db	     0C4h,0C9h,0CCh, 8Ah,0C5h,0CAh
    733	0EE0  C8 CD C6 59 CD 81			     db	     0C8h,0CDh,0C6h, 59h,0CDh, 81h
    734	0EE6  CE 88 C5 49 CD 81			     db	     0CEh, 88h,0C5h, 49h,0CDh, 81h
    735	0EEC  CE 84 C4 58 CD 87			     db	     0CEh, 84h,0C4h, 58h,0CDh, 87h
    736	0EF2  C4 CA CD C6 C7 CC			     db	     0C4h,0CAh,0CDh,0C6h,0C7h,0CCh
    737	0EF8  84 C4 C9 CD CE 89			     db	      84h,0C4h,0C9h,0CDh,0CEh, 89h
    738	0EFE  C4 CA CB CC 83 C3			     db	     0C4h,0CAh,0CBh,0CCh, 83h,0C3h
    739	0F04  CA CD 89 C5 CA CC			     db	     0CAh,0CDh,	89h,0C5h,0CAh,0CCh
    740	0F0A  83 84 C4 C9 47 CD			     db	      83h, 84h,0C4h,0C9h, 47h,0CDh
    741	0F10  CE 86 C4 49 CB CC			     db	     0CEh, 86h,0C4h, 49h,0CBh,0CCh
    742	0F16  85 C4 C9 CB CD 89			     db	      85h,0C4h,0C9h,0CBh,0CDh, 89h
    743	0F1C  C4 CA CC 84 C4 CA			     db	     0C4h,0CAh,0CCh, 84h,0C4h,0CAh
    744	0F22  C8 CD 88 C5 49 C7			     db	     0C8h,0CDh,	88h,0C5h, 49h,0C7h
    745	0F28  CC CE 84 C5 47 C9			     db	     0CCh,0CEh,	84h,0C5h, 47h,0C9h
    746	0F2E  CD 87 C4 59 CB CC			     db	     0CDh, 87h,0C4h, 59h,0CBh,0CCh
    747	0F34  84 C4 48 CD CE 88			     db	      84h,0C4h,	48h,0CDh,0CEh, 88h
    748	0F3A  C4 CA CC CE 83 C4			     db	     0C4h,0CAh,0CCh,0CEh, 83h,0C4h
    749	0F40  59 CC CE 86 C5 49			     db	      59h,0CCh,0CEh, 86h,0C5h, 49h
    750	0F46  CC 82 84 C5 47 C9			     db	     0CCh, 82h,	84h,0C5h, 47h,0C9h
    751	0F4C  CC 87 C4 59 CD CE			     db	     0CCh, 87h,0C4h, 59h,0CDh,0CEh
    752	0F52  84 C4 48 CD 89 C4			     db	      84h,0C4h,	48h,0CDh, 89h,0C4h
    753	0F58  CA CD 84 C4 59 CC			     db	     0CAh,0CDh,	84h,0C4h, 59h,0CCh
    754	0F5E  87 C5 49 CD 82 84			     db	      87h,0C5h,	49h,0CDh, 82h, 84h
    755	0F64  C5 C8 CC 89 C5 47			     db	     0C5h,0C8h,0CCh, 89h,0C5h, 47h
    756	0F6A  CA CC 85 C5 48 C8			     db	     0CAh,0CCh,	85h,0C5h, 48h,0C8h
Turbo Assembler	 Version 2.01	     03/22/26 12:38:36	    Page 15
322ENBHV.asm



    757	0F70  C9 CC 87 C4 CA CD			     db	     0C9h,0CCh,	87h,0C4h,0CAh,0CDh
    758	0F76  84 C4 59 CC 81 CE			     db	      84h,0C4h,	59h,0CCh, 81h,0CEh
    759	0F7C  85 C5 CA CC 83 84			     db	      85h,0C5h,0CAh,0CCh, 83h, 84h
    760	0F82  C5 C9 CD 82 CE 86			     db	     0C5h,0C9h,0CDh, 82h,0CEh, 86h
    761	0F88  C5 47 CC CE 85 C5			     db	     0C5h, 47h,0CCh,0CEh, 85h,0C5h
    762	0F8E  C9 C7 48 CD CE 86			     db	     0C9h,0C7h,	48h,0CDh,0CEh, 86h
    763	0F94  C5 CA CC CE 83 C4			     db	     0C5h,0CAh,0CCh,0CEh, 83h,0C4h
    764	0F9A  59 CC 87 C5 C8 CC			     db	      59h,0CCh,	87h,0C5h,0C8h,0CCh
    765	0FA0  83 84 C5 58 CD 87			     db	      83h, 84h,0C5h, 58h,0CDh, 87h
    766	0FA6  C5 49 CC 86 C5 C9			     db	     0C5h, 49h,0CCh, 86h,0C5h,0C9h
    767	0FAC  C8 C9 C8 CD 87 C5			     db	     0C8h,0C9h,0C8h,0CDh, 87h,0C5h
    768	0FB2  CA CC 84 C4 49 C8			     db	     0CAh,0CCh,	84h,0C4h, 49h,0C8h
    769	0FB8  C7 CD 86 C5 49 CD			     db	     0C7h,0CDh,	86h,0C5h, 49h,0CDh
    770	0FBE  82 84 C5 58 CD 87			     db	      82h, 84h,0C5h, 58h,0CDh, 87h
    771	0FC4  C5 C6 C7 CC 86 C5			     db	     0C5h,0C6h,0C7h,0CCh, 86h,0C5h
    772	0FCA  47 48 CD CE 86 C5			     db	      47h, 48h,0CDh,0CEh, 86h,0C5h
    773	0FD0  CA CD 84 C4 CA C7			     db	     0CAh,0CDh,	84h,0C4h,0CAh,0C7h
    774	0FD6  CA CC 87 C5 49 C8			     db	     0CAh,0CCh,	87h,0C5h, 49h,0C8h
    775	0FDC  CC 81 84 C5 C9 C8			     db	     0CCh, 81h,	84h,0C5h,0C9h,0C8h
    776	0FE2  CB CC 87 C6 C7 CC			     db	     0CBh,0CCh,	87h,0C6h,0C7h,0CCh
    777	0FE8  87 C4 58 C7 C9 CD			     db	      87h,0C4h,	58h,0C7h,0C9h,0CDh
    778	0FEE  86 C6 CD 85 C4 47			     db	      86h,0C6h,0CDh, 85h,0C4h, 47h
    779	0FF4  CC 88 C5 CA CC 83			     db	     0CCh, 88h,0C5h,0CAh,0CCh, 83h
    780	0FFA  84 C5 C8 C9 CD 92			     db	      84h,0C5h,0C8h,0C9h,0CDh, 92h
    781	1000  C4 78 CC CD 8C C4			     db	     0C4h, 78h,0CCh,0CDh, 8Ch,0C4h
    782	1006  49 CC 88 C5 49 CD			     db	      49h,0CCh,	88h,0C5h, 49h,0CDh
    783	100C  82 84 C5 48 CD 92			     db	      82h, 84h,0C5h, 48h,0CDh, 92h
    784	1012  C4 05 09 CA CD 8B			     db	     0C4h, 05h,	09h,0CAh,0CDh, 8Bh
    785	1018  C5 59 CC 87 C5 CA			     db	     0C5h, 59h,0CCh, 87h,0C5h,0CAh
    786	101E  CD 81 CE 81 84 C5			     db	     0CDh, 81h,0CEh, 81h, 84h,0C5h
    787	1024  48 CD 92 C4 05 09			     db	      48h,0CDh,	92h,0C4h, 05h, 09h
    788	102A  C8 CD 8B C5 49 CB			     db	     0C8h,0CDh,	8Bh,0C5h, 49h,0CBh
    789	1030  CC 87 C5 49 CD 82			     db	     0CCh, 87h,0C5h, 49h,0CDh, 82h
    790	1036  84 C5 48 CC 92 C4			     db	      84h,0C5h,	48h,0CCh, 92h,0C4h
    791	103C  58 C8 48 C8 CD CE			     db	      58h,0C8h,	48h,0C8h,0CDh,0CEh
    792	1042  89 C3 C8 49 CC 88			     db	      89h,0C3h,0C8h, 49h,0CCh, 88h
    793	1048  C5 C8 CA CD 82 84			     db	     0C5h,0C8h,0CAh,0CDh, 82h, 84h
    794	104E  C5 48 CD 40 41 60			     db	     0C5h, 48h,0CDh, 40h, 41h, 60h
    795	1054  41 40 C2 40 C2 C1			     db	      41h, 40h,0C2h, 40h,0C2h,0C1h
    796	105A  81 C4 C9 47 C7 48			     db	      81h,0C4h,0C9h, 47h,0C7h, 48h
    797	1060  CA CD 8A C4 C8 59			     db	     0CAh,0CDh,	8Ah,0C4h,0C8h, 59h
    798	1066  CC CE 86 C5 CA CC			     db	     0CCh,0CEh,	86h,0C5h,0CAh,0CCh
    799	106C  83 84 C4 48 CD 92			     db	      83h, 84h,0C4h, 48h,0CDh, 92h
    800	1072  C5 47 48 47 49 CD			     db	     0C5h, 47h,	48h, 47h, 49h,0CDh
    801	1078  89 C4 C8 59 CC 87			     db	      89h,0C4h,0C8h, 59h,0CCh, 87h
    802	107E  C5 49 C8 CC 81 84			     db	     0C5h, 49h,0C8h,0CCh, 81h, 84h
    803	1084  C4 48 CD 92 C4 C9			     db	     0C4h, 48h,0CDh, 92h,0C4h,0C9h
    804	108A  C8 C9 47 C9 CA C8			     db	     0C8h,0C9h,	47h,0C9h,0CAh,0C8h
    805	1090  CA CC 81 C3 CA CD			     db	     0CAh,0CCh,	81h,0C3h,0CAh,0CDh
    806	1096  84 C4 C8 49 C8 CC			     db	      84h,0C4h,0C8h, 49h,0C8h,0CCh
    807	109C  87 C5 49 CC 82 84			     db	      87h,0C5h,	49h,0CCh, 82h, 84h
    808	10A2  C4 48 CD CE 91 C4			     db	     0C4h, 48h,0CDh,0CEh, 91h,0C4h
    809	10A8  C9 C8 C9 47 C9 49			     db	     0C9h,0C8h,0C9h, 47h,0C9h, 49h
    810	10AE  C8 49 47 CC 84 C4			     db	     0C8h, 49h,	47h,0CCh, 84h,0C4h
Turbo Assembler	 Version 2.01	     03/22/26 12:38:36	    Page 16
322ENBHV.asm



    811	10B4  C8 CA C8 CC CE 87			     db	     0C8h,0CAh,0C8h,0CCh,0CEh, 87h
    812	10BA  C4 49 CD 82 84 C4			     db	     0C4h, 49h,0CDh, 82h, 84h,0C4h
    813	10C0  C9 C8 C9 CD 91 C5			     db	     0C9h,0C8h,0C9h,0CDh, 91h,0C5h
    814	10C6  C9 67 C9 69 47 CD			     db	     0C9h, 67h,0C9h, 69h, 47h,0CDh
    815	10CC  85 C4 C8 CA C8 CC			     db	      85h,0C4h,0C8h,0CAh,0C8h,0CCh
    816	10D2  C3 CB CC 85 C4 C8			     db	     0C3h,0CBh,0CCh, 85h,0C4h,0C8h
    817	10D8  CA CD 81 CE 84 C4			     db	     0CAh,0CDh,	81h,0CEh, 84h,0C4h
    818	10DE  C8 58 CD CE 8F C5			     db	     0C8h, 58h,0CDh,0CEh, 8Fh,0C5h
    819	10E4  C9 47 C9 C8 C9 CA			     db	     0C9h, 47h,0C9h,0C8h,0C9h,0CAh
    820	10EA  C8 CA CD 88 C4 C9			     db	     0C8h,0CAh,0CDh, 88h,0C4h,0C9h
    821	10F0  59 5A CC 84 C4 CA			     db	      59h, 5Ah,0CCh, 84h,0C4h,0CAh
    822	10F6  CC 83 84 C4 C8 68			     db	     0CCh, 83h,	84h,0C4h,0C8h, 68h
    823	10FC  47 CC 8D C5 C9 C8			     db	      47h,0CCh,	8Dh,0C5h,0C9h,0C8h
    824	1102  48 C8 C9 C8 CA CC			     db	      48h,0C8h,0C9h,0C8h,0CAh,0CCh
    825	1108  88 C3 C4 C9 59 CB			     db	      88h,0C3h,0C4h,0C9h, 59h,0CBh
    826	110E  CC 86 C4 49 CD 82			     db	     0CCh, 86h,0C4h, 49h,0CDh, 82h
    827	1114  84 C4 09 09 46 CC			     db	      84h,0C4h,	09h, 09h, 46h,0CCh
    828	111A  88 C5 48 C7 58 49			     db	      88h,0C5h,	48h,0C7h, 58h, 49h
    829	1120  CD 81 CE 86 43 C9			     db	     0CDh, 81h,0CEh, 86h, 43h,0C9h
    830	1126  49 CD 81 CE 86 C4			     db	      49h,0CDh,	81h,0CEh, 86h,0C4h
    831	112C  49 C8 CC 81 84 C4			     db	      49h,0C8h,0CCh, 81h, 84h,0C4h
    832	1132  05 09 67 78 CC 85			     db	      05h, 09h,	67h, 78h,0CCh, 85h
    833	1138  C5 C9 C8 68 49 CC			     db	     0C5h,0C9h,0C8h, 68h, 49h,0CCh
    834	113E  CE 86 C3 53 59 CC			     db	     0CEh, 86h,0C3h, 53h, 59h,0CCh
    835	1144  87 C4 49 CC CE 81			     db	      87h,0C4h,	49h,0CCh,0CEh, 81h
    836	114A  84 C4 58 06 08 58			     db	      84h,0C4h,	58h, 06h, 08h, 58h
    837	1150  C8 48 CC 83 C3 C9			     db	     0C8h, 48h,0CCh, 83h,0C3h,0C9h
    838	1156  C8 78 C8 C7 CD 87			     db	     0C8h, 78h,0C8h,0C7h,0CDh, 87h
    839	115C  63 59 CC 87 C4 49			     db	      63h, 59h,0CCh, 87h,0C4h, 49h
    840	1162  CD 82 84 C4 48 07			     db	     0CDh, 82h,	84h,0C4h, 48h, 07h
    841	1168  08 C7 CC C3 C8 48			     db	      08h,0C7h,0CCh,0C3h,0C8h, 48h
    842	116E  47 78 C8 C9 C8 48			     db	      47h, 78h,0C8h,0C9h,0C8h, 48h
    843	1174  CA CB CD 86 C3 43			     db	     0CAh,0CBh,0CDh, 86h,0C3h, 43h
    844	117A  69 CC 88 C4 49 CD			     db	      69h,0CCh,	88h,0C4h, 49h,0CDh
    845	1180  82 84 C4 C7 58 77			     db	      82h, 84h,0C4h,0C7h, 58h, 77h
    846	1186  C7 CC C3 C9 C8 C9			     db	     0C7h,0CCh,0C3h,0C9h,0C8h,0C9h
    847	118C  47 48 C8 48 67 C9			     db	      47h, 48h,0C8h, 48h, 67h,0C9h
    848	1192  CD CE 87 C3 43 59			     db	     0CDh,0CEh,	87h,0C3h, 43h, 59h
    849	1198  CB CC 81 CE 87 C5			     db	     0CBh,0CCh,	81h,0CEh, 87h,0C5h
    850	119E  C4 CC 81 CE 81 84			     db	     0C4h,0CCh,	81h,0CEh, 81h, 84h
    851	11A4  C4 58 05				     db	     0C4h, 58h,	05h
    852	11A7  08 68 57 48 47 48	47+		     db	     8,	'hWHGHGh'
    853	      68
    854	11AF  CD 87 43 59 C8 CD			     db	     0CDh, 87h,	43h, 59h,0C8h,0CDh
    855	11B5  8A C5 49 CC 82 84			     db	      8Ah,0C5h,	49h,0CCh, 82h, 84h
    856	11BB  C4 58 0B 08 58 57			     db	     0C4h, 58h,	0Bh, 08h, 58h, 57h
    857	11C1  C9 47 68 C7 CD 85			     db	     0C9h, 47h,	68h,0C7h,0CDh, 85h
    858	11C7  C3 43 59 C8 CD 81			     db	     0C3h, 43h,	59h,0C8h,0CDh, 81h
    859	11CD  CE 88 C5 49 C8 CB			     db	     0CEh, 88h,0C5h, 49h,0C8h,0CBh
    860	11D3  CD 84 C4 58 08 08			     db	     0CDh, 84h,0C4h, 58h, 08h, 08h
    861	11D9  C9 C8 58 67 05 09			     db	     0C9h,0C8h,	58h, 67h, 05h, 09h
    862	11DF  CB CC 86 53 CA 53			     db	     0CBh,0CCh,	86h, 53h,0CAh, 53h
    863	11E5  CC 8A C5 CA 47 CC			     db	     0CCh, 8Ah,0C5h,0CAh, 47h,0CCh
    864	11EB  81 84 C4 58 06 08			     db	      81h, 84h,0C4h, 58h, 06h, 08h
Turbo Assembler	 Version 2.01	     03/22/26 12:38:36	    Page 17
322ENBHV.asm



    865	11F1  C9 C8 C9 C8 C9 C8			     db	     0C9h,0C8h,0C9h,0C8h,0C9h,0C8h
    866	11F7  C9 47 C9 C8 C7 C9			     db	     0C9h, 47h,0C9h,0C8h,0C7h,0C9h
    867	11FD  C8 48 CC 88 53 CA			     db	     0C8h, 48h,0CCh, 88h, 53h,0CAh
    868	1203  C4 CA C4 CC CE 89			     db	     0C4h,0CAh,0C4h,0CCh,0CEh, 89h
    869	1209  C5 C8 CC 83 84 C5			     db	     0C5h,0C8h,0CCh, 83h, 84h,0C5h
    870	120F  48 07 08 58 C8 C9			     db	      48h, 07h,	08h, 58h,0C8h,0C9h
    871	1215  C8 C9 C8 78 C8 48			     db	     0C8h,0C9h,0C8h, 78h,0C8h, 48h
    872	121B  CD 88 53 49 43 CD			     db	     0CDh, 88h,	53h, 49h, 43h,0CDh
    873	1221  8A C4 49 CB CD 81			     db	      8Ah,0C4h,	49h,0CBh,0CDh, 81h
    874	1227  84 C5 47 C9 67 C9			     db	      84h,0C5h,	47h,0C9h, 67h,0C9h
    875	122D  77 48 57 78 C8 58			     db	      77h, 48h,	57h, 78h,0C8h, 58h
    876	1233  CC CE 86 63 49 C4			     db	     0CCh,0CEh,	86h, 63h, 49h,0C4h
    877	1239  CD 81 CE 88 C4 49			     db	     0CDh, 81h,0CEh, 88h,0C4h, 49h
    878	123F  CD 82 84 C5 C8 48			     db	     0CDh, 82h,	84h,0C5h,0C8h, 48h
    879	1245  07 08 58 C8 C9 C8			     db	      07h, 08h,	58h,0C8h,0C9h,0C8h
    880	124B  48 82 67 48 CD 87			     db	      48h, 82h,	67h, 48h,0CDh, 87h
    881	1251  43 CA C4 49 C4 CC			     db	      43h,0CAh,0C4h, 49h,0C4h,0CCh
    882	1257  8A C4 49 CC 81 CE			     db	      8Ah,0C4h,	49h,0CCh, 81h,0CEh
    883	125D  84 C5 58 77 C7 C9			     db	      84h,0C5h,	58h, 77h,0C7h,0C9h
    884	1263  67 C9 C7 48 C7 82			     db	      67h,0C9h,0C7h, 48h,0C7h, 82h
    885	1269  C8 05 09 CD CE 85			     db	     0C8h, 05h,	09h,0CDh,0CEh, 85h
    886	126F  C5 C4 59 C5 CA CC			     db	     0C5h,0C4h,	59h,0C5h,0CAh,0CCh
    887	1275  8A C4 CA C8 CC 82			     db	      8Ah,0C4h,0CAh,0C8h,0CCh, 82h
    888	127B  84 C5 58 09 08 C9			     db	      84h,0C5h,	58h, 09h, 08h,0C9h
    889	1281  C7 4A CE 83 C4 05			     db	     0C7h, 4Ah,0CEh, 83h,0C4h, 05h
    890	1287  09 C8 CD 85 C5 C4			     db	      09h,0C8h,0CDh, 85h,0C5h,0C4h
    891	128D  59 C5 CA CD 8A C4			     db	      59h,0C5h,0CAh,0CDh, 8Ah,0C4h
    892	1293  47 CD 82 84 C5 58			     db	      47h,0CDh,	82h, 84h,0C5h, 58h
    893	1299  47 C9 05 08 48 CB			     db	      47h,0C9h,	05h, 08h, 48h,0CBh
    894	129F  CD CE 84 C4 48 C8			     db	     0CDh,0CEh,	84h,0C4h, 48h,0C8h
    895	12A5  58 C8 CD 85 C5 C4			     db	      58h,0C8h,0CDh, 85h,0C5h,0C4h
    896	12AB  79 CD 8A C5 47 CA			     db	      79h,0CDh,	8Ah,0C5h, 47h,0CAh
    897	12B1  CD 81 84 C5 C9 47			     db	     0CDh, 81h,	84h,0C5h,0C9h, 47h
    898	12B7  C7 C9 CB C8 C5 C9			     db	     0C7h,0C9h,0CBh,0C8h,0C5h,0C9h
    899	12BD  67 46 CC 85 C4 C9			     db	      67h, 46h,0CCh, 85h,0C4h,0C9h
    900	12C3  C8 58 C8 CA CD 85			     db	     0C8h, 58h,0C8h,0CAh,0CDh, 85h
    901	12C9  C5 C4 79 CD 8A C5			     db	     0C5h,0C4h,	79h,0CDh, 8Ah,0C5h
    902	12CF  CA CD 82 CE 84 C5			     db	     0CAh,0CDh,	82h,0CEh, 84h,0C5h
    903	12D5  CC C6 CB CD 83 C6			     db	     0CCh,0C6h,0CBh,0CDh, 83h,0C6h
    904	12DB  C9 C8 48 C8 C7 CC			     db	     0C9h,0C8h,	48h,0C8h,0C7h,0CCh
    905	12E1  86 C4 47 68 CA CD			     db	      86h,0C4h,	47h, 68h,0CAh,0CDh
    906	12E7  85 C5 05 0A CD 83			     db	      85h,0C5h,	05h, 0Ah,0CDh, 83h
    907	12ED  C3 CD 85 C5 CD C3			     db	     0C3h,0CDh,	85h,0C5h,0CDh,0C3h
    908	12F3  CC 82 84 C5 CA CD			     db	     0CCh, 82h,	84h,0C5h,0CAh,0CDh
    909	12F9  86 C4 68 CD 87 C4			     db	      86h,0C4h,	68h,0CDh, 87h,0C4h
    910	12FF  C8 78 CA CD 85 C5			     db	     0C8h, 78h,0CAh,0CDh, 85h,0C5h
    911	1305  79 CD 84 C5 CD 85			     db	      79h,0CDh,	84h,0C5h,0CDh, 85h
    912	130B  C5 49 CC CE 81 84			     db	     0C5h, 49h,0CCh,0CEh, 81h, 84h
    913	1311  C5 CC 87 C4 C8 C9			     db	     0C5h,0CCh,	87h,0C4h,0C8h,0C9h
    914	1317  C8 C7 CD 87 C4 05			     db	     0C8h,0C7h,0CDh, 87h,0C4h, 05h
    915	131D  09 CD 86 C5 79 CD			     db	      09h,0CDh,	86h,0C5h, 79h,0CDh
    916	1323  84 C5 CD 85 C5 C4			     db	      84h,0C5h,0CDh, 85h,0C5h,0C4h
    917	1329  C8 CD 82 84 CA C9			     db	     0C8h,0CDh,	82h, 84h,0CAh,0C9h
    918	132F  CD 86 C4 C8 48 CA			     db	     0CDh, 86h,0C4h,0C8h, 48h,0CAh
Turbo Assembler	 Version 2.01	     03/22/26 12:38:36	    Page 18
322ENBHV.asm



    919	1335  C7 CC 86 C5 C9 47			     db	     0C7h,0CCh,	86h,0C5h,0C9h, 47h
    920	133B  C7 C9 CD 87 C5 69			     db	     0C7h,0C9h,0CDh, 87h,0C5h, 69h
    921	1341  CC 85 C5 CD 85 C5			     db	     0CCh, 85h,0C5h,0CDh, 85h,0C5h
    922	1347  C4 CC 83 84 CA CD			     db	     0C4h,0CCh,	83h, 84h,0CAh,0CDh
    923	134D  87 C4 C8 48 CA CD			     db	      87h,0C4h,0C8h, 48h,0CAh,0CDh
    924	1353  87 C5 47 58 CD 87			     db	      87h,0C5h,	47h, 58h,0CDh, 87h
    925	1359  C4 69 CD 85 C5 CA			     db	     0C4h, 69h,0CDh, 85h,0C5h,0CAh
    926	135F  CD 84 C6 CB CD 83			     db	     0CDh, 84h,0C6h,0CBh,0CDh, 83h
    927	1365  83 D0 CA CB CC 86			     db	      83h,0D0h,0CAh,0CBh,0CCh, 86h
    928	136B  C4 58 CD CE 87 C5			     db	     0C4h, 58h,0CDh,0CEh, 87h,0C5h
    929	1371  68 C8 CD 87 C4 69			     db	      68h,0C8h,0CDh, 87h,0C4h, 69h
    930	1377  CD 85 C5 CA CD 8A			     db	     0CDh, 85h,0C5h,0CAh,0CDh, 8Ah
    931	137D  82 D0 C8 CA CD 87			     db	      82h,0D0h,0C8h,0CAh,0CDh, 87h
    932	1383  C4 C8 48 C8 CD 87			     db	     0C4h,0C8h,	48h,0C8h,0CDh, 87h
    933	1389  C5 58 47 CD 87 C4			     db	     0C5h, 58h,	47h,0CDh, 87h,0C4h
    934	138F  69 CC 85 C5 CA CC			     db	      69h,0CCh,	85h,0C5h,0CAh,0CCh
    935	1395  81 CE 88 81 D0 47			     db	      81h,0CEh,	88h, 81h,0D0h, 47h
    936	139B  CC 88 C4 48 C8 C7			     db	     0CCh, 88h,0C4h, 48h,0C8h,0C7h
    937	13A1  CD CE 86 C6 57 CC			     db	     0CDh,0CEh,	86h,0C6h, 57h,0CCh
    938	13A7  C6 CD 87 C4 59 CC			     db	     0C6h,0CDh,	87h,0C4h, 59h,0CCh
    939	13AD  86 C5 49 CD 89 81			     db	      86h,0C5h,	49h,0CDh, 89h, 81h
    940	13B3  57 CA CD 87 C4 58			     db	      57h,0CAh,0CDh, 87h,0C4h, 58h
    941	13B9  CC 96 C4 59 CC 86			     db	     0CCh, 96h,0C4h, 59h,0CCh, 86h
    942	13BF  C5 CA C8 CC 89 81			     db	     0C5h,0CAh,0C8h,0CCh, 89h, 81h
    943	13C5  C4 CA C8 CA CC 87			     db	     0C4h,0CAh,0C8h,0CAh,0CCh, 87h
    944	13CB  C5 58 C8 CB CD 40			     db	     0C5h, 58h,0C8h,0CBh,0CDh, 40h
    945	13D1  41 70 C2 40 C2 60			     db	      41h, 70h,0C2h, 40h,0C2h, 60h
    946	13D7  83 C4 49 CC 81 CE			     db	      83h,0C4h,	49h,0CCh, 81h,0CEh
    947	13DD  85 C5 CA C8 CD 89			     db	      85h,0C5h,0CAh,0C8h,0CDh, 89h
    948	13E3  81 C4 47 49 CD 86			     db	      81h,0C4h,	47h, 49h,0CDh, 86h
    949	13E9  C5 58 CA CD 95 C4			     db	     0C5h, 58h,0CAh,0CDh, 95h,0C4h
    950	13EF  49 CC 87 C5 CA C8			     db	      49h,0CCh,	87h,0C5h,0CAh,0C8h
    951	13F5  CB CD 88 81 C4 47			     db	     0CBh,0CDh,	88h, 81h,0C4h, 47h
    952	13FB  C7 CD 87 C5 48 C8			     db	     0C7h,0CDh,	87h,0C5h, 48h,0C8h
    953	1401  CC 88 C3 C7 68 CD			     db	     0CCh, 88h,0C3h,0C7h, 68h,0CDh
    954	1407  87 C4 CA CC 88 C5			     db	      87h,0C4h,0CAh,0CCh, 88h,0C5h
    955	140D  CA C8 C9 CC CE 87			     db	     0CAh,0C8h,0C9h,0CCh,0CEh, 87h
    956	1413  81 C4 47 CD 88 C5			     db	      81h,0C4h,	47h,0CDh, 88h,0C5h
    957	1419  48 C8 CD 88 C4 79			     db	      48h,0C8h,0CDh, 88h,0C4h, 79h
    958	141F  C9 CD 85 C3 C4 CA			     db	     0C9h,0CDh,	85h,0C3h,0C4h,0CAh
    959	1425  CC 81 CE 86 C4 CA			     db	     0CCh, 81h,0CEh, 86h,0C4h,0CAh
    960	142B  C8 C9 CC 88 81 C4			     db	     0C8h,0C9h,0CCh, 88h, 81h,0C4h
    961	1431  47 CD 88 C5 47 CC			     db	      47h,0CDh,	88h,0C5h, 47h,0CCh
    962	1437  81 CE 87 C4 59 C7			     db	      81h,0CEh,	87h,0C4h, 59h,0C7h
    963	143D  49 CC 84 C3 43 CC			     db	      49h,0CCh,	84h,0C3h, 43h,0CCh
    964	1443  89 C4 C9 CB 46 CC			     db	      89h,0C4h,0C9h,0CBh, 46h,0CCh
    965	1449  87 81 C4 47 CC 88			     db	      87h, 81h,0C4h, 47h,0CCh, 88h
    966	144F  C5 C9 CD 81 CE 88			     db	     0C5h,0C9h,0CDh, 81h,0CEh, 88h
    967	1455  C4 07 0A 47 69 CD			     db	     0C4h, 07h,	0Ah, 47h, 69h,0CDh
    968	145B  89 C4 CC CE C6 46			     db	      89h,0C4h,0CCh,0CEh,0C6h, 46h
    969	1461  CC 86 C3 C4 C8 CA			     db	     0CCh, 86h,0C3h,0C4h,0C8h,0CAh
    970	1467  CC 88 C5 58 CD 88			     db	     0CCh, 88h,0C5h, 58h,0CDh, 88h
    971	146D  C4 06 0A 67 59 CC			     db	     0C4h, 06h,	0Ah, 67h, 59h,0CCh
    972	1473  CE 88 C4 C7 CC C3			     db	     0CEh, 88h,0C4h,0C7h,0CCh,0C3h
Turbo Assembler	 Version 2.01	     03/22/26 12:38:36	    Page 19
322ENBHV.asm



    973	1479  C7 C8 CB C7 CD 84			     db	     0C7h,0C8h,0CBh,0C7h,0CDh, 84h
    974	147F  43 C8 CA CD 88 C5			     db	      43h,0C8h,0CAh,0CDh, 88h,0C5h
    975	1485  58 CA CD 87 C5 CA			     db	      58h,0CAh,0CDh, 87h,0C5h,0CAh
    976	148B  C8 69 47 CB CC C6			     db	     0C8h, 69h,	47h,0CBh,0CCh,0C6h
    977	1491  69 CC 88 C4 C7 C9			     db	      69h,0CCh,	88h,0C4h,0C7h,0C9h
    978	1497  C8 C9 C8 C7 47 56			     db	     0C8h,0C9h,0C8h,0C7h, 47h, 56h
    979	149D  CD 67 CD 88 C5 58			     db	     0CDh, 67h,0CDh, 88h,0C5h, 58h
    980	14A3  CA CC 87 C5 CA C8			     db	     0CAh,0CCh,	87h,0C5h,0CAh,0C8h
    981	14A9  59 47 C7 CD 83 C4			     db	      59h, 47h,0C7h,0CDh, 83h,0C4h
    982	14AF  49 CC 81 CE 86 C5			     db	      49h,0CCh,	81h,0CEh, 86h,0C5h
    983	14B5  CA 47 CC 81 C6 CB			     db	     0CAh, 47h,0CCh, 81h,0C6h,0CBh
    984	14BB  67 C9 47 C9 CC 89			     db	      67h,0C9h,	47h,0C9h,0CCh, 89h
    985	14C1  C5 C7 48 CC 88 C5			     db	     0C5h,0C7h,	48h,0CCh, 88h,0C5h
    986	14C7  C8 59 C8 CB CD 85			     db	     0C8h, 59h,0C8h,0CBh,0CDh, 85h
    987	14CD  C4 59 CC 87 C5 CA			     db	     0C4h, 59h,0CCh, 87h,0C5h,0CAh
    988	14D3  C7 CC 84 C5 C7 57			     db	     0C7h,0CCh,	84h,0C5h,0C7h, 57h
    989	14D9  47 49 CD 88 C5 C9			     db	      47h, 49h,0CDh, 88h,0C5h,0C9h
    990	14DF  C8 C9 CD CE 87 C5			     db	     0C8h,0C9h,0CDh,0CEh, 87h,0C5h
    991	14E5  69 CC 87 C4 49 C8			     db	      69h,0CCh,	87h,0C4h, 49h,0C8h
    992	14EB  CC 87 C5 CA CC 81			     db	     0CCh, 87h,0C5h,0CAh,0CCh, 81h
    993	14F1  CE 83 C6 CB C8 CD			     db	     0CEh, 83h,0C6h,0CBh,0C8h,0CDh
    994	14F7  C6 C5 43 CA CD 88			     db	     0C6h,0C5h,	43h,0CAh,0CDh, 88h
    995	14FD  C5 47 CD 89 C5 79			     db	     0C5h, 47h,0CDh, 89h,0C5h, 79h
    996	1503  CC CE 85 C4 47 CC			     db	     0CCh,0CEh,	85h,0C4h, 47h,0CCh
    997	1509  88 C5 CA CC 87 C5			     db	      88h,0C5h,0CAh,0CCh, 87h,0C5h
    998	150F  CD 81 47 CA CC 82			     db	     0CDh, 81h,	47h,0CAh,0CCh, 82h
    999	1515  CE 86 C5 C8 C7 C9			     db	     0CEh, 86h,0C5h,0C8h,0C7h,0C9h
   1000	151B  CA CD 87 C5 C8 CA			     db	     0CAh,0CDh,	87h,0C5h,0C8h,0CAh
   1001	1521  C8 59 CC 85 C4 C8			     db	     0C8h, 59h,0CCh, 85h,0C4h,0C8h
   1002	1527  49 CC CE 86 C5 CA			     db	      49h,0CCh,0CEh, 86h,0C5h,0CAh
   1003	152D  C8 CC 86 C6 C8 C7			     db	     0C8h,0CCh,	86h,0C6h,0C8h,0C7h
   1004	1533  47 CD 8A C5 58 CA			     db	      47h,0CDh,	8Ah,0C5h, 58h,0CAh
   1005	1539  CD CE 86 C5 C8 59			     db	     0CDh,0CEh,	86h,0C5h,0C8h, 59h
   1006	153F  CB CD 86 C4 59 CC			     db	     0CBh,0CDh,	86h,0C4h, 59h,0CCh
   1007	1545  87 C5 CA C8 CC 81			     db	      87h,0C5h,0CAh,0C8h,0CCh, 81h
   1008	154B  CE 85 C5 C8 47 CA			     db	     0CEh, 85h,0C5h,0C8h, 47h,0CAh
   1009	1551  CC 89 C5 58 C7 CC			     db	     0CCh, 89h,0C5h, 58h,0C7h,0CCh
   1010	1557  87 C5 57 CA CC 81			     db	      87h,0C5h,	57h,0CAh,0CCh, 81h
   1011	155D  CE 85 C4 49 C7 CC			     db	     0CEh, 85h,0C4h, 49h,0C7h,0CCh
   1012	1563  87 C5 CA C8 CC 87			     db	      87h,0C5h,0CAh,0C8h,0CCh, 87h
   1013	1569  C6 C5 C8 C4 C9 CA			     db	     0C6h,0C5h,0C8h,0C4h,0C9h,0CAh
   1014	156F  CD CE 87 C4 58 CD			     db	     0CDh,0CEh,	87h,0C4h, 58h,0CDh
   1015	1575  81 CE 86 C5 47 59			     db	      81h,0CEh,	86h,0C5h, 47h, 59h
   1016	157B  CD 86 C4 69 CC 86			     db	     0CDh, 86h,0C4h, 69h,0CCh, 86h
   1017	1581  C4 49 CC 88 C6 C6			     db	     0C4h, 49h,0CCh, 88h,0C6h,0C6h
   1018	1587  C4 C9 49 CD 87 C4			     db	     0C4h,0C9h,	49h,0CDh, 87h,0C4h
   1019	158D  48 C7 CA CD 87 C4			     db	      48h,0C7h,0CAh,0CDh, 87h,0C4h
   1020	1593  49 C8 59 CC 85 C4			     db	      49h,0C8h,	59h,0CCh, 85h,0C4h
   1021	1599  69 CC CE 85 C4 CA			     db	      69h,0CCh,0CEh, 85h,0C4h,0CAh
   1022	159F  47 CC 88 81 C4 C9			     db	      47h,0CCh,	88h, 81h,0C4h,0C9h
   1023	15A5  C8 CD 88 C9 47 CB			     db	     0C8h,0CDh,	88h,0C9h, 47h,0CBh
   1024	15AB  CD 88 C6 69 C8 CA			     db	     0CDh, 88h,0C6h, 69h,0C8h,0CAh
   1025	15B1  CC 85 C4 49 CB CC			     db	     0CCh, 85h,0C4h, 49h,0CBh,0CCh
   1026	15B7  87 C4 57 89 81 C4			     db	      87h,0C4h,	57h, 89h, 81h,0C4h
Turbo Assembler	 Version 2.01	     03/22/26 12:38:36	    Page 20
322ENBHV.asm



   1027	15BD  C9 CD 81 CE 87 C4			     db	     0C9h,0CDh,	81h,0CEh, 87h,0C4h
   1028	15C3  C8 C9 CD 81 CE 88			     db	     0C8h,0C9h,0CDh, 81h,0CEh, 88h
   1029	15C9  C4 49 47 CC 86 C5			     db	     0C4h, 49h,	47h,0CCh, 86h,0C5h
   1030	15CF  47 49 CD 86 C4 CA			     db	      47h, 49h,0CDh, 86h,0C4h,0CAh
   1031	15D5  C7 CC 89 81 C4 C9			     db	     0C7h,0CCh,	89h, 81h,0C4h,0C9h
   1032	15DB  CA CC 88 C4 58 CA			     db	     0CAh,0CCh,	88h,0C4h, 58h,0CAh
   1033	15E1  CD 88 C4 CA 57 CC			     db	     0CDh, 88h,0C4h,0CAh, 57h,0CCh
   1034	15E7  86 C5 C8 CA C7 CA			     db	      86h,0C5h,0C8h,0CAh,0C7h,0CAh
   1035	15ED  CC 86 C6 CA CC 8A			     db	     0CCh, 86h,0C6h,0CAh,0CCh, 8Ah
   1036	15F3  81 C4 C9 49 CD 87			     db	      81h,0C4h,0C9h, 49h,0CDh, 87h
   1037	15F9  C4 58 CA CD 88 43			     db	     0C4h, 58h,0CAh,0CDh, 88h, 43h
   1038	15FF  C7 CA CC CE 86 C5			     db	     0C7h,0CAh,0CCh,0CEh, 86h,0C5h
   1039	1605  C8 49 CC 94 81 C4			     db	     0C8h, 49h,0CCh, 94h, 81h,0C4h
   1040	160B  C9 CA C7 CD 87 C4			     db	     0C9h,0CAh,0C7h,0CDh, 87h,0C4h
   1041	1611  58 CA CC 88 43 CA			     db	      58h,0CAh,0CCh, 88h, 43h,0CAh
   1042	1617  4B 81 CE 85 C6 69			     db	      4Bh, 81h,0CEh, 85h,0C6h, 69h
   1043	161D  CC 93 81 C4 C9 49			     db	     0CCh, 93h,	81h,0C4h,0C9h, 49h
   1044	1623  CC 87 C5 58 C7 CD			     db	     0CCh, 87h,0C5h, 58h,0C7h,0CDh
   1045	1629  88 43 CA CC C3 CC			     db	      88h, 43h,0CAh,0CCh,0C3h,0CCh
   1046	162F  87 C4 CA 4A CD C3			     db	      87h,0C4h,0CAh, 4Ah,0CDh,0C3h
   1047	1635  CC C3 CC 8F 81 C4			     db	     0CCh,0C3h,0CCh, 8Fh, 81h,0C4h
   1048	163B  C8 CC 89 C5 48 C7			     db	     0C8h,0CCh,	89h,0C5h, 48h,0C7h
   1049	1641  CD 81 CE 87 43 59			     db	     0CDh, 81h,0CEh, 87h, 43h, 59h
   1050	1647  C7 CC 86 C4 CC C3			     db	     0C7h,0CCh,	86h,0C4h,0CCh,0C3h
   1051	164D  CC 81 59 CC 8F 81			     db	     0CCh, 81h,	59h,0CCh, 8Fh, 81h
   1052	1653  C8 CB CC 89 C5 58			     db	     0C8h,0CBh,0CCh, 89h,0C5h, 58h
   1053	1659  CA CC 88 43 69 C7			     db	     0CAh,0CCh,	88h, 43h, 69h,0C7h
   1054	165F  CC 85 C4 59 C7 49			     db	     0CCh, 85h,0C4h, 59h,0C7h, 49h
   1055	1665  C8 05 0A CD 89 81			     db	     0C8h, 05h,	0Ah,0CDh, 89h, 81h
   1056	166B  C4 CC 81 CE 88 C5			     db	     0C4h,0CCh,	81h,0CEh, 88h,0C5h
   1057	1671  48 C8 CA CD 88 43			     db	      48h,0C8h,0CAh,0CDh, 88h, 43h
   1058	1677  CA 47 C7 CC 86 C4			     db	     0CAh, 47h,0C7h,0CCh, 86h,0C4h
   1059	167D  79 C8 59 C8 4A CC			     db	      79h,0C8h,	59h,0C8h, 4Ah,0CCh
   1060	1683  8A 81 C4 CC 8A C5			     db	      8Ah, 81h,0C4h,0CCh, 8Ah,0C5h
   1061	1689  57 CA CD CE 87 43			     db	      57h,0CAh,0CDh,0CEh, 87h, 43h
   1062	168F  C8 CA C8 CC 87 C4			     db	     0C8h,0CAh,0C8h,0CCh, 87h,0C4h
   1063	1695  CA C8 79 C8 CA CC			     db	     0CAh,0C8h,	79h,0C8h,0CAh,0CCh
   1064	169B  8D 81 C4 C5 CC 89			     db	      8Dh, 81h,0C4h,0C5h,0CCh, 89h
   1065	16A1  C5 47 CB CC 89 43			     db	     0C5h, 47h,0CBh,0CCh, 89h, 43h
   1066	16A7  47 CA CC CE 86 C4			     db	      47h,0CAh,0CCh,0CEh, 86h,0C4h
   1067	16AD  C8 59 47 CB CC 8F			     db	     0C8h, 59h,	47h,0CBh,0CCh, 8Fh
   1068	16B3  81 C5 C8 CB CC 88			     db	      81h,0C5h,0C8h,0CBh,0CCh, 88h
   1069	16B9  C5 47 CD 81 CE 88			     db	     0C5h, 47h,0CDh, 81h,0CEh, 88h
   1070	16BF  C4 C8 CA C7 CA CC			     db	     0C4h,0C8h,0CAh,0C7h,0CAh,0CCh
   1071	16C5  87 C4 C8 49 C8 CD			     db	      87h,0C4h,0C8h, 49h,0C8h,0CDh
   1072	16CB  92 81 C5 C8 CC 89			     db	      92h, 81h,0C5h,0C8h,0CCh, 89h
   1073	16D1  C5 58 CD 89 C4 C8			     db	     0C5h, 58h,0CDh, 89h,0C4h,0C8h
   1074	16D7  49 CC 88 C6 69 CB			     db	      49h,0CCh,	88h,0C6h, 69h,0CBh
   1075	16DD  CD 70 C2 C1 C2 70			     db	     0CDh, 70h,0C2h,0C1h,0C2h, 70h
   1076	16E3  C2 50 81 C5 47 CC			     db	     0C2h, 50h,	81h,0C5h, 47h,0CCh
   1077	16E9  88 C5 58 CA CD 88			     db	      88h,0C5h,	58h,0CAh,0CDh, 88h
   1078	16EF  C4 C5 49 CC 89 C5			     db	     0C4h,0C5h,	49h,0CCh, 89h,0C5h
   1079	16F5  CA CB CC 93 66 00			     db	     0CAh,0CBh,0CCh, 93h, 66h, 00h
   1080	16FB  3D 7C 00 3D 80 00			     db	      3Dh, 7Ch,	00h, 3Dh, 80h, 00h
Turbo Assembler	 Version 2.01	     03/22/26 12:38:36	    Page 21
322ENBHV.asm



   1081	1701  3C 9D 00 10 9D 00			     db	      3Ch, 9Dh,	00h, 10h, 9Dh, 00h
   1082	1707  27 FF FF FF FF 42			     db	      27h,0FFh,0FFh,0FFh,0FFh, 42h
   1083	170D  40 B9 3E 00 46 00			     db	      40h,0B9h,	3Eh, 00h, 46h, 00h
   1084	1713  71 40 B5 6D 00 78			     db	      71h, 40h,0B5h, 6Dh, 00h, 78h
   1085	1719  00 75 80 A7 72 00			     db	      00h, 75h,	80h,0A7h, 72h, 00h
   1086	171F  79 00 81 80 91 79			     db	      79h, 00h,	81h, 80h, 91h, 79h
   1087	1725  00 8A 00 87 40 88			     db	      00h, 8Ah,	00h, 87h, 40h, 88h
   1088	172B  84 00 8C 00 FF FF			     db	      84h, 00h,	8Ch, 00h,0FFh,0FFh
   1089	1731  2F D7 01 03			     db	      2Fh,0D7h,	01h, 03h
   1090	1735  2C 44 61 6E 67 65	72+		     db	     ',Danger!!/ Don\t open/'
   1091	      21 21 2F 20 44 6F	6E+
   1092	      5C 74 20 6F 70 65	6E+
   1093	      2F
   1094	174B  14				     db	     14h
   1095	174C  74 68 65 20 62 6F	78+		     db	     'the box ahead.'
   1096	      20 61 68 65 61 64	2E
   1097	175A  FF 06 00 3D C0 02			     db	     0FFh, 06h,	00h, 3Dh,0C0h, 02h
   1098	1760  D1 00 FF 00 FF FF			     db	     0D1h, 00h,0FFh, 00h,0FFh,0FFh
   1099	1766  FF 5F 00 23 42 03			     db	     0FFh, 5Fh,	00h, 23h, 42h, 03h
   1100	176C  0F 00 23 00 0B 00			     db	      0Fh, 00h,	23h, 00h, 0Bh, 00h
   1101	1772  80 92 00 23 82 03			     db	      80h, 92h,	00h, 23h, 82h, 03h
   1102	1778  42 00 23 00 FF FF			     db	      42h, 00h,	23h, 00h,0FFh,0FFh
   1103	177E  FF AB 00 36 01 04			     db	     0FFh,0ABh,	00h, 36h, 01h, 04h
   1104	1784  18 00 12 00 0B 00			     db	      18h, 00h,	12h, 00h, 0Bh, 00h
   1105	178A  40 BE 00 2F C2 04			     db	      40h,0BEh,	00h, 2Fh,0C2h, 04h
   1106	1790  29 00 12 00 FF FF			     db	      29h, 00h,	12h, 00h,0FFh,0FFh
   1107	1796  FF CD 00 2F 40 05			     db	     0FFh,0CDh,	00h, 2Fh, 40h, 05h
   1108	179C  15 00 06 00 0B 00			     db	      15h, 00h,	06h, 00h, 0Bh, 00h
   1109	17A2  20 FF FF 08 00 FF			     db	      20h,0FFh,0FFh, 08h, 00h,0FFh
   1110	17A8  13 C0 FF FF FF FF			     db	      13h,0C0h,0FFh,0FFh,0FFh,0FFh
   1111	17AE  0A 00 80 5D D9 00			     db	      0Ah, 00h,	80h, 5Dh,0D9h, 00h
   1112	17B4  00 5A D9 03 29 FF			     db	      00h, 5Ah,0D9h, 03h, 29h,0FFh
   1113	17BA  FF 0A 00 40 84 D9			     db	     0FFh, 0Ah,	00h, 40h, 84h,0D9h
   1114	17C0  00 FF 8F D9 FF FF			     db	      00h,0FFh,	8Fh,0D9h,0FFh,0FFh
   1115	17C6  FF FF 0A 00 20 44			     db	     0FFh,0FFh,	0Ah, 00h, 20h, 44h
   1116	17CC  DA 00 FF 4F DA FF			     db	     0DAh, 00h,0FFh, 4Fh,0DAh,0FFh
   1117	17D2  FF FF FF 0A 00 10			     db	     0FFh,0FFh,0FFh, 0Ah, 00h, 10h
   1118	17D8  FD DA 00 00 FF FF			     db	     0FDh,0DAh,	00h, 00h,0FFh,0FFh
   1119	17DE  0A 00 08 14 DB 00			     db	      0Ah, 00h,	08h, 14h,0DBh, 00h
   1120	17E4  FF 1F DB FF FF FF			     db	     0FFh, 1Fh,0DBh,0FFh,0FFh,0FFh
   1121	17EA  FF 0A 00 04 44 DB			     db	     0FFh, 0Ah,	00h, 04h, 44h,0DBh
   1122	17F0  00 FF 4F DB FF FF			     db	      00h,0FFh,	4Fh,0DBh,0FFh,0FFh
   1123	17F6  FF FF 0B 00 80 66			     db	     0FFh,0FFh,	0Bh, 00h, 80h, 66h
   1124	17FC  D7 C2 03 FF FF 0B			     db	     0D7h,0C2h,	03h,0FFh,0FFh, 0Bh
   1125	1802  00 40 7E D7 81 04			     db	      00h, 40h,	7Eh,0D7h, 81h, 04h
   1126	1808  FF FF 0B 00 20 96			     db	     0FFh,0FFh,	0Bh, 00h, 20h, 96h
   1127	180E  D7 C0 05 FF FF 0B			     db	     0D7h,0C0h,	05h,0FFh,0FFh, 0Bh
   1128	1814  00 04 CD D8 00 00			     db	      00h, 04h,0CDh,0D8h, 00h, 00h
   1129	181A  FF FF FF FF 16 AF			     db	     0FFh,0FFh,0FFh,0FFh, 16h,0AFh
   1130	1820  02 11				     db	      02h, 11h
   1131	1822  43 61 76 65 72 6E	20+		     db	     'Cavern of	Peligro'
   1132	      6F 66 20 50 65 6C	69+
   1133	      67 72 6F
   1134	1833  0B 00 01 02 02 02			     db	      0Bh, 00h,	01h, 02h, 02h, 02h
Turbo Assembler	 Version 2.01	     03/22/26 12:38:36	    Page 22
322ENBHV.asm



   1135	1839  00 13 FF 04 00 00			     db	      00h, 13h,0FFh, 04h, 00h, 00h
   1136	183F  00 00 00 00 02 00			     db	      00h, 00h,	00h, 00h, 02h, 00h
   1137	1845  13 04 00 0B 00 32			     db	      13h, 04h,	00h, 0Bh, 00h, 32h
   1138	184B  FF 02 00 00 00 00			     db	     0FFh, 02h,	00h, 00h, 00h, 00h
   1139	1851  00 00 0B 00 32 02			     db	      00h, 00h,	0Bh, 00h, 32h, 02h
   1140	1857  00 0C 00 0B FF 02			     db	      00h, 0Ch,	00h, 0Bh,0FFh, 02h
   1141	185D  00 00 00 00 00 00			     db	      00h, 00h,	00h, 00h, 00h, 00h
   1142	1863  0C 00 0B 02 00 10			     db	      0Ch, 00h,	0Bh, 02h, 00h, 10h
   1143	1869  00 19 FF 03 00 00			     db	      00h, 19h,0FFh, 03h, 00h, 00h
   1144	186F  00 00 00 00 10 00			     db	      00h, 00h,	00h, 00h, 10h, 00h
   1145	1875  19 03 00 14 00 28			     db	      19h, 03h,	00h, 14h, 00h, 28h
   1146	187B  FF 02 00 00 00 00			     db	     0FFh, 02h,	00h, 00h, 00h, 00h
   1147	1881  00 00 14 00 28 02			     db	      00h, 00h,	14h, 00h, 28h, 02h
   1148	1887  00 20 00 28 FF 02			     db	      00h, 20h,	00h, 28h,0FFh, 02h
   1149	188D  00 00 00 00 00 00			     db	      00h, 00h,	00h, 00h, 00h, 00h
   1150	1893  20 00 28 02 00 21			     db	      20h, 00h,	28h, 02h, 00h, 21h
   1151	1899  00 1B FF 03 00 00			     db	      00h, 1Bh,0FFh, 03h, 00h, 00h
   1152	189F  00 00 00 00 21 00			     db	      00h, 00h,	00h, 00h, 21h, 00h
   1153	18A5  1B 03 00 24 00 37			     db	      1Bh, 03h,	00h, 24h, 00h, 37h
   1154	18AB  FF 02 00 00 00 00			     db	     0FFh, 02h,	00h, 00h, 00h, 00h
   1155	18B1  00 00 24 00 37 02			     db	      00h, 00h,	24h, 00h, 37h, 02h
   1156	18B7  00 26 00 0D FF 02			     db	      00h, 26h,	00h, 0Dh,0FFh, 02h
   1157	18BD  00 00 00 00 00 00			     db	      00h, 00h,	00h, 00h, 00h, 00h
   1158	18C3  26 00 0D 02 00 2F			     db	      26h, 00h,	0Dh, 02h, 00h, 2Fh
   1159	18C9  00 3F FF D0 00 00			     db	      00h, 3Fh,0FFh,0D0h, 00h, 00h
   1160	18CF  20 00 18 00 0B 00			     db	      20h, 00h,	18h, 00h, 0Bh, 00h
   1161	18D5  04 00 00 34 00 37			     db	      04h, 00h,	00h, 34h, 00h, 37h
   1162	18DB  FF 02 00 00 00 00			     db	     0FFh, 02h,	00h, 00h, 00h, 00h
   1163	18E1  00 00 34 00 37 02			     db	      00h, 00h,	34h, 00h, 37h, 02h
   1164	18E7  00 37 00 0D FF 03			     db	      00h, 37h,	00h, 0Dh,0FFh, 03h
   1165	18ED  00 00 00 00 00 00			     db	      00h, 00h,	00h, 00h, 00h, 00h
   1166	18F3  37 00 0D 03 00 38			     db	      37h, 00h,	0Dh, 03h, 00h, 38h
   1167	18F9  00 2C FF 02 00 00			     db	      00h, 2Ch,0FFh, 02h, 00h, 00h
   1168	18FF  00 00 00 00 38 00			     db	      00h, 00h,	00h, 00h, 38h, 00h
   1169	1905  2C 02 00 43 00 22			     db	      2Ch, 02h,	00h, 43h, 00h, 22h
   1170	190B  FF 7C 00 00 00 00			     db	     0FFh, 7Ch,	00h, 00h, 00h, 00h
   1171	1911  00 00 FF FF FF 00			     db	      00h, 00h,0FFh,0FFh,0FFh, 00h
   1172	1917  00 44 00 2A FF 00			     db	      00h, 44h,	00h, 2Ah,0FFh, 00h
   1173	191D  00 00 10 00 00 00			     db	      00h, 00h,	10h, 00h, 00h, 00h
   1174	1923  44 00 2A 00 00 44			     db	      44h, 00h,	2Ah, 00h, 00h, 44h
   1175	1929  00 2C FF 01 00 00			     db	      00h, 2Ch,0FFh, 01h, 00h, 00h
   1176	192F  10 00 00 00 44 00			     db	      10h, 00h,	00h, 00h, 44h, 00h
   1177	1935  2C 01 00 47 00 0D			     db	      2Ch, 01h,	00h, 47h, 00h, 0Dh
   1178	193B  FF 02 00 00 00 00			     db	     0FFh, 02h,	00h, 00h, 00h, 00h
   1179	1941  00 00 47 00 0D 02			     db	      00h, 00h,	47h, 00h, 0Dh, 02h
   1180	1947  00 47 00 17 FF 02			     db	      00h, 47h,	00h, 17h,0FFh, 02h
   1181	194D  00 00 00 00 00 00			     db	      00h, 00h,	00h, 00h, 00h, 00h
   1182	1953  47 00 17 02 00 47			     db	      47h, 00h,	17h, 02h, 00h, 47h
   1183	1959  00 22 FF 73 00 00			     db	      00h, 22h,0FFh, 73h, 00h, 00h
   1184	195F  29 00 05 00 0A 00			     db	      29h, 00h,	05h, 00h, 0Ah, 00h
   1185	1965  80 00 00 52 00 37			     db	      80h, 00h,	00h, 52h, 00h, 37h
   1186	196B  FF 02 00 00 00 00			     db	     0FFh, 02h,	00h, 00h, 00h, 00h
   1187	1971  00 00 52 00 37 02			     db	      00h, 00h,	52h, 00h, 37h, 02h
   1188	1977  00 53 00 13 FF 04			     db	      00h, 53h,	00h, 13h,0FFh, 04h
Turbo Assembler	 Version 2.01	     03/22/26 12:38:36	    Page 23
322ENBHV.asm



   1189	197D  00 00 00 00 00 00			     db	      00h, 00h,	00h, 00h, 00h, 00h
   1190	1983  53 00 13 04 00 59			     db	      53h, 00h,	13h, 04h, 00h, 59h
   1191	1989  00 2C FF 76 00 00			     db	      00h, 2Ch,0FFh, 76h, 00h, 00h
   1192	198F  20 00 00 00 0A 00			     db	      20h, 00h,	00h, 00h, 0Ah, 00h
   1193	1995  40 00 00 59 00 31			     db	      40h, 00h,	00h, 59h, 00h, 31h
   1194	199B  FF 04 00 00 00 00			     db	     0FFh, 04h,	00h, 00h, 00h, 00h
   1195	19A1  00 00 59 00 31 04			     db	      00h, 00h,	59h, 00h, 31h, 04h
   1196	19A7  00 5D 00 0E FF 03			     db	      00h, 5Dh,	00h, 0Eh,0FFh, 03h
   1197	19AD  00 00 00 00 00 00			     db	      00h, 00h,	00h, 00h, 00h, 00h
   1198	19B3  5D 00 0E 03 00 6B			     db	      5Dh, 00h,	0Eh, 03h, 00h, 6Bh
   1199	19B9  00 17 FF 00 00 00			     db	      00h, 17h,0FFh, 00h, 00h, 00h
   1200	19BF  10 00 00 00 6B 00			     db	      10h, 00h,	00h, 00h, 6Bh, 00h
   1201	19C5  17 00 00 6B 00 19			     db	      17h, 00h,	00h, 6Bh, 00h, 19h
   1202	19CB  FF 01 00 00 10 00			     db	     0FFh, 01h,	00h, 00h, 10h, 00h
   1203	19D1  00 00 6B 00 19 01			     db	      00h, 00h,	6Bh, 00h, 19h, 01h
   1204	19D7  00 6D 00 0E FF 02			     db	      00h, 6Dh,	00h, 0Eh,0FFh, 02h
   1205	19DD  00 00 00 00 00 00			     db	      00h, 00h,	00h, 00h, 00h, 00h
   1206	19E3  6D 00 0E 02 00 82			     db	      6Dh, 00h,	0Eh, 02h, 00h, 82h
   1207	19E9  00 1F FF 04 00 00			     db	      00h, 1Fh,0FFh, 04h, 00h, 00h
   1208	19EF  00 00 00 00 82 00			     db	      00h, 00h,	00h, 00h, 82h, 00h
   1209	19F5  1F 04 00 82 00 25			     db	      1Fh, 04h,	00h, 82h, 00h, 25h
   1210	19FB  FF 02 00 00 00 00			     db	     0FFh, 02h,	00h, 00h, 00h, 00h
   1211	1A01  00 00 82 00 25 02			     db	      00h, 00h,	82h, 00h, 25h, 02h
   1212	1A07  00 89 00 2E FF 04			     db	      00h, 89h,	00h, 2Eh,0FFh, 04h
   1213	1A0D  00 00 00 00 00 00			     db	      00h, 00h,	00h, 00h, 00h, 00h
   1214	1A13  89 00 2E 04 00 8E			     db	      89h, 00h,	2Eh, 04h, 00h, 8Eh
   1215	1A19  00 38 FF 02 00 00			     db	      00h, 38h,0FFh, 02h, 00h, 00h
   1216	1A1F  00 00 00 00 8E 00			     db	      00h, 00h,	00h, 00h, 8Eh, 00h
   1217	1A25  38 02 00 8F 00 1C			     db	      38h, 02h,	00h, 8Fh, 00h, 1Ch
   1218	1A2B  FF 04 00 00 00 00			     db	     0FFh, 04h,	00h, 00h, 00h, 00h
   1219	1A31  00 00 8F 00 1C 04			     db	      00h, 00h,	8Fh, 00h, 1Ch, 04h
   1220	1A37  00 93 00 0E FF 02			     db	      00h, 93h,	00h, 0Eh,0FFh, 02h
   1221	1A3D  00 00 00 00 00 00			     db	      00h, 00h,	00h, 00h, 00h, 00h
   1222	1A43  93 00 0E 02 00 95			     db	      93h, 00h,	0Eh, 02h, 00h, 95h
   1223	1A49  00 2C FF 76 00 00			     db	      00h, 2Ch,0FFh, 76h, 00h, 00h
   1224	1A4F  20 00 00 00 0A 00			     db	      20h, 00h,	00h, 00h, 0Ah, 00h
   1225	1A55  20 00 00 98 00 07			     db	      20h, 00h,	00h, 98h, 00h, 07h
   1226	1A5B  FF 04 00 00 00 00			     db	     0FFh, 04h,	00h, 00h, 00h, 00h
   1227	1A61  00 00 98 00 07 04			     db	      00h, 00h,	98h, 00h, 07h, 04h
   1228	1A67  00 9C 00 32 FF 04			     db	      00h, 9Ch,	00h, 32h,0FFh, 04h
   1229	1A6D  00 00 00 00 00 00			     db	      00h, 00h,	00h, 00h, 00h, 00h
   1230	1A73  9C 00 32 04 00 9C			     db	      9Ch, 00h,	32h, 04h, 00h, 9Ch
   1231	1A79  00 38 FF 03 00 00			     db	      00h, 38h,0FFh, 03h, 00h, 00h
   1232	1A7F  00 00 00 00 9C 00			     db	      00h, 00h,	00h, 00h, 9Ch, 00h
   1233	1A85  38 03 00 A2 00 33			     db	      38h, 03h,	00h,0A2h, 00h, 33h
   1234	1A8B  FF 04 00 00 00 00			     db	     0FFh, 04h,	00h, 00h, 00h, 00h
   1235	1A91  00 00 A2 00 33 04			     db	      00h, 00h,0A2h, 00h, 33h, 04h
   1236	1A97  00 A3 00 02 FF 03			     db	      00h,0A3h,	00h, 02h,0FFh, 03h
   1237	1A9D  00 00 00 00 00 00			     db	      00h, 00h,	00h, 00h, 00h, 00h
   1238	1AA3  A3 00 02 03 00 A4			     db	     0A3h, 00h,	02h, 03h, 00h,0A4h
   1239	1AA9  00 09 FF 04 00 00			     db	      00h, 09h,0FFh, 04h, 00h, 00h
   1240	1AAF  00 00 00 00 A4 00			     db	      00h, 00h,	00h, 00h,0A4h, 00h
   1241	1AB5  09 04 00 A8 00 18			     db	      09h, 04h,	00h,0A8h, 00h, 18h
   1242	1ABB  FF 03 00 00 00 00			     db	     0FFh, 03h,	00h, 00h, 00h, 00h
Turbo Assembler	 Version 2.01	     03/22/26 12:38:36	    Page 24
322ENBHV.asm



   1243	1AC1  00 00 A8 00 18 03			     db	      00h, 00h,0A8h, 00h, 18h, 03h
   1244	1AC7  00 AC 00 22 FF 04			     db	      00h,0ACh,	00h, 22h,0FFh, 04h
   1245	1ACD  00 00 00 00 00 00			     db	      00h, 00h,	00h, 00h, 00h, 00h
   1246	1AD3  AC 00 22 04 00 B0			     db	     0ACh, 00h,	22h, 04h, 00h,0B0h
   1247	1AD9  00 20 FF 04 00 00			     db	      00h, 20h,0FFh, 04h, 00h, 00h
   1248	1ADF  00 00 00 00 B0 00			     db	      00h, 00h,	00h, 00h,0B0h, 00h
   1249	1AE5  20 04 00 B3 00 02			     db	      20h, 04h,	00h,0B3h, 00h, 02h
   1250	1AEB  FF 03 00 00 00 00			     db	     0FFh, 03h,	00h, 00h, 00h, 00h
   1251	1AF1  00 00 B3 00 02 03			     db	      00h, 00h,0B3h, 00h, 02h, 03h
   1252	1AF7  00 B3 00 18 FF D0			     db	      00h,0B3h,	00h, 18h,0FFh,0D0h
   1253	1AFD  00 00 20 00 18 00			     db	      00h, 00h,	20h, 00h, 18h, 00h
   1254	1B03  0A 00 10 00 00 B8			     db	      0Ah, 00h,	10h, 00h, 00h,0B8h
   1255	1B09  00 18 FF 02 00 00			     db	      00h, 18h,0FFh, 02h, 00h, 00h
   1256	1B0F  00 00 00 00 B8 00			     db	      00h, 00h,	00h, 00h,0B8h, 00h
   1257	1B15  18 02 00 B9 00 0B			     db	      18h, 02h,	00h,0B9h, 00h, 0Bh
   1258	1B1B  FF 73 00 01 20 00			     db	     0FFh, 73h,	00h, 01h, 20h, 00h
   1259	1B21  00 00 0A 00 08 00			     db	      00h, 00h,	0Ah, 00h, 08h, 00h
   1260	1B27  00 C3 00 3F FF 02			     db	      00h,0C3h,	00h, 3Fh,0FFh, 02h
   1261	1B2D  00 00 00 00 00 00			     db	      00h, 00h,	00h, 00h, 00h, 00h
   1262	1B33  C3 00 3F 02 00 C6			     db	     0C3h, 00h,	3Fh, 02h, 00h,0C6h
   1263	1B39  00 05 FF 04 00 00			     db	      00h, 05h,0FFh, 04h, 00h, 00h
   1264	1B3F  00 00 00 00 C6 00			     db	      00h, 00h,	00h, 00h,0C6h, 00h
   1265	1B45  05 04 00 C9 00 25			     db	      05h, 04h,	00h,0C9h, 00h, 25h
   1266	1B4B  FF 73 00 03 20 00			     db	     0FFh, 73h,	00h, 03h, 20h, 00h
   1267	1B51  00 00 0A 00 04 00			     db	      00h, 00h,	0Ah, 00h, 04h, 00h
   1268	1B57  00 D2 00 25 FF 02			     db	      00h,0D2h,	00h, 25h,0FFh, 02h
   1269	1B5D  00 00 00 00 00 00			     db	      00h, 00h,	00h, 00h, 00h, 00h
   1270	1B63  D2 00 25 02 00 D3			     db	     0D2h, 00h,	25h, 02h, 00h,0D3h
   1271	1B69  00 0B FF 02 00 00			     db	      00h, 0Bh,0FFh, 02h, 00h, 00h
   1272	1B6F  00 00 00 00 D3 00			     db	      00h, 00h,	00h, 00h,0D3h, 00h
   1273	1B75  0B 02 00 D3 00 17			     db	      0Bh, 02h,	00h,0D3h, 00h, 17h
   1274	1B7B  FF 00 00 00 10 00			     db	     0FFh, 00h,	00h, 00h, 10h, 00h
   1275	1B81  00 00 D3 00 17 00			     db	      00h, 00h,0D3h, 00h, 17h, 00h
   1276	1B87  00 D3 00 19 FF 01			     db	      00h,0D3h,	00h, 19h,0FFh, 01h
   1277	1B8D  00 00 10 00 00 00			     db	      00h, 00h,	10h, 00h, 00h, 00h
   1278	1B93  D3 00 19 01 00 D8			     db	     0D3h, 00h,	19h, 01h, 00h,0D8h
   1279	1B99  00 26 FF 02 00 00			     db	      00h, 26h,0FFh, 02h, 00h, 00h
   1280	1B9F  00 00 00 00 D8 00			     db	      00h, 00h,	00h, 00h,0D8h, 00h
   1281	1BA5  26 02 00 DE 00 19			     db	      26h, 02h,	00h,0DEh, 00h, 19h
   1282	1BAB  FF 03 00 00 00 00			     db	     0FFh, 03h,	00h, 00h, 00h, 00h
   1283	1BB1  00 00 DE 00 19 03			     db	      00h, 00h,0DEh, 00h, 19h, 03h
   1284	1BB7  00 FF FF				     db	      00h,0FFh,0FFh
   1285
   1286	1BBA			     zr3_22	     endp
   1287
   1288	1BBA			     seg_a	     ends
   1289
   1290
   1291
   1292						     end     start
Turbo Assembler	 Version 2.01	     03/22/26 12:38:36	    Page 25
Symbol Table




Symbol Name			  Type	 Value

??DATE				  Text	 "03/22/26"
??FILENAME			  Text	 "322ENBHV"
??TIME				  Text	 "12:38:35"
??VERSION			  Number 0201
@CPU				  Text	 0101H
@CURSEG				  Text	 SEG_A
@FILENAME			  Text	 322ENBHV
@WORDSIZE			  Text	 2
LOC_1				  Near	 SEG_A:0D42
START				  Near	 SEG_A:0000
TARGET				  Number 5432
ZR3_22				  Far	 SEG_A:0000

Macro Name

CALLF
CALLFX
CALLS
JMPN
JMPS

Groups & Segments		  Bit Size Align  Combine Class

SEG_A				  16  1BBA Byte	  Public
