Microsoft (R) Macro Assembler  Version 4.00                 3/29/26 15:18:11

                                                            Page     1-1
                                                            

                                 
                                PAGE  59,132 
                                 
                                ;лллллллллллллллллллллллллллллллллллллллллллллллллллллллллллллллллллллллллл 
                                ;лл					                                 лл 
                                ;лл				_356LVGRP                                лл 
                                ;лл					                                 лл 
                                ;лл      Created:   29-Mar-26		                                 лл 
                                ;лл      Code type: zero start		                                 лл 
                                ;лл      Passes:    9          Analysis	Options on: none                 лл 
                                ;лл					                                 лл 
                                ;лллллллллллллллллллллллллллллллллллллллллллллллллллллллллллллллллллллллллл 
                                 
 = 4D34                         target		EQU   'M4'                      ; Target assembler: MASM-4.0 
                                 
                             C  include  srmacros.inc 
                             C   
                             C  ; Macros which may be required for proper re-assembly 
                             C   
                             C  IF (target EQ 'M4') 
                             C  ;----------------------------------------------------------------------------- 
                             C  ;  MASM 4.0 does not allow retf and retn, allowed by current assemblers. 
                             C  ;  These marcos, convert RETF and RETN into data bytes that are acceptable 
                             C  ;  to MASM 4.0. 
                             C   
                             C   
                             C  retf            macro   ret_count               ; Fixup for Assembler 
                             C                  if      ret_count+0 GT 1 
                             C                  db      0CAh 
                             C                  dw      ret_count 
                             C                  else 
                             C                  db      0CBh 
                             C                  endif 
                             C  endm 
                             C   
                             C  retn            macro  ret_count 
                             C                  if     ret_count+0 GT 1 
                             C                  db     0C2h 
                             C                  dw     ret_count 
                             C                  else 
                             C                  db     0C3h 
                             C                  endif 
                             C  endm 
                             C   
                             C  ENDIF 
                             C   
                             C   
                             C  IF (target EQ 'M4') OR (target EQ 'M5')  
                             C  ;----------------------------------------------------------------------------- 
                             C  ; Due to a bug in earlier MASM assemblers, the valid instruction type  
                             C  ; "mov segreg, reg"  cannot be used, if the register is not AX.   
                             C  ; For example:  mov  es, bx 
                             C   
                             C  movseg          macro reg16, unused, Imm16      ; Fixup for Assembler 
                             C                  ifidn  <reg16>, <bx>             
Microsoft (R) Macro Assembler  Version 4.00                 3/29/26 15:18:11

                                                            Page     1-2
                                                            

                             C                  db     0BBh                      
                             C                  endif                            
                             C                  ifidn  <reg16>, <cx>             
                             C                  db     0B9h                      
                             C                  endif 
                             C                  ifidn  <reg16>, <dx> 
                             C                  db     0BAh 
                             C                  endif 
                             C                  ifidn  <reg16>, <si> 
                             C                  db     0BEh 
                             C                  endif 
                             C                  ifidn  <reg16>, <di> 
                             C                  db     0BFh 
                             C                  endif 
                             C                  ifidn  <reg16>, <bp> 
                             C                  db     0BDh 
                             C                  endif 
                             C                  ifidn  <reg16>, <sp> 
                             C                  db     0BCh 
                             C                  endif 
                             C                  ifidn  <reg16>, <BX> 
                             C                  db     0BBH 
                             C                  endif 
                             C                  ifidn  <reg16>, <CX> 
                             C                  db     0B9H 
                             C                  endif 
                             C                  ifidn  <reg16>, <DX> 
                             C                  db     0BAH 
                             C                  endif 
                             C                  ifidn  <reg16>, <SI> 
                             C                  db     0BEH 
                             C                  endif 
                             C                  ifidn  <reg16>, <DI> 
                             C                  db     0BFH 
                             C                  endif 
                             C                  ifidn  <reg16>, <BP> 
                             C                  db     0BDH 
                             C                  endif 
                             C                  ifidn  <reg16>, <SP> 
                             C                  db     0BCH 
                             C                  endif 
                             C                  dw     seg Imm16 
                             C  endm 
                             C   
                             C  ENDIF 
                             C   
                             C   
                             C  ENDIF 
                             C   
                             C   
                             C   
                             C  IFE (target EQ 'NO') 
                             C  ;----------------------------------------------------------------------------- 
                             C  ;  Some compilers and some assemblers will code a call that goes to a far 
                             C  ;  subroutine in the same segment as: 
Microsoft (R) Macro Assembler  Version 4.00                 3/29/26 15:18:11

                                                            Page     1-3
                                                            

                             C  ; 
                             C  ;               PUSH    CS 
                             C  ;               CALL    near 
                             C  ; 
                             C  ;  This saves one byte, and is slightly faster.  If the assembler you are 
                             C  ;  using (i.e. MASM, Optasm) does not do this automatically, the following 
                             C  ;  macros are used to code the same information.  In other words, the binary 
                             C  ;  file has "PUSH CS, CALL near", and Sourcer ensures the same instructions 
                             C  ;  are used!  (macro CALLF) 
                             C  ; 
                             C   
                             C  callf           macro   location 
                             C                  push    cs 
                             C                  call    near ptr location 
                             C  endm 
                             C   
                             C  ;  Some compilers generate an unnecessary DS override on the call instruction 
                             C  ;  when compacting the CALLF type function.  Macro CALLFX handles this case. 
                             C   
                             C  callfx          macro   location 
                             C                  push    cs 
                             C                  db      3Eh 
                             C                  call    near ptr location 
                             C  endm 
                             C   
                             C   
                             C  ;----------------------------------------------------------------------------- 
                             C  ;  Some compilers and some assemblers will code a near call that is the 
                             C  ;  selected assembler will convert to a short jump to save a byte.  This 
                             C  ;  reconstructs a near jump for these cases. 
                             C   
                             C  jmpn            macro   location 
                             C                  db      0E9h 
                             C                  dw      offset location-$-2 
                             C  endm 
                             C   
                             C  ENDIF 
                             C   
                                 
                                 
                                 
                                ; The following equates show data references outside the range of the program. 
                                 
 = 0CC0                         data_1e		equ	0CC0h			;* 
 = 5B01                         data_2e		equ	5B01h			;* 
 = 5D01                         data_3e		equ	5D01h			;* 
 = 5E15                         data_4e		equ	5E15h			;* 
 = 80A9                         data_5e		equ	80A9h			;* 
 = 5500                         data_6e		equ	5500h			;* 
 = 5515                         data_7e		equ	5515h			;* 
 = 2804                         data_20e	equ	2804h			;* 
 = 3903                         data_21e	equ	3903h			;* 
 = 3940                         data_22e	equ	3940h			;* 
 = 4600                         data_23e	equ	4600h			;* 
 = 4642                         data_24e	equ	4642h			;* 
Microsoft (R) Macro Assembler  Version 4.00                 3/29/26 15:18:11

                                                            Page     1-4
                                                            

 = 5000                         data_25e	equ	5000h			;* 
 = 5400                         data_26e	equ	5400h			;* 
 = 5D01                         data_27e	equ	5D01h			;* 
 = 9E03                         data_28e	equ	9E03h			;* 
 = A333                         data_29e	equ	0A333h			;* 
 = B7C0                         data_30e	equ	0B7C0h			;* 
 = B808                         data_31e	equ	0B808h			;* 
 = FA01                         data_32e	equ	0FA01h			;* 
                                 
 0000                           seg_a		segment	byte public 
                                		assume	cs:seg_a, ds:seg_a 
                                 
                                 
 0000                           		org	0 
                                 
 0000                           _356LVGRP	proc	far 
                                 
 0000                           start: 
                                ;*		jc	loc_3			;*Jump if carry Set 
 0000  72 1A                    				jc 1Ah			; was: db 072h,018h 
356LVGRP.asm(52) : error 56: No immediate mode 
 0002  00 00                    		add	[bx+si],al 
 0004  00 06 0039 R             		add	data_9,al 
 0008  4E                       		dec	si 
 0009  02 63 80                 		add	ah,[bp+di-80h] 
 000C  91                       		xchg	cx,ax 
 000D  20 9C 9E03               		and	ds:data_28e[si],bl 
 0011  AA                       		stosb				; Store al to es:[di] 
 0012  9F                       		lahf				; Load ah from flags 
 0013  08 B3 B7C0               		or	ss:data_30e[bp+di],dh 
 0017  40                       		inc	ax 
 0018  B9 BD01                  		mov	cx,0BD01h 
 001B  A8 C5                    		test	al,0C5h 
 001D  04 C7                    		add	al,0C7h 
 001F  A0 10E1 R                		mov	al,data_19 
 0022  DB 30 E2 0A E5 0C        		db	0DBh, 30h,0E2h, 0Ah,0E5h, 0Ch 
 0028  E6 EA E7 2A F9 50        		db	0E6h,0EAh,0E7h, 2Ah,0F9h, 50h 
 002E  FF FF                    		db	0FFh,0FFh 
 0030  2F39                     data_8		dw	2F39h			; Data table (indexed access) 
 0032  0A 39 01 2B 39 01        		db	 0Ah, 39h, 01h, 2Bh, 39h, 01h 
 0038  BF                       		db	0BFh 
 0039  00                       data_9		db	0			; Data table (indexed access) 
 003A  02 2A FF 00 2B 39        		db	 02h, 2Ah,0FFh, 00h, 2Bh, 39h 
 0040  06 80 39 01 80 39        		db	 06h, 80h, 39h, 01h, 80h, 39h 
 0046  01 E8 00 80 00 FE        		db	 01h,0E8h, 00h, 80h, 00h,0FEh 
 004C  00 80 00 FF 80 E0        		db	 00h, 80h, 00h,0FFh, 80h,0E0h 
 0052  00 FF EA FA 39 00        		db	 00h,0FFh,0EAh,0FAh, 39h, 00h 
 0058  BF 00 02 00 2F 39        		db	0BFh, 00h, 02h, 00h, 2Fh, 39h 
 005E  01 0A 39 14 FF 80        		db	 01h, 0Ah, 39h, 14h,0FFh, 80h 
 0064  E0 00 FE 00 80 00        		db	0E0h, 00h,0FEh, 00h, 80h, 00h 
 006A  E8 00 80 00 80 39        		db	0E8h, 00h, 80h, 00h, 80h, 39h 
 0070  01 80 39 01 80 39        		db	 01h, 80h, 39h, 01h, 80h, 39h 
 0076  0A 03 00 02 00 0F        		db	 0Ah, 03h, 00h, 02h, 00h, 0Fh 
 007C  00 02 9C 00              		db	 00h, 02h, 9Ch, 00h 
 0080  0002                     data_10		dw	2			; Data table (indexed access) 
Microsoft (R) Macro Assembler  Version 4.00                 3/29/26 15:18:11

                                                            Page     1-5
                                                            

 0082  30 3C 20 08 00 CC        		db	 30h, 3Ch, 20h, 08h, 00h,0CCh 
 0088  39 00 03 0C 39 01        		db	 39h, 00h, 03h, 0Ch, 39h, 01h 
 008E  03 00 02                 		db	 03h, 00h, 02h 
 0091  3FF0                     data_11		dw	3FF0h 
 0093  80 28 39 02 C0 00        		db	 80h, 28h, 39h, 02h,0C0h, 00h 
 0099  80 00 0C 00 08 39        		db	 80h, 00h, 0Ch, 00h, 08h, 39h 
 009F  03 F0 30 A0 20 0C        		db	 03h,0F0h, 30h,0A0h, 20h, 0Ch 
 00A5  00 08 39 03 C0 CF        		db	 00h, 08h, 39h, 03h,0C0h,0CFh 
 00AB  80 00 0C CF 39 01        		db	 80h, 00h, 0Ch,0CFh, 39h, 01h 
 00B1  03 00 02 0C C0 39        		db	 03h, 00h, 02h, 0Ch,0C0h, 39h 
 00B7  01 0F 00 02 33 30        		db	 01h, 0Fh, 00h, 02h, 33h, 30h 
 00BD  20 39 04 C3 00 82        		db	 20h, 39h, 04h,0C3h, 00h, 82h 
 00C3  00 03 39 00 CC 00        		db	 00h, 03h, 39h, 00h,0CCh, 00h 
 00C9  80 00 03 C0 00 80        		db	 80h, 00h, 03h,0C0h, 00h, 80h 
 00CF  CC                       		db	0CCh 
 00D0  0539                     data_12		dw	539h 
 00D2  DB 00 00 20 03 00        		db	0DBh, 00h, 00h, 20h, 03h, 00h 
 00D8  02 00 F0 00              		db	 02h, 00h,0F0h, 00h 
 00DC  3920                     data_13		dw	3920h			; Data table (indexed access) 
 00DE  07 03 00 02 39 03        		db	 07h, 03h, 00h, 02h, 39h, 03h 
 00E4  C0 00 80 39 00 03        		db	0C0h, 00h, 80h, 39h, 00h, 03h 
 00EA  00 02 39 03 3C 00        		db	 00h, 02h, 39h, 03h, 3Ch, 00h 
 00F0  20 DB 00 20 39 03        		db	 20h,0DBh, 00h, 20h, 39h, 03h 
 00F6  03 0C 02 08 39 06        		db	 03h, 0Ch, 02h, 08h, 39h, 06h 
 00FC  30 00 20 00 9C 00        		db	 30h, 00h, 20h, 00h, 9Ch, 00h 
 0102  4E 00 C0 00 80 00        		db	 4Eh, 00h,0C0h, 00h, 80h, 00h 
 0108  03 39 02 0C 00 08        		db	 03h, 39h, 02h, 0Ch, 00h, 08h 
 010E  00 C0 00 80 00 03        		db	 00h,0C0h, 00h, 80h, 00h, 03h 
 0114  00 02 39 0A 03 00        		db	 00h, 02h, 39h, 0Ah, 03h, 00h 
 011A  02 00 C0 00 80 00        		db	 02h, 00h,0C0h, 00h, 80h, 00h 
 0120  F0 00 A0 00 F0 00        		db	0F0h, 00h,0A0h, 00h,0F0h, 00h 
 0126  80 00 03 00 02 39        		db	 80h, 00h, 03h, 00h, 02h, 39h 
 012C  08 03 00 02 DB 00        		db	 08h, 03h, 00h, 02h,0DBh, 00h 
 0132  91 00 39 0F 1F 39        		db	 91h, 00h, 39h, 0Fh, 1Fh, 39h 
 0138  01                       		db	 01h 
 0139  39FD                     data_14		dw	39FDh			; Data table (indexed access) 
 013B  00 03 FE 39 00 06        		db	 00h, 03h,0FEh, 39h, 00h, 06h 
 0141  F8 39 00 0D E8 00        		db	0F8h, 39h, 00h, 0Dh,0E8h, 00h 
 0147  05 39 0A D0 39 01        		db	 05h, 39h, 0Ah,0D0h, 39h, 01h 
 014D  52 39 01 8A 40 39        		db	 52h, 39h, 01h, 8Ah, 40h, 39h 
 0153  01 20 39 01 10 A0        		db	 01h, 20h, 39h, 01h, 10h,0A0h 
 0159  00 0D 90 00 03 0D        		db	 00h, 0Dh, 90h, 00h, 03h, 0Dh 
 015F  40 00 05 06 40 39        		db	 40h, 00h, 05h, 06h, 40h, 39h 
 0165  00 03 39 02 A0 39        		db	 00h, 03h, 39h, 02h,0A0h, 39h 
 016B  01 15 39 09 10 C0        		db	 01h, 15h, 39h, 09h, 10h,0C0h 
 0171  39 00 10 A0 39 00        		db	 39h, 00h, 10h,0A0h, 39h, 00h 
 0177  20 39 01 40 39 00        		db	 20h, 39h, 01h, 40h, 39h, 00h 
 017D  02 39 01 50 39 16        		db	 02h, 39h, 01h, 50h, 39h, 16h 
 0183  1F 39 01 FD 39 00        		db	 1Fh, 39h, 01h,0FDh, 39h, 00h 
 0189  03 FE 39 00 06 F8        		db	 03h,0FEh, 39h, 00h, 06h,0F8h 
 018F  00 05 0D E8 00 13        		db	 00h, 05h, 0Dh,0E8h, 00h, 13h 
 0195  39 0A D0 39 01 52        		db	 39h, 0Ah,0D0h, 39h, 01h, 52h 
 019B  39 01 8A 40 39 01        		db	 39h, 01h, 8Ah, 40h, 39h, 01h 
 01A1  20 50 39 00 10 A8        		db	 20h, 50h, 39h, 00h, 10h,0A8h 
 01A7  00 0D 90 00 2F 0D        		db	 00h, 0Dh, 90h, 00h, 2Fh, 0Dh 
Microsoft (R) Macro Assembler  Version 4.00                 3/29/26 15:18:11

                                                            Page     1-6
                                                            

 01AD  40 00 17 06 40 00        		db	 40h, 00h, 17h, 06h, 40h, 00h 
 01B3  0A 03 39 02 A0 39        		db	 0Ah, 03h, 39h, 02h,0A0h, 39h 
 01B9  01 15 39 09 10 D0        		db	 01h, 15h, 39h, 09h, 10h,0D0h 
 01BF  39 00 10 A8 39 00        		db	 39h, 00h, 10h,0A8h, 39h, 00h 
 01C5  20 40 39 00 40 39        		db	 20h, 40h, 39h, 00h, 40h, 39h 
 01CB  00 02 39 01 50 39        		db	 00h, 02h, 39h, 01h, 50h, 39h 
 01D1  16 1F 39 01 FD 39        		db	 16h, 1Fh, 39h, 01h,0FDh, 39h 
 01D7  00 03 FE 00 01 06        		db	 00h, 03h,0FEh, 00h, 01h, 06h 
 01DD  F8 00 07 0D E9 00        		db	0F8h, 00h, 07h, 0Dh,0E9h, 00h 
 01E3  16 39 0A D0 39 01        		db	 16h, 39h, 0Ah,0D0h, 39h, 01h 
 01E9  52 39 01 8A 40 20        		db	 52h, 39h, 01h, 8Ah, 40h, 20h 
 01EF  39 00 20 F5 00 40        		db	 39h, 00h, 20h,0F5h, 00h, 40h 
 01F5  10 BA 00 0D 92 00        		db	 10h,0BAh, 00h, 0Dh, 92h, 00h 
 01FB  2D 0D 45 00 3A 06        		db	 2Dh, 0Dh, 45h, 00h, 3Ah, 06h 
 0201  40 00 1F 03 39 00        		db	 40h, 00h, 1Fh, 03h, 39h, 00h 
 0207  0A 00 A0 39 01 15        		db	 0Ah, 00h,0A0h, 39h, 01h, 15h 
 020D  39 08 80 10 7D 00        		db	 39h, 08h, 80h, 10h, 7Dh, 00h 
 0213  40 10 BA 39 00 20        		db	 40h, 10h,0BAh, 39h, 00h, 20h 
 0219  D4 39 00 40 A0 00        		db	0D4h, 39h, 00h, 40h,0A0h, 00h 
 021F  02 39 01 50 39 0C        		db	 02h, 39h, 01h, 50h, 39h, 0Ch 
 0225  32 39 01 08 00 03        		db	 32h, 39h, 01h, 08h, 00h, 03h 
 022B  00 03 00 08 00 06        		db	 00h, 03h, 00h, 08h, 00h, 06h 
 0231  39 01 0F 00 20 00        		db	 39h, 01h, 0Fh, 00h, 20h, 00h 
 0237  1F 00 20 00 1F 39        		db	 1Fh, 00h, 20h, 00h, 1Fh, 39h 
 023D  01 3F 39 00 32 00        		db	 01h, 3Fh, 39h, 00h, 32h, 00h 
 0243  C0 00 C8 00 A0 00        		db	0C0h, 00h,0C8h, 00h,0A0h, 00h 
 0249  A0 00 80 00 AC 39        		db	0A0h, 00h, 80h, 00h,0ACh, 39h 
 024F  01 B8 39 01 BA 39        		db	 01h,0B8h, 39h, 01h,0BAh, 39h 
 0255  01 AA 39 01 EA 39        		db	 01h,0AAh, 39h, 01h,0EAh, 39h 
 025B  02 3F 39 01 0A 00        		db	 02h, 3Fh, 39h, 01h, 0Ah, 00h 
 0261  03 00 03 00 02 00        		db	 03h, 00h, 03h, 00h, 02h, 00h 
 0267  02 00 0F 00 0F 00        		db	 02h, 00h, 0Fh, 00h, 0Fh, 00h 
 026D  0C 00 0C 39 08 AA        		db	 0Ch, 00h, 0Ch, 39h, 08h,0AAh 
 0273  00 C0 00 E8 00 B0        		db	 00h,0C0h, 00h,0E8h, 00h,0B0h 
 0279  00 B0 00 D0 00 D0        		db	 00h,0B0h, 00h,0D0h, 00h,0D0h 
 027F  00 BC 00 BC 00 0C        		db	 00h,0BCh, 00h,0BCh, 00h, 0Ch 
 0285  00 0C 39 22 03 00        		db	 00h, 0Ch, 39h, 22h, 03h, 00h 
 028B  08 00 07 39 0C 03        		db	 08h, 00h, 07h, 39h, 0Ch, 03h 
 0291  39 01 03 C0 39 00        		db	 39h, 01h, 03h,0C0h, 39h, 00h 
 0297  3C 30 8E 00 7E 3C        		db	 3Ch, 30h, 8Eh, 00h, 7Eh, 3Ch 
 029D  02 00 EE 80 39 01        		db	 02h, 00h,0EEh, 80h, 39h, 01h 
 02A3  3F 39 01 3E 39 01        		db	 3Fh, 39h, 01h, 3Eh, 39h, 01h 
 02A9  3A 00 FC 00 FE 0E        		db	 3Ah, 00h,0FCh, 00h,0FEh, 0Eh 
 02AF  EC 0E EE 08 B8 08        		db	0ECh, 0Eh,0EEh, 08h,0B8h, 08h 
 02B5  B8 00 20 00 20 00        		db	0B8h, 00h, 20h, 00h, 20h, 00h 
 02BB  E0 00 E0 39 00 BA        		db	0E0h, 00h,0E0h, 39h, 00h,0BAh 
 02C1  80 39 00 EA 39 01        		db	 80h, 39h, 00h,0EAh, 39h, 01h 
 02C7  AA 39 01 A8 39 01        		db	0AAh, 39h, 01h,0A8h, 39h, 01h 
 02CD  A0 39 20 08 00 07        		db	0A0h, 39h, 20h, 08h, 00h, 07h 
 02D3  00 80 00 7F 39 00        		db	 00h, 80h, 00h, 7Fh, 39h, 00h 
 02D9  03 EA 39 14 F0 30        		db	 03h,0EAh, 39h, 14h,0F0h, 30h 
 02DF  39 00 A8 C0 39 00        		db	 39h, 00h,0A8h,0C0h, 39h, 00h 
 02E5  AA 30 00 0A 03 AA        		db	0AAh, 30h, 00h, 0Ah, 03h,0AAh 
 02EB  00 2A 00 AA 30 AB        		db	 00h, 2Ah, 00h,0AAh, 30h,0ABh 
 02F1  30 AB 0F 38 0C 3B        		db	 30h,0ABh, 0Fh, 38h, 0Ch, 3Bh 
Microsoft (R) Macro Assembler  Version 4.00                 3/29/26 15:18:11

                                                            Page     1-7
                                                            

 02F7  02 20 02 2E 3A A0        		db	 02h, 20h, 02h, 2Eh, 3Ah,0A0h 
 02FD  3A AA 39 06 A0 00        		db	 3Ah,0AAh, 39h, 06h,0A0h, 00h 
 0303  A2 00 A8 00 A8 F0        		db	0A2h, 00h,0A8h, 00h,0A8h,0F0h 
 0309  A8 00 AB 39 01 FA        		db	0A8h, 00h,0ABh, 39h, 01h,0FAh 
 030F  39 01 A8 39 01 80        		db	 39h, 01h,0A8h, 39h, 01h, 80h 
 0315  39 0F 0C 30 0C 30        		db	 39h, 0Fh, 0Ch, 30h, 0Ch, 30h 
 031B  0C C0 0C C3 0F 00        		db	 0Ch,0C0h, 0Ch,0C3h, 0Fh, 00h 
 0321  2C 00 0C 20 3C 22        		db	 2Ch, 00h, 0Ch, 20h, 3Ch, 22h 
 0327  0E E8 3E EA 00 AE        		db	 0Eh,0E8h, 3Eh,0EAh, 00h,0AEh 
 032D  28 AE 39 0C E0 39        		db	 28h,0AEh, 39h, 0Ch,0E0h, 39h 
 0333  01 BE 39 01 AF 80        		db	 01h,0BEh, 39h, 01h,0AFh, 80h 
 0339  0039                     data_15		dw	39h			; Data table (indexed access) 
 033B  AA E0 39 00 A0 30        		db	0AAh,0E0h, 39h, 00h,0A0h, 30h 
 0341  00 BB 08 BB 00 2A        		db	 00h,0BBh, 08h,0BBh, 00h, 2Ah 
 0347  00 2A 39 01 3A 39        		db	 00h, 2Ah, 39h, 01h, 3Ah, 39h 
 034D  00 0C E3 39 00 03        		db	 00h, 0Ch,0E3h, 39h, 00h, 03h 
 0353  0C 39 01 82 39 06        		db	 0Ch, 39h, 01h, 82h, 39h, 06h 
 0359  80 00 80 30 E0 00        		db	 80h, 00h, 80h, 30h,0E0h, 00h 
 035F  E0 00 AA 00 AA 39        		db	0E0h, 00h,0AAh, 00h,0AAh, 39h 
 0365  01 80 39 13 40 39        		db	 01h, 80h, 39h, 13h, 40h, 39h 
 036B  00                       		db	 00h 
                                 
 036C                           locloop_4: 
 036C  01 80 5000               		add	ds:data_25e[bx+si],ax 
 0370  02 80 2804               		add	al,ds:data_20e[bx+si] 
                                ;*		add	bx,ax 
 0374  03 D8                    				add bx,ax			; was: db 001h,0C3h 
                                ;*		add	bl,ch 
 0376  02 DD                    				add bl,ch			; was: db 000h,0EBh 
 0378  0E                       		push	cs 
 0379  CC                       		int	3			; Debug breakpoint 
                                ;*		add	dh,ch 
 037A  02 F5                    				add dh,ch			; was: db 000h,0EEh 
 037C  05 00F0                  		add	ax,0F0h 
                                		retn 
 037F  C3                     1                 db     0C3h
                                			                        ;* No entry point to code 
 0380  35 00C2                  		xor	ax,0C2h 
                                		retn	0ACAh 
 0383  C2                     1                 db     0C2h
 0384  0ACA                   1                 dw     0ACAh
 0386  00 15 EA 80 00 75        		db	 00h, 15h,0EAh, 80h, 00h, 75h 
 038C  50 39 00 AA 80 39        		db	 50h, 39h, 00h,0AAh, 80h, 39h 
 0392  00 54 39 01 08 39        		db	 00h, 54h, 39h, 01h, 08h, 39h 
 0398  05 40 39 03 EE 80        		db	 05h, 40h, 39h, 03h,0EEh, 80h 
 039E  EE AB 0A E0 0A E0        		db	0EEh,0ABh, 0Ah,0E0h, 0Ah,0E0h 
 03A4  0B B8 0B B8 02 AE        		db	 0Bh,0B8h, 0Bh,0B8h, 02h,0AEh 
 03AA  02 AE 00 0A 03 AA        		db	 02h,0AEh, 00h, 0Ah, 03h,0AAh 
 03B0  39 00 CE 38 39 00        		db	 39h, 00h,0CEh, 38h, 39h, 00h 
 03B6  30 C0 39 00 08 20        		db	 30h,0C0h, 39h, 00h, 08h, 20h 
 03BC  39 0A 0C 00 0C 00        		db	 39h, 0Ah, 0Ch, 00h, 0Ch, 00h 
 03C2  A0 00 A0 39 17 0C        		db	0A0h, 00h,0A0h, 39h, 17h, 0Ch 
 03C8  30 0C 30 0C C0 0C        		db	 30h, 0Ch, 30h, 0Ch,0C0h, 0Ch 
 03CE  C0 0F 00 0C 02 0C        		db	0C0h, 0Fh, 00h, 0Ch, 02h, 0Ch 
 03D4  20 0C 2B 0E E8 2E        		db	 20h, 0Ch, 2Bh, 0Eh,0E8h, 2Eh 
Microsoft (R) Macro Assembler  Version 4.00                 3/29/26 15:18:11

                                                            Page     1-8
                                                            

 03DA  EA 39 14 A8 39 01        		db	0EAh, 39h, 14h,0A8h, 39h, 01h 
 03E0  AA 39 01 EA 80 00        		db	0AAh, 39h, 01h,0EAh, 80h, 00h 
 03E6  AE 2E AE 00 33 3A        		db	0AEh, 2Eh,0AEh, 00h, 33h, 3Ah 
 03EC  FF 00 22 20 EE 39        		db	0FFh, 00h, 22h, 20h,0EEh, 39h 
 03F2  00 83 AE 39 00 03        		db	 00h, 83h,0AEh, 39h, 00h, 03h 
 03F8  0C 39 0C BE A0 80        		db	 0Ch, 39h, 0Ch,0BEh,0A0h, 80h 
 03FE  00 83 A0 E0 00 E0        		db	 00h, 83h,0A0h,0E0h, 00h,0E0h 
 0404  E0 AA 00 AA 28 39        		db	0E0h,0AAh, 00h,0AAh, 28h, 39h 
 040A  0F C3 00 C3 00 CC        		db	 0Fh,0C3h, 00h,0C3h, 00h,0CCh 
 0410  00 CC 00 F0 00 C0        		db	 00h,0CCh, 00h,0F0h, 00h,0C0h 
 0416  00 C2                    		db	 00h,0C2h 
 0418  00                       data_16		db	0 
 0419  C2 00 EE 00 EE 00        		db	0C2h, 00h,0EEh, 00h,0EEh, 00h 
 041F  08 02 8B 39 00 06        		db	 08h, 02h, 8Bh, 39h, 00h, 06h 
 0425  8F 08 10 02 2F 39        		db	 8Fh, 08h, 10h, 02h, 2Fh, 39h 
 042B  0C C0 39 01 E0 39        		db	 0Ch,0C0h, 39h, 01h,0E0h, 39h 
 0431  01 F0 00 08 00 B8        		db	 01h,0F0h, 00h, 08h, 00h,0B8h 
 0437  00 0E 00 5E 39 00        		db	 00h, 0Eh, 00h, 5Eh, 39h, 00h 
 043D  40 1A BA 39 00 1A        		db	 40h, 1Ah,0BAh, 39h, 00h, 1Ah 
 0443  F5 39 00 28 E8 39        		db	0F5h, 39h, 00h, 28h,0E8h, 39h 
 0449  00 2B D0 39 00 2B        		db	 00h, 2Bh,0D0h, 39h, 00h, 2Bh 
 044F  C0 39 00 23 39 01        		db	0C0h, 39h, 00h, 23h, 39h, 01h 
 0455  0C 39 03 0A 80 AA        		db	 0Ch, 39h, 03h, 0Ah, 80h,0AAh 
 045B  80 00 20 38 20 00        		db	 80h, 00h, 20h, 38h, 20h, 00h 
 0461  20 38 20 00 60 00        		db	 20h, 38h, 20h, 00h, 60h, 00h 
 0467  60 39 00 39 1E C0        		db	 60h, 39h, 00h, 39h, 1Eh,0C0h 
 046D  39 00 03 C0 39 00        		db	 39h, 00h, 03h,0C0h, 39h, 00h 
 0473  0C 3C 00 E0 3C EF        		db	 0Ch, 3Ch, 00h,0E0h, 3Ch,0EFh 
 0479  00 80 03 BA 39 18        		db	 00h, 80h, 03h,0BAh, 39h, 18h 
 047F  80 39 01 A0 39 01        		db	 80h, 39h, 01h,0A0h, 39h, 01h 
 0485  03 AE 39 01 EB 39        		db	 03h,0AEh, 39h, 01h,0EBh, 39h 
 048B  01 EA 39 01 3A 39        		db	 01h,0EAh, 39h, 01h, 3Ah, 39h 
 0491  01 0A 39 0C A8 39        		db	 01h, 0Ah, 39h, 0Ch,0A8h, 39h 
 0497  01 A8 39 01 A8 00        		db	 01h,0A8h, 39h, 01h,0A8h, 00h 
 049D  3F 00 BF 00 3B B0        		db	 3Fh, 00h,0BFh, 00h, 3Bh,0B0h 
 04A3  BB B0 2E 20 2E 20        		db	0BBh,0B0h, 2Eh, 20h, 2Eh, 20h 
 04A9  08 00 08 00 0B 00        		db	 08h, 00h, 08h, 00h, 0Bh, 00h 
 04AF  0B 39 14 08 0C 07        		db	 0Bh, 39h, 14h, 08h, 0Ch, 07h 
 04B5  00 20 03 1E 39 00        		db	 00h, 20h, 03h, 1Eh, 39h, 00h 
 04BB  0C FA 39 14 F0 39        		db	 0Ch,0FAh, 39h, 14h,0F0h, 39h 
 04C1  01 AA 39 01 AA 80        		db	 01h,0AAh, 39h, 01h,0AAh, 80h 
 04C7  00 0A 00 CA 00 2A        		db	 00h, 0Ah, 00h,0CAh, 00h, 2Ah 
 04CD  0F 2A 00 0A 00 FA        		db	 0Fh, 2Ah, 00h, 0Ah, 00h,0FAh 
 04D3  39 01 AF 39 01 2A        		db	 39h, 01h,0AFh, 39h, 01h, 2Ah 
 04D9  39 01 02 39 06 80        		db	 39h, 01h, 02h, 39h, 06h, 80h 
 04DF  00 AA 80 A8 00 AA        		db	 00h,0AAh, 80h,0A8h, 00h,0AAh 
 04E5  00 EA 08 EA 08 23        		db	 00h,0EAh, 08h,0EAh, 08h, 23h 
 04EB  A0 E0 A0 20 80 A0        		db	0A0h,0E0h,0A0h, 20h, 80h,0A0h 
 04F1  80 0A A8 AA A8 39        		db	 80h, 0Ah,0A8h,0AAh,0A8h, 39h 
 04F7  13 08 00 07 00 80        		db	 13h, 08h, 00h, 07h, 00h, 80h 
 04FD  00 7E 39 00 03 FA        		db	 00h, 7Eh, 39h, 00h, 03h,0FAh 
 0503  08 00 07 AA 39 00        		db	 08h, 00h, 07h,0AAh, 39h, 00h 
 0509  0C 0A 39 06 0C 30        		db	 0Ch, 0Ah, 39h, 06h, 0Ch, 30h 
 050F  0C 30 03 30 C3 30        		db	 0Ch, 30h, 03h, 30h,0C3h, 30h 
 0515  03 30 00 3C 08 30        		db	 03h, 30h, 00h, 3Ch, 08h, 30h 
Microsoft (R) Macro Assembler  Version 4.00                 3/29/26 15:18:11

                                                            Page     1-9
                                                            

 051B  88 38 2B B0 AB B8        		db	 88h, 38h, 2Bh,0B0h,0ABh,0B8h 
 0521  BA 00 BA 28 00 02        		db	0BAh, 00h,0BAh, 28h, 00h, 02h 
 0527  0C 02 00 0B 00 0B        		db	 0Ch, 02h, 00h, 0Bh, 00h, 0Bh 
 052D  00 EA 00 EA 39 01        		db	 00h,0EAh, 00h,0EAh, 39h, 01h 
 0533  02 39 0E EE 00 EE        		db	 02h, 39h, 0Eh,0EEh, 00h,0EEh 
 0539  20 A8 00 A8 39 01        		db	 20h,0A8h, 00h,0A8h, 39h, 01h 
 053F  AC 39 01 CB 30 39        		db	0ACh, 39h, 01h,0CBh, 30h, 39h 
 0545  00 30 C0 39 00 82        		db	 00h, 30h,0C0h, 39h, 00h, 82h 
 054B  39 07 26 40 D9 B8        		db	 39h, 07h, 26h, 40h,0D9h,0B8h 
 0551  39 00 0A AF 39 00        		db	 39h, 00h, 0Ah,0AFh, 39h, 00h 
 0557  01 55 39 01 2A 39        		db	 01h, 55h, 39h, 01h, 2Ah, 39h 
 055D  01 10 39 05 02 39        		db	 01h, 10h, 39h, 05h, 02h, 39h 
 0563  07 02 80 39 00 01        		db	 07h, 02h, 80h, 39h, 00h, 01h 
 0569  40 0E 00 01 A0 1C        		db	 40h, 0Eh, 00h, 01h,0A0h, 1Ch 
 056F  00 C3 70 D7 00 33        		db	 00h,0C3h, 70h,0D7h, 00h, 33h 
 0575  A0 77 00 33 AC C3        		db	0A0h, 77h, 00h, 33h,0ACh,0C3h 
 057B  00 43 53 43 39 0B        		db	 00h, 43h, 53h, 43h, 39h, 0Bh 
 0581  30 00 30 00 05 00        		db	 30h, 00h, 30h, 00h, 05h, 00h 
 0587  05 39 0A 01 77 D5        		db	 05h, 39h, 0Ah, 01h, 77h,0D5h 
 058D  77 07 50 07 50 1D        		db	 77h, 07h, 50h, 07h, 50h, 1Dh 
 0593  D0 1D D0 75 40 75        		db	0D0h, 1Dh,0D0h, 75h, 40h, 75h 
 0599  40 50 00 55 C0 39        		db	 40h, 50h, 00h, 55h,0C0h, 39h 
 059F  00 1C 73 39 00 03        		db	 00h, 1Ch, 73h, 39h, 00h, 03h 
 05A5  0C 39 00 04 10 39        		db	 0Ch, 39h, 00h, 04h, 10h, 39h 
 05AB  15 3E 39 01 EA 39        		db	 15h, 3Eh, 39h, 01h,0EAh, 39h 
 05B1  00 03 AF 39 0A 0C        		db	 00h, 03h,0AFh, 39h, 0Ah, 0Ch 
 05B7  30 0C 30 03 30 03        		db	 30h, 0Ch, 30h, 03h, 30h, 03h 
 05BD  30 03 30 80 30 08        		db	 30h, 03h, 30h, 80h, 30h, 08h 
 05C3  30 E8 30 2B B0 AB        		db	 30h,0E8h, 30h, 2Bh,0B0h,0ABh 
 05C9  BC 39 00 0E BA 00        		db	0BCh, 39h, 00h, 0Eh,0BAh, 00h 
 05CF  02 0E 82 00 0B 0A        		db	 02h, 0Eh, 82h, 00h, 0Bh, 0Ah 
 05D5  0B 00 EA 38 EA 39        		db	 0Bh, 00h,0EAh, 38h,0EAh, 39h 
 05DB  0E BA 00 BA AC CC        		db	 0Eh,0BAh, 00h,0BAh,0ACh,0CCh 
 05E1  00 FF A8 88 00 BB        		db	 00h,0FFh,0A8h, 88h, 00h,0BBh 
 05E7  08 39 00 BA C2 39        		db	 08h, 39h, 00h,0BAh,0C2h, 39h 
 05ED  00 30 C0 39 17 01        		db	 00h, 30h,0C0h, 39h, 17h, 01h 
 05F3  00 02 00 04 00 0B        		db	 00h, 02h, 00h, 04h, 00h, 0Bh 
 05F9  39 01 0F 00 30 00        		db	 39h, 01h, 0Fh, 00h, 30h, 00h 
 05FF  1D 00 F0 00 7A C3        		db	 1Dh, 00h,0F0h, 00h, 7Ah,0C3h 
 0605  00 C3 00 33 00 33        		db	 00h,0C3h, 00h, 33h, 00h, 33h 
 060B  00 33 00 03 00 43        		db	 00h, 33h, 00h, 03h, 00h, 43h 
 0611  00                       		db	 00h 
 0612  43                       		db	43h 
                                 
 0613                           locloop_6: 
                                ;*		add	[bx+0],dh 
 0613  00 37                    				add [bx+0h],dh			; was: db 000h,077h,000h 
 0615  77 00 10 00 D1 40        		db	 77h, 00h, 10h, 00h,0D1h, 40h 
 061B  39 00 F1                 		db	 39h, 00h,0F1h 
 061E  20 39                    		db	 20h, 39h 
 0620                           loc_7: 
                                ;*		add	ah,bh 
 0620  02 E7                    				add ah,bh			; was: db 000h,0FCh 
 0622  50                       		push	ax 
 0623  03 D0                    		add	dx,ax 
Microsoft (R) Macro Assembler  Version 4.00                 3/29/26 15:18:11

                                                            Page     1-10
                                                            

 0625  03 D5                    		add	dx,bp 
 0627  04 00                    		add	al,0 
 0629  04 1C                    		add	al,1Ch 
 062B  06                       		push	es 
 062C  00 06 3903               		add	ds:data_21e,al 
 0630  01 04                    		add	[si],ax 
 0632  39 10                    		cmp	[bx+si],dx 
 0634  5F                       		pop	di 
 0635  50                       		push	ax 
 0636  39 00                    		cmp	[bx+si],ax 
 0638  AF                       		scasw				; Scan es:[di] for ax 
 0639  48                       		dec	ax 
 063A  39 00                    		cmp	[bx+si],ax 
 063C  17                       		pop	ss 
 063D  94                       		xchg	sp,ax 
 063E  39 00                    		cmp	[bx+si],ax 
 0640  0B D4                    		or	dx,sp 
 0642  39 00                    		cmp	[bx+si],ax 
 0644  03 D4                    		add	dx,sp 
 0646  39 01                    		cmp	[bx+di],ax 
 0648  C4 39                    		les	di,dword ptr [bx+di]	; Load seg:offset ptr 
 064A  01 30                    		add	[bx+si],si 
 064C  39 06 0091 R             		cmp	data_11,ax 
 0650  18 18                    		sbb	[bx+si],bl 
 0652  02 00                    		add	al,[bx+si] 
 0654  2A 28                    		sub	ch,[bx+si] 
 0656  02 08                    		add	cl,[bx+si] 
 0658  02 08                    		add	cl,[bx+si] 
                                ;*		add	ah,cl 
 065A  02 E1                    				add ah,cl			; was: db 000h,0CCh 
                                ;*		add	ah,cl 
 065C  02 E1                    				add ah,cl			; was: db 000h,0CCh 
 065E  00 A8 5400               		add	ds:data_26e[bx+si],ch 
 0662  03 AA 5500               		add	bp,ss:data_6e[bp+si] 
 0666  0E                       		push	cs 
 0667  A2 5D01                  		mov	ds:data_27e,al 
 066A  19 A8 00DC R             		sbb	data_13[bx+si],bp 
 066E  B1 54                    		mov	cl,54h			; 'T' 
 0670  BC 0200                  		mov	sp,200h 
 0673  AA                       		stosb				; Store al to es:[di] 
 0674  E8 B277 R                		call	$-53FDh 
356LVGRP.asm(399) : error 64: Near JMP/CALL to different CS 
                                ;*		adc	bh,bh 
 0677  12 FF                    				adc bh,bh			; was: db 010h,0FFh 
 0679  45                       		inc	bp 
 067A  10 08                    		adc	[bx+si],cl 
 067C  7B A2                    		jnp	loc_7			; Jump if not parity 
 067E  C5 00                    		lds	ax,dword ptr [bx+si]	; Load seg:offset ptr 
 0680  E0 91                    		loopnz	locloop_6		; Loop if zf=0, cx>0 
                                 
 0682  8F 40 60                 		pop	word ptr [bx+si+60h] 
 0685  18 0A                    		sbb	[bp+si],cl 
 0687  A0 0CC0                  		mov	al,ds:data_1e 
 068A  02 A8 5702               		add	ch,byte ptr ds:[5702h][bx+si] 
 068E  02 A0 5B01               		add	ah,ds:data_2e[bx+si] 
Microsoft (R) Macro Assembler  Version 4.00                 3/29/26 15:18:11

                                                            Page     1-11
                                                            

 0692  0E                       		push	cs 
 0693  88 05                    		mov	[di],al 
 0695  76 3A                    		jbe	$+3Ch			; Jump if below or = 
 0697  A0 5E15                  		mov	al,ds:data_4e 
 069A  3A AA 5515               		cmp	ch,ss:data_7e[bp+si] 
 069E  3A AA 5515               		cmp	ch,ss:data_7e[bp+si] 
 06A2  3E AA 15 55 0F FA        		db	 3Eh,0AAh, 15h, 55h, 0Fh,0FAh 
 06A8  05 FA 39 08 C0 00        		db	 05h,0FAh, 39h, 08h,0C0h, 00h 
 06AE  80 00 70 00 08 00        		db	 80h, 00h, 70h, 00h, 08h, 00h 
 06B4  B0 00 63 00 7A 00        		db	0B0h, 00h, 63h, 00h, 7Ah, 00h 
 06BA  A8 08 02 A0 9E 00        		db	0A8h, 08h, 02h,0A0h, 9Eh, 00h 
 06C0  A2 A2 39 06 63 00        		db	0A2h,0A2h, 39h, 06h, 63h, 00h 
 06C6  60 60 0A 08 AA A8        		db	 60h, 60h, 0Ah, 08h,0AAh,0A8h 
 06CC  00 CC 00 CC 00 A8        		db	 00h,0CCh, 00h,0CCh, 00h,0A8h 
 06D2  00 54 03 AA 00 55        		db	 00h, 54h, 03h,0AAh, 00h, 55h 
 06D8  0E A2 01 5D 02 A8        		db	 0Eh,0A2h, 01h, 5Dh, 02h,0A8h 
 06DE  02 57 0A A0 05 5B        		db	 02h, 57h, 0Ah,0A0h, 05h, 5Bh 
 06E4  3A 88 15 76 EA A2        		db	 3Ah, 88h, 15h, 76h,0EAh,0A2h 
 06EA  55 5D EA A8 55 57        		db	 55h, 5Dh,0EAh,0A8h, 55h, 57h 
 06F0  EA AA 55 55 FA AA        		db	0EAh,0AAh, 55h, 55h,0FAh,0AAh 
 06F6  55 55 3F EA 17 EA        		db	 55h, 55h, 3Fh,0EAh, 17h,0EAh 
 06FC  39 08 C0 39 01 C0        		db	 39h, 08h,0C0h, 39h, 01h,0C0h 
 0702  00 28 00 80 00 02        		db	 00h, 28h, 00h, 80h, 00h, 02h 
 0708  00 F8 00 A0 20 0A        		db	 00h,0F8h, 00h,0A0h, 20h, 0Ah 
 070E  80 AA A8 8A 39 08        		db	 80h,0AAh,0A8h, 8Ah, 39h, 08h 
 0714  80 00 60 00 02 00        		db	 80h, 00h, 60h, 00h, 02h, 00h 
 071A  A2 00 CC 00 CC 00        		db	0A2h, 00h,0CCh, 00h,0CCh, 00h 
 0720  A8 00 54 03 AA 00        		db	0A8h, 00h, 54h, 03h,0AAh, 00h 
 0726  55 0E A2 01 5D 39        		db	 55h, 0Eh,0A2h, 01h, 5Dh, 39h 
 072C  06 80 00 60 39 01        		db	 06h, 80h, 00h, 60h, 39h, 01h 
 0732  A0 39 13 4E 00 01        		db	0A0h, 39h, 13h, 4Eh, 00h, 01h 
 0738  81 39 00 02 82 00        		db	 81h, 39h, 00h, 02h, 82h, 00h 
 073E  82 00 82 03 0C 03        		db	 82h, 00h, 82h, 03h, 0Ch, 03h 
 0744  0C 02 A0 01 50 0E        		db	 0Ch, 02h,0A0h, 01h, 50h, 0Eh 
 074A  A8 01 54 3A 88 05        		db	0A8h, 01h, 54h, 3Ah, 88h, 05h 
 0750  76 39 04 80 39 01        		db	 76h, 39h, 04h, 80h, 39h, 01h 
 0756  80 39 13 02 A0 01        		db	 80h, 39h, 13h, 02h,0A0h, 01h 
 075C  5E 0A 88 09 67 0E        		db	 5Eh, 0Ah, 88h, 09h, 67h, 0Eh 
                                		; Graphics data table 
 0762  20 38 20 00              		db	' 8 ', 0		; 0x0001 
 0766  20 38 20 00              		db	' 8 ', 0		; 0x0005 
 076A  20 38 20 00              		db	' 8 ', 0		; 0x0001 
 076E  20 38 20 00              		db	' 8 ', 0		; 0x0005 
 0772  20 38 20 00              		db	' 8 ', 0		; 0x0001 
 0776  20 38 20 00              		db	' 8 ', 0		; 0x0005 
 077A  5E 0E AA 05 55 0E        		db	 5Eh, 0Eh,0AAh, 05h, 55h, 0Eh 
 0780  AA 05 55 0F AA 05        		db	0AAh, 05h, 55h, 0Fh,0AAh, 05h 
 0786  55 03 FE 01 7E 39        		db	 55h, 03h,0FEh, 01h, 7Eh, 39h 
 078C  08 C0 00 80 00 70        		db	 08h,0C0h, 00h, 80h, 00h, 70h 
 0792  00 08 00 B0 00 63        		db	 00h, 08h, 00h,0B0h, 00h, 63h 
 0798  00 7A 00 A8 08 02        		db	 00h, 7Ah, 00h,0A8h, 08h, 02h 
 079E  A0 9E 00 A8 A2 00        		db	0A0h, 9Eh, 00h,0A8h,0A2h, 00h 
 07A4  07 4A CF 00 C4 23        		db	 07h, 4Ah,0CFh, 00h,0C4h, 23h 
 07AA  F7 0C 1B 03 DF 1A        		db	0F7h, 0Ch, 1Bh, 03h,0DFh, 1Ah 
 07B0  9D E0 0F 02 8D E0        		db	 9Dh,0E0h, 0Fh, 02h, 8Dh,0E0h 
Microsoft (R) Macro Assembler  Version 4.00                 3/29/26 15:18:11

                                                            Page     1-12
                                                            

 07B6  1A 35 04 39 00 2A        		db	 1Ah, 35h, 04h, 39h, 00h, 2Ah 
 07BC  C9 40 20 10 94 E0        		db	0C9h, 40h, 20h, 10h, 94h,0E0h 
 07C2  61 39 02 91 00 18        		db	 61h, 39h, 02h, 91h, 00h, 18h 
 07C8  18 00 80 28 A8 20        		db	 18h, 00h, 80h, 28h,0A8h, 20h 
 07CE  80 20 80 33 00 33        		db	 80h, 20h, 80h, 33h, 00h, 33h 
 07D4  00 2A 00 15 00 AA        		db	 00h, 2Ah, 00h, 15h, 00h,0AAh 
 07DA  80 55 40 8A A0 75        		db	 80h, 55h, 40h, 8Ah,0A0h, 75h 
 07E0  50 39 09 03 00 02        		db	 50h, 39h, 09h, 03h, 00h, 02h 
 07E6  00 0D 00 20 00 1E        		db	 00h, 0Dh, 00h, 20h, 00h, 1Eh 
 07EC  4E 00 01 AD 20 2A        		db	 4Eh, 00h, 01h,0ADh, 20h, 2Ah 
 07F2  1A 80 EA AA 4A 8A        		db	 1Ah, 80h,0EAh,0AAh, 4Ah, 8Ah 
 07F8  2A 80 D5 80 0A 80        		db	 2Ah, 80h,0D5h, 80h, 0Ah, 80h 
 07FE  E4 00 22 A0 9D 20        		db	0E4h, 00h, 22h,0A0h, 9Dh, 20h 
 0804  0A A8 B5 08 AA A8        		db	 0Ah,0A8h,0B5h, 08h,0AAh,0A8h 
 080A  54 08 AA A8 40 08        		db	 54h, 08h,0AAh,0A8h, 40h, 08h 
 0810  AA A8 00 28 AA A0        		db	0AAh,0A8h, 00h, 28h,0AAh,0A0h 
 0816  AA A0 39 06 9F 00        		db	0AAh,0A0h, 39h, 06h, 9Fh, 00h 
 081C  06 06 20 A0 2A AA        		db	 06h, 06h, 20h,0A0h, 2Ah,0AAh 
 0822  33 00 33 00 2A 00        		db	 33h, 00h, 33h, 00h, 2Ah, 00h 
 0828  15 00 AA 80 55 40        		db	 15h, 00h,0AAh, 80h, 55h, 40h 
 082E  8A A0 75 50 39 09        		db	 8Ah,0A0h, 75h, 50h, 39h, 09h 
 0834  03 39 01 03 00 28        		db	 03h, 39h, 01h, 03h, 00h, 28h 
 083A  00 16 00 80 00 6F        		db	 00h, 16h, 00h, 80h, 00h, 6Fh 
 0840  08 0A 06 A0 2A AA        		db	 08h, 0Ah, 06h,0A0h, 2Ah,0AAh 
 0846  10 A2 2A 80 D4 80        		db	 10h,0A2h, 2Ah, 80h,0D4h, 80h 
 084C  0A A0 E4 00 22 A8        		db	 0Ah,0A0h,0E4h, 00h, 22h,0A8h 
 0852  9D 08 8A AA 75 02        		db	 9Dh, 08h, 8Ah,0AAh, 75h, 02h 
 0858  2A AA D4 02 9E 00        		db	 2Ah,0AAh,0D4h, 02h, 9Eh, 00h 
 085E  50 02 9E 00 00 0A        		db	 50h, 02h, 9Eh, 00h, 00h, 0Ah 
 0864  AA A8 AA A8 39 07        		db	0AAh,0A8h,0AAh,0A8h, 39h, 07h 
 086A  08 00 06 39 01 0A        		db	 08h, 00h, 06h, 39h, 01h, 0Ah 
 0870  39 16 08 00 06 00        		db	 39h, 16h, 08h, 00h, 06h, 00h 
 0876  80 00 8A 00 33 00        		db	 80h, 00h, 8Ah, 00h, 33h, 00h 
 087C  33 00 2A 00 15 00        		db	 33h, 00h, 2Ah, 00h, 15h, 00h 
 0882  AA 80 55 40 8A A0        		db	0AAh, 80h, 55h, 40h, 8Ah,0A0h 
 0888  75 50 39 03 02 00        		db	 75h, 50h, 39h, 03h, 02h, 00h 
 088E  01 39 01 02 39 16        		db	 01h, 39h, 01h, 02h, 39h, 16h 
 0894  02 00 81 80 39 00        		db	 02h, 00h, 81h, 80h, 39h, 00h 
 089A  82 80 82 00 82 00        		db	 82h, 80h, 82h, 00h, 82h, 00h 
 08A0  30 C0 30 C0 0A 80        		db	 30h,0C0h, 30h,0C0h, 0Ah, 80h 
 08A6  05 40 2A A0 15 50        		db	 05h, 40h, 2Ah,0A0h, 15h, 50h 
 08AC  22 A8 5D 54 39 09        		db	 22h,0A8h, 5Dh, 54h, 39h, 09h 
 08B2  03 00 02 00 0D 00        		db	 03h, 00h, 02h, 00h, 0Dh, 00h 
 08B8  20 00 1E 4E 00 01        		db	 20h, 00h, 1Eh, 4Eh, 00h, 01h 
 08BE  AD 20 2A 1A 80 EA        		db	0ADh, 20h, 2Ah, 1Ah, 80h,0EAh 
 08C4  AA 4A 2A 0A 80 B5        		db	0AAh, 4Ah, 2Ah, 0Ah, 80h,0B5h 
 08CA  00 22 A0 D9 20 22        		db	 00h, 22h,0A0h,0D9h, 20h, 22h 
 08D0  A0 9D 20 0A A0 B5        		db	0A0h, 9Dh, 20h, 0Ah,0A0h,0B5h 
 08D6  20 AA A0 54 20 AA        		db	 20h,0AAh,0A0h, 54h, 20h,0AAh 
 08DC  A0 40 20 AA A0 00        		db	0A0h, 40h, 20h,0AAh,0A0h, 00h 
 08E2  A0 AA 80 AA 80 39        		db	0A0h,0AAh, 80h,0AAh, 80h, 39h 
 08E8  07 06 00 09 00 20        		db	 07h, 06h, 00h, 09h, 00h, 20h 
 08EE  00 50 01 39 00 80        		db	 00h, 50h, 01h, 39h, 00h, 80h 
 08F4  39 02 01 20 39 00        		db	 39h, 02h, 01h, 20h, 39h, 00h 
 08FA  02 70 00 30 39 06        		db	 02h, 70h, 00h, 30h, 39h, 06h 
Microsoft (R) Macro Assembler  Version 4.00                 3/29/26 15:18:11

                                                            Page     1-13
                                                            

 0900  80 00 70 00 04 00        		db	 80h, 00h, 70h, 00h, 04h, 00h 
 0906  0B 39 00 80 00 40        		db	 0Bh, 39h, 00h, 80h, 00h, 40h 
 090C  39 01 30 00 10 00        		db	 39h, 01h, 30h, 00h, 10h, 00h 
 0912  08 7D 08 3C C5 00        		db	 08h, 7Dh, 08h, 3Ch,0C5h, 00h 
 0918  D3 00 50 1D 55 39        		db	0D3h, 00h, 50h, 1Dh, 55h, 39h 
 091E  00 29 82 02 40 55        		db	 00h, 29h, 82h, 02h, 40h, 55h 
 0924  05 02 C0 28 08 00        		db	 05h, 02h,0C0h, 28h, 08h, 00h 
 092A  80 01 54 39 01 18        		db	 80h, 01h, 54h, 39h, 01h, 18h 
 0930  00 02 39 01 03 AA        		db	 00h, 02h, 39h, 01h, 03h,0AAh 
 0936  A0 0A 06 55 50 05        		db	0A0h, 0Ah, 06h, 55h, 50h, 05h 
 093C  03 AB A8 08 03 45        		db	 03h,0ABh,0A8h, 08h, 03h, 45h 
 0942  54 00 02 8E A8 00        		db	 54h, 00h, 02h, 8Eh,0A8h, 00h 
 0948  02 05 40 39 00 1A        		db	 02h, 05h, 40h, 39h, 00h, 1Ah 
 094E  39 03 68 39 08 36        		db	 39h, 03h, 68h, 39h, 08h, 36h 
 0954  00 49 39 06 01 20        		db	 00h, 49h, 39h, 06h, 01h, 20h 
 095A  39 00 02 70 00 30        		db	 39h, 00h, 02h, 70h, 00h, 30h 
 0960  04 D0 00 50 39 06        		db	 04h,0D0h, 00h, 50h, 39h, 06h 
 0966  40 00 A0 00 08 00        		db	 40h, 00h,0A0h, 00h, 08h, 00h 
 096C  16 00 01 00 02 80        		db	 16h, 00h, 01h, 00h, 02h, 80h 
 0972  39 01 60 00 20 00        		db	 39h, 01h, 60h, 00h, 20h, 00h 
 0978  10 7D 00 1C 08 1D        		db	 10h, 7Dh, 00h, 1Ch, 08h, 1Dh 
 097E  55 39 00 29 82 02        		db	 55h, 39h, 00h, 29h, 82h, 02h 
 0984  40 55 05 02 C0 28        		db	 40h, 55h, 05h, 02h,0C0h, 28h 
 098A  38 00 80 00 D0 00        		db	 38h, 00h, 80h, 00h,0D0h, 00h 
 0990  06 00 20 00 08 39        		db	 06h, 00h, 20h, 00h, 08h, 39h 
 0996  06 AA A8 0A 04 55        		db	 06h,0AAh,0A8h, 0Ah, 04h, 55h 
 099C  50 05 06 AB A8 08        		db	 50h, 05h, 06h,0ABh,0A8h, 08h 
 09A2  02 47 54 00 02 86        		db	 02h, 47h, 54h, 00h, 02h, 86h 
 09A8  A8 39 00 01 40 39        		db	0A8h, 39h, 00h, 01h, 40h, 39h 
 09AE  01 A0 39 02 01 A0        		db	 01h,0A0h, 39h, 02h, 01h,0A0h 
 09B4  39 01 08 00 04 00        		db	 39h, 01h, 08h, 00h, 04h, 00h 
 09BA  02 00 01 39 04 01        		db	 02h, 00h, 01h, 39h, 04h, 01h 
 09C0  20 39 00 02 70 00        		db	 20h, 39h, 00h, 02h, 70h, 00h 
 09C6  30 04 D0 00 50 1D        		db	 30h, 04h,0D0h, 00h, 50h, 1Dh 
 09CC  55 39 0A C0 00 30        		db	 55h, 39h, 0Ah,0C0h, 00h, 30h 
 09D2  00 08 00 06 00 01        		db	 00h, 08h, 00h, 06h, 00h, 01h 
 09D8  80 00 40 00 30 FD        		db	 80h, 00h, 40h, 00h, 30h,0FDh 
 09DE  10 1C 0C AA A0 0A        		db	 10h, 1Ch, 0Ch,0AAh,0A0h, 0Ah 
 09E4  06 29 82 02 40 55        		db	 06h, 29h, 82h, 02h, 40h, 55h 
 09EA  05 02 C0 28 0A 00        		db	 05h, 02h,0C0h, 28h, 0Ah, 00h 
 09F0  80 05 54 D0 39 0F        		db	 80h, 05h, 54h,0D0h, 39h, 0Fh 
 09F6  55 50 05 06 AA A8        		db	 55h, 50h, 05h, 06h,0AAh,0A8h 
 09FC  0A 03 1D 54 04 02        		db	 0Ah, 03h, 1Dh, 54h, 04h, 02h 
 0A02  3A A8 39 00 1D 50        		db	 3Ah,0A8h, 39h, 00h, 1Dh, 50h 
 0A08  39 00 02 A8 00 02        		db	 39h, 00h, 02h,0A8h, 00h, 02h 
 0A0E  39 01 05 39 03 40        		db	 39h, 01h, 05h, 39h, 03h, 40h 
 0A14  39 01 20 00 10 00        		db	 39h, 01h, 20h, 00h, 10h, 00h 
 0A1A  0C 00 03 39 06 01        		db	 0Ch, 00h, 03h, 39h, 06h, 01h 
 0A20  20 39 00 02 70 00        		db	 20h, 39h, 00h, 02h, 70h, 00h 
 0A26  30 04 D3 00 50 39        		db	 30h, 04h,0D3h, 00h, 50h, 39h 
 0A2C  0A 64 00 9B C0 00        		db	 0Ah, 64h, 00h, 9Bh,0C0h, 00h 
 0A32  10 00 68 3D 08 0C        		db	 10h, 00h, 68h, 3Dh, 08h, 0Ch 
 0A38  04 EA A0 0A 06 55        		db	 04h,0EAh,0A0h, 0Ah, 06h, 55h 
 0A3E  50 05 02 39 0F 30        		db	 50h, 05h, 02h, 39h, 0Fh, 30h 
 0A44  00 10 02 3C 01 B4        		db	 00h, 10h, 02h, 3Ch, 01h,0B4h 
Microsoft (R) Macro Assembler  Version 4.00                 3/29/26 15:18:11

                                                            Page     1-14
                                                            

 0A4A  00 2E 02 2E 3C 2A        		db	 00h, 2Eh, 02h, 2Eh, 3Ch, 2Ah 
 0A50  1C 2A 39 1A F0 00        		db	 1Ch, 2Ah, 39h, 1Ah,0F0h, 00h 
 0A56  D0 00 FF EF 7F EF        		db	0D0h, 00h,0FFh,0EFh, 7Fh,0EFh 
 0A5C  FF BA 04 BA FF EB        		db	0FFh,0BAh, 04h,0BAh,0FFh,0EBh 
 0A62  11 2B 3F FB 04 59        		db	 11h, 2Bh, 3Fh,0FBh, 04h, 59h 
 0A68  3F FB 15 79 03 EB        		db	 3Fh,0FBh, 15h, 79h, 03h,0EBh 
 0A6E  01 69 00 EA 00 EA        		db	 01h, 69h, 00h,0EAh, 00h,0EAh 
 0A74  03 AB 03 A9 AF 00        		db	 03h,0ABh, 03h,0A9h,0AFh, 00h 
 0A7A  AD 00 FA C0              		db	0ADh, 00h,0FAh,0C0h 
 0A7E  FA C0                    		db	0FAh,0C0h 
 0A80  FF B0 5F 90 EB F8        		db	0FFh,0B0h, 5Fh, 90h,0EBh,0F8h 
 0A86  EB F8 EE E8 EE E8        		db	0EBh,0F8h,0EEh,0E8h,0EEh,0E8h 
 0A8C  FB AA FB AA EA A8        		db	0FBh,0AAh,0FBh,0AAh,0EAh,0A8h 
 0A92  6A A8 EA 80 EA 80        		db	 6Ah,0A8h,0EAh, 80h,0EAh, 80h 
 0A98  FF EF 7F EF FF BA        		db	0FFh,0EFh, 7Fh,0EFh,0FFh,0BAh 
 0A9E  04 BA 3F EB 11 2B        		db	 04h,0BAh, 3Fh,0EBh, 11h, 2Bh 
 0AA4  03 FB 00 59 00 FB        		db	 03h,0FBh, 00h, 59h, 00h,0FBh 
 0AAA  00 79 00 2B 00 29        		db	 00h, 79h, 00h, 2Bh, 00h, 29h 
 0AB0  00 EA 00 EA 03 AB        		db	 00h,0EAh, 00h,0EAh, 03h,0ABh 
 0AB6  03 A9 00 30 00 10        		db	 03h,0A9h, 00h, 30h, 00h, 10h 
 0ABC  02 3C 01 B4 00 2E        		db	 02h, 3Ch, 01h,0B4h, 00h, 2Eh 
 0AC2  02 2E 3C 2A 1C 2A        		db	 02h, 2Eh, 3Ch, 2Ah, 1Ch, 2Ah 
 0AC8  FF EF 7F ED 00 03        		db	0FFh,0EFh, 7Fh,0EDh, 00h, 03h 
 0ACE  02 AB 00 0F 03 A3        		db	 02h,0ABh, 00h, 0Fh, 03h,0A3h 
 0AD4  C0 3E C2 82 39 06        		db	0C0h, 3Eh,0C2h, 82h, 39h, 06h 
 0ADA  C0 00 C0 00 FF 00        		db	0C0h, 00h,0C0h, 00h,0FFh, 00h 
 0AE0  DF 00 AB C0 A9 C0        		db	0DFh, 00h,0ABh,0C0h,0A9h,0C0h 
 0AE6  FA B0 FA B0 AF A8        		db	0FAh,0B0h,0FAh,0B0h,0AFh,0A8h 
 0AEC  AF A8 FA EA FA EA        		db	0AFh,0A8h,0FAh,0EAh,0FAh,0EAh 
 0AF2  3F FB 3F CB CF A0        		db	 3Fh,0FBh, 3Fh,0CBh,0CFh,0A0h 
 0AF8  CF A0 39 16 FF BA        		db	0CFh,0A0h, 39h, 16h,0FFh,0BAh 
 0AFE  55 BA FF FA 55 DA        		db	 55h,0BAh,0FFh,0FAh, 55h,0DAh 
 0B04  0F F8 05 78 00 E8        		db	 0Fh,0F8h, 05h, 78h, 00h,0E8h 
 0B0A  00 E8 00 E0 00 E0        		db	 00h,0E8h, 00h,0E0h, 00h,0E0h 
 0B10  00 B0 00 B0 00 2A        		db	 00h,0B0h, 00h,0B0h, 00h, 2Ah 
 0B16  00 2A 00 08 00 08        		db	 00h, 2Ah, 00h, 08h, 00h, 08h 
 0B1C  00 30 00 10 02 3C        		db	 00h, 30h, 00h, 10h, 02h, 3Ch 
 0B22  01 B4 00 2E 02 2E        		db	 01h,0B4h, 00h, 2Eh, 02h, 2Eh 
 0B28  3C 2A 1C 2A FF EF        		db	 3Ch, 2Ah, 1Ch, 2Ah,0FFh,0EFh 
 0B2E  7F ED 00 03 02 AB        		db	 7Fh,0EDh, 00h, 03h, 02h,0ABh 
 0B34  00 0F 03 A3 00 3E        		db	 00h, 0Fh, 03h,0A3h, 00h, 3Eh 
 0B3A  02 82 00 FA 0F 0A        		db	 02h, 82h, 00h,0FAh, 0Fh, 0Ah 
 0B40  03 3E 0C 3E 03 FC        		db	 03h, 3Eh, 0Ch, 3Eh, 03h,0FCh 
 0B46  03 7C 3F 80 1F 80        		db	 03h, 7Ch, 3Fh, 80h, 1Fh, 80h 
 0B4C  0E 00 0E 39 0B EE        		db	 0Eh, 00h, 0Eh, 39h, 0Bh,0EEh 
 0B52  FA 66 7A FF EA 55        		db	0FAh, 66h, 7Ah,0FFh,0EAh, 55h 
 0B58  6A 03 E8 03 E8 0F        		db	 6Ah, 03h,0E8h, 03h,0E8h, 0Fh 
 0B5E  A0 0F A0 3E 00 3E        		db	0A0h, 0Fh,0A0h, 3Eh, 00h, 3Eh 
 0B64  00 38 00 38 00 0E        		db	 00h, 38h, 00h, 38h, 00h, 0Eh 
 0B6A  00 0E 00 08 00 08        		db	 00h, 0Eh, 00h, 08h, 00h, 08h 
 0B70  39 04 30 00 10 02        		db	 39h, 04h, 30h, 00h, 10h, 02h 
 0B76  3C 01 B4 00 2E 02        		db	 3Ch, 01h,0B4h, 00h, 2Eh, 02h 
 0B7C  2E 3C 2A 1C 2A FF        		db	 2Eh, 3Ch, 2Ah, 1Ch, 2Ah,0FFh 
 0B82  EF 7F ED 00 03 02        		db	0EFh, 7Fh,0EDh, 00h, 03h, 02h 
 0B88  AB 00 0F 03 A3 39        		db	0ABh, 00h, 0Fh, 03h,0A3h, 39h 
Microsoft (R) Macro Assembler  Version 4.00                 3/29/26 15:18:11

                                                            Page     1-15
                                                            

 0B8E  0A C0 00 C0 00 FF        		db	 0Ah,0C0h, 00h,0C0h, 00h,0FFh 
 0B94  00 DF 00 AB C0 A9        		db	 00h,0DFh, 00h,0ABh,0C0h,0A9h 
 0B9A  C0 FA B0 FA B0 AF        		db	0C0h,0FAh,0B0h,0FAh,0B0h,0AFh 
 0BA0  A8 AF A8 00 3E 02        		db	0A8h,0AFh,0A8h, 00h, 3Eh, 02h 
 0BA6  82 00 FA 0F 0A 03        		db	 82h, 00h,0FAh, 0Fh, 0Ah, 03h 
 0BAC  0E 0C 0E 00 FA 00        		db	 0Eh, 0Ch, 0Eh, 00h,0FAh, 00h 
 0BB2  7A 03 A8 03 A8 0E        		db	 7Ah, 03h,0A8h, 03h,0A8h, 0Eh 
 0BB8  83 0E 83 08 80 08        		db	 83h, 0Eh, 83h, 08h, 80h, 08h 
 0BBE  80 39 02 AA FA AA        		db	 80h, 39h, 02h,0AAh,0FAh,0AAh 
 0BC4  DA EE FA 62 7A FF        		db	0DAh,0EEh,0FAh, 62h, 7Ah,0FFh 
 0BCA  EA 05 EA 32 A8 32        		db	0EAh, 05h,0EAh, 32h,0A8h, 32h 
 0BD0  A8 EA 80 6A 80 20        		db	0A8h,0EAh, 80h, 6Ah, 80h, 20h 
 0BD6  00 20 39 10 30 00        		db	 00h, 20h, 39h, 10h, 30h, 00h 
 0BDC  10 02 3C 01 B4 00        		db	 10h, 02h, 3Ch, 01h,0B4h, 00h 
 0BE2  2E 02 2E 3C 2A 1C        		db	 2Eh, 02h, 2Eh, 3Ch, 2Ah, 1Ch 
 0BE8  2A FF EF 7F ED 00        		db	 2Ah,0FFh,0EFh, 7Fh,0EDh, 00h 
 0BEE  03 02 AB 39 0E C0        		db	 03h, 02h,0ABh, 39h, 0Eh,0C0h 
 0BF4  00 C0 00 FF 00 DF        		db	 00h,0C0h, 00h,0FFh, 00h,0DFh 
 0BFA  00 AB C0 A9 C0 FA        		db	 00h,0ABh,0C0h,0A9h,0C0h,0FAh 
 0C00  B0 FA B0 00 3F 03        		db	0B0h,0FAh,0B0h, 00h, 3Fh, 03h 
 0C06  83 03 FE 00 02 3F        		db	 83h, 03h,0FEh, 00h, 02h, 3Fh 
 0C0C  FA 00 0A 03 2E 00        		db	0FAh, 00h, 0Ah, 03h, 2Eh, 00h 
 0C12  2E 00 3A 00 3A 00        		db	 2Eh, 00h, 3Ah, 00h, 3Ah, 00h 
 0C18  E8 00 E8 02 A0 02        		db	0E8h, 00h,0E8h, 02h,0A0h, 02h 
 0C1E  A0 08 80 08 80 AF        		db	0A0h, 08h, 80h, 08h, 80h,0AFh 
 0C24  A8 AF A8 AA FA AA        		db	0A8h,0AFh,0A8h,0AAh,0FAh,0AAh 
 0C2A  DA EF AA 25 AA BF        		db	0DAh,0EFh,0AAh, 25h,0AAh,0BFh 
 0C30  AA 83 AA 0C A8 04        		db	0AAh, 83h,0AAh, 0Ch,0A8h, 04h 
 0C36  A8 0E 80 0E 80 3A        		db	0A8h, 0Eh, 80h, 0Eh, 80h, 3Ah 
 0C3C  00 3A 00 A0 00 A0        		db	 00h, 3Ah, 00h,0A0h, 00h,0A0h 
 0C42  39 0C 30 00 10 02        		db	 39h, 0Ch, 30h, 00h, 10h, 02h 
 0C48  3C 01 B4 00 2E 02        		db	 3Ch, 01h,0B4h, 00h, 2Eh, 02h 
 0C4E  2E 3C 2A 1C 2A FF        		db	 2Eh, 3Ch, 2Ah, 1Ch, 2Ah,0FFh 
 0C54  EF 7F ED 39 12 C0        		db	0EFh, 7Fh,0EDh, 39h, 12h,0C0h 
 0C5A  00 C0 00 FF 00 DF        		db	 00h,0C0h, 00h,0FFh, 00h,0DFh 
 0C60  00 AB C0 A9 C0 00        		db	 00h,0ABh,0C0h,0A9h,0C0h, 00h 
 0C66  9C 00 AB 00 FF 3A        		db	 9Ch, 00h,0ABh, 00h,0FFh, 3Ah 
 0C6C  07 FF FE 01 12 0F        		db	 07h,0FFh,0FEh, 01h, 12h, 0Fh 
 0C72  FF 04 44 00 3E 00        		db	0FFh, 04h, 44h, 00h, 3Eh, 00h 
 0C78  16 00 0E 00 0E 00        		db	 16h, 00h, 0Eh, 00h, 0Eh, 00h 
 0C7E  EA 00 EA 02 88 02        		db	0EAh, 00h,0EAh, 02h, 88h, 02h 
 0C84  88 FA B0 FA B0 AF        		db	 88h,0FAh,0B0h,0FAh,0B0h,0AFh 
 0C8A  A8 AF A8 AA FE AA        		db	0A8h,0AFh,0A8h,0AAh,0FEh,0AAh 
 0C90  DE EB EA E9 EA BF        		db	0DEh,0EBh,0EAh,0E9h,0EAh,0BFh 
 0C96  AA 97 AA 8E A8 8E        		db	0AAh, 97h,0AAh, 8Eh,0A8h, 8Eh 
 0C9C  A8 0F A0 0F A0 EA        		db	0A8h, 0Fh,0A0h, 0Fh,0A0h,0EAh 
 0CA2  80 EA 80 39 1B 0F        		db	 80h,0EAh, 80h, 39h, 1Bh, 0Fh 
 0CA8  00 07 39 0E 0C 00        		db	 00h, 07h, 39h, 0Eh, 0Ch, 00h 
 0CAE  04 00 3C 80 1E 40        		db	 04h, 00h, 3Ch, 80h, 1Eh, 40h 
 0CB4  B8 00 B8 80 A8 3C        		db	0B8h, 00h,0B8h, 80h,0A8h, 3Ch 
 0CBA  A8 34 00 FA 00 7A        		db	0A8h, 34h, 00h,0FAh, 00h, 7Ah 
 0CC0  03 EF 01 EF 0F BF        		db	 03h,0EFh, 01h,0EFh, 0Fh,0BFh 
 0CC6  07 95 3E FB 1E 5B        		db	 07h, 95h, 3Eh,0FBh, 1Eh, 5Bh 
 0CCC  3F BB 1F BB FA EF        		db	 3Fh,0BBh, 1Fh,0BBh,0FAh,0EFh 
 0CD2  7A EF 2A AB 2A A9        		db	 7Ah,0EFh, 2Ah,0ABh, 2Ah,0A9h 
Microsoft (R) Macro Assembler  Version 4.00                 3/29/26 15:18:11

                                                            Page     1-16
                                                            

 0CD8  02 AB 02 A9 FB FF        		db	 02h,0ABh, 02h,0A9h,0FBh,0FFh 
 0CDE  FB FD AE FF AE 10        		db	0FBh,0FDh,0AEh,0FFh,0AEh, 10h 
 0CE4  AB FF A8 45 EF FC        		db	0ABh,0FFh,0A8h, 45h,0EFh,0FCh 
 0CEA  65 10 EF FC 6D 44        		db	 65h, 10h,0EFh,0FCh, 6Dh, 44h 
 0CF0  EB F0 69 50 AB 00        		db	0EBh,0F0h, 69h, 50h,0ABh, 00h 
 0CF6  AB 00 EA C0 EA C0        		db	0ABh, 00h,0EAh,0C0h,0EAh,0C0h 
 0CFC  FB FF FB FD AE FF        		db	0FBh,0FFh,0FBh,0FDh,0AEh,0FFh 
 0D02  AE 10 AB FC A8 44        		db	0AEh, 10h,0ABh,0FCh,0A8h, 44h 
 0D08  EF C0 65 00 EF 00        		db	0EFh,0C0h, 65h, 00h,0EFh, 00h 
 0D0E  6D 00 E8 00 68 00        		db	 6Dh, 00h,0E8h, 00h, 68h, 00h 
 0D14  AB 00 AB 00 EA C0        		db	0ABh, 00h,0ABh, 00h,0EAh,0C0h 
 0D1A  EA C0 39 07 0F 00        		db	0EAh,0C0h, 39h, 07h, 0Fh, 00h 
 0D20  0F 00 FF 00 5F 03        		db	 0Fh, 00h,0FFh, 00h, 5Fh, 03h 
 0D26  FA 01 FA 0F AF 07        		db	0FAh, 01h,0FAh, 0Fh,0AFh, 07h 
 0D2C  AF 3E FA 1E FA FB        		db	0AFh, 3Eh,0FAh, 1Eh,0FAh,0FBh 
 0D32  AF 7B AF 0C 00 04        		db	0AFh, 7Bh,0AFh, 0Ch, 00h, 04h 
 0D38  00 3C 80 1E 40 B8        		db	 00h, 3Ch, 80h, 1Eh, 40h,0B8h 
 0D3E  00 B8 80 A8 3C A8        		db	 00h,0B8h, 80h,0A8h, 3Ch,0A8h 
 0D44  34 FB FF 7B FD C0        		db	 34h,0FBh,0FFh, 7Bh,0FDh,0C0h 
 0D4A  00 EA 80 F0 00 CA        		db	 00h,0EAh, 80h,0F0h, 00h,0CAh 
 0D50  C0 BC 03 82 83 EE        		db	0C0h,0BCh, 03h, 82h, 83h,0EEh 
 0D56  FD 6E D4 AF FF A7        		db	0FDh, 6Eh,0D4h,0AFh,0FFh,0A7h 
 0D5C  55 2F F0 2D 50 2B        		db	 55h, 2Fh,0F0h, 2Dh, 50h, 2Bh 
 0D62  00 2B 00 0B 00 0B        		db	 00h, 2Bh, 00h, 0Bh, 00h, 0Bh 
 0D68  00 0E 00 0E 00 E8        		db	 00h, 0Eh, 00h, 0Eh, 00h,0E8h 
 0D6E  00 E8 00 20 00 20        		db	 00h,0E8h, 00h, 20h, 00h, 20h 
 0D74  00 EF FC E3 FC 0A        		db	 00h,0EFh,0FCh,0E3h,0FCh, 0Ah 
 0D7A  F3 0A F3 39 16 0C        		db	0F3h, 0Ah,0F3h, 39h, 16h, 0Ch 
 0D80  00 04 00 3C 80 1E        		db	 00h, 04h, 00h, 3Ch, 80h, 1Eh 
 0D86  40 B8 00 B8 80 A8        		db	 40h,0B8h, 00h,0B8h, 80h,0A8h 
 0D8C  3C A8 34 FB FF 7B        		db	 3Ch,0A8h, 34h,0FBh,0FFh, 7Bh 
 0D92  FD C0 00 EA 80 F0        		db	0FDh,0C0h, 00h,0EAh, 80h,0F0h 
 0D98  00 CA C0 BC 00 82        		db	 00h,0CAh,0C0h,0BCh, 00h, 82h 
 0D9E  80 EF BB ED 99 AB        		db	 80h,0EFh,0BBh,0EDh, 99h,0ABh 
 0DA4  FF A9 55 2B C0 2B        		db	0FFh,0A9h, 55h, 2Bh,0C0h, 2Bh 
 0DAA  C0 0A F0 0A F0 00        		db	0C0h, 0Ah,0F0h, 0Ah,0F0h, 00h 
 0DB0  BC 00 BC 00 2C 00        		db	0BCh, 00h,0BCh, 00h, 2Ch, 00h 
 0DB6  2C 00 F0 00 70 00        		db	 2Ch, 00h,0F0h, 00h, 70h, 00h 
 0DBC  20 00 20 AF 00 A0        		db	 20h, 00h, 20h,0AFh, 00h,0A0h 
 0DC2  F0 BC C0 BC 30 3F        		db	0F0h,0BCh,0C0h,0BCh, 30h, 3Fh 
 0DC8  C0 3D C0 02 FC 02        		db	0C0h, 3Dh,0C0h, 02h,0FCh, 02h 
 0DCE  F4 00 B0 00 B0 39        		db	0F4h, 00h,0B0h, 00h,0B0h, 39h 
 0DD4  17 0F 00 07 00 FF        		db	 17h, 0Fh, 00h, 07h, 00h,0FFh 
 0DDA  00 7F 03 EA 01 EA        		db	 00h, 7Fh, 03h,0EAh, 01h,0EAh 
 0DE0  0F AF 07 AF 3E FA        		db	 0Fh,0AFh, 07h,0AFh, 3Eh,0FAh 
 0DE6  1E FA 39 02 0C 00        		db	 1Eh,0FAh, 39h, 02h, 0Ch, 00h 
 0DEC  04 00 3C 80 1E 40        		db	 04h, 00h, 3Ch, 80h, 1Eh, 40h 
 0DF2  B8 00 B8 80 A8 3C        		db	0B8h, 00h,0B8h, 80h,0A8h, 3Ch 
 0DF8  A8 34 FB FF 7B FD        		db	0A8h, 34h,0FBh,0FFh, 7Bh,0FDh 
 0DFE  C0 00 EA 80 F0 00        		db	0C0h, 00h,0EAh, 80h,0F0h, 00h 
 0E04  CA C0 FB AA 7B AA        		db	0CAh,0C0h,0FBh,0AAh, 7Bh,0AAh 
 0E0A  EF BB ED 89 AB FF        		db	0EFh,0BBh,0EDh, 89h,0ABh,0FFh 
 0E10  AB 50 2A 8C 2A 8C        		db	0ABh, 50h, 2Ah, 8Ch, 2Ah, 8Ch 
 0E16  02 AB 02 A9 00 08        		db	 02h,0ABh, 02h,0A9h, 00h, 08h 
 0E1C  00 08 39 06 BC 00        		db	 00h, 08h, 39h, 06h,0BCh, 00h 
Microsoft (R) Macro Assembler  Version 4.00                 3/29/26 15:18:11

                                                            Page     1-17
                                                            

 0E22  82 80 AF 00 A0 F0        		db	 82h, 80h,0AFh, 00h,0A0h,0F0h 
 0E28  B0 C0 B0 30 AF 00        		db	0B0h,0C0h,0B0h, 30h,0AFh, 00h 
 0E2E  AD 00 2A C0 2A C0        		db	0ADh, 00h, 2Ah,0C0h, 2Ah,0C0h 
 0E34  C2 B0 C2 B0 02 20        		db	0C2h,0B0h,0C2h,0B0h, 02h, 20h 
 0E3A  02 20 39 13 0F 00        		db	 02h, 20h, 39h, 13h, 0Fh, 00h 
 0E40  05 00 FF 00 7F 03        		db	 05h, 00h,0FFh, 00h, 7Fh, 03h 
 0E46  EA 01 EA 0F AF 07        		db	0EAh, 01h,0EAh, 0Fh,0AFh, 07h 
 0E4C  AF 39 06 0C 00 04        		db	0AFh, 39h, 06h, 0Ch, 00h, 04h 
 0E52  00 3C 80 1E 40 B8        		db	 00h, 3Ch, 80h, 1Eh, 40h,0B8h 
 0E58  00 B8 80 A8 3C A8        		db	 00h,0B8h, 80h,0A8h, 3Ch,0A8h 
 0E5E  34 FB FF 7B FD C0        		db	 34h,0FBh,0FFh, 7Bh,0FDh,0C0h 
 0E64  00 EA 80 3E FA 1E        		db	 00h,0EAh, 80h, 3Eh,0FAh, 1Eh 
 0E6A  FA FB AA 7B AA FA        		db	0FAh,0FBh,0AAh, 7Bh,0AAh,0FAh 
 0E70  FB 7A 58 AA FE AA        		db	0FBh, 7Ah, 58h,0AAh,0FEh,0AAh 
 0E76  C2 2A 30 2A 10 02        		db	0C2h, 2Ah, 30h, 2Ah, 10h, 02h 
 0E7C  B0 02 B0 00 AC 00        		db	0B0h, 02h,0B0h, 00h,0ACh, 00h 
 0E82  AC 00 0A 00 0A FC        		db	0ACh, 00h, 0Ah, 00h, 0Ah,0FCh 
 0E88  00 C2 C0 BF C0 80        		db	 00h,0C2h,0C0h,0BFh,0C0h, 80h 
 0E8E  00 AF FC A0 00 B8        		db	 00h,0AFh,0FCh,0A0h, 00h,0B8h 
 0E94  C0 B8 00 AC 00 AC        		db	0C0h,0B8h, 00h,0ACh, 00h,0ACh 
 0E9A  00 2B 00 2B 00 0A        		db	 00h, 2Bh, 00h, 2Bh, 00h, 0Ah 
 0EA0  80 0A 80 02 20 02        		db	 80h, 0Ah, 80h, 02h, 20h, 02h 
 0EA6  20 39 13 03 00 03        		db	 20h, 39h, 13h, 03h, 00h, 03h 
 0EAC  00 FF 00 77 03 EA        		db	 00h,0FFh, 00h, 77h, 03h,0EAh 
 0EB2  01 EA 39 0A 0C 00        		db	 01h,0EAh, 39h, 0Ah, 0Ch, 00h 
 0EB8  04 00 3C 80 1E 40        		db	 04h, 00h, 3Ch, 80h, 1Eh, 40h 
 0EBE  B8 00 B8 80 A8 3C        		db	0B8h, 00h,0B8h, 80h,0A8h, 3Ch 
 0EC4  A8 34 FB FF 7B FD        		db	0A8h, 34h,0FBh,0FFh, 7Bh,0FDh 
 0ECA  0F AF 07 AF 3E FA        		db	 0Fh,0AFh, 07h,0AFh, 3Eh,0FAh 
 0ED0  1E FA FB AA 7B AA        		db	 1Eh,0FAh,0FBh,0AAh, 7Bh,0AAh 
 0ED6  FB EB 7B 6B EA FE        		db	0FBh,0EBh, 7Bh, 6Bh,0EAh,0FEh 
 0EDC  EA D6 3A B2 3A B2        		db	0EAh,0D6h, 3Ah,0B2h, 3Ah,0B2h 
 0EE2  0A F0 0A F0 02 AB        		db	 0Ah,0F0h, 0Ah,0F0h, 02h,0ABh 
 0EE8  02 AB C0 00 EA C0        		db	 02h,0ABh,0C0h, 00h,0EAh,0C0h 
 0EEE  FF 00 D0 AC BF FF        		db	0FFh, 00h,0D0h,0ACh,0BFh,0FFh 
 0EF4  84 40 FF F0 11 10        		db	 84h, 40h,0FFh,0F0h, 11h, 10h 
 0EFA  BC 00 94 00 B0 00        		db	0BCh, 00h, 94h, 00h,0B0h, 00h 
 0F00  B0 00 AB 00 AB 00        		db	0B0h, 00h,0ABh, 00h,0ABh, 00h 
 0F06  22 80 22 80 39 03        		db	 22h, 80h, 22h, 80h, 39h, 03h 
 0F0C  28 00 28 39 03 03        		db	 28h, 00h, 28h, 39h, 03h, 03h 
 0F12  00 0B 08 03 08 17        		db	 00h, 0Bh, 08h, 03h, 08h, 17h 
 0F18  00 C0 00 CA 00 F0        		db	 00h,0C0h, 00h,0CAh, 00h,0F0h 
 0F1E  00 F7 1A D4 25 D7        		db	 00h,0F7h, 1Ah,0D4h, 25h,0D7h 
 0F24  39 03 80 00 40 C1        		db	 39h, 03h, 80h, 00h, 40h,0C1h 
 0F2A  00 C2 70 39 00 0A        		db	 00h,0C2h, 70h, 39h, 00h, 0Ah 
 0F30  B8 80 00 B5 54 D0        		db	0B8h, 80h, 00h,0B5h, 54h,0D0h 
 0F36  00 DA AA 20 00 65        		db	 00h,0DAh,0AAh, 20h, 00h, 65h 
 0F3C  56 30 00 B0 2A 00        		db	 56h, 30h, 00h,0B0h, 2Ah, 00h 
 0F42  08 75 59 20 05 4A        		db	 08h, 75h, 59h, 20h, 05h, 4Ah 
 0F48  85                       		db	 85h 
 0F49  39                       		db	39h 
 0F4A  D500                     data_18		dw	0D500h			; Data table (indexed access) 
 0F4C  00 80 00 68 44 39        		db	 00h, 80h, 00h, 68h, 44h, 39h 
 0F52  00 D4 30 80 00 60        		db	 00h,0D4h, 30h, 80h, 00h, 60h 
 0F58  A0 39 00 C0 39 01        		db	0A0h, 39h, 00h,0C0h, 39h, 01h 
Microsoft (R) Macro Assembler  Version 4.00                 3/29/26 15:18:11

                                                            Page     1-18
                                                            

 0F5E  C0 00 08 00 48 15        		db	0C0h, 00h, 08h, 00h, 48h, 15h 
 0F64  39 01 0B C0 00 C2        		db	 39h, 01h, 0Bh,0C0h, 00h,0C2h 
 0F6A  03 39 00 01 81 39        		db	 03h, 39h, 00h, 01h, 81h, 39h 
 0F70  01 B1 39 01 40 39        		db	 01h,0B1h, 39h, 01h, 40h, 39h 
 0F76  08 01 39 00 01 08        		db	 08h, 01h, 39h, 00h, 01h, 08h 
 0F7C  22 00 02 00 05 00        		db	 22h, 00h, 02h, 00h, 05h, 00h 
 0F82  9F 00 87 39 00 01        		db	 9Fh, 00h, 87h, 39h, 00h, 01h 
 0F88  1E 00 10 C0 2D 39        		db	 1Eh, 00h, 10h,0C0h, 2Dh, 39h 
 0F8E  00 78 3A 00 01 3C        		db	 00h, 78h, 3Ah, 00h, 01h, 3Ch 
 0F94  35 14 00 6B C4 80        		db	 35h, 14h, 00h, 6Bh,0C4h, 80h 
 0F9A  00 57 F8 39 00 BA        		db	 00h, 57h,0F8h, 39h, 00h,0BAh 
 0FA0  AA 39 00 D5 56 39        		db	0AAh, 39h, 00h,0D5h, 56h, 39h 
 0FA6  00 A8 43 1D 00 5D        		db	 00h,0A8h, 43h, 1Dh, 00h, 5Dh 
 0FAC  21 6A 00 EA 11 A8        		db	 21h, 6Ah, 00h,0EAh, 11h,0A8h 
 0FB2  10 AB 20 08 06 16        		db	 10h,0ABh, 20h, 08h, 06h, 16h 
 0FB8  26 04 09 0B 15 04        		db	 26h, 04h, 09h, 0Bh, 15h, 04h 
 0FBE  00 0B 49 39 00 27        		db	 00h, 0Bh, 49h, 39h, 00h, 27h 
 0FC4  B2 01 00 02 D4 39        		db	0B2h, 01h, 00h, 02h,0D4h, 39h 
 0FCA  00 09 AA 39 00 20        		db	 00h, 09h,0AAh, 39h, 00h, 20h 
 0FD0  55 39 00 04 06 44        		db	 55h, 39h, 00h, 04h, 06h, 44h 
 0FD6  00 5E 88 10 00 4D        		db	 00h, 5Eh, 88h, 10h, 00h, 4Dh 
 0FDC  68 41 04 9A 82 5B        		db	 68h, 41h, 04h, 9Ah, 82h, 5Bh 
 0FE2  90 5B 80 02 A8 3A        		db	 90h, 5Bh, 80h, 02h,0A8h, 3Ah 
 0FE8  A8 00 10 95 50 39        		db	0A8h, 00h, 10h, 95h, 50h, 39h 
 0FEE  00 54 39 01 AA 39        		db	 00h, 54h, 39h, 01h,0AAh, 39h 
 0FF4  02 3F 01 00 02 D4        		db	 02h, 3Fh, 01h, 00h, 02h,0D4h 
 0FFA  04 01 0B 82 39 00        		db	 04h, 01h, 0Bh, 82h, 39h, 00h 
 1000  1E 05 00 48 38 50        		db	 1Eh, 05h, 00h, 48h, 38h, 50h 
 1006  00 C0 32 D0 02 41        		db	 00h,0C0h, 32h,0D0h, 02h, 41h 
 100C  24 49 04 10 2A 10        		db	 24h, 49h, 04h, 10h, 2Ah, 10h 
 1012  39 00 68 39 03 40        		db	 39h, 00h, 68h, 39h, 03h, 40h 
 1018  00 B1 80 39 00 04        		db	 00h,0B1h, 80h, 39h, 00h, 04h 
 101E  60 39 00 03 CD 00        		db	 60h, 39h, 00h, 03h,0CDh, 00h 
 1024  00 20 80 00 20 08        		db	 00h, 20h, 80h, 00h, 20h, 08h 
 102A  28 40 00 41 0C 05        		db	 28h, 40h, 00h, 41h, 0Ch, 05h 
 1030  04 0B 44 00 21 0E        		db	 04h, 0Bh, 44h, 00h, 21h, 0Eh 
 1036  41 00 08 03 36 00        		db	 41h, 00h, 08h, 03h, 36h, 00h 
 103C  01 40 8E 20 00 40        		db	 01h, 40h, 8Eh, 20h, 00h, 40h 
 1042  00 0A 02 35 05 00        		db	 00h, 0Ah, 02h, 35h, 05h, 00h 
 1048  A0 0F 50 39 00 01        		db	0A0h, 0Fh, 50h, 39h, 00h, 01h 
 104E  FF 02 08 05 04 10        		db	0FFh, 02h, 08h, 05h, 04h, 10h 
 1054  48 6C 40 00 10 00        		db	 48h, 6Ch, 40h, 00h, 10h, 00h 
 105A  28 82 40 72 A0 39        		db	 28h, 82h, 40h, 72h,0A0h, 39h 
 1060  01 18 63 00 55 60        		db	 01h, 18h, 63h, 00h, 55h, 60h 
 1066  39 00 7F 39 03 20        		db	 39h, 00h, 7Fh, 39h, 03h, 20h 
 106C  00 14 39 01 14 00        		db	 00h, 14h, 39h, 01h, 14h, 00h 
 1072  06 00 06 39 00 C0        		db	 06h, 00h, 06h, 39h, 00h,0C0h 
 1078  00 C0 39 07 3E 00        		db	 00h,0C0h, 39h, 07h, 3Eh, 00h 
 107E  01 04 EA 08 15 39        		db	 01h, 04h,0EAh, 08h, 15h, 39h 
 1084  06 02 00 01 40 34        		db	 06h, 02h, 00h, 01h, 40h, 34h 
 108A  00 35 40 C0 00 C0        		db	 00h, 35h, 40h,0C0h, 00h,0C0h 
 1090  39 07 81 00 42 39        		db	 39h, 07h, 81h, 00h, 42h, 39h 
 1096  00 BA 00 45 13 6A        		db	 00h,0BAh, 00h, 45h, 13h, 6Ah 
 109C  20 95 08 AA 07 55        		db	 20h, 95h, 08h,0AAh, 07h, 55h 
 10A2  32 AA 0D 55 8E 2A        		db	 32h,0AAh, 0Dh, 55h, 8Eh, 2Ah 
Microsoft (R) Macro Assembler  Version 4.00                 3/29/26 15:18:11

                                                            Page     1-19
                                                            

 10A8  71 D5 AA BA 55 55        		db	 71h,0D5h,0AAh,0BAh, 55h, 55h 
 10AE  2A FE 15 54 02 FF        		db	 2Ah,0FEh, 15h, 54h, 02h,0FFh 
 10B4  01 55 20 10 D0 20        		db	 01h, 55h, 20h, 10h,0D0h, 20h 
 10BA  80 00 70 00 28 00        		db	 80h, 00h, 70h, 00h, 28h, 00h 
 10C0  D4 00 22 80 DD 70        		db	0D4h, 00h, 22h, 80h,0DDh, 70h 
 10C6  A8 28 57 D4 9E 00        		db	0A8h, 28h, 57h,0D4h, 9Eh, 00h 
 10CC  55 55 AA A8 15 54        		db	 55h, 55h,0AAh,0A8h, 15h, 54h 
 10D2  D5 00 55 40 39 12        		db	0D5h, 00h, 55h, 40h, 39h, 12h 
 10D8  10 00 20 39 10 40        		db	 10h, 00h, 20h, 39h, 10h, 40h 
 10DE  00 80                    		db	 00h, 80h 
 10E0  39                       		db	39h 
 10E1  03                       data_19		db	3 
 10E2  01 00 02 40 00 80        		db	 01h, 00h, 02h, 40h, 00h, 80h 
 10E8  39 03 01 00 02 39        		db	 39h, 03h, 01h, 00h, 02h, 39h 
 10EE  00 40 00 80 00 04        		db	 00h, 40h, 00h, 80h, 00h, 04h 
 10F4  00 08 B7 00 63 00        		db	 00h, 08h,0B7h, 00h, 63h, 00h 
 10FA  00 14 00 28 00 02        		db	 00h, 14h, 00h, 28h, 00h, 02h 
 1100  00 0D 00 08 00 37        		db	 00h, 0Dh, 00h, 08h, 00h, 37h 
 1106  02 AA 0D 55 28 AA        		db	 02h,0AAh, 0Dh, 55h, 28h,0AAh 
 110C  17 55 39 02 04 10        		db	 17h, 55h, 39h, 02h, 04h, 10h 
 1112  08 20 3E 00 01 00        		db	 08h, 20h, 3Eh, 00h, 01h, 00h 
 1118  EA 81 15 42 2A 40        		db	0EAh, 81h, 15h, 42h, 2Ah, 40h 
 111E  D5 40 AA 90 55 50        		db	0D5h, 40h,0AAh, 90h, 55h, 50h 
 1124  AA 50 55 50 FD 40        		db	0AAh, 50h, 55h, 50h,0FDh, 40h 
 112A  55 7C 39 03 20 00        		db	 55h, 7Ch, 39h, 03h, 20h, 00h 
 1130  10 20 00 10 00 08        		db	 10h, 20h, 00h, 10h, 00h, 08h 
 1136  00 04 39 03 80 00        		db	 00h, 04h, 39h, 03h, 80h, 00h 
 113C  40 39 03 08 00 04        		db	 40h, 39h, 03h, 08h, 00h, 04h 
 1142  00 02 00 01 39 04        		db	 00h, 02h, 00h, 01h, 39h, 04h 
 1148  82 00 41 20 00 10        		db	 82h, 00h, 41h, 20h, 00h, 10h 
 114E  39 08 08 00 04 39        		db	 39h, 08h, 08h, 00h, 04h, 39h 
 1154  17 A0 00 50 02 AA        		db	 17h,0A0h, 00h, 50h, 02h,0AAh 
 115A  01 55 0A A2 05 5D        		db	 01h, 55h, 0Ah,0A2h, 05h, 5Dh 
 1160  39 07 02 00 01 39        		db	 39h, 07h, 02h, 00h, 01h, 39h 
 1166  0A 20 00 D0 00 82        		db	 0Ah, 20h, 00h,0D0h, 00h, 82h 
 116C  00 7D C0 39 07 01        		db	 00h, 7Dh,0C0h, 39h, 07h, 01h 
 1172  00 40 00 02 0A 10        		db	 00h, 40h, 00h, 02h, 0Ah, 10h 
 1178  03 80 01 A5 1C 64        		db	 03h, 80h, 01h,0A5h, 1Ch, 64h 
 117E  04 E1 E0 02 A7 F6        		db	 04h,0E1h,0E0h, 02h,0A7h,0F6h 
 1184  7E 08 72 79 39 02        		db	 7Eh, 08h, 72h, 79h, 39h, 02h 
 118A  81 C0 01                 		db	 81h,0C0h, 01h 
 118D  40                       		db	40h 
 118E                           loc_8: 
                                ;*		add	byte ptr ds:data_5e[bx+si],0Ch 
 118E  80 80 80A9 0C            				add byte ptr [bx+si-7F57h],0Ch			; was: db 082h,080h,0A9h,080h,00Ch 
 1193  80 C9 A0                 		or	cl,0A0h 
 1196  B1 03                    		mov	cl,3 
 1198  D3 51 41                 		rcl	word ptr [bx+di+41h],cl	; Rotate thru carry 
                                ;*		pop	cs			; Dangerous-8088 only 
 119B  0F                       		db	0Fh			;  Fixup - byte match 
 119C  CF                       		iret				; Interrupt return 
                                			                        ;* No entry point to code 
 119D  A3 FA01                  		mov	ds:data_32e,ax 
 11A0  FF 1A                    		call	dword ptr [bp+si]	;* 
 11A2  0B D0                    		or	dx,ax 
Microsoft (R) Macro Assembler  Version 4.00                 3/29/26 15:18:11

                                                            Page     1-20
                                                            

 11A4  FD                       		std				; Set direction flag 
 11A5  D0 0F                    		ror	byte ptr [bx],1		; Rotate 
                                ;*		loopnz	locloop_9		;*Loop if zf=0, cx>0 
                                 
 11A7  E0 00                    				loopne 11A7h			; was: db 0E0h,00Fh 
356LVGRP.asm(912) : error 56: No immediate mode 
 11A9  A7                       		cmpsw				; Cmp [si] to es:[di] 
 11AA  00 38                    		add	[bx+si],bh 
 11AC  00 2B                    		add	[bp+di],ch 
                                ;*		pop	cs			; Dangerous-8088 only 
 11AE  0F                       		db	0Fh			;  Fixup - byte match 
 11AF  4C                       		dec	sp 
 11B0  09 4D 3F                 		or	[di+3Fh],cx 
 11B3  A3 A333                  		mov	ds:data_29e,ax 
 11B6  1F                       		pop	ds 
                                ;*		aam	1Fh			; undocumented inst 
 11B7  D4 0A                    				aam 1Fh			; was: db 0D4h,01Fh 
356LVGRP.asm(923) : error 1: Extra characters on line 
 11B9  D4 0A                    		aam				; Ascii adjust 
 11BB  FA                       		cli				; Disable interrupts 
 11BC  0A FA                    		or	bh,dl 
                                ;*		add	[bx+0],bl 
 11BE  00 1F                    				add [bx+0h],bl			; was: db 000h,05Fh,000h 
 11C0  5F 3E A0 26 A0 3C        		db	 5Fh, 3Eh,0A0h, 26h,0A0h, 3Ch 
 11C6  30 FC 30 CA A0 CA        		db	 30h,0FCh, 30h,0CAh,0A0h,0CAh 
 11CC  A0 35 41 3D 40 FF        		db	0A0h, 35h, 41h, 3Dh, 40h,0FFh 
 11D2  F3 38 B1 2F 5A 37        		db	0F3h, 38h,0B1h, 2Fh, 5Ah, 37h 
 11D8  5A FA BC FA BC B5        		db	 5Ah,0FAh,0BCh,0FAh,0BCh,0B5h 
 11DE  18 F5 18 A8 08 A8        		db	 18h,0F5h, 18h,0A8h, 08h,0A8h 
 11E4  08 39 00 40 90 39        		db	 08h, 39h, 00h, 40h, 90h, 39h 
 11EA  00 08 39 02 40 39        		db	 00h, 08h, 39h, 02h, 40h, 39h 
 11F0  01 09 39 00 04 56        		db	 01h, 09h, 39h, 00h, 04h, 56h 
 11F6  39 00 01 2F 39 00        		db	 39h, 00h, 01h, 2Fh, 39h, 00h 
 11FC  40 7F 39 00              		db	 40h, 7Fh, 39h, 00h 
 1200                           loc_10: 
 1200  05 397F                  		add	ax,397Fh 
 1203  00 44 39                 		add	[si+39h],al 
 1206  01 20                    		add	[bx+si],sp 
 1208  12 39                    		adc	bh,[bx+di] 
 120A  00 30                    		add	[bx+si],dh 
 120C  80 39 00                 		cmp	byte ptr [bx+di],0 
 120F                           loc_11: 
 120F  45                       		inc	bp 
 1210  12 39                    		adc	bh,[bx+di] 
 1212  00 AB 3940               		add	ss:data_22e[bp+di],ch 
                                ;*		add	bl,dl 
 1216  02 DA                    				add bl,dl			; was: db 000h,0D3h 
                                		retf	2B00h 
 1218  CA                     1                 db      0CAh
 1219  2B00                   1                 dw      2B00h
                                			                        ;* No entry point to code 
 121B  EF                       		out	dx,ax			; port 0, DMA-1 bas&add ch 0 
 121C  BF 4642                  		mov	di,data_24e 
 121F  EB EE                    		jmp	short loc_11 
 1221  00 01 12 EF 00 14        		db	 00h, 01h, 12h,0EFh, 00h, 14h 
Microsoft (R) Macro Assembler  Version 4.00                 3/29/26 15:18:11

                                                            Page     1-21
                                                            

 1227  0A 7F 06 40 17 CF        		db	 0Ah, 7Fh, 06h, 40h, 17h,0CFh 
 122D  D0 00 D7 FF 30 14        		db	0D0h, 00h,0D7h,0FFh, 30h, 14h 
 1233  31 F7 0A F8 0A FB        		db	 31h,0F7h, 0Ah,0F8h, 0Ah,0FBh 
 1239  00 5E 00 5F 3E A0        		db	 00h, 5Eh, 00h, 5Fh, 3Eh,0A0h 
 123F  26 A0 08 04 7C 5C        		db	 26h,0A0h, 08h, 04h, 7Ch, 5Ch 
 1245  04 0E                    		db	 04h, 0Eh 
 1247                           loc_12: 
 1247  7D FE                    		jge	loc_12			; Jump if > or = 
 1249  00 0F                    		add	[bx],cl 
 124B  7E 7F                    		jle	$+81h			; Jump if < or = 
 124D  02 CF                    		add	cl,bh 
 124F  FB                       		sti				; Enable interrupts 
 1250  FF 2F                    		jmp	dword ptr [bx]		;* 
                                			                        ;* No entry point to code 
 1252  4A                       		dec	dx 
 1253  F7 5A 92                 		neg	word ptr [bp+si-6Eh] 
 1256  BC BCFA                  		mov	sp,0BCFAh 
 1259  85 18                    		test	bx,[bx+si] 
 125B  F5                       		cmc				; Complement carry 
 125C  18 88 B808               		sbb	ds:data_31e[bx+si],cl 
 1260  08 39                    		or	[bx+di],bh 
 1262  04 10                    		add	al,10h 
 1264  04 39                    		add	al,39h			; '9' 
 1266  01 61 39                 		add	[bx+di+39h],sp 
 1269  00 04                    		add	[si],al 
 126B  05 0039                  		add	ax,39h 
 126E  20 AF 0039 R             		and	data_9[bx],ch 
 1272  42                       		inc	dx 
 1273  07                       		pop	es 
 1274  02 A1 4600               		add	ah,ds:data_23e[bx+di] 
 1278  05 3050                  		add	ax,3050h 
 127B  83 39 01                 		cmp	word ptr [bx+di],1 
 127E  08 39                    		or	[bx+di],bh 
 1280  00 88 0139 R             		add	byte ptr data_14[bx+si],cl 
 1284  20 80 0039 R             		and	data_9[bx+si],al 
 1288  94                       		xchg	sp,ax 
 1289  28 39                    		sub	[bx+di],bh 
 128B  00 7F 52                 		add	[bx+52h],bh 
 128E  39 00                    		cmp	[bx+si],ax 
 1290  36 50 80 50 15 02        		db	 36h, 50h, 80h, 50h, 15h, 02h 
 1296  20 08 96 A3 39 01        		db	 20h, 08h, 96h,0A3h, 39h, 01h 
 129C  88 39 00 08 04 39        		db	 88h, 39h, 00h, 08h, 04h, 39h 
 12A2  00 11 1D 00 3C 07        		db	 00h, 11h, 1Dh, 00h, 3Ch, 07h 
 12A8  FD 33 03 33 FF 0F        		db	0FDh, 33h, 03h, 33h,0FFh, 0Fh 
 12AE  F0 0F FF F0 0E FF        		db	0F0h, 0Fh,0FFh,0F0h, 0Eh,0FFh 
 12B4  FE 0E A4 0E A4 39        		db	0FEh, 0Eh,0A4h, 0Eh,0A4h, 39h 
 12BA  00 08 39 01 82 10        		db	 00h, 08h, 39h, 01h, 82h, 10h 
 12C0  39 00 F5 49 C0 00        		db	 39h, 00h,0F5h, 49h,0C0h, 00h 
 12C6  FE F8 28 D8 EE DA        		db	0FEh,0F8h, 28h,0D8h,0EEh,0DAh 
 12CC  02 B4 FE B4 A0 0C        		db	 02h,0B4h,0FEh,0B4h,0A0h, 0Ch 
 12D2  AF FC 0D 52 0D 52        		db	0AFh,0FCh, 0Dh, 52h, 0Dh, 52h 
 12D8  03 BF 02 AA 08 39        		db	 03h,0BFh, 02h,0AAh, 08h, 39h 
 12DE  01 18 00 02 FE 30        		db	 01h, 18h, 00h, 02h,0FEh, 30h 
 12E4  00 20 00 20 00 0B        		db	 00h, 20h, 00h, 20h, 00h, 0Bh 
 12EA  FA 20 00 20 39 01        		db	0FAh, 20h, 00h, 20h, 39h, 01h 
Microsoft (R) Macro Assembler  Version 4.00                 3/29/26 15:18:11

                                                            Page     1-22
                                                            

 12F0  0B FA 20 00 20 00        		db	 0Bh,0FAh, 20h, 00h, 20h, 00h 
 12F6  AA F0 AA 30 03 08        		db	0AAh,0F0h,0AAh, 30h, 03h, 08h 
 12FC  00 08 02 04 AA C5        		db	 00h, 08h, 02h, 04h,0AAh,0C5h 
 1302  00 02 04 22 39 00        		db	 00h, 02h, 04h, 22h, 39h, 00h 
 1308  A0 48 04 02 04 92        		db	0A0h, 48h, 04h, 02h, 04h, 92h 
 130E  39 00 A1 20 04 02        		db	 39h, 00h,0A1h, 20h, 04h, 02h 
 1314  04 02 3F B6 23 A6        		db	 04h, 02h, 3Fh,0B6h, 23h,0A6h 
 131A  20 34 00 24 10 1C        		db	 20h, 34h, 00h, 24h, 10h, 1Ch 
 1320  02 3E 10 00 01 55        		db	 02h, 3Eh, 10h, 00h, 01h, 55h 
 1326  10 00 10 00 10 00        		db	 10h, 00h, 10h, 00h, 10h, 00h 
 132C  15 FD 10 00 12 AA        		db	 15h,0FDh, 10h, 00h, 12h,0AAh 
 1332  1D 50 1D 50 EA AA        		db	 1Dh, 50h, 1Dh, 50h,0EAh,0AAh 
 1338  8A AA 04 02 04 02        		db	 8Ah,0AAh, 04h, 02h, 04h, 02h 
 133E  04 00 20 80 04 02        		db	 04h, 00h, 20h, 80h, 04h, 02h 
 1344  44 22 04 02 05 02        		db	 44h, 22h, 04h, 02h, 05h, 02h 
 134A  04 00 50 20 C5 00        		db	 04h, 00h, 50h, 20h,0C5h, 00h 
 1350  A2 44 6D 6C 45 6C        		db	0A2h, 44h, 6Dh, 6Ch, 45h, 6Ch 
 1356  00 02 00 02 00 07        		db	 00h, 02h, 00h, 02h, 00h, 07h 
 135C  00 06 00 07 00 06        		db	 00h, 06h, 00h, 07h, 00h, 06h 
 1362  00 1F 00 1F 00 78        		db	 00h, 1Fh, 00h, 1Fh, 00h, 78h 
 1368  00 70 00 E0 00 C0        		db	 00h, 70h, 00h,0E0h, 00h,0C0h 
 136E  00 78 00 70 00 1F        		db	 00h, 78h, 00h, 70h, 00h, 1Fh 
 1374  00 1B 39 0A C0 00        		db	 00h, 1Bh, 39h, 0Ah,0C0h, 00h 
 137A  C0 00 F0 00 E0 00        		db	0C0h, 00h,0F0h, 00h,0E0h, 00h 
 1380  38 00 20 00 F0 00        		db	 38h, 00h, 20h, 00h,0F0h, 00h 
 1386  C0 00 C0 39 02 0F        		db	0C0h, 00h,0C0h, 39h, 02h, 0Fh 
 138C  00 0D 00 0B 00 0A        		db	 00h, 0Dh, 00h, 0Bh, 00h, 0Ah 
 1392  00 0B 00 09 00 0B        		db	 00h, 0Bh, 00h, 09h, 00h, 0Bh 
 1398  00 0A 00 0B 00 09        		db	 00h, 0Ah, 00h, 0Bh, 00h, 09h 
 139E  00 0B 00 0A 00 0B        		db	 00h, 0Bh, 00h, 0Ah, 00h, 0Bh 
 13A4  00 09 39 0A E0 00        		db	 00h, 09h, 39h, 0Ah,0E0h, 00h 
 13AA  A0 39 03 90 00 90        		db	0A0h, 39h, 03h, 90h, 00h, 90h 
 13B0  00 F0 00 C0 39 08        		db	 00h,0F0h, 00h,0C0h, 39h, 08h 
 13B6  07 39 01 0F 39 01        		db	 07h, 39h, 01h, 0Fh, 39h, 01h 
 13BC  05 39 01 04 39 01        		db	 05h, 39h, 01h, 04h, 39h, 01h 
 13C2  3F 39 01 0F 39 01        		db	 3Fh, 39h, 01h, 0Fh, 39h, 01h 
 13C8  0A 39 01 62 39 00        		db	 0Ah, 39h, 01h, 62h, 39h, 00h 
 13CE  E0 39 01 90 39 01        		db	0E0h, 39h, 01h, 90h, 39h, 01h 
 13D4  20 39 01 20 39 01        		db	 20h, 39h, 01h, 20h, 39h, 01h 
 13DA  4C 39 01 10 39 05        		db	 4Ch, 39h, 01h, 10h, 39h, 05h 
 13E0  02 39 01 01 95 39        		db	 02h, 39h, 01h, 01h, 95h, 39h 
 13E6  00 07 B8 00 47 0F        		db	 00h, 07h,0B8h, 00h, 47h, 0Fh 
 13EC  30 00 8A 0F B0 00        		db	 30h, 00h, 8Ah, 0Fh,0B0h, 00h 
 13F2  45 0D 30 02 8B 06        		db	 45h, 0Dh, 30h, 02h, 8Bh, 06h 
 13F8  D0 00 25 01 A8 00        		db	0D0h, 00h, 25h, 01h,0A8h, 00h 
 13FE  13 00 54 00 2A 50        		db	 13h, 00h, 54h, 00h, 2Ah, 50h 
 1404  80 39 01 20 FC 39        		db	 80h, 39h, 01h, 20h,0FCh, 39h 
 140A  00 10 AA 80 39 00        		db	 00h, 10h,0AAh, 80h, 39h, 00h 
 1410  55 39 00 10 FE 80        		db	 55h, 39h, 00h, 10h,0FEh, 80h 
 1416  00 20 FF 39 00 80        		db	 00h, 20h,0FFh, 39h, 00h, 80h 
 141C  FC 00 02 00 A8 00        		db	0FCh, 00h, 02h, 00h,0A8h, 00h 
 1422  4D 93 01 03 DE C6        		db	 4Dh, 93h, 01h, 03h,0DEh,0C6h 
 1428  4A 86 3D 76 18 64        		db	 4Ah, 86h, 3Dh, 76h, 18h, 64h 
 142E  F3 E1 D2 A1 DF 3F        		db	0F3h,0E1h,0D2h,0A1h,0DFh, 3Fh 
 1434  8A 3E DE FA 4C EA        		db	 8Ah, 3Eh,0DEh,0FAh, 4Ch,0EAh 
Microsoft (R) Macro Assembler  Version 4.00                 3/29/26 15:18:11

                                                            Page     1-23
                                                            

 143A  4C FC 08 D8 54 C9        		db	 4Ch,0FCh, 08h,0D8h, 54h,0C9h 
 1440  04 48 40 93 00 03        		db	 04h, 48h, 40h, 93h, 00h, 03h 
 1446  D0 46 40 06 38 16        		db	0D0h, 46h, 40h, 06h, 38h, 16h 
 144C  18 04 F3 01 D2 01        		db	 18h, 04h,0F3h, 01h,0D2h, 01h 
 1452  DF 01 8A 00 DE F0        		db	0DFh, 01h, 8Ah, 00h,0DEh,0F0h 
 1458  44 A0 4C F8 08 D8        		db	 44h,0A0h, 4Ch,0F8h, 08h,0D8h 
 145E  54 C0 04 40 4D 93        		db	 54h,0C0h, 04h, 40h, 4Dh, 93h 
 1464  01 03 DE C2 4A 82        		db	 01h, 03h,0DEh,0C2h, 4Ah, 82h 
 146A  3D 42 18 40 F3 01        		db	 3Dh, 42h, 18h, 40h,0F3h, 01h 
 1470  82 01 DC 0F 08 0E        		db	 82h, 01h,0DCh, 0Fh, 08h, 0Eh 
 1476  C0 7A 00 6A 00 FC        		db	0C0h, 7Ah, 00h, 6Ah, 00h,0FCh 
 147C  00 90 14 C9 04 48        		db	 00h, 90h, 14h,0C9h, 04h, 48h 
 1482  00 03 00 03 00 04        		db	 00h, 03h, 00h, 03h, 00h, 04h 
 1488  00 04 3D 60 10 60        		db	 00h, 04h, 3Dh, 60h, 10h, 60h 
 148E  F3 C1 D2 81 DF 0F        		db	0F3h,0C1h,0D2h, 81h,0DFh, 0Fh 
 1494  8A 0A DE 1A 48 0A        		db	 8Ah, 0Ah,0DEh, 1Ah, 48h, 0Ah 
 149A  48 3C 08 18 50 09        		db	 48h, 3Ch, 08h, 18h, 50h, 09h 
 14A0  00 08 40 13 00 03        		db	 00h, 08h, 40h, 13h, 00h, 03h 
 14A6  C6 80 42 80 21 76        		db	0C6h, 80h, 42h, 80h, 21h, 76h 
 14AC  00 64 F0 E1 D0 A1        		db	 00h, 64h,0F0h,0E1h,0D0h,0A1h 
 14B2  DC 3F 88 26 DE 7A        		db	0DCh, 3Fh, 88h, 26h,0DEh, 7Ah 
 14B8  40 6A 4C 3C 39 00        		db	 40h, 6Ah, 4Ch, 3Ch, 39h, 00h 
 14BE  54 C9 04 48 39 0A        		db	 54h,0C9h, 04h, 48h, 39h, 0Ah 
 14C4  08 30 39 08 03 06        		db	 08h, 30h, 39h, 08h, 03h, 06h 
 14CA  02 00 60 10 60 39        		db	 02h, 00h, 60h, 10h, 60h, 39h 
 14D0  03 04 39 01 60 00        		db	 03h, 04h, 39h, 01h, 60h, 00h 
 14D6  40 39 03 10 60 39        		db	 40h, 39h, 03h, 10h, 60h, 39h 
 14DC  04 0E 00 0C 00 1D        		db	 04h, 0Eh, 00h, 0Ch, 00h, 1Dh 
 14E2  06 10 04 F0 00 40        		db	 06h, 10h, 04h,0F0h, 00h, 40h 
 14E8  00 70 C0 40 80 18        		db	 00h, 70h,0C0h, 40h, 80h, 18h 
 14EE  20 39 00 01 80 39        		db	 20h, 39h, 00h, 01h, 80h, 39h 
 14F4  00 3D 66 18 60 F3        		db	 00h, 3Dh, 66h, 18h, 60h,0F3h 
 14FA  D1 92 01 D5 0E 00        		db	0D1h, 92h, 01h,0D5h, 0Eh, 00h 
 1500  0C DA 5A 48 08 3C        		db	 0Ch,0DAh, 5Ah, 48h, 08h, 3Ch 
 1506  80 04 00 74 10 20        		db	 80h, 04h, 00h, 74h, 10h, 20h 
 150C  00 50 30 39 04 2D        		db	 00h, 50h, 30h, 39h, 04h, 2Dh 
 1512  76 00 64 B0 E1 10        		db	 76h, 00h, 64h,0B0h,0E1h, 10h 
 1518  A0 DC 37 88 22 DE        		db	0A0h,0DCh, 37h, 88h, 22h,0DEh 
 151E  6A 08 40 01 06 39        		db	 6Ah, 08h, 40h, 01h, 06h, 39h 
 1524  01 10 39 00 20 00        		db	 01h, 10h, 39h, 00h, 20h, 00h 
 152A  20 00 70 E0 20 80        		db	 20h, 00h, 70h,0E0h, 20h, 80h 
 1530  28 60 39 00 11 80        		db	 28h, 60h, 39h, 00h, 11h, 80h 
 1536  39 00 35 62 10 00        		db	 39h, 00h, 35h, 62h, 10h, 00h 
 153C  D3 55 80 01 39 02        		db	0D3h, 55h, 80h, 01h, 39h, 02h 
 1542  4C 00 04 00 19 00        		db	 4Ch, 00h, 04h, 00h, 19h, 00h 
 1548  10 00 34 10 39 00        		db	 10h, 00h, 34h, 10h, 39h, 00h 
 154E  68 30 39 00 20 39        		db	 68h, 30h, 39h, 00h, 20h, 39h 
 1554  01 28 56 00 04 50        		db	 01h, 28h, 56h, 00h, 04h, 50h 
 155A  A1 00 01 1D 55 39        		db	0A1h, 00h, 01h, 1Dh, 55h, 39h 
 1560  00 29 82 02 40 55        		db	 00h, 29h, 82h, 02h, 40h, 55h 
 1566  05 02 C0 28 0A 00        		db	 05h, 02h,0C0h, 28h, 0Ah, 00h 
 156C  80 01 54 39 01 A0        		db	 80h, 01h, 54h, 39h, 01h,0A0h 
 1572  39 02 01 40 39 00        		db	 39h, 02h, 01h, 40h, 39h, 00h 
 1578  01 80 4A A8 0A 02        		db	 01h, 80h, 4Ah,0A8h, 0Ah, 02h 
 157E  5F 54 00 02 3A A8        		db	 5Fh, 54h, 00h, 02h, 3Ah,0A8h 
Microsoft (R) Macro Assembler  Version 4.00                 3/29/26 15:18:11

                                                            Page     1-24
                                                            

 1584  39 00 95 50 39 02        		db	 39h, 00h, 95h, 50h, 39h, 02h 
 158A  07 39 01 0C 39 10        		db	 07h, 39h, 01h, 0Ch, 39h, 10h 
 1590  07 00 08 00 40 00        		db	 07h, 00h, 08h, 00h, 40h, 00h 
 1596  B0 02 00 01 39 01        		db	0B0h, 02h, 00h, 01h, 39h, 01h 
 159C  0C 00 10 00 08 00        		db	 0Ch, 00h, 10h, 00h, 08h, 00h 
 15A2  20 EE 10 2C 39 06        		db	 20h,0EEh, 10h, 2Ch, 39h, 06h 
 15A8  40 00 B0 00 04 00        		db	 40h, 00h,0B0h, 00h, 04h, 00h 
 15AE  0A 39 01 01 80 39        		db	 0Ah, 39h, 01h, 01h, 80h, 39h 
 15B4  02 04 80 39 00 0E        		db	 02h, 04h, 80h, 39h, 00h, 0Eh 
 15BA  40 0C 00 47 55 20        		db	 40h, 0Ch, 00h, 47h, 55h, 20h 
 15C0  50 9A AA 40 A0 35        		db	 50h, 9Ah,0AAh, 40h,0A0h, 35h 
 15C6  45 C0 00 3A A2 40        		db	 45h,0C0h, 00h, 3Ah,0A2h, 40h 
 15CC  00 15 51 40 00 02        		db	 00h, 15h, 51h, 40h, 00h, 02h 
 15D2  80 39 01 D0 39 03        		db	 80h, 39h, 01h,0D0h, 39h, 03h 
 15D8  16 4B 20 0A 00 AA        		db	 16h, 4Bh, 20h, 0Ah, 00h,0AAh 
 15DE  A8 39 00 41 94 02        		db	0A8h, 39h, 00h, 41h, 94h, 02h 
 15E4  40 A1 2A 02 C0 10        		db	 40h,0A1h, 2Ah, 02h,0C0h, 10h 
 15EA  14 01 00 2A 80 39        		db	 14h, 01h, 00h, 2Ah, 80h, 39h 
 15F0  00 18 00 40 39 01        		db	 00h, 18h, 00h, 40h, 39h, 01h 
 15F6  C0 39 08 03 00 04        		db	0C0h, 39h, 08h, 03h, 00h, 04h 
 15FC  00 20 00 58 01 39        		db	 00h, 20h, 00h, 58h, 01h, 39h 
 1602  00 C0 39 00 06 00        		db	 00h,0C0h, 39h, 00h, 06h, 00h 
 1608  08 00 04 39 00 F6        		db	 08h, 00h, 04h, 39h, 00h,0F6h 
 160E  10 30 39 06 A8 00        		db	 10h, 30h, 39h, 06h,0A8h, 00h 
 1614  56 39 07 04 80 39        		db	 56h, 39h, 07h, 04h, 80h, 39h 
 161A  00 0E 40 0C 00 0B        		db	 00h, 0Eh, 40h, 0Ch, 00h, 0Bh 
 1620  20 0A 00 17 55 20        		db	 20h, 0Ah, 00h, 17h, 55h, 20h 
 1626  50 1A AA 60 A0 35        		db	 50h, 1Ah,0AAh, 60h,0A0h, 35h 
 162C  45 40 00 3A A2 40        		db	 45h, 40h, 00h, 3Ah,0A2h, 40h 
 1632  00 15 41 39 00 02        		db	 00h, 15h, 41h, 39h, 00h, 02h 
 1638  80 39 00 05 39 03        		db	 80h, 39h, 00h, 05h, 39h, 03h 
 163E  05 80 AA A8 39 00        		db	 05h, 80h,0AAh,0A8h, 39h, 00h 
 1644  41 94 02 40 21 2A        		db	 41h, 94h, 02h, 40h, 21h, 2Ah 
 164A  02 C0 5C 14 01 00        		db	 02h,0C0h, 5Ch, 14h, 01h, 00h 
 1650  0B 00 60 00 04 00        		db	 0Bh, 00h, 60h, 00h, 04h, 00h 
 1656  10 39 10 02 00 01        		db	 10h, 39h, 10h, 02h, 00h, 01h 
 165C  00 18 00 04 00 C0        		db	 00h, 18h, 00h, 04h, 00h,0C0h 
 1662  01 20 04 00 0A 00        		db	 01h, 20h, 04h, 00h, 0Ah, 00h 
 1668  10 FF 28 38 47 55        		db	 10h,0FFh, 28h, 38h, 47h, 55h 
 166E  20 50 39 00 10 00        		db	 20h, 50h, 39h, 00h, 10h, 00h 
 1674  40 00 20 39 01 80        		db	 40h, 00h, 20h, 39h, 01h, 80h 
 167A  39 03 04 80 39 00        		db	 39h, 03h, 04h, 80h, 39h, 00h 
 1680  0E 40 0C 00 0B 20        		db	 0Eh, 40h, 0Ch, 00h, 0Bh, 20h 
 1686  0A 00 AA A8 39 00        		db	 0Ah, 00h,0AAh,0A8h, 39h, 00h 
 168C  5A AA 20 A0 35 56        		db	 5Ah,0AAh, 20h,0A0h, 35h, 56h 
 1692  C0 50 3A A8 40 20        		db	0C0h, 50h, 3Ah,0A8h, 40h, 20h 
 1698  15 54 39 00 0A A8        		db	 15h, 54h, 39h, 00h, 0Ah,0A8h 
 169E  39 00 35 B7 00 39        		db	 39h, 00h, 35h,0B7h, 00h, 39h 
 16A4  01 A0 39 03 41 94        		db	 01h,0A0h, 39h, 03h, 41h, 94h 
 16AA  02 40 A1 2A 02 C0        		db	 02h, 40h,0A1h, 2Ah, 02h,0C0h 
 16B0  50 14 01 00 AA A0        		db	 50h, 14h, 01h, 00h,0AAh,0A0h 
 16B6  00 0B 39 1A 01 CA        		db	 00h, 0Bh, 39h, 1Ah, 01h,0CAh 
 16BC  02 35 08 00 16 00        		db	 02h, 35h, 08h, 00h, 16h, 00h 
 16C2  11 FC 20 30 07 55        		db	 11h,0FCh, 20h, 30h, 07h, 55h 
 16C8  60 50 1A AA 40 A0        		db	 60h, 50h, 1Ah,0AAh, 40h,0A0h 
Microsoft (R) Macro Assembler  Version 4.00                 3/29/26 15:18:11

                                                            Page     1-25
                                                            

 16CE  02 39 01 08 00 04        		db	 02h, 39h, 01h, 08h, 00h, 04h 
 16D4  00 C0 00 30 39 07        		db	 00h,0C0h, 00h, 30h, 39h, 07h 
 16DA  04 80 39 00 0E 40        		db	 04h, 80h, 39h, 00h, 0Eh, 40h 
 16E0  0C 00 8B 20 0A 00        		db	 0Ch, 00h, 8Bh, 20h, 0Ah, 00h 
 16E6  35 52 40 50 2B A8        		db	 35h, 52h, 40h, 50h, 2Bh,0A8h 
 16EC  40 00 17 50 39 00        		db	 40h, 00h, 17h, 50h, 39h, 00h 
 16F2  0A A9 39 03 E0 39        		db	 0Ah,0A9h, 39h, 03h,0E0h, 39h 
 16F8  01 30 39 06 AA A8        		db	 01h, 30h, 39h, 06h,0AAh,0A8h 
 16FE  39 00 41 94 02 40        		db	 39h, 00h, 41h, 94h, 02h, 40h 
 1704  A1 2A 02 C0 50 14        		db	0A1h, 2Ah, 02h,0C0h, 50h, 14h 
 170A  01 00 2A 80 39 00        		db	 01h, 00h, 2Ah, 80h, 39h, 00h 
 1710  05 39 03 02 80 39        		db	 05h, 39h, 03h, 02h, 80h, 39h 
 1716  00 01 80 00 04 39        		db	 00h, 01h, 80h, 00h, 04h, 39h 
 171C  01 0C 39 01 13 39        		db	 01h, 0Ch, 39h, 01h, 13h, 39h 
 1722  01 2A 39 01 09 00        		db	 01h, 2Ah, 39h, 01h, 09h, 00h 
 1728  60 00 09 00 60 00        		db	 60h, 00h, 09h, 00h, 60h, 00h 
 172E  2A 39 01 10 39 00        		db	 2Ah, 39h, 01h, 10h, 39h, 00h 
 1734  60 08 39 00 B0 08        		db	 60h, 08h, 39h, 00h,0B0h, 08h 
 173A  20 00 30 10 20 08        		db	 20h, 00h, 30h, 10h, 20h, 08h 
 1740  A8 39 00 10 88 20        		db	0A8h, 39h, 00h, 10h, 88h, 20h 
 1746  40 10 04 40 C0 20        		db	 40h, 10h, 04h, 40h,0C0h, 20h 
 174C  0A 40 00 20 54 39        		db	 0Ah, 40h, 00h, 20h, 54h, 39h 
 1752  00 30 00 1C 39 01        		db	 00h, 30h, 00h, 1Ch, 39h, 01h 
 1758  20 00 0A 07 D1 00        		db	 20h, 00h, 0Ah, 07h,0D1h, 00h 
 175E  04 0E 8A 39 00 0D        		db	 04h, 0Eh, 8Ah, 39h, 00h, 0Dh 
 1764  44 39 00 02 82 39        		db	 44h, 39h, 00h, 02h, 82h, 39h 
 176A  01 50 39 01 AA 6A        		db	 01h, 50h, 39h, 01h,0AAh, 6Ah 
 1770  00 74 10 00 08 82        		db	 00h, 74h, 10h, 00h, 08h, 82h 
 1776  00 28 0C 47 C0 10        		db	 00h, 28h, 0Ch, 47h,0C0h, 10h 
 177C  1C AE A0 00 08 55        		db	 1Ch,0AEh,0A0h, 00h, 08h, 55h 
 1782  50 39 00 AA A0 39        		db	 50h, 39h, 00h,0AAh,0A0h, 39h 
 1788  00 14 39 01 2A 80        		db	 00h, 14h, 39h, 01h, 2Ah, 80h 
 178E  00 2A 00 03 39 01        		db	 00h, 2Ah, 00h, 03h, 39h, 01h 
 1794  06 00 02 00 06 00        		db	 06h, 00h, 02h, 00h, 06h, 00h 
 179A  02 00 0A 39 01 08        		db	 02h, 00h, 0Ah, 39h, 01h, 08h 
 17A0  00 01 00 10 00 01        		db	 00h, 01h, 00h, 10h, 00h, 01h 
 17A6  00 28 39 01 15 39        		db	 00h, 28h, 39h, 01h, 15h, 39h 
 17AC  00 10 08 39 00 98        		db	 00h, 10h, 08h, 39h, 00h, 98h 
 17B2  08 39 00 64 10 00        		db	 08h, 39h, 00h, 64h, 10h, 00h 
 17B8  08 AA 39 00 10 C8        		db	 08h,0AAh, 39h, 00h, 10h,0C8h 
 17BE  20 03 10 88 40 43        		db	 20h, 03h, 10h, 88h, 40h, 43h 
 17C4  20 2A 40 00 20 04        		db	 20h, 2Ah, 40h, 00h, 20h, 04h 
 17CA  39 00 30 39 00 30        		db	 39h, 00h, 30h, 39h, 00h, 30h 
 17D0  39 00 03 0E 04 00        		db	 39h, 00h, 03h, 0Eh, 04h, 00h 
 17D6  60 01 98 39 00 12        		db	 60h, 01h, 98h, 39h, 00h, 12h 
 17DC  39 00 01 03 48 0C        		db	 39h, 00h, 01h, 03h, 48h, 0Ch 
 17E2  45 00 E8 2A 22 05        		db	 45h, 00h,0E8h, 2Ah, 22h, 05h 
 17E8  FC 15 24 C2 3D 14        		db	0FCh, 15h, 24h,0C2h, 3Dh, 14h 
 17EE  00 2B 00 01 00 B3        		db	 00h, 2Bh, 00h, 01h, 00h,0B3h 
 17F4  00 06 00 01 80 30        		db	 00h, 06h, 00h, 01h, 80h, 30h 
 17FA  00 4C 00 A1 E8 00        		db	 00h, 4Ch, 00h,0A1h,0E8h, 00h 
 1800  07 4D 50 39 00 9A        		db	 07h, 4Dh, 50h, 39h, 00h, 9Ah 
 1806  88 39 00 45 10 98        		db	 88h, 39h, 00h, 45h, 10h, 98h 
 180C  00 02 8C C8 3E 01        		db	 00h, 02h, 8Ch,0C8h, 3Eh, 01h 
 1812  02 00 8F 0D 08 10        		db	 02h, 00h, 8Fh, 0Dh, 08h, 10h 
Microsoft (R) Macro Assembler  Version 4.00                 3/29/26 15:18:11

                                                            Page     1-26
                                                            

 1818  71 0A B5 60 00 15        		db	 71h, 0Ah,0B5h, 60h, 00h, 15h 
 181E  6A 39 01 84 39 01        		db	 6Ah, 39h, 01h, 84h, 39h, 01h 
 1824  C9 00 20 00 94 00        		db	0C9h, 00h, 20h, 00h, 94h, 00h 
 182A  61 82 20 30 00 10        		db	 61h, 82h, 20h, 30h, 00h, 10h 
 1830  00 C0 00 82 00 E0        		db	 00h,0C0h, 00h, 82h, 00h,0E0h 
 1836  08 39 00 2C 40 80        		db	 08h, 39h, 00h, 2Ch, 40h, 80h 
 183C  39 01 04 39 00 10        		db	 39h, 01h, 04h, 39h, 00h, 10h 
 1842  8F B7 00 18 0A A0        		db	 8Fh,0B7h, 00h, 18h, 0Ah,0A0h 
 1848  C0 0C 39 01 98 00        		db	0C0h, 0Ch, 39h, 01h, 98h, 00h 
 184E  01 11 02 08 00 88        		db	 01h, 11h, 02h, 08h, 00h, 88h 
 1854  A9 00 40 14 F2 39        		db	0A9h, 00h, 40h, 14h,0F2h, 39h 
 185A  00 27 4F 01 00 15        		db	 00h, 27h, 4Fh, 01h, 00h, 15h 
 1860  D7 00 04 2B BE 01        		db	0D7h, 00h, 04h, 2Bh,0BEh, 01h 
 1866  06 87 7F 39 00 04        		db	 06h, 87h, 7Fh, 39h, 00h, 04h 
 186C  00 80 00 62 40 18        		db	 00h, 80h, 00h, 62h, 40h, 18h 
 1872  00 06 42 02 00 29        		db	 00h, 06h, 42h, 02h, 00h, 29h 
 1878  50 39 00 50 CA 80        		db	 50h, 39h, 00h, 50h,0CAh, 80h 
 187E  40 D5 30 00 30 EB        		db	 40h,0D5h, 30h, 00h, 30h,0EBh 
 1884  88 83 C0 C8 18           		db	 88h, 83h,0C0h,0C8h, 18h 
                                 
                                _356LVGRP	endp 
                                 
 1889                           seg_a		ends 
                                 
                                 
                                 
                                		end	start 

Microsoft (R) Macro Assembler  Version 4.00                 3/29/26 15:18:11

                                                            Symbols-1
                                                             

Macros:

		N a m e			Lines

CALLF  . . . . . . . . . . . . .  	   2
CALLFX . . . . . . . . . . . . .  	   3
JMPN . . . . . . . . . . . . . .  	   2
MOVSEG . . . . . . . . . . . . .  	  43
RETF . . . . . . . . . . . . . .  	   6
RETN . . . . . . . . . . . . . .  	   6

Segments and Groups:

                N a m e         	Size	Align	Combine Class

SEG_A  . . . . . . . . . . . . .  	1889	BYTE	PUBLIC	

Symbols:            

                N a m e         	Type	Value	Attr         

DATA_10  . . . . . . . . . . . .  	L WORD 	0080	SEG_A
DATA_11  . . . . . . . . . . . .  	L WORD 	0091	SEG_A
DATA_12  . . . . . . . . . . . .  	L WORD 	00D0	SEG_A
DATA_13  . . . . . . . . . . . .  	L WORD 	00DC	SEG_A
DATA_14  . . . . . . . . . . . .  	L WORD 	0139	SEG_A
DATA_15  . . . . . . . . . . . .  	L WORD 	0339	SEG_A
DATA_16  . . . . . . . . . . . .  	L BYTE 	0418	SEG_A
DATA_18  . . . . . . . . . . . .  	L WORD 	0F4A	SEG_A
DATA_19  . . . . . . . . . . . .  	L BYTE 	10E1	SEG_A
DATA_1E  . . . . . . . . . . . .  	Number	0CC0	
DATA_20E . . . . . . . . . . . .  	Number	2804	
DATA_21E . . . . . . . . . . . .  	Number	3903	
DATA_22E . . . . . . . . . . . .  	Number	3940	
DATA_23E . . . . . . . . . . . .  	Number	4600	
DATA_24E . . . . . . . . . . . .  	Number	4642	
DATA_25E . . . . . . . . . . . .  	Number	5000	
DATA_26E . . . . . . . . . . . .  	Number	5400	
DATA_27E . . . . . . . . . . . .  	Number	5D01	
DATA_28E . . . . . . . . . . . .  	Number	9E03	
DATA_29E . . . . . . . . . . . .  	Number	A333	
DATA_2E  . . . . . . . . . . . .  	Number	5B01	
DATA_30E . . . . . . . . . . . .  	Number	B7C0	
DATA_31E . . . . . . . . . . . .  	Number	B808	
DATA_32E . . . . . . . . . . . .  	Number	FA01	
DATA_3E  . . . . . . . . . . . .  	Number	5D01	
DATA_4E  . . . . . . . . . . . .  	Number	5E15	
DATA_5E  . . . . . . . . . . . .  	Number	80A9	
DATA_6E  . . . . . . . . . . . .  	Number	5500	
DATA_7E  . . . . . . . . . . . .  	Number	5515	
DATA_8 . . . . . . . . . . . . .  	L WORD 	0030	SEG_A
DATA_9 . . . . . . . . . . . . .  	L BYTE 	0039	SEG_A

LOCLOOP_4  . . . . . . . . . . .  	L NEAR	036C	SEG_A
LOCLOOP_6  . . . . . . . . . . .  	L NEAR	0613	SEG_A
Microsoft (R) Macro Assembler  Version 4.00                 3/29/26 15:18:11

                                                            Symbols-2
                                                             

LOC_10 . . . . . . . . . . . . .  	L NEAR	1200	SEG_A
LOC_11 . . . . . . . . . . . . .  	L NEAR	120F	SEG_A
LOC_12 . . . . . . . . . . . . .  	L NEAR	1247	SEG_A
LOC_7  . . . . . . . . . . . . .  	L NEAR	0620	SEG_A
LOC_8  . . . . . . . . . . . . .  	L NEAR	118E	SEG_A

START  . . . . . . . . . . . . .  	L NEAR	0000	SEG_A

TARGET . . . . . . . . . . . . .  	Number	4D34	

_356LVGRP  . . . . . . . . . . .  	F PROC	0000	SEG_A	Length = 1889


   1408 Source  Lines
   1427 Total   Lines
     69 Symbols

  48140 Bytes symbol space free

      1 Warning Errors
      3 Severe  Errors
