Microsoft (R) Macro Assembler  Version 4.00                 3/29/26 15:16:09

                                                            Page     1-1
                                                            

                                 
                                PAGE  59,132 
                                 
                                ;€€€€€€€€€€€€€€€€€€€€€€€€€€€€€€€€€€€€€€€€€€€€€€€€€€€€€€€€€€€€€€€€€€€€€€€€€€ 
                                ;€€					                                 €€ 
                                ;€€				_210HELDA                                €€ 
                                ;€€					                                 €€ 
                                ;€€      Created:   29-Mar-26		                                 €€ 
                                ;€€      Code type: zero start		                                 €€ 
                                ;€€      Passes:    9          Analysis	Options on: none                 €€ 
                                ;€€					                                 €€ 
                                ;€€€€€€€€€€€€€€€€€€€€€€€€€€€€€€€€€€€€€€€€€€€€€€€€€€€€€€€€€€€€€€€€€€€€€€€€€€ 
                                 
 = 4D34                         target		EQU   'M4'                      ; Target assembler: MASM-4.0 
                                 
                             C  include  srmacros.inc 
                             C   
                             C  ; Macros which may be required for proper re-assembly 
                             C   
                             C  IF (target EQ 'M4') 
                             C  ;----------------------------------------------------------------------------- 
                             C  ;  MASM 4.0 does not allow retf and retn, allowed by current assemblers. 
                             C  ;  These marcos, convert RETF and RETN into data bytes that are acceptable 
                             C  ;  to MASM 4.0. 
                             C   
                             C   
                             C  retf            macro   ret_count               ; Fixup for Assembler 
                             C                  if      ret_count+0 GT 1 
                             C                  db      0CAh 
                             C                  dw      ret_count 
                             C                  else 
                             C                  db      0CBh 
                             C                  endif 
                             C  endm 
                             C   
                             C  retn            macro  ret_count 
                             C                  if     ret_count+0 GT 1 
                             C                  db     0C2h 
                             C                  dw     ret_count 
                             C                  else 
                             C                  db     0C3h 
                             C                  endif 
                             C  endm 
                             C   
                             C  ENDIF 
                             C   
                             C   
                             C  IF (target EQ 'M4') OR (target EQ 'M5')  
                             C  ;----------------------------------------------------------------------------- 
                             C  ; Due to a bug in earlier MASM assemblers, the valid instruction type  
                             C  ; "mov segreg, reg"  cannot be used, if the register is not AX.   
                             C  ; For example:  mov  es, bx 
                             C   
                             C  movseg          macro reg16, unused, Imm16      ; Fixup for Assembler 
                             C                  ifidn  <reg16>, <bx>             
Microsoft (R) Macro Assembler  Version 4.00                 3/29/26 15:16:09

                                                            Page     1-2
                                                            

                             C                  db     0BBh                      
                             C                  endif                            
                             C                  ifidn  <reg16>, <cx>             
                             C                  db     0B9h                      
                             C                  endif 
                             C                  ifidn  <reg16>, <dx> 
                             C                  db     0BAh 
                             C                  endif 
                             C                  ifidn  <reg16>, <si> 
                             C                  db     0BEh 
                             C                  endif 
                             C                  ifidn  <reg16>, <di> 
                             C                  db     0BFh 
                             C                  endif 
                             C                  ifidn  <reg16>, <bp> 
                             C                  db     0BDh 
                             C                  endif 
                             C                  ifidn  <reg16>, <sp> 
                             C                  db     0BCh 
                             C                  endif 
                             C                  ifidn  <reg16>, <BX> 
                             C                  db     0BBH 
                             C                  endif 
                             C                  ifidn  <reg16>, <CX> 
                             C                  db     0B9H 
                             C                  endif 
                             C                  ifidn  <reg16>, <DX> 
                             C                  db     0BAH 
                             C                  endif 
                             C                  ifidn  <reg16>, <SI> 
                             C                  db     0BEH 
                             C                  endif 
                             C                  ifidn  <reg16>, <DI> 
                             C                  db     0BFH 
                             C                  endif 
                             C                  ifidn  <reg16>, <BP> 
                             C                  db     0BDH 
                             C                  endif 
                             C                  ifidn  <reg16>, <SP> 
                             C                  db     0BCH 
                             C                  endif 
                             C                  dw     seg Imm16 
                             C  endm 
                             C   
                             C  ENDIF 
                             C   
                             C   
                             C  ENDIF 
                             C   
                             C   
                             C   
                             C  IFE (target EQ 'NO') 
                             C  ;----------------------------------------------------------------------------- 
                             C  ;  Some compilers and some assemblers will code a call that goes to a far 
                             C  ;  subroutine in the same segment as: 
Microsoft (R) Macro Assembler  Version 4.00                 3/29/26 15:16:09

                                                            Page     1-3
                                                            

                             C  ; 
                             C  ;               PUSH    CS 
                             C  ;               CALL    near 
                             C  ; 
                             C  ;  This saves one byte, and is slightly faster.  If the assembler you are 
                             C  ;  using (i.e. MASM, Optasm) does not do this automatically, the following 
                             C  ;  macros are used to code the same information.  In other words, the binary 
                             C  ;  file has "PUSH CS, CALL near", and Sourcer ensures the same instructions 
                             C  ;  are used!  (macro CALLF) 
                             C  ; 
                             C   
                             C  callf           macro   location 
                             C                  push    cs 
                             C                  call    near ptr location 
                             C  endm 
                             C   
                             C  ;  Some compilers generate an unnecessary DS override on the call instruction 
                             C  ;  when compacting the CALLF type function.  Macro CALLFX handles this case. 
                             C   
                             C  callfx          macro   location 
                             C                  push    cs 
                             C                  db      3Eh 
                             C                  call    near ptr location 
                             C  endm 
                             C   
                             C   
                             C  ;----------------------------------------------------------------------------- 
                             C  ;  Some compilers and some assemblers will code a near call that is the 
                             C  ;  selected assembler will convert to a short jump to save a byte.  This 
                             C  ;  reconstructs a near jump for these cases. 
                             C   
                             C  jmpn            macro   location 
                             C                  db      0E9h 
                             C                  dw      offset location-$-2 
                             C  endm 
                             C   
                             C  ENDIF 
                             C   
                                 
                                 
                                 
                                ; The following equates show data references outside the range of the program. 
                                 
 = 2000                         data_21e	equ	2000h			;* 
 = 2002                         data_22e	equ	2002h			;* 
 = 2010                         data_23e	equ	2010h			;* 
 = 2012                         data_24e	equ	2012h			;* 
 = 2016                         data_25e	equ	2016h			;* 
 = 2040                         data_26e	equ	2040h			;* 
 = 2044                         data_27e	equ	2044h			;* 
 = 3016                         data_28e	equ	3016h			;* 
 = 6004                         data_29e	equ	6004h			;* 
 = A078                         data_30e	equ	0A078h			;* 
 = A084                         data_31e	equ	0A084h			;* 
 = A0F8                         data_32e	equ	0A0F8h			;* 
Microsoft (R) Macro Assembler  Version 4.00                 3/29/26 15:16:09

                                                            Page     1-4
                                                            

 = A16E                         data_33e	equ	0A16Eh			;* 
 = A1CE                         data_34e	equ	0A1CEh			;* 
 = A302                         data_35e	equ	0A302h			;* 
 = A360                         data_36e	equ	0A360h			;* 
 = A37A                         data_37e	equ	0A37Ah			;* 
 = A3D4                         data_38e	equ	0A3D4h			;* 
 = A4A3                         data_39e	equ	0A4A3h			;* 
 = A79D                         data_40e	equ	0A79Dh			;* 
 = A79E                         data_41e	equ	0A79Eh			;* 
 = A79F                         data_42e	equ	0A79Fh			;* 
 = A7A0                         data_43e	equ	0A7A0h			;* 
 = A7A1                         data_44e	equ	0A7A1h			;* 
 = FF1A                         data_45e	equ	0FF1Ah			;* 
 = FF2C                         data_46e	equ	0FF2Ch			;* 
 = FF4C                         data_47e	equ	0FF4Ch			;* 
 = FF4E                         data_48e	equ	0FF4Eh			;* 
 = FF4F                         data_49e	equ	0FF4Fh			;* 
 = FF50                         data_50e	equ	0FF50h			;* 
 = FF75                         data_51e	equ	0FF75h			;* 
                                 
 0000                           seg_a		segment	byte public 
                                		assume	cs:seg_a, ds:seg_a 
                                 
                                 
 0000                           		org	0 
                                 
 0000                           _210HELDA	proc	far 
                                 
 0000                           start: 
 0000  A2 0007                  		mov	byte ptr ds:[7],al 
 0003  00 04                    		add	[si],al 
 0005  A0 A302                  		mov	al,ds:data_35e 
 0008  8E 06 FF2C               		mov	es,ds:data_46e 
 000C  BF 8000                  		mov	di,8000h 
 000F  BE A40F                  		mov	si,0A40Fh 
 0012  B0 02                    		mov	al,2 
 0014  2E: FF 16 010C           		call	word ptr cs:[10Ch] 
 0019  1E                       		push	ds 
 001A  2E: 8E 1E FF2C           		mov	ds,cs:data_46e 
 001F  BE 8000                  		mov	si,8000h 
 0022  B9 0100                  		mov	cx,100h 
 0025  2E: FF 16 2044           		call	word ptr cs:data_27e 
 002A  1F                       		pop	ds 
 002B  C6 06 FF4E 00            		mov	byte ptr ds:data_48e,0 
 0030  C6 06 FF4F 00            		mov	byte ptr ds:data_49e,0 
 0035  2E: FF 16 2002           		call	word ptr cs:data_22e 
 003A  2E: FF 16 2012           		call	word ptr cs:data_24e 
 003F  BE A41A                  		mov	si,0A41Ah 
 0042  2E: FF 16 2010           		call	word ptr cs:data_23e 
 0047  E8 0117 R                		call	sub_3 
 004A  BB 0D60                  		mov	bx,0D60h 
 004D  B9 3637                  		mov	cx,3637h 
 0050  B0 FF                    		mov	al,0FFh 
 0052  2E: FF 16 2000           		call	word ptr cs:data_21e 
 0057  E8 03EB R                		call	sub_7 
Microsoft (R) Macro Assembler  Version 4.00                 3/29/26 15:16:09

                                                            Page     1-5
                                                            

 005A  89 36 FF4C               		mov	ds:data_47e,si 
 005E                           loc_1: 
 005E  2E: FF 16 6004           		call	word ptr cs:data_29e 
 0063  3C FF                    		cmp	al,0FFh 
 0065  74 05                    		je	loc_2			; Jump if equal 
 0067  E8 0071 R                		call	sub_1 
 006A  EB F2                    		jmp	short loc_1 
 006C                           loc_2: 
 006C  2E: FF 26 2040           		jmp	word ptr cs:data_26e 
                                 
                                _210HELDA	endp 
                                 
                                ;ﬂﬂﬂﬂﬂﬂﬂﬂﬂﬂﬂﬂﬂﬂﬂﬂﬂﬂﬂﬂﬂﬂﬂﬂﬂﬂﬂﬂﬂﬂﬂﬂﬂﬂﬂﬂﬂﬂﬂﬂﬂﬂﬂﬂﬂﬂﬂﬂﬂﬂﬂﬂﬂﬂﬂﬂﬂﬂﬂﬂﬂﬂﬂﬂﬂﬂﬂﬂﬂﬂﬂﬂﬂﬂ 
                                ;                              SUBROUTINE 
                                ;‹‹‹‹‹‹‹‹‹‹‹‹‹‹‹‹‹‹‹‹‹‹‹‹‹‹‹‹‹‹‹‹‹‹‹‹‹‹‹‹‹‹‹‹‹‹‹‹‹‹‹‹‹‹‹‹‹‹‹‹‹‹‹‹‹‹‹‹‹‹‹‹‹‹ 
                                 
 0071                           sub_1		proc	near 
 0071  8A D8                    		mov	bl,al 
 0073  32 FF                    		xor	bh,bh			; Zero register 
 0075  03 DB                    		add	bx,bx 
 0077  2E: FF A7 A078           		jmp	word ptr cs:data_30e[bx]	;* 
                                sub_1		endp 
                                 
                                			                        ;* No entry point to code 
 007C  E4 A0                    		in	al,0A0h			; port 0A0h ??I/O Non-standard 
                                ;*		call	far ptr sub_8		;* 
 007E  9A 92A0 ----             				call	far ptr 0D4A0h:92A0h			; was: db 09Ah + dw 0A0h,0D4h,0A0h,092h 
210HELDA.asm(114) : error 38: Left operand must have segment 
 0083  A0 A084                  		mov	al,ds:data_31e 
 0086  8A A0 06C5 R             		mov	ah,data_17[bx+si] 
 008A  9D                       		popf				; Pop flags 
 008B  A7                       		cmpsw				; Cmp [si] to es:[di] 
                                ;*		inc	bx 
 008C  43                       				inc bx			; was: db 0FFh,0C3h 
 008D  32 C0                    		xor	al,al			; Zero register 
 008F  A2 A79D                  		mov	ds:data_40e,al 
 0092  E9 03A9 R                		jmp	loc_21 
                                			                        ;* No entry point to code 
 0095  B0 FF                    		mov	al,0FFh 
 0097  A2 A7A0                  		mov	ds:data_43e,al 
 009A  E9 03A9 R                		jmp	loc_21 
 009D  B9 0A 00                 		db	0B9h, 0Ah, 00h 
                                 
 00A0                           locloop_3: 
 00A0  51                       		push	cx 
 00A1  A1 0086                  		mov	ax,word ptr ds:[86h] 
 00A4  8A 16 0085               		mov	dl,byte ptr ds:[85h] 
 00A8  05 0064                  		add	ax,64h 
 00AB  80 D2 00                 		adc	dl,0 
 00AE  A3 0086                  		mov	word ptr ds:[86h],ax 
 00B1  88 16 0085               		mov	byte ptr ds:[85h],dl 
 00B5  2E: FF 16 2016           		call	word ptr cs:data_25e 
 00BA  C6 06 FF75 13            		mov	byte ptr ds:data_51e,13h 
 00BF  C6 06 FF1A 00            		mov	byte ptr ds:data_45e,0 
 00C4                           loc_4: 
Microsoft (R) Macro Assembler  Version 4.00                 3/29/26 15:16:09

                                                            Page     1-6
                                                            

 00C4  E8 0305 R                		call	sub_5 
 00C7  80 3E FF1A 0F            		cmp	byte ptr ds:data_45e,0Fh 
 00CC  72 F6                    		jb	loc_4			; Jump if below 
 00CE  59                       		pop	cx 
 00CF  E2 CF                    		loop	locloop_3		; Loop if cx > 0 
                                 
 00D1  C6 06 0005 FF            		mov	byte ptr ds:[5],0FFh 
                                		retn 
 00D6  C3                     1                 db     0C3h
 00D7  C6 06 1A FF 00           		db	0C6h, 06h, 1Ah,0FFh, 00h 
 00DC                           loc_5: 
 00DC  E8 0305 R                		call	sub_5 
 00DF  80 3E FF1A 96            		cmp	byte ptr ds:data_45e,96h 
 00E4  72 F6                    		jb	loc_5			; Jump if below 
                                		retn 
 00E6  C3                     1                 db     0C3h
                                			                        ;* No entry point to code 
 00E7  BE A0F8                  		mov	si,data_32e 
 00EA  B9 000C                  		mov	cx,0Ch 
                                 
 00ED                           locloop_6: 
 00ED  51                       		push	cx 
 00EE  AC                       		lodsb				; String [si] to al 
 00EF  56                       		push	si 
 00F0  E8 0145 R                		call	sub_4 
 00F3  E8 0107 R                		call	sub_2 
 00F6  5E                       		pop	si 
 00F7  59                       		pop	cx 
 00F8  E2 F3                    		loop	locloop_6		; Loop if cx > 0 
                                 
                                		retn 
 00FA  C3                     1                 db     0C3h
 00FB  00 00 01 02 02 01        		db	0, 0, 1, 2, 2, 1 
 0101  00 03 04 04 05 06        		db	0, 3, 4, 4, 5, 6 
                                 
                                ;ﬂﬂﬂﬂﬂﬂﬂﬂﬂﬂﬂﬂﬂﬂﬂﬂﬂﬂﬂﬂﬂﬂﬂﬂﬂﬂﬂﬂﬂﬂﬂﬂﬂﬂﬂﬂﬂﬂﬂﬂﬂﬂﬂﬂﬂﬂﬂﬂﬂﬂﬂﬂﬂﬂﬂﬂﬂﬂﬂﬂﬂﬂﬂﬂﬂﬂﬂﬂﬂﬂﬂﬂﬂﬂ 
                                ;                              SUBROUTINE 
                                ;‹‹‹‹‹‹‹‹‹‹‹‹‹‹‹‹‹‹‹‹‹‹‹‹‹‹‹‹‹‹‹‹‹‹‹‹‹‹‹‹‹‹‹‹‹‹‹‹‹‹‹‹‹‹‹‹‹‹‹‹‹‹‹‹‹‹‹‹‹‹‹‹‹‹ 
                                 
 0107                           sub_2		proc	near 
 0107  C6 06 FF1A 00            		mov	byte ptr ds:data_45e,0 
 010C                           loc_7: 
 010C  E8 0305 R                		call	sub_5 
 010F  80 3E FF1A 19            		cmp	byte ptr ds:data_45e,19h 
 0114  72 F6                    		jb	loc_7			; Jump if below 
                                		retn 
 0116  C3                     1                 db     0C3h
                                sub_2		endp 
                                 
                                 
                                ;ﬂﬂﬂﬂﬂﬂﬂﬂﬂﬂﬂﬂﬂﬂﬂﬂﬂﬂﬂﬂﬂﬂﬂﬂﬂﬂﬂﬂﬂﬂﬂﬂﬂﬂﬂﬂﬂﬂﬂﬂﬂﬂﬂﬂﬂﬂﬂﬂﬂﬂﬂﬂﬂﬂﬂﬂﬂﬂﬂﬂﬂﬂﬂﬂﬂﬂﬂﬂﬂﬂﬂﬂﬂﬂ 
                                ;                              SUBROUTINE 
                                ;‹‹‹‹‹‹‹‹‹‹‹‹‹‹‹‹‹‹‹‹‹‹‹‹‹‹‹‹‹‹‹‹‹‹‹‹‹‹‹‹‹‹‹‹‹‹‹‹‹‹‹‹‹‹‹‹‹‹‹‹‹‹‹‹‹‹‹‹‹‹‹‹‹‹ 
                                 
 0117                           sub_3		proc	near 
Microsoft (R) Macro Assembler  Version 4.00                 3/29/26 15:16:09

                                                            Page     1-7
                                                            

 0117  BE A16E                  		mov	si,data_33e 
 011A  BB 0E17                  		mov	bx,0E17h 
 011D  B9 0008                  		mov	cx,8 
                                 
 0120                           locloop_8: 
 0120  51                       		push	cx 
 0121  B9 000C                  		mov	cx,0Ch 
                                 
 0124                           locloop_9: 
 0124  51                       		push	cx 
 0125  53                       		push	bx 
 0126  AC                       		lodsb				; String [si] to al 
 0127  2E: FF 16 3016           		call	word ptr cs:data_28e 
 012C  5B                       		pop	bx 
 012D  FE C7                    		inc	bh 
 012F  59                       		pop	cx 
 0130  E2 F2                    		loop	locloop_9		; Loop if cx > 0 
                                 
 0132  80 EF 0C                 		sub	bh,0Ch 
 0135  80 C3 08                 		add	bl,8 
 0138  59                       		pop	cx 
 0139  E2 E5                    		loop	locloop_8		; Loop if cx > 0 
                                 
 013B  F6 06 0049 FF            		test	byte ptr ds:[49h],0FFh 
 0140  75 01                    		jnz	loc_10			; Jump if not zero 
                                		retn 
 0142  C3                     1                 db     0C3h
 0143                           loc_10: 
 0143  B0 06                    		mov	al,6 
                                sub_3		endp 
                                 
                                 
                                ;ﬂﬂﬂﬂﬂﬂﬂﬂﬂﬂﬂﬂﬂﬂﬂﬂﬂﬂﬂﬂﬂﬂﬂﬂﬂﬂﬂﬂﬂﬂﬂﬂﬂﬂﬂﬂﬂﬂﬂﬂﬂﬂﬂﬂﬂﬂﬂﬂﬂﬂﬂﬂﬂﬂﬂﬂﬂﬂﬂﬂﬂﬂﬂﬂﬂﬂﬂﬂﬂﬂﬂﬂﬂﬂ 
                                ;                              SUBROUTINE 
                                ;‹‹‹‹‹‹‹‹‹‹‹‹‹‹‹‹‹‹‹‹‹‹‹‹‹‹‹‹‹‹‹‹‹‹‹‹‹‹‹‹‹‹‹‹‹‹‹‹‹‹‹‹‹‹‹‹‹‹‹‹‹‹‹‹‹‹‹‹‹‹‹‹‹‹ 
                                 
 0145                           sub_4		proc	near 
 0145  8A D8                    		mov	bl,al 
 0147  32 FF                    		xor	bh,bh			; Zero register 
 0149  03 DB                    		add	bx,bx 
 014B  8B B7 A1CE               		mov	si,ds:data_34e[bx] 
 014F  BB 1117                  		mov	bx,1117h 
 0152  B9 0007                  		mov	cx,7 
                                 
 0155                           locloop_11: 
 0155  51                       		push	cx 
 0156  B9 0006                  		mov	cx,6 
                                 
 0159                           locloop_12: 
 0159  51                       		push	cx 
 015A  53                       		push	bx 
 015B  AC                       		lodsb				; String [si] to al 
 015C  2E: FF 16 3016           		call	word ptr cs:data_28e 
 0161  5B                       		pop	bx 
 0162  FE C7                    		inc	bh 
Microsoft (R) Macro Assembler  Version 4.00                 3/29/26 15:16:09

                                                            Page     1-8
                                                            

 0164  59                       		pop	cx 
 0165  E2 F2                    		loop	locloop_12		; Loop if cx > 0 
                                 
 0167  80 EF 06                 		sub	bh,6 
 016A  80 C3 08                 		add	bl,8 
 016D  59                       		pop	cx 
 016E  E2 E5                    		loop	locloop_11		; Loop if cx > 0 
                                 
                                		retn 
 0170  C3                     1                 db     0C3h
                                sub_4		endp 
                                 
 0171  00 01 02 03 3E 3F        		db	 00h, 01h, 02h, 03h, 3Eh, 3Fh 
 0177  40 41 18 19 1A 1B        		db	 40h, 41h, 18h, 19h, 1Ah, 1Bh 
 017D  04 05 06 07 42 43        		db	 04h, 05h, 06h, 07h, 42h, 43h 
 0183  44 45 1C 1D 1E 1F        		db	 44h, 45h, 1Ch, 1Dh, 1Eh, 1Fh 
 0189  08 09 0A 46 47 48 49     		db	8, 9, 0Ah, 'FGHIJK !"' 
       4A 4B 20 21 22           
 0195  0B                       		db	0Bh 
 0196  0C 0D 4C 4D 4E 4F 50     		db	0Ch, 0Dh, 'LMNOPQ#$' 
       51 23 24                 
 01A0  25                       		db	'%' 
 01A1  0E 0F 10                 		db	 0Eh, 0Fh, 10h 
 01A4  52 53 54 55 56 57 26     		db	'RSTUVW&', 27h, '(' 
       27 28                    
 01AD  11 12 13                 		db	 11h, 12h, 13h 
 01B0  58 59 5A 5B 5C 29 2A     		db	'XYZ[\)*+,' 
       2B 2C                    
 01B9  14 15 16 17              		db	 14h, 15h, 16h, 17h 
 01BD  5D 5E 5F 2D 2E 2F 30     		db	']^_-./0123456789:;<=' 
       31 32 33 34 35 36 37     
       38 39 3A 3B 3C 3D        
 01D1  DC A1 06 A2 30 A2        		db	0DCh,0A1h, 06h,0A2h, 30h,0A2h 
 01D7  5A A2 84 A2 AE A2        		db	 5Ah,0A2h, 84h,0A2h,0AEh,0A2h 
 01DD  D8 A2 03 3E 3F 40        		db	0D8h,0A2h, 03h, 3Eh, 3Fh, 40h 
 01E3  41 18 07 42 43 44        		db	 41h, 18h, 07h, 42h, 43h, 44h 
 01E9  45 1C                    		db	 45h, 1Ch 
 01EB  46 47 48 49 4A 4B 4C     		db	'FGHIJKLMNOPQRSTUVWXYZ[\)' 
       4D 4E 4F 50 51 52 53     
       54 55 56 57 58 59 5A     
       5B 5C 29                 
 0203  17 5D 5E 5F 2D 2E        		db	 17h, 5Dh, 5Eh, 5Fh, 2Dh, 2Eh 
 0209  03 3E 3F 40 41 18        		db	 03h, 3Eh, 3Fh, 40h, 41h, 18h 
 020F  07 42 43 44 45 1C        		db	 07h, 42h, 43h, 44h, 45h, 1Ch 
 0215  46 47 48 49 4A 4B 4C     		db	'FGHIJKLMNOPQR`abVWXYZ[\)' 
       4D 4E 4F 50 51 52 60     
       61 62 56 57 58 59 5A     
       5B 5C 29                 
 022D  17 5D 5E 5F 2D 2E        		db	 17h, 5Dh, 5Eh, 5Fh, 2Dh, 2Eh 
 0233  03 3E 3F 40 41 18        		db	 03h, 3Eh, 3Fh, 40h, 41h, 18h 
 0239  07 42 43 44 45 1C        		db	 07h, 42h, 43h, 44h, 45h, 1Ch 
 023F  46 47 48 49 4A 4B 4C     		db	'FGHIJKLMNOPQRcdeVWXYZ[\)' 
       4D 4E 4F 50 51 52 63     
       64 65 56 57 58 59 5A     
       5B 5C 29                 
Microsoft (R) Macro Assembler  Version 4.00                 3/29/26 15:16:09

                                                            Page     1-9
                                                            

 0257  17 5D 5E 5F 2D 2E        		db	 17h, 5Dh, 5Eh, 5Fh, 2Dh, 2Eh 
 025D  03 66 67 68 69 18        		db	 03h, 66h, 67h, 68h, 69h, 18h 
 0263  07 6A 6B 6C 6D 1C        		db	 07h, 6Ah, 6Bh, 6Ch, 6Dh, 1Ch 
 0269  6E 6F 70 71 72 73 74     		db	'nopqrstuvwxyz{|}~' 
       75 76 77 78 79 7A 7B     
       7C 7D 7E                 
 027A  7F 80 81 82 83 84        		db	 7Fh, 80h, 81h, 82h, 83h, 84h 
 0280  29 17 85 86 87 2D        		db	 29h, 17h, 85h, 86h, 87h, 2Dh 
 0286  2E 03 88 89 8A 8B        		db	 2Eh, 03h, 88h, 89h, 8Ah, 8Bh 
 028C  18 07 8C 8D 8E 8F        		db	 18h, 07h, 8Ch, 8Dh, 8Eh, 8Fh 
 0292  1C 90 91 92 93 94        		db	 1Ch, 90h, 91h, 92h, 93h, 94h 
 0298  95 96 AD AB AE 9A        		db	 95h, 96h,0ADh,0ABh,0AEh, 9Ah 
 029E  9B 9C 9D 9E 9F A0        		db	 9Bh, 9Ch, 9Dh, 9Eh, 9Fh,0A0h 
 02A4  A1 A2 A3 A4 A5 A6        		db	0A1h,0A2h,0A3h,0A4h,0A5h,0A6h 
 02AA  29 17 A7 A8 A9 2D        		db	 29h, 17h,0A7h,0A8h,0A9h, 2Dh 
 02B0  2E 03 88 89 8A 8B        		db	 2Eh, 03h, 88h, 89h, 8Ah, 8Bh 
 02B6  18 07 8C 8D 8E 8F        		db	 18h, 07h, 8Ch, 8Dh, 8Eh, 8Fh 
 02BC  1C 90 91 92 93 94        		db	 1Ch, 90h, 91h, 92h, 93h, 94h 
 02C2  95 96 AA AB AC 9A        		db	 95h, 96h,0AAh,0ABh,0ACh, 9Ah 
 02C8  9B 9C 9D 9E 9F A0        		db	 9Bh, 9Ch, 9Dh, 9Eh, 9Fh,0A0h 
 02CE  A1 A2 A3 A4 A5 A6        		db	0A1h,0A2h,0A3h,0A4h,0A5h,0A6h 
 02D4  29 17 A7 A8 A9 2D        		db	 29h, 17h,0A7h,0A8h,0A9h, 2Dh 
 02DA  2E 03 88 89 8A 8B        		db	 2Eh, 03h, 88h, 89h, 8Ah, 8Bh 
 02E0  18 07 8C 8D 8E 8F        		db	 18h, 07h, 8Ch, 8Dh, 8Eh, 8Fh 
 02E6  1C 90 91 92 93 94        		db	 1Ch, 90h, 91h, 92h, 93h, 94h 
 02EC  95 96 97 98 99 9A        		db	 95h, 96h, 97h, 98h, 99h, 9Ah 
 02F2  9B 9C 9D 9E 9F A0        		db	 9Bh, 9Ch, 9Dh, 9Eh, 9Fh,0A0h 
 02F8  A1 A2 A3 A4 A5 A6        		db	0A1h,0A2h,0A3h,0A4h,0A5h,0A6h 
 02FE  29 17 A7 A8 A9           		db	 29h, 17h,0A7h,0A8h,0A9h 
 0303  2D 2E                    		db	 2Dh, 2Eh 
                                 
                                ;ﬂﬂﬂﬂﬂﬂﬂﬂﬂﬂﬂﬂﬂﬂﬂﬂﬂﬂﬂﬂﬂﬂﬂﬂﬂﬂﬂﬂﬂﬂﬂﬂﬂﬂﬂﬂﬂﬂﬂﬂﬂﬂﬂﬂﬂﬂﬂﬂﬂﬂﬂﬂﬂﬂﬂﬂﬂﬂﬂﬂﬂﬂﬂﬂﬂﬂﬂﬂﬂﬂﬂﬂﬂﬂ 
                                ;                              SUBROUTINE 
                                ;‹‹‹‹‹‹‹‹‹‹‹‹‹‹‹‹‹‹‹‹‹‹‹‹‹‹‹‹‹‹‹‹‹‹‹‹‹‹‹‹‹‹‹‹‹‹‹‹‹‹‹‹‹‹‹‹‹‹‹‹‹‹‹‹‹‹‹‹‹‹‹‹‹‹ 
                                 
 0305                           sub_5		proc	near 
 0305  83 3E FF50 04            		cmp	word ptr ds:data_50e,4 
 030A  73 01                    		jae	loc_13			; Jump if above or = 
                                		retn 
 030C  C3                     1                 db     0C3h
 030D                           loc_13: 
 030D  C7 06 FF50 0000          		mov	word ptr ds:data_50e,0 
 0313  E8 0318 R                		call	sub_6 
 0316  EB 71                    		jmp	short loc_18 
                                 
                                ;ﬂﬂﬂﬂ External Entry into Subroutine ﬂﬂﬂﬂﬂﬂﬂﬂﬂﬂﬂﬂﬂﬂﬂﬂﬂﬂﬂﬂﬂﬂﬂﬂﬂﬂﬂﬂﬂﬂﬂﬂﬂﬂﬂﬂﬂﬂ 
                                 
 0318                           sub_6: 
 0318  F6 06 A7A0 FF            		test	byte ptr ds:data_43e,0FFh 
 031D  75 01                    		jnz	loc_14			; Jump if not zero 
                                		retn 
 031F  C3                     1                 db     0C3h
 0320                           loc_14: 
 0320  FE 06 A7A1               		inc	byte ptr ds:data_44e 
 0324  80 3E A7A1 1A            		cmp	byte ptr ds:data_44e,1Ah 
Microsoft (R) Macro Assembler  Version 4.00                 3/29/26 15:16:09

                                                            Page     1-10
                                                            

 0329  72 10                    		jb	loc_16			; Jump if below 
 032B  2E: FF 16 011A           		call	word ptr cs:[11Ah] 
 0330  0A C0                    		or	al,al			; Zero ? 
 0332  74 01                    		jz	loc_15			; Jump if zero 
                                		retn 
 0334  C3                     1                 db     0C3h
 0335                           loc_15: 
 0335  C6 06 A7A1 FF            		mov	byte ptr ds:data_44e,0FFh 
                                		retn 
 033A  C3                     1                 db     0C3h
 033B                           loc_16: 
 033B  BB A360                  		mov	bx,data_36e 
 033E  A0 A7A1                  		mov	al,ds:data_44e 
 0341  D7                       		xlat				; al=[al+[bx]] table 
 0342  32 E4                    		xor	ah,ah			; Zero register 
 0344  03 C0                    		add	ax,ax 
 0346  03 C0                    		add	ax,ax 
 0348  8B F0                    		mov	si,ax 
 034A  81 C6 A37A               		add	si,data_37e 
 034E  BB 112F                  		mov	bx,112Fh 
 0351  B9 0004                  		mov	cx,4 
                                 
 0354                           locloop_17: 
 0354  51                       		push	cx 
 0355  53                       		push	bx 
 0356  AC                       		lodsb				; String [si] to al 
 0357  2E: FF 16 3016           		call	word ptr cs:data_28e 
 035C  5B                       		pop	bx 
 035D  FE C7                    		inc	bh 
 035F  59                       		pop	cx 
 0360  E2 F2                    		loop	locloop_17		; Loop if cx > 0 
                                 
                                		retn 
 0362  C3                     1                 db     0C3h
 0363  00 00 00 00 00 00        		db	 00h, 00h, 00h, 00h, 00h, 00h 
 0369  01 01 01 01 01 02        		db	 01h, 01h, 01h, 01h, 01h, 02h 
 036F  02 02 02 02 01 01        		db	 02h, 02h, 02h, 02h, 01h, 01h 
 0375  01 01 01 00 00 00        		db	 01h, 01h, 01h, 00h, 00h, 00h 
 037B  00 00 96 97 98 99        		db	 00h, 00h, 96h, 97h, 98h, 99h 
 0381  96 AA AB AC 96 AD        		db	 96h,0AAh,0ABh,0ACh, 96h,0ADh 
 0387  AB AE                    		db	0ABh,0AEh 
 0389                           loc_18: 
 0389  F6 06 A79D FF            		test	byte ptr ds:data_40e,0FFh 
 038E  75 01                    		jnz	loc_19			; Jump if not zero 
                                		retn 
 0390  C3                     1                 db     0C3h
 0391                           loc_19: 
 0391  FE 06 A79E               		inc	byte ptr ds:data_41e 
 0395  80 3E A79E 06            		cmp	byte ptr ds:data_41e,6 
 039A  73 01                    		jae	loc_20			; Jump if above or = 
                                		retn 
 039C  C3                     1                 db     0C3h
 039D                           loc_20: 
 039D  C6 06 A79E 00            		mov	byte ptr ds:data_41e,0 
 03A2  FE 06 A79F               		inc	byte ptr ds:data_42e 
Microsoft (R) Macro Assembler  Version 4.00                 3/29/26 15:16:09

                                                            Page     1-11
                                                            

 03A6  A0 A79F                  		mov	al,ds:data_42e 
 03A9                           loc_21: 
 03A9  24 01                    		and	al,1 
 03AB  B1 0A                    		mov	cl,0Ah 
 03AD  F6 E1                    		mul	cl			; ax = reg * al 
 03AF  8B F0                    		mov	si,ax 
 03B1  81 C6 A3D4               		add	si,data_38e 
 03B5  BB 113F                  		mov	bx,113Fh 
 03B8  B9 0002                  		mov	cx,2 
                                 
 03BB                           locloop_22: 
 03BB  51                       		push	cx 
 03BC  B9 0005                  		mov	cx,5 
                                 
 03BF                           locloop_23: 
 03BF  51                       		push	cx 
 03C0  53                       		push	bx 
 03C1  AC                       		lodsb				; String [si] to al 
 03C2  2E: FF 16 3016           		call	word ptr cs:data_28e 
 03C7  5B                       		pop	bx 
 03C8  FE C7                    		inc	bh 
 03CA  59                       		pop	cx 
 03CB  E2 F2                    		loop	locloop_23		; Loop if cx > 0 
                                 
 03CD  80 EF 05                 		sub	bh,5 
 03D0  80 C3 08                 		add	bl,8 
 03D3  59                       		pop	cx 
 03D4  E2 E5                    		loop	locloop_22		; Loop if cx > 0 
                                 
                                		retn 
 03D6  C3                     1                 db     0C3h
                                sub_5		endp 
                                 
                                			                        ;* No entry point to code 
 03D7  A2 A4A3                  		mov	ds:data_39e,al 
 03DA  A5                       		movsw				; Mov [si] to es:[di] 
 03DB  A6                       		cmpsb				; Cmp [si] to es:[di] 
 03DC  17                       		pop	ss 
 03DD  A7                       		cmpsw				; Cmp [si] to es:[di] 
 03DE  A8 A9                    		test	al,0A9h 
 03E0  2D B0AF                  		sub	ax,0B0AFh 
 03E3  B1 B2                    		mov	cl,0B2h 
 03E5  B3 17                    		mov	bl,17h 
 03E7  B4 B5                    		mov	ah,0B5h 
 03E9  B6 2D                    		mov	dh,2Dh			; '-' 
                                 
                                ;ﬂﬂﬂﬂﬂﬂﬂﬂﬂﬂﬂﬂﬂﬂﬂﬂﬂﬂﬂﬂﬂﬂﬂﬂﬂﬂﬂﬂﬂﬂﬂﬂﬂﬂﬂﬂﬂﬂﬂﬂﬂﬂﬂﬂﬂﬂﬂﬂﬂﬂﬂﬂﬂﬂﬂﬂﬂﬂﬂﬂﬂﬂﬂﬂﬂﬂﬂﬂﬂﬂﬂﬂﬂﬂ 
                                ;                              SUBROUTINE 
                                ;‹‹‹‹‹‹‹‹‹‹‹‹‹‹‹‹‹‹‹‹‹‹‹‹‹‹‹‹‹‹‹‹‹‹‹‹‹‹‹‹‹‹‹‹‹‹‹‹‹‹‹‹‹‹‹‹‹‹‹‹‹‹‹‹‹‹‹‹‹‹‹‹‹‹ 
                                 
 03EB                           sub_7		proc	near 
 03EB  BE A42F                  		mov	si,0A42Fh 
 03EE  A0 0005                  		mov	al,byte ptr ds:[5] 
 03F1  0A 06 0006               		or	al,byte ptr ds:[6] 
 03F5  75 01                    		jnz	loc_24			; Jump if not zero 
Microsoft (R) Macro Assembler  Version 4.00                 3/29/26 15:16:09

                                                            Page     1-12
                                                            

                                		retn 
 03F7  C3                     1                 db     0C3h
 03F8                           loc_24: 
 03F8  BE A53C                  		mov	si,0A53Ch 
 03FB  F6 06 0006 FF            		test	byte ptr ds:[6],0FFh 
 0400  75 01                    		jnz	loc_25			; Jump if not zero 
                                		retn 
 0402  C3                     1                 db     0C3h
 0403                           loc_25: 
 0403  BE A5D2                  		mov	si,0A5D2h 
 0406  F6 06 0049 FF            		test	byte ptr ds:[49h],0FFh 
 040B  75 01                    		jnz	loc_26			; Jump if not zero 
                                		retn 
 040D  C3                     1                 db     0C3h
 040E                           loc_26: 
 040E  BE A6C1                  		mov	si,0A6C1h 
                                		retn 
 0411  C3                     1                 db     0C3h
                                sub_7		endp 
                                 
                                			                        ;* No entry point to code 
 0412  01 13                    		add	[bp+di],dx 
 0414  4B                       		dec	bx 
 0415  49                       		dec	cx 
 0416  4E                       		dec	si 
 0417  47                       		inc	di 
 0418  2E 47 52 50 00 13        		db	 2Eh, 47h, 52h, 50h, 00h, 13h 
 041E  AF 00 11                 		db	0AFh, 00h, 11h 
 0421  4B 69 6E 67 20 6F 66     		db	'King of Felishika', 0Ch 
       20 46 65 6C 69 73 68     
       69 6B 61 0C              
 0433  FF 00 FF 03 FF 04        		db	0FFh, 00h,0FFh, 03h,0FFh, 04h 
 0439  42 72 61 76 65 20 44     		db	'Brave Duke Garland, ' 
       75 6B 65 20 47 61 72     
       6C 61 6E 64 2C 20        
 044D  FF 05 FF 02 FF 04        		db	0FFh, 05h,0FFh, 02h,0FFh, 04h 
 0453  79 6F 75 5C 6C 6C 20     		db	'you\ll need money for your journ' 
       6E 65 65 64 20 6D 6F     
       6E 65 79 20 66 6F 72     
       20 79 6F 75 72 20 6A     
       6F 75 72 6E              
 0473  65 79 2E 2F 49 26 68     		db	'ey./I&hereby bestow upon you 100' 
       65 72 65 62 79 20 62     
       65 73 74 6F 77 20 75     
       70 6F 6E 20 79 6F 75     
       20 31 30 30              
 0493  30 26 47 6F              		db	'0&Go' 
 0497  6C 64 73 2E FF 05        		db	 6Ch, 64h, 73h, 2Eh,0FFh, 05h 
 049D  FF 02 FF 01 0D FF        		db	0FFh, 02h,0FFh, 01h, 0Dh,0FFh 
 04A3  04                       		db	 04h 
 04A4  47 6F 20 74 6F 20 74     		db	'Go to town and outfit yourself, ' 
       6F 77 6E 20 61 6E 64     
       20 6F 75 74 66 69 74     
       20 79 6F 75 72 73 65     
       6C 66 2C 20              
Microsoft (R) Macro Assembler  Version 4.00                 3/29/26 15:16:09

                                                            Page     1-13
                                                            

 04C4  74 68 65 6E 20 6D 61     		db	'then make haste to the labyrinth' 
       6B 65 20 68 61 73 74     
       65 20 74 6F 20 74 68     
       65 20 6C 61 62 79 72     
       69 6E 74 68              
 04E4  20 74 6F 20 64 65 66     		db	' to defeat the forces of Jashiin' 
       65 61 74 20 74 68 65     
       20 66 6F 72 63 65 73     
       20 6F 66 20 4A 61 73     
       68 69 69 6E              
 0504  2E 20 4D 79 20 6B 69     		db	'. My kingdom and the life of my ' 
       6E 67 64 6F 6D 20 61     
       6E 64 20 74 68 65 20     
       6C 69 66 65 20 6F 66     
       20 6D 79 20              
 0524  64 61 75 67 68 74 65     		db	'daughter are at stake.' 
       72 20 61 72 65 20 61     
       74 20 73 74 61 6B 65     
       2E                       
 053A  FF 05 11 FF FF 0C        		db	0FFh, 05h, 11h,0FFh,0FFh, 0Ch 
 0540  FF 00 FF 03 FF 04        		db	0FFh, 00h,0FFh, 03h,0FFh, 04h 
 0546  42 72 61 76 65 20 44     		db	'Brave Duke, did you forget somet' 
       75 6B 65 2C 20 64 69     
       64 20 79 6F 75 20 66     
       6F 72 67 65 74 20 73     
       6F 6D 65 74              
 0566  68 69 6E 67 3F           		db	'hing?' 
 056B  FF 05 FF 02 0D FF        		db	0FFh, 05h,0FFh, 02h, 0Dh,0FFh 
 0571  04                       		db	 04h 
 0572  54 68 65 20 65 6E 74     		db	'The entrance to the labyrinth is' 
       72 61 6E 63 65 20 74     
       6F 20 74 68 65 20 6C     
       61 62 79 72 69 6E 74     
       68 20 69 73              
 0592  20 61 74 20 74 68 65     		db	' at the edge of town.' 
       20 65 64 67 65 20 6F     
       66 20 74 6F 77 6E 2E     
                                
 05A7  FF 05 0D FF 04           		db	0FFh, 05h, 0Dh,0FFh, 04h 
 05AC  50 6C 65 61 73 65 20     		db	'Please hurry, before it\s too la' 
       68 75 72 72 79 2C 20     
       62 65 66 6F 72 65 20     
       69 74 5C 73 20 74 6F     
       6F 20 6C 61              
 05CC  74 65 21 20              		db	'te! ' 
 05D0  FF 05 11 FF FF 0C        		db	0FFh, 05h, 11h,0FFh,0FFh, 0Ch 
 05D6  FF 00 FF 03 FF 04        		db	0FFh, 00h,0FFh, 03h,0FFh, 04h 
 05DC  44 75 6B 65 20 47 61     		db	'Duke Garland, ' 
       72 6C 61 6E 64 2C 20     
                                
 05EA  FF 05 FF 02 FF 04        		db	0FFh, 05h,0FFh, 02h,0FFh, 04h 
 05F0  49 20 61 6D 20 69 6E     		db	'I am in debt to you for your eff' 
       20 64 65 62 74 20 74     
       6F 20 79 6F 75 20 66     
       6F 72 20 79 6F 75 72     
Microsoft (R) Macro Assembler  Version 4.00                 3/29/26 15:16:09

                                                            Page     1-14
                                                            

       20 65 66 66              
 0610  6F 72 74 73 2E 20        		db	'orts. ' 
 0616  FF 05 FF 02 FF 04        		db	0FFh, 05h,0FFh, 02h,0FFh, 04h 
 061C  48 61 76 65 20 79 6F     		db	'Have you not yet succeeded in va' 
       75 20 6E 6F 74 20 79     
       65 74 20 73 75 63 63     
       65 65 64 65 64 20 69     
       6E 20 76 61              
 063C  6E 71 75 69 73 68 69     		db	'nquishing Jash' 
       6E 67 20 4A 61 73 68     
                                
 064A  69 69 6E 3F 20 FF        		db	 69h, 69h, 6Eh, 3Fh, 20h,0FFh 
 0650  05 FF 02 0D FF 04        		db	 05h,0FFh, 02h, 0Dh,0FFh, 04h 
 0656  49 20 70 72 61 79 20     		db	'I pray that the spirits will gui' 
       74 68 61 74 20 74 68     
       65 20 73 70 69 72 69     
       74 73 20 77 69 6C 6C     
       20 67 75 69              
 0676  64 65 20 79 6F 75 2E     		db	'de you. Please don\t give up, th' 
       20 50 6C 65 61 73 65     
       20 64 6F 6E 5C 74 20     
       67 69 76 65 20 75 70     
       2C 20 74 68              
 0696  65 20 70 65 6F 70 6C     		db	'e people of Zeliard are dependin' 
       65 20 6F 66 20 5A 65     
       6C 69 61 72 64 20 61     
       72 65 20 64 65 70 65     
       6E 64 69 6E              
 06B6  67 20 6F 6E 20 79 6F     		db	'g on you!' 
       75 21                    
 06BF  FF 05 11 FF FF 0C        		db	0FFh, 05h, 11h,0FFh,0FFh, 0Ch 
 06C5  FF                       data_17		db	0FFh			; Data table (indexed access) 
 06C6  03 FF 04                 		db	 03h,0FFh, 04h 
 06C9  44 75 6B 65 20 47 61     		db	'Duke Garland, ' 
       72 6C 61 6E 64 2C 20     
                                
 06D7  FF 05 FF 02 FF 04        		db	0FFh, 05h,0FFh, 02h,0FFh, 04h 
 06DD  79 6F 75 20 61 72 65     data_18		db	'you are a brave man. You have co' 
       20 61 20 62 72 61 76     
       65 20 6D 61 6E 2E 20     
       59 6F 75 20 68 61 76     
       65 20 63 6F              
 06FD  6E 71 75 65 72 65 64     		db	'nquered Jashiin and returned the' 
       20 4A 61 73 68 69 69     
       6E 20 61 6E 64 20 72     
       65 74 75 72 6E 65 64     
       20 74 68 65              
 071D  20 6E 69 6E 65 20 54     		db	' nine Tears of Esmesanti. ' 
       65 61 72 73 20 6F 66     
       20 45 73 6D 65 73 61     
       6E 74 69 2E 20           
 0737  FF 05 FF 02 0D FF        		db	0FFh, 05h,0FFh, 02h, 0Dh,0FFh 
 073D  04                       		db	 04h 
 073E  4E 6F 77 20 67 6F 20     		db	'Now go quickly to the chamber of' 
       71 75 69 63 6B 6C 79     
Microsoft (R) Macro Assembler  Version 4.00                 3/29/26 15:16:09

                                                            Page     1-15
                                                            

       20 74 6F 20 74 68 65     
       20 63 68 61 6D 62 65     
       72 20 6F 66              
 075E  20 50 72 69 6E 63 65     		db	' Princess Felicia. The&crystals ' 
       73 73 20 46 65 6C 69     
       63 69 61 2E 20 54 68     
       65 26 63 72 79 73 74     
       61 6C 73 20              
 077E  77 69 6C 6C 20 62 72     		db	'will bring her back to life. ' 
       69 6E 67 20 68 65 72     
       20 62 61 63 6B 20 74     
       6F 20 6C 69 66 65 2E     
       20                       
 079B  FF 05 11 FF FF 00        		db	0FFh, 05h, 11h,0FFh,0FFh, 00h 
 07A1  00 00 00 00              		db	 00h, 00h, 00h, 00h 
                                 
 07A5                           seg_a		ends 
                                 
                                 
                                 
                                		end	start 

Microsoft (R) Macro Assembler  Version 4.00                 3/29/26 15:16:09

                                                            Symbols-1
                                                             

Macros:

		N a m e			Lines

CALLF  . . . . . . . . . . . . .  	   2
CALLFX . . . . . . . . . . . . .  	   3
JMPN . . . . . . . . . . . . . .  	   2
MOVSEG . . . . . . . . . . . . .  	  43
RETF . . . . . . . . . . . . . .  	   6
RETN . . . . . . . . . . . . . .  	   6

Segments and Groups:

                N a m e         	Size	Align	Combine Class

SEG_A  . . . . . . . . . . . . .  	07A5	BYTE	PUBLIC	

Symbols:            

                N a m e         	Type	Value	Attr         

DATA_17  . . . . . . . . . . . .  	L BYTE 	06C5	SEG_A
DATA_18  . . . . . . . . . . . .  	L BYTE 	06DD	SEG_A
DATA_21E . . . . . . . . . . . .  	Number	2000	
DATA_22E . . . . . . . . . . . .  	Number	2002	
DATA_23E . . . . . . . . . . . .  	Number	2010	
DATA_24E . . . . . . . . . . . .  	Number	2012	
DATA_25E . . . . . . . . . . . .  	Number	2016	
DATA_26E . . . . . . . . . . . .  	Number	2040	
DATA_27E . . . . . . . . . . . .  	Number	2044	
DATA_28E . . . . . . . . . . . .  	Number	3016	
DATA_29E . . . . . . . . . . . .  	Number	6004	
DATA_30E . . . . . . . . . . . .  	Number	A078	
DATA_31E . . . . . . . . . . . .  	Number	A084	
DATA_32E . . . . . . . . . . . .  	Number	A0F8	
DATA_33E . . . . . . . . . . . .  	Number	A16E	
DATA_34E . . . . . . . . . . . .  	Number	A1CE	
DATA_35E . . . . . . . . . . . .  	Number	A302	
DATA_36E . . . . . . . . . . . .  	Number	A360	
DATA_37E . . . . . . . . . . . .  	Number	A37A	
DATA_38E . . . . . . . . . . . .  	Number	A3D4	
DATA_39E . . . . . . . . . . . .  	Number	A4A3	
DATA_40E . . . . . . . . . . . .  	Number	A79D	
DATA_41E . . . . . . . . . . . .  	Number	A79E	
DATA_42E . . . . . . . . . . . .  	Number	A79F	
DATA_43E . . . . . . . . . . . .  	Number	A7A0	
DATA_44E . . . . . . . . . . . .  	Number	A7A1	
DATA_45E . . . . . . . . . . . .  	Number	FF1A	
DATA_46E . . . . . . . . . . . .  	Number	FF2C	
DATA_47E . . . . . . . . . . . .  	Number	FF4C	
DATA_48E . . . . . . . . . . . .  	Number	FF4E	
DATA_49E . . . . . . . . . . . .  	Number	FF4F	
DATA_50E . . . . . . . . . . . .  	Number	FF50	
DATA_51E . . . . . . . . . . . .  	Number	FF75	

Microsoft (R) Macro Assembler  Version 4.00                 3/29/26 15:16:09

                                                            Symbols-2
                                                             

LOCLOOP_11 . . . . . . . . . . .  	L NEAR	0155	SEG_A
LOCLOOP_12 . . . . . . . . . . .  	L NEAR	0159	SEG_A
LOCLOOP_17 . . . . . . . . . . .  	L NEAR	0354	SEG_A
LOCLOOP_22 . . . . . . . . . . .  	L NEAR	03BB	SEG_A
LOCLOOP_23 . . . . . . . . . . .  	L NEAR	03BF	SEG_A
LOCLOOP_3  . . . . . . . . . . .  	L NEAR	00A0	SEG_A
LOCLOOP_6  . . . . . . . . . . .  	L NEAR	00ED	SEG_A
LOCLOOP_8  . . . . . . . . . . .  	L NEAR	0120	SEG_A
LOCLOOP_9  . . . . . . . . . . .  	L NEAR	0124	SEG_A
LOC_1  . . . . . . . . . . . . .  	L NEAR	005E	SEG_A
LOC_10 . . . . . . . . . . . . .  	L NEAR	0143	SEG_A
LOC_13 . . . . . . . . . . . . .  	L NEAR	030D	SEG_A
LOC_14 . . . . . . . . . . . . .  	L NEAR	0320	SEG_A
LOC_15 . . . . . . . . . . . . .  	L NEAR	0335	SEG_A
LOC_16 . . . . . . . . . . . . .  	L NEAR	033B	SEG_A
LOC_18 . . . . . . . . . . . . .  	L NEAR	0389	SEG_A
LOC_19 . . . . . . . . . . . . .  	L NEAR	0391	SEG_A
LOC_2  . . . . . . . . . . . . .  	L NEAR	006C	SEG_A
LOC_20 . . . . . . . . . . . . .  	L NEAR	039D	SEG_A
LOC_21 . . . . . . . . . . . . .  	L NEAR	03A9	SEG_A
LOC_24 . . . . . . . . . . . . .  	L NEAR	03F8	SEG_A
LOC_25 . . . . . . . . . . . . .  	L NEAR	0403	SEG_A
LOC_26 . . . . . . . . . . . . .  	L NEAR	040E	SEG_A
LOC_4  . . . . . . . . . . . . .  	L NEAR	00C4	SEG_A
LOC_5  . . . . . . . . . . . . .  	L NEAR	00DC	SEG_A
LOC_7  . . . . . . . . . . . . .  	L NEAR	010C	SEG_A

START  . . . . . . . . . . . . .  	L NEAR	0000	SEG_A
SUB_1  . . . . . . . . . . . . .  	N PROC	0071	SEG_A	Length = 000B
SUB_2  . . . . . . . . . . . . .  	N PROC	0107	SEG_A	Length = 0010
SUB_3  . . . . . . . . . . . . .  	N PROC	0117	SEG_A	Length = 002E
SUB_4  . . . . . . . . . . . . .  	N PROC	0145	SEG_A	Length = 002C
SUB_5  . . . . . . . . . . . . .  	N PROC	0305	SEG_A	Length = 00D2
SUB_6  . . . . . . . . . . . . .  	L NEAR	0318	SEG_A
SUB_7  . . . . . . . . . . . . .  	N PROC	03EB	SEG_A	Length = 0027

TARGET . . . . . . . . . . . . .  	Number	4D34	

_210HELDA  . . . . . . . . . . .  	F PROC	0000	SEG_A	Length = 0071


    674 Source  Lines
    783 Total   Lines
     97 Symbols

  47232 Bytes symbol space free

      0 Warning Errors
      1 Severe  Errors
