Microsoft (R) Macro Assembler  Version 4.00                 3/29/26 15:16:19

                                                            Page     1-1
                                                            

                                 
                                PAGE  59,132 
                                 
                                ;€€€€€€€€€€€€€€€€€€€€€€€€€€€€€€€€€€€€€€€€€€€€€€€€€€€€€€€€€€€€€€€€€€€€€€€€€€ 
                                ;€€					                                 €€ 
                                ;€€				_213DORDO                                €€ 
                                ;€€					                                 €€ 
                                ;€€      Created:   29-Mar-26		                                 €€ 
                                ;€€      Code type: zero start		                                 €€ 
                                ;€€      Passes:    9          Analysis	Options on: none                 €€ 
                                ;€€					                                 €€ 
                                ;€€€€€€€€€€€€€€€€€€€€€€€€€€€€€€€€€€€€€€€€€€€€€€€€€€€€€€€€€€€€€€€€€€€€€€€€€€ 
                                 
 = 4D34                         target		EQU   'M4'                      ; Target assembler: MASM-4.0 
                                 
                             C  include  srmacros.inc 
                             C   
                             C  ; Macros which may be required for proper re-assembly 
                             C   
                             C  IF (target EQ 'M4') 
                             C  ;----------------------------------------------------------------------------- 
                             C  ;  MASM 4.0 does not allow retf and retn, allowed by current assemblers. 
                             C  ;  These marcos, convert RETF and RETN into data bytes that are acceptable 
                             C  ;  to MASM 4.0. 
                             C   
                             C   
                             C  retf            macro   ret_count               ; Fixup for Assembler 
                             C                  if      ret_count+0 GT 1 
                             C                  db      0CAh 
                             C                  dw      ret_count 
                             C                  else 
                             C                  db      0CBh 
                             C                  endif 
                             C  endm 
                             C   
                             C  retn            macro  ret_count 
                             C                  if     ret_count+0 GT 1 
                             C                  db     0C2h 
                             C                  dw     ret_count 
                             C                  else 
                             C                  db     0C3h 
                             C                  endif 
                             C  endm 
                             C   
                             C  ENDIF 
                             C   
                             C   
                             C  IF (target EQ 'M4') OR (target EQ 'M5')  
                             C  ;----------------------------------------------------------------------------- 
                             C  ; Due to a bug in earlier MASM assemblers, the valid instruction type  
                             C  ; "mov segreg, reg"  cannot be used, if the register is not AX.   
                             C  ; For example:  mov  es, bx 
                             C   
                             C  movseg          macro reg16, unused, Imm16      ; Fixup for Assembler 
                             C                  ifidn  <reg16>, <bx>             
Microsoft (R) Macro Assembler  Version 4.00                 3/29/26 15:16:19

                                                            Page     1-2
                                                            

                             C                  db     0BBh                      
                             C                  endif                            
                             C                  ifidn  <reg16>, <cx>             
                             C                  db     0B9h                      
                             C                  endif 
                             C                  ifidn  <reg16>, <dx> 
                             C                  db     0BAh 
                             C                  endif 
                             C                  ifidn  <reg16>, <si> 
                             C                  db     0BEh 
                             C                  endif 
                             C                  ifidn  <reg16>, <di> 
                             C                  db     0BFh 
                             C                  endif 
                             C                  ifidn  <reg16>, <bp> 
                             C                  db     0BDh 
                             C                  endif 
                             C                  ifidn  <reg16>, <sp> 
                             C                  db     0BCh 
                             C                  endif 
                             C                  ifidn  <reg16>, <BX> 
                             C                  db     0BBH 
                             C                  endif 
                             C                  ifidn  <reg16>, <CX> 
                             C                  db     0B9H 
                             C                  endif 
                             C                  ifidn  <reg16>, <DX> 
                             C                  db     0BAH 
                             C                  endif 
                             C                  ifidn  <reg16>, <SI> 
                             C                  db     0BEH 
                             C                  endif 
                             C                  ifidn  <reg16>, <DI> 
                             C                  db     0BFH 
                             C                  endif 
                             C                  ifidn  <reg16>, <BP> 
                             C                  db     0BDH 
                             C                  endif 
                             C                  ifidn  <reg16>, <SP> 
                             C                  db     0BCH 
                             C                  endif 
                             C                  dw     seg Imm16 
                             C  endm 
                             C   
                             C  ENDIF 
                             C   
                             C   
                             C  ENDIF 
                             C   
                             C   
                             C   
                             C  IFE (target EQ 'NO') 
                             C  ;----------------------------------------------------------------------------- 
                             C  ;  Some compilers and some assemblers will code a call that goes to a far 
                             C  ;  subroutine in the same segment as: 
Microsoft (R) Macro Assembler  Version 4.00                 3/29/26 15:16:19

                                                            Page     1-3
                                                            

                             C  ; 
                             C  ;               PUSH    CS 
                             C  ;               CALL    near 
                             C  ; 
                             C  ;  This saves one byte, and is slightly faster.  If the assembler you are 
                             C  ;  using (i.e. MASM, Optasm) does not do this automatically, the following 
                             C  ;  macros are used to code the same information.  In other words, the binary 
                             C  ;  file has "PUSH CS, CALL near", and Sourcer ensures the same instructions 
                             C  ;  are used!  (macro CALLF) 
                             C  ; 
                             C   
                             C  callf           macro   location 
                             C                  push    cs 
                             C                  call    near ptr location 
                             C  endm 
                             C   
                             C  ;  Some compilers generate an unnecessary DS override on the call instruction 
                             C  ;  when compacting the CALLF type function.  Macro CALLFX handles this case. 
                             C   
                             C  callfx          macro   location 
                             C                  push    cs 
                             C                  db      3Eh 
                             C                  call    near ptr location 
                             C  endm 
                             C   
                             C   
                             C  ;----------------------------------------------------------------------------- 
                             C  ;  Some compilers and some assemblers will code a near call that is the 
                             C  ;  selected assembler will convert to a short jump to save a byte.  This 
                             C  ;  reconstructs a near jump for these cases. 
                             C   
                             C  jmpn            macro   location 
                             C                  db      0E9h 
                             C                  dw      offset location-$-2 
                             C  endm 
                             C   
                             C  ENDIF 
                             C   
                                 
                                 
                                 
                                ; The following equates show data references outside the range of the program. 
                                 
 = 8000                         data_1e		equ	8000h			;* 
 = 2000                         data_39e	equ	2000h			;* 
 = 2002                         data_40e	equ	2002h			;* 
 = 2010                         data_41e	equ	2010h			;* 
 = 2012                         data_42e	equ	2012h			;* 
 = 2014                         data_43e	equ	2014h			;* 
 = 2016                         data_44e	equ	2016h			;* 
 = 2040                         data_45e	equ	2040h			;* 
 = 2044                         data_46e	equ	2044h			;* 
 = 3016                         data_47e	equ	3016h			;* 
 = 301C                         data_48e	equ	301Ch			;* 
 = 3022                         data_49e	equ	3022h			;* 
Microsoft (R) Macro Assembler  Version 4.00                 3/29/26 15:16:19

                                                            Page     1-4
                                                            

 = 6004                         data_50e	equ	6004h			;* 
 = 6006                         data_51e	equ	6006h			;* 
 = 6008                         data_52e	equ	6008h			;* 
 = 600A                         data_53e	equ	600Ah			;* 
 = 600C                         data_54e	equ	600Ch			;* 
 = 600E                         data_55e	equ	600Eh			;* 
 = A0B8                         data_56e	equ	0A0B8h			;* 
 = A6C8                         data_57e	equ	0A6C8h			;* 
 = A839                         data_58e	equ	0A839h			;* 
 = A8BB                         data_59e	equ	0A8BBh			;* 
 = A8E3                         data_60e	equ	0A8E3h			;* 
 = A8EE                         data_61e	equ	0A8EEh			;* 
 = A8FA                         data_62e	equ	0A8FAh			;* 
 = A8FB                         data_63e	equ	0A8FBh			;* 
 = A951                         data_64e	equ	0A951h			;* 
 = A96D                         data_65e	equ	0A96Dh			;* 
 = AD1E                         data_66e	equ	0AD1Eh			;* 
 = AD1F                         data_67e	equ	0AD1Fh			;* 
 = AD21                         data_68e	equ	0AD21h			;* 
 = AD22                         data_69e	equ	0AD22h			;* 
 = AD23                         data_70e	equ	0AD23h			;* 
 = AD24                         data_71e	equ	0AD24h			;* 
 = AD25                         data_72e	equ	0AD25h			;* 
 = AD26                         data_73e	equ	0AD26h			;* 
 = AD27                         data_74e	equ	0AD27h			;* 
 = AD29                         data_75e	equ	0AD29h			;* 
 = AD2A                         data_76e	equ	0AD2Ah			;* 
 = AD2C                         data_77e	equ	0AD2Ch			;* 
 = AD2D                         data_78e	equ	0AD2Dh			;* 
 = AD2F                         data_79e	equ	0AD2Fh			;* 
 = C006                         data_80e	equ	0C006h			;* 
 = FF2C                         data_81e	equ	0FF2Ch			;* 
 = FF4C                         data_82e	equ	0FF4Ch			;* 
 = FF4E                         data_83e	equ	0FF4Eh			;* 
 = FF4F                         data_84e	equ	0FF4Fh			;* 
 = FF50                         data_85e	equ	0FF50h			;* 
 = FF52                         data_86e	equ	0FF52h			;* 
 = FF53                         data_87e	equ	0FF53h			;* 
 = FF54                         data_88e	equ	0FF54h			;* 
 = FF57                         data_89e	equ	0FF57h			;* 
                                 
 0000                           seg_a		segment	byte public 
                                		assume	cs:seg_a, ds:seg_a 
                                 
                                 
 0000                           		org	0 
                                 
 0000                           _213DORDO	proc	far 
                                 
 0000                           start: 
 0000  38 0D                    		cmp	[di],cl 
 0002  00 00                    		add	[bx+si],al 
 0004  04 A0                    		add	al,0A0h 
 0006  28 A7 068E               		sub	byte ptr ds:[68Eh][bx],ah 
 000A  2C FF                    		sub	al,0FFh 
Microsoft (R) Macro Assembler  Version 4.00                 3/29/26 15:16:19

                                                            Page     1-5
                                                            

 000C  BF 8000                  		mov	di,8000h 
 000F  BE A8E3                  		mov	si,data_60e 
 0012  B0 02                    		mov	al,2 
 0014  2E: FF 16 010C R         		call	word ptr cs:data_7 
 0019  1E                       		push	ds 
 001A  2E: 8E 1E FF2C           		mov	ds,cs:data_81e 
 001F  BE 8000                  		mov	si,data_1e 
 0022  B9 0100                  		mov	cx,100h 
 0025  2E: FF 16 2044           		call	word ptr cs:data_46e 
 002A  1F                       		pop	ds 
 002B  C6 06 FF4E 00            		mov	byte ptr ds:data_83e,0 
 0030  C6 06 FF4F 00            		mov	byte ptr ds:data_84e,0 
 0035  C6 06 AD1E 00            		mov	byte ptr ds:data_66e,0 
 003A  2E: FF 16 2002           		call	word ptr cs:data_40e 
 003F  2E: FF 16 2012           		call	word ptr cs:data_42e 
 0044  BE A8EE                  		mov	si,data_61e 
 0047  2E: FF 16 2010           		call	word ptr cs:data_41e 
 004C  E8 06A8 R                		call	sub_4 
 004F  BB 0D60                  		mov	bx,0D60h 
 0052  B9 3637                  		mov	cx,3637h 
 0055  B0 FF                    		mov	al,0FFh 
 0057  2E: FF 16 2000           		call	word ptr cs:data_39e 
 005C  C6 06 AD21 FF            		mov	byte ptr ds:data_68e,0FFh 
 0061  C7 06 AD1F A773          		mov	word ptr ds:data_67e,0A773h 
 0067  C7 06 FF4C A989          		mov	word ptr ds:data_82e,0A989h 
 006D  2E: FF 16 6004           		call	word ptr cs:data_50e 
 0072  B9 0005                  		mov	cx,5 
                                 
 0075                           locloop_1: 
 0075  51                       		push	cx 
 0076  C6 06 FF1A 00            		mov	byte ptr ds:[0FF1Ah],0 
 007B  C7 06 FF4C A98B          		mov	word ptr ds:data_82e,0A98Bh 
 0081  2E: FF 16 6004           		call	word ptr cs:data_50e 
 0086                           loc_2: 
 0086  E8 072D R                		call	sub_5 
 0089  80 3E FF1A 3F            		cmp	byte ptr ds:[0FF1Ah],3Fh	; '?' 
 008E  72 F6                    		jb	loc_2			; Jump if below 
 0090  59                       		pop	cx 
 0091  E2 E2                    		loop	locloop_1		; Loop if cx > 0 
                                 
 0093  C6 06 AD21 00            		mov	byte ptr ds:data_68e,0 
 0098  C7 06 FF4C A98D          		mov	word ptr ds:data_82e,0A98Dh 
 009E                           loc_3: 
 009E  2E: FF 16 6004           		call	word ptr cs:data_50e 
 00A3  3C FF                    		cmp	al,0FFh 
 00A5  74 05                    		je	loc_4			; Jump if equal 
 00A7  E8 00B1 R                		call	sub_1 
 00AA  EB F2                    		jmp	short loc_3 
 00AC                           loc_4: 
 00AC  2E: FF 26 2040           		jmp	word ptr cs:data_45e 
                                 
                                _213DORDO	endp 
                                 
                                ;ﬂﬂﬂﬂﬂﬂﬂﬂﬂﬂﬂﬂﬂﬂﬂﬂﬂﬂﬂﬂﬂﬂﬂﬂﬂﬂﬂﬂﬂﬂﬂﬂﬂﬂﬂﬂﬂﬂﬂﬂﬂﬂﬂﬂﬂﬂﬂﬂﬂﬂﬂﬂﬂﬂﬂﬂﬂﬂﬂﬂﬂﬂﬂﬂﬂﬂﬂﬂﬂﬂﬂﬂﬂﬂ 
                                ;                              SUBROUTINE 
Microsoft (R) Macro Assembler  Version 4.00                 3/29/26 15:16:19

                                                            Page     1-6
                                                            

                                ;‹‹‹‹‹‹‹‹‹‹‹‹‹‹‹‹‹‹‹‹‹‹‹‹‹‹‹‹‹‹‹‹‹‹‹‹‹‹‹‹‹‹‹‹‹‹‹‹‹‹‹‹‹‹‹‹‹‹‹‹‹‹‹‹‹‹‹‹‹‹‹‹‹‹ 
                                 
 00B1                           sub_1		proc	near 
 00B1  8A D8                    		mov	bl,al 
 00B3  32 FF                    		xor	bh,bh			; Zero register 
 00B5  03 DB                    		add	bx,bx 
 00B7  2E: FF A7 A0B8           		jmp	word ptr cs:data_56e[bx]	;* 
                                sub_1		endp 
                                 
 00BC  C0 A0 D2 A0 F3 A5        		db	0C0h,0A0h,0D2h,0A0h,0F3h,0A5h 
 00C2  19 A6 C6 06 1A FF        		db	 19h,0A6h,0C6h, 06h, 1Ah,0FFh 
 00C8  00 80 3E 1A FF 3C        		db	 00h, 80h, 3Eh, 1Ah,0FFh, 3Ch 
 00CE  72 F9 BE 2F A8 E9        		db	 72h,0F9h,0BEh, 2Fh,0A8h,0E9h 
 00D4  41 07 E8 4A 05 BB        		db	 41h, 07h,0E8h, 4Ah, 05h,0BBh 
 00DA  1D 28 B9 37 1A B0        		db	 1Dh, 28h,0B9h, 37h, 1Ah,0B0h 
 00E0  FF 2E FF 16 00 20        		db	0FFh, 2Eh,0FFh, 16h, 00h, 20h 
 00E6  C7 06 54 FF 20 28        		db	0C7h, 06h, 54h,0FFh, 20h, 28h 
 00EC  C6 06 52 FF 05 C6        		db	0C6h, 06h, 52h,0FFh, 05h,0C6h 
 00F2  06 53 FF 05 B9 05        		db	 06h, 53h,0FFh, 05h,0B9h, 05h 
 00F8  00 BE 0C A9 2E FF        		db	 00h,0BEh, 0Ch,0A9h, 2Eh,0FFh 
 00FE  16 0E 60 C6 06 56        		db	 16h, 0Eh, 60h,0C6h, 06h, 56h 
 0104  FF 00 8A 1E 1E AD        		db	0FFh, 00h, 8Ah, 1Eh, 1Eh,0ADh 
 010A  2E FF                    		db	 2Eh,0FFh 
 010C  1016                     data_7		dw	1016h 
 010E  60 73 02 32 DB 88        		db	 60h, 73h, 02h, 32h,0DBh, 88h 
 0114  1E 1E AD 32 FF 03        		db	 1Eh, 1Eh,0ADh, 32h,0FFh, 03h 
 011A  DB FF A7 1B A1 25        		db	0DBh,0FFh,0A7h, 1Bh,0A1h, 25h 
 0120  A1 4B A1 3B A2 D0        		db	0A1h, 4Bh,0A1h, 3Bh,0A2h,0D0h 
 0126  A3 95 A5 E8 F7 04        		db	0A3h, 95h,0A5h,0E8h,0F7h, 04h 
 012C  C7 06 4C FF D4 AC        		db	0C7h, 06h, 4Ch,0FFh,0D4h,0ACh 
 0132  F6 06 24 AD FF 74        		db	0F6h, 06h, 24h,0ADh,0FFh, 74h 
 0138  01 C3                    		db	 01h,0C3h 
 013A                           loc_5: 
 013A  C7 06 FF4C AC9D          		mov	word ptr ds:data_82e,0AC9Dh 
 0140  F6 06 AD23 FF            		test	byte ptr ds:data_70e,0FFh 
 0145  74 01                    		jz	loc_6			; Jump if zero 
                                		retn 
 0147  C3                     1                 db     0C3h
 0148                           loc_6: 
 0148  C7 06 FF4C AC5A          		mov	word ptr ds:data_82e,0AC5Ah 
                                		retn 
 014E  C3                     1                 db     0C3h
                                			                        ;* No entry point to code 
 014F  E8 0624 R                		call	sub_2 
 0152  C6 06 AD21 00            		mov	byte ptr ds:data_68e,0 
 0157  BE A8BB                  		mov	si,data_59e 
 015A  E8 0756 R                		call	sub_6 
 015D  F7 06 008B FFFF          		test	word ptr ds:[8Bh],0FFFFh 
 0163  C7 06 FF4C A9B2          		mov	word ptr ds:data_82e,0A9B2h 
 0169  75 01                    		jnz	loc_7			; Jump if not zero 
                                		retn 
 016B  C3                     1                 db     0C3h
 016C                           loc_7: 
 016C  8A 1E C006               		mov	bl,ds:data_80e 
 0170  32 FF                    		xor	bh,bh			; Zero register 
Microsoft (R) Macro Assembler  Version 4.00                 3/29/26 15:16:19

                                                            Page     1-7
                                                            

 0172  FE CB                    		dec	bl 
 0174  03 DB                    		add	bx,bx 
 0176  8A 87 A8FA               		mov	al,ds:data_62e[bx] 
 017A  A2 AD25                  		mov	ds:data_72e,al 
 017D  8A 87 A8FB               		mov	al,ds:data_63e[bx] 
 0181  A2 AD26                  		mov	ds:data_73e,al 
 0184  C7 06 FF4C A9D9          		mov	word ptr ds:data_82e,0A9D9h 
 018A  2E: FF 16 6004           		call	word ptr cs:data_50e 
 018F  A0 AD25                  		mov	al,ds:data_72e 
 0192  04 30                    		add	al,30h			; '0' 
 0194  A2 AD27                  		mov	ds:data_74e,al 
 0197  C7 06 FF4C AD27          		mov	word ptr ds:data_82e,0AD27h 
 019D  2E: FF 16 6004           		call	word ptr cs:data_50e 
 01A2  C7 06 FF4C A9F1          		mov	word ptr ds:data_82e,0A9F1h 
 01A8  2E: FF 16 6004           		call	word ptr cs:data_50e 
 01AD  A0 AD26                  		mov	al,ds:data_73e 
 01B0  04 30                    		add	al,30h			; '0' 
 01B2  A2 AD27                  		mov	ds:data_74e,al 
 01B5  C7 06 FF4C AD27          		mov	word ptr ds:data_82e,0AD27h 
 01BB  2E: FF 16 6004           		call	word ptr cs:data_50e 
 01C0  C7 06 FF4C A9FD          		mov	word ptr ds:data_82e,0A9FDh 
 01C6  2E: FF 16 6004           		call	word ptr cs:data_50e 
 01CB  BB 2F2B                  		mov	bx,2F2Bh 
 01CE  B9 0C19                  		mov	cx,0C19h 
 01D1  B0 FF                    		mov	al,0FFh 
 01D3  2E: FF 16 2000           		call	word ptr cs:data_39e 
 01D8  C7 06 FF54 302E          		mov	word ptr ds:data_88e,302Eh 
 01DE  2E: FF 16 6008           		call	word ptr cs:data_52e 
 01E3  C7 06 FF4C AA48          		mov	word ptr ds:data_82e,0AA48h 
 01E9  73 01                    		jnc	loc_8			; Jump if carry=0 
                                		retn 
 01EB  C3                     1                 db     0C3h
 01EC                           loc_8: 
 01EC  A1 008B                  		mov	ax,word ptr ds:[8Bh] 
 01EF  8A 16 AD25               		mov	dl,ds:data_72e 
 01F3  32 F6                    		xor	dh,dh			; Zero register 
 01F5  2B C2                    		sub	ax,dx 
 01F7  C7 06 FF4C AA1D          		mov	word ptr ds:data_82e,0AA1Dh 
 01FD  73 01                    		jnc	loc_9			; Jump if carry=0 
                                		retn 
 01FF  C3                     1                 db     0C3h
 0200                           loc_9: 
 0200  52                       		push	dx 
 0201  E8 0624 R                		call	sub_2 
 0204  5A                       		pop	dx 
 0205  C6 06 AD23 FF            		mov	byte ptr ds:data_70e,0FFh 
 020A  C7 06 FF4C AA82          		mov	word ptr ds:data_82e,0AA82h 
 0210                           loc_10: 
 0210  33 C9                    		xor	cx,cx			; Zero register 
 0212                           loc_11: 
 0212  A1 008B                  		mov	ax,word ptr ds:[8Bh] 
 0215  2B C2                    		sub	ax,dx 
 0217  73 01                    		jnc	loc_12			; Jump if carry=0 
                                		retn 
 0219  C3                     1                 db     0C3h
Microsoft (R) Macro Assembler  Version 4.00                 3/29/26 15:16:19

                                                            Page     1-8
                                                            

 021A                           loc_12: 
 021A  51                       		push	cx 
 021B  A3 008B                  		mov	word ptr ds:[8Bh],ax 
 021E  52                       		push	dx 
 021F  32 D2                    		xor	dl,dl			; Zero register 
 0221  A0 AD26                  		mov	al,ds:data_73e 
 0224  32 E4                    		xor	ah,ah			; Zero register 
 0226  2E: FF 16 600C           		call	word ptr cs:data_54e 
 022B  2E: FF 16 2016           		call	word ptr cs:data_44e 
 0230  2E: FF 16 2014           		call	word ptr cs:data_43e 
 0235  5A                       		pop	dx 
 0236  59                       		pop	cx 
 0237  41                       		inc	cx 
 0238  81 E1 0007               		and	cx,7 
 023C  75 D4                    		jnz	loc_11			; Jump if not zero 
 023E  EB D0                    		jmp	short loc_10 
                                			                        ;* No entry point to code 
 0240  E8 0624 R                		call	sub_2 
 0243  C6 06 AD21 00            		mov	byte ptr ds:data_68e,0 
 0248  BE A8BB                  		mov	si,data_59e 
 024B  E8 0756 R                		call	sub_6 
 024E  C7 06 FF4C AAA1          		mov	word ptr ds:data_82e,0AAA1h 
 0254  A1 0086                  		mov	ax,word ptr ds:[86h] 
 0257  8A 16 0085               		mov	dl,byte ptr ds:[85h] 
 025B  0A D0                    		or	dl,al 
 025D  0A D4                    		or	dl,ah 
 025F  75 01                    		jnz	loc_13			; Jump if not zero 
                                		retn 
 0261  C3                     1                 db     0C3h
 0262                           loc_13: 
 0262  C7 06 FF4C AACA          		mov	word ptr ds:data_82e,0AACAh 
 0268  2E: FF 16 6004           		call	word ptr cs:data_50e 
 026D  BB 2C1D                  		mov	bx,2C1Dh 
 0270  B9 1237                  		mov	cx,1237h 
 0273  B0 FF                    		mov	al,0FFh 
 0275  2E: FF 16 2000           		call	word ptr cs:data_39e 
 027A  C7 06 FF54 2A20          		mov	word ptr ds:data_88e,2A20h 
 0280  C6 06 FF52 04            		mov	byte ptr ds:data_86e,4 
 0285  C6 06 FF53 04            		mov	byte ptr ds:data_87e,4 
 028A  C6 06 FF57 00            		mov	byte ptr ds:data_89e,0 
 028F  B9 0004                  		mov	cx,4 
 0292  BE A951                  		mov	si,data_64e 
 0295  2E: FF 16 600E           		call	word ptr cs:data_55e 
 029A  C6 06 AD29 00            		mov	byte ptr ds:data_75e,0 
 029F  C7 06 AD2A 0000          		mov	word ptr ds:data_76e,0 
 02A5  8A 16 0085               		mov	dl,byte ptr ds:[85h] 
 02A9  A1 0086                  		mov	ax,word ptr ds:[86h] 
 02AC  88 16 AD2C               		mov	ds:data_77e,dl 
 02B0  A3 AD2D                  		mov	ds:data_78e,ax 
 02B3                           loc_14: 
 02B3  8A 16 AD29               		mov	dl,ds:data_75e 
 02B7  A1 AD2A                  		mov	ax,ds:data_76e 
 02BA  52                       		push	dx 
 02BB  50                       		push	ax 
 02BC  2E: FF 16 600A           		call	word ptr cs:data_53e 
Microsoft (R) Macro Assembler  Version 4.00                 3/29/26 15:16:19

                                                            Page     1-9
                                                            

 02C1  2E: FF 16 3022           		call	word ptr cs:data_49e 
 02C6  BB 312E                  		mov	bx,312Eh 
 02C9  2E: FF 16 301C           		call	word ptr cs:data_48e 
 02CE  58                       		pop	ax 
 02CF  5A                       		pop	dx 
 02D0  2E: FF 16 3022           		call	word ptr cs:data_49e 
 02D5  BB 3148                  		mov	bx,3148h 
 02D8  2E: FF 16 301C           		call	word ptr cs:data_48e 
 02DD  CD 61                    		int	61h			; ??INT Non-standard interrupt 
 02DF  E8 0631 R                		call	sub_3 
 02E2  F6 C4 01                 		test	ah,1 
 02E5  75 39                    		jnz	loc_18			; Jump if not zero 
 02E7  C7 06 FF4C AA48          		mov	word ptr ds:data_82e,0AA48h 
 02ED  F6 C4 02                 		test	ah,2 
 02F0  74 01                    		jz	loc_15			; Jump if zero 
                                		retn 
 02F2  C3                     1                 db     0C3h
 02F3                           loc_15: 
 02F3  0A C0                    		or	al,al			; Zero ? 
 02F5  75 07                    		jnz	loc_16			; Jump if not zero 
 02F7  C6 06 AD2F 23            		mov	byte ptr ds:data_79e,23h	; '#' 
 02FC  EB B5                    		jmp	short loc_14 
 02FE                           loc_16: 
 02FE  C6 06 FF1A 00            		mov	byte ptr ds:[0FF1Ah],0 
 0303                           loc_17: 
 0303  CD 61                    		int	61h			; ??INT Non-standard interrupt 
 0305  0A C0                    		or	al,al			; Zero ? 
 0307  74 AA                    		jz	loc_14			; Jump if zero 
 0309  A0 AD2F                  		mov	al,ds:data_79e 
 030C  38 06 FF1A               		cmp	byte ptr ds:[0FF1Ah],al 
 0310  72 F1                    		jb	loc_17			; Jump if below 
 0312  80 2E AD2F 01            		sub	byte ptr ds:data_79e,1 
 0317  73 9A                    		jnc	loc_14			; Jump if carry=0 
 0319  C6 06 AD2F 01            		mov	byte ptr ds:data_79e,1 
 031E  EB 93                    		jmp	short loc_14 
 0320                           loc_18: 
 0320  C7 06 FF4C AA48          		mov	word ptr ds:data_82e,0AA48h 
 0326  A1 AD2A                  		mov	ax,ds:data_76e 
 0329  8A 16 AD29               		mov	dl,ds:data_75e 
 032D  8A CA                    		mov	cl,dl 
 032F  0A C8                    		or	cl,al 
 0331  0A CC                    		or	cl,ah 
 0333  75 01                    		jnz	loc_19			; Jump if not zero 
                                		retn 
 0335  C3                     1                 db     0C3h
 0336                           loc_19: 
 0336  0A D2                    		or	dl,dl			; Zero ? 
 0338  75 05                    		jnz	loc_20			; Jump if not zero 
 033A  3D 03E8                  		cmp	ax,3E8h 
 033D  72 0B                    		jb	loc_21			; Jump if below 
 033F                           loc_20: 
 033F  C6 06 AD21 FF            		mov	byte ptr ds:data_68e,0FFh 
 0344  C7 06 AD1F A7C3          		mov	word ptr ds:data_67e,0A7C3h 
 034A                           loc_21: 
 034A  01 06 0089               		add	word ptr ds:[89h],ax 
Microsoft (R) Macro Assembler  Version 4.00                 3/29/26 15:16:19

                                                            Page     1-10
                                                            

 034E  10 16 0088               		adc	byte ptr ds:[88h],dl 
 0352  8A 16 AD29               		mov	dl,ds:data_75e 
 0356  A1 AD2A                  		mov	ax,ds:data_76e 
 0359  2E: FF 16 600A           		call	word ptr cs:data_53e 
 035E  88 16 0085               		mov	byte ptr ds:[85h],dl 
 0362  A3 0086                  		mov	word ptr ds:[86h],ax 
 0365  2E: FF 16 2016           		call	word ptr cs:data_44e 
 036A  C6 06 AD23 FF            		mov	byte ptr ds:data_70e,0FFh 
 036F  F6 06 AD21 FF            		test	byte ptr ds:data_68e,0FFh 
 0374  75 58                    		jnz	loc_24			; Jump if not zero 
 0376  C7 06 FF4C ABF7          		mov	word ptr ds:data_82e,0ABF7h 
 037C  8A 16 0088               		mov	dl,byte ptr ds:[88h] 
 0380  A1 0089                  		mov	ax,word ptr ds:[89h] 
 0383  0A D4                    		or	dl,ah 
 0385  0A D0                    		or	dl,al 
 0387  75 01                    		jnz	loc_22			; Jump if not zero 
                                		retn 
 0389  C3                     1                 db     0C3h
 038A                           loc_22: 
 038A  C7 06 FF4C AC35          		mov	word ptr ds:data_82e,0AC35h 
 0390  84 06 0088               		test	al,byte ptr ds:[88h] 
 0394  75 08                    		jnz	loc_23			; Jump if not zero 
 0396  83 3E 0089 01            		cmp	word ptr ds:[89h],1 
 039B  75 01                    		jne	loc_23			; Jump if not equal 
                                		retn 
 039D  C3                     1                 db     0C3h
 039E                           loc_23: 
 039E  C7 06 FF4C AAF4          		mov	word ptr ds:data_82e,0AAF4h 
 03A4  2E: FF 16 6004           		call	word ptr cs:data_50e 
 03A9  8A 16 0088               		mov	dl,byte ptr ds:[88h] 
 03AD  A1 0089                  		mov	ax,word ptr ds:[89h] 
 03B0  BF AD30                  		mov	di,0AD30h 
 03B3  2E: FF 16 6006           		call	word ptr cs:data_51e 
 03B8  8B 36 FF4C               		mov	si,ds:data_82e 
 03BC  56                       		push	si 
 03BD  C7 06 FF4C AD30          		mov	word ptr ds:data_82e,0AD30h 
 03C3  2E: FF 16 6004           		call	word ptr cs:data_50e 
 03C8  5E                       		pop	si 
 03C9  89 36 FF4C               		mov	ds:data_82e,si 
                                		retn 
 03CD  C3                     1                 db     0C3h
 03CE                           loc_24: 
 03CE  C7 06 FF4C AB10          		mov	word ptr ds:data_82e,0AB10h 
                                		retn 
 03D4  C3                     1                 db     0C3h
                                			                        ;* No entry point to code 
 03D5  E8 0624 R                		call	sub_2 
 03D8  C6 06 AD21 00            		mov	byte ptr ds:data_68e,0 
 03DD  BE A8BB                  		mov	si,data_59e 
 03E0  E8 0756 R                		call	sub_6 
 03E3  C7 06 FF4C AB32          		mov	word ptr ds:data_82e,0AB32h 
 03E9  A1 0089                  		mov	ax,word ptr ds:[89h] 
 03EC  8A 16 0088               		mov	dl,byte ptr ds:[88h] 
 03F0  0A D0                    		or	dl,al 
 03F2  0A D4                    		or	dl,ah 
Microsoft (R) Macro Assembler  Version 4.00                 3/29/26 15:16:19

                                                            Page     1-11
                                                            

 03F4  75 01                    		jnz	loc_25			; Jump if not zero 
                                		retn 
 03F6  C3                     1                 db     0C3h
 03F7                           loc_25: 
 03F7  C7 06 FF4C AB80          		mov	word ptr ds:data_82e,0AB80h 
 03FD  2E: FF 16 6004           		call	word ptr cs:data_50e 
 0402  BB 2C1D                  		mov	bx,2C1Dh 
 0405  B9 1237                  		mov	cx,1237h 
 0408  B0 FF                    		mov	al,0FFh 
 040A  2E: FF 16 2000           		call	word ptr cs:data_39e 
 040F  C7 06 FF54 2A20          		mov	word ptr ds:data_88e,2A20h 
 0415  C6 06 FF52 04            		mov	byte ptr ds:data_86e,4 
 041A  C6 06 FF53 04            		mov	byte ptr ds:data_87e,4 
 041F  C6 06 FF57 00            		mov	byte ptr ds:data_89e,0 
 0424  B9 0004                  		mov	cx,4 
 0427  BE A96D                  		mov	si,data_65e 
 042A  2E: FF 16 600E           		call	word ptr cs:data_55e 
 042F  C6 06 AD29 00            		mov	byte ptr ds:data_75e,0 
 0434  C7 06 AD2A 0000          		mov	word ptr ds:data_76e,0 
 043A  8A 16 0088               		mov	dl,byte ptr ds:[88h] 
 043E  A1 0089                  		mov	ax,word ptr ds:[89h] 
 0441  88 16 AD2C               		mov	ds:data_77e,dl 
 0445  A3 AD2D                  		mov	ds:data_78e,ax 
 0448                           loc_26: 
 0448  8A 16 AD29               		mov	dl,ds:data_75e 
 044C  A1 AD2A                  		mov	ax,ds:data_76e 
 044F  52                       		push	dx 
 0450  50                       		push	ax 
 0451  8A 0E 0088               		mov	cl,byte ptr ds:[88h] 
 0455  8B 1E 0089               		mov	bx,word ptr ds:[89h] 
 0459  2B D8                    		sub	bx,ax 
 045B  1A CA                    		sbb	cl,dl 
 045D  93                       		xchg	bx,ax 
 045E  86 D1                    		xchg	dl,cl 
 0460  2E: FF 16 3022           		call	word ptr cs:data_49e 
 0465  BB 312E                  		mov	bx,312Eh 
 0468  2E: FF 16 301C           		call	word ptr cs:data_48e 
 046D  58                       		pop	ax 
 046E  5A                       		pop	dx 
 046F  2E: FF 16 3022           		call	word ptr cs:data_49e 
 0474  BB 3148                  		mov	bx,3148h 
 0477  2E: FF 16 301C           		call	word ptr cs:data_48e 
 047C  CD 61                    		int	61h			; ??INT Non-standard interrupt 
 047E  E8 0631 R                		call	sub_3 
 0481  F6 C4 01                 		test	ah,1 
 0484  75 39                    		jnz	loc_30			; Jump if not zero 
 0486  C7 06 FF4C AA48          		mov	word ptr ds:data_82e,0AA48h 
 048C  F6 C4 02                 		test	ah,2 
 048F  74 01                    		jz	loc_27			; Jump if zero 
                                		retn 
 0491  C3                     1                 db     0C3h
 0492                           loc_27: 
 0492  0A C0                    		or	al,al			; Zero ? 
 0494  75 07                    		jnz	loc_28			; Jump if not zero 
 0496  C6 06 AD2F 23            		mov	byte ptr ds:data_79e,23h	; '#' 
Microsoft (R) Macro Assembler  Version 4.00                 3/29/26 15:16:19

                                                            Page     1-12
                                                            

 049B  EB AB                    		jmp	short loc_26 
 049D                           loc_28: 
 049D  C6 06 FF1A 00            		mov	byte ptr ds:[0FF1Ah],0 
 04A2                           loc_29: 
 04A2  CD 61                    		int	61h			; ??INT Non-standard interrupt 
 04A4  0A C0                    		or	al,al			; Zero ? 
 04A6  74 A0                    		jz	loc_26			; Jump if zero 
 04A8  A0 AD2F                  		mov	al,ds:data_79e 
 04AB  38 06 FF1A               		cmp	byte ptr ds:[0FF1Ah],al 
 04AF  72 F1                    		jb	loc_29			; Jump if below 
 04B1  80 2E AD2F 01            		sub	byte ptr ds:data_79e,1 
 04B6  73 90                    		jnc	loc_26			; Jump if carry=0 
 04B8  C6 06 AD2F 01            		mov	byte ptr ds:data_79e,1 
 04BD  EB 89                    		jmp	short loc_26 
 04BF                           loc_30: 
 04BF  C7 06 FF4C AA48          		mov	word ptr ds:data_82e,0AA48h 
 04C5  A1 AD2A                  		mov	ax,ds:data_76e 
 04C8  8A 16 AD29               		mov	dl,ds:data_75e 
 04CC  8A CA                    		mov	cl,dl 
 04CE  0A C8                    		or	cl,al 
 04D0  0A CC                    		or	cl,ah 
 04D2  75 01                    		jnz	loc_31			; Jump if not zero 
                                		retn 
 04D4  C3                     1                 db     0C3h
 04D5                           loc_31: 
 04D5  C6 06 AD23 FF            		mov	byte ptr ds:data_70e,0FFh 
 04DA  C7 06 FF4C ABC1          		mov	word ptr ds:data_82e,0ABC1h 
 04E0  8A 16 AD29               		mov	dl,ds:data_75e 
 04E4  A1 AD2A                  		mov	ax,ds:data_76e 
 04E7  0A D2                    		or	dl,dl			; Zero ? 
 04E9  75 05                    		jnz	loc_32			; Jump if not zero 
 04EB  3D 0001                  		cmp	ax,1 
 04EE  74 2F                    		je	loc_33			; Jump if equal 
 04F0                           loc_32: 
 04F0  C7 06 FF4C ABA4          		mov	word ptr ds:data_82e,0ABA4h 
 04F6  2E: FF 16 6004           		call	word ptr cs:data_50e 
 04FB  8A 16 AD29               		mov	dl,ds:data_75e 
 04FF  A1 AD2A                  		mov	ax,ds:data_76e 
 0502  BF AD30                  		mov	di,0AD30h 
 0505  2E: FF 16 6006           		call	word ptr cs:data_51e 
 050A  8B 36 FF4C               		mov	si,ds:data_82e 
 050E  56                       		push	si 
 050F  C7 06 FF4C AD30          		mov	word ptr ds:data_82e,0AD30h 
 0515  2E: FF 16 6004           		call	word ptr cs:data_50e 
 051A  5E                       		pop	si 
 051B  89 36 FF4C               		mov	ds:data_82e,si 
 051F                           loc_33: 
 051F  2E: FF 16 6004           		call	word ptr cs:data_50e 
 0524  8A 16 0088               		mov	dl,byte ptr ds:[88h] 
 0528  A1 0089                  		mov	ax,word ptr ds:[89h] 
 052B  2B 06 AD2A               		sub	ax,ds:data_76e 
 052F  1A 16 AD29               		sbb	dl,ds:data_75e 
 0533  88 16 0088               		mov	byte ptr ds:[88h],dl 
 0537  A3 0089                  		mov	word ptr ds:[89h],ax 
 053A  C7 06 FF4C ABDE          		mov	word ptr ds:data_82e,0ABDEh 
Microsoft (R) Macro Assembler  Version 4.00                 3/29/26 15:16:19

                                                            Page     1-13
                                                            

 0540  0A D4                    		or	dl,ah 
 0542  0A D0                    		or	dl,al 
 0544  74 43                    		jz	loc_35			; Jump if zero 
 0546  C7 06 FF4C AC35          		mov	word ptr ds:data_82e,0AC35h 
 054C  84 06 0088               		test	al,byte ptr ds:[88h] 
 0550  75 08                    		jnz	loc_34			; Jump if not zero 
 0552  83 3E 0089 01            		cmp	word ptr ds:[89h],1 
 0557  75 01                    		jne	loc_34			; Jump if not equal 
                                		retn 
 0559  C3                     1                 db     0C3h
 055A                           loc_34: 
 055A  C7 06 FF4C AAF4          		mov	word ptr ds:data_82e,0AAF4h 
 0560  2E: FF 16 6004           		call	word ptr cs:data_50e 
 0565  8A 16 0088               		mov	dl,byte ptr ds:[88h] 
 0569  A1 0089                  		mov	ax,word ptr ds:[89h] 
 056C  BF AD30                  		mov	di,0AD30h 
 056F  2E: FF 16 6006           		call	word ptr cs:data_51e 
 0574  8B 36 FF4C               		mov	si,ds:data_82e 
 0578  56                       		push	si 
 0579  C7 06 FF4C AD30          		mov	word ptr ds:data_82e,0AD30h 
 057F  2E: FF 16 6004           		call	word ptr cs:data_50e 
 0584  5E                       		pop	si 
 0585  89 36 FF4C               		mov	ds:data_82e,si 
 0589                           loc_35: 
 0589  8A 16 AD29               		mov	dl,ds:data_75e 
 058D  A1 AD2A                  		mov	ax,ds:data_76e 
 0590  2E: FF 16 600C           		call	word ptr cs:data_54e 
 0595  2E: FF 26 2016           		jmp	word ptr cs:data_44e 
                                			                        ;* No entry point to code 
 059A  E8 0624 R                		call	sub_2 
 059D  C7 06 FF4C ABF7          		mov	word ptr ds:data_82e,0ABF7h 
 05A3  A0 0088                  		mov	al,byte ptr ds:[88h] 
 05A6  32 E4                    		xor	ah,ah			; Zero register 
 05A8  0B 06 0089               		or	ax,word ptr ds:[89h] 
 05AC  75 01                    		jnz	loc_36			; Jump if not zero 
                                		retn 
 05AE  C3                     1                 db     0C3h
 05AF                           loc_36: 
 05AF  C6 06 AD23 FF            		mov	byte ptr ds:data_70e,0FFh 
 05B4  C7 06 FF4C AC35          		mov	word ptr ds:data_82e,0AC35h 
 05BA  84 06 0088               		test	al,byte ptr ds:[88h] 
 05BE  75 08                    		jnz	loc_37			; Jump if not zero 
 05C0  83 3E 0089 01            		cmp	word ptr ds:[89h],1 
 05C5  75 01                    		jne	loc_37			; Jump if not equal 
                                		retn 
 05C7  C3                     1                 db     0C3h
 05C8                           loc_37: 
 05C8  C7 06 FF4C AC10          		mov	word ptr ds:data_82e,0AC10h 
 05CE  2E: FF 16 6004           		call	word ptr cs:data_50e 
 05D3  8A 16 0088               		mov	dl,byte ptr ds:[88h] 
 05D7  A1 0089                  		mov	ax,word ptr ds:[89h] 
 05DA  BF AD30                  		mov	di,0AD30h 
 05DD  2E: FF 16 6006           		call	word ptr cs:data_51e 
 05E2  8B 36 FF4C               		mov	si,ds:data_82e 
 05E6  56                       		push	si 
Microsoft (R) Macro Assembler  Version 4.00                 3/29/26 15:16:19

                                                            Page     1-14
                                                            

 05E7  C7 06 FF4C AD30          		mov	word ptr ds:data_82e,0AD30h 
 05ED  2E: FF 16 6004           		call	word ptr cs:data_50e 
 05F2  5E                       		pop	si 
 05F3  89 36 FF4C               		mov	ds:data_82e,si 
                                		retn 
 05F7  C3                     1                 db     0C3h
                                			                        ;* No entry point to code 
 05F8  C6 06 AD21 00            		mov	byte ptr ds:data_68e,0 
 05FD  BE A839                  		mov	si,data_58e 
 0600  E8 0818 R                		call	sub_7 
 0603  C6 06 AD21 FF            		mov	byte ptr ds:data_68e,0FFh 
 0608  C7 06 AD1F A773          		mov	word ptr ds:data_67e,0A773h 
 060E  C6 06 FF1A 00            		mov	byte ptr ds:[0FF1Ah],0 
 0613                           loc_38: 
 0613  E8 072D R                		call	sub_5 
 0616  80 3E FF1A 64            		cmp	byte ptr ds:[0FF1Ah],64h	; 'd' 
 061B  72 F6                    		jb	loc_38			; Jump if below 
                                		retn 
 061D  C3                     1                 db     0C3h
                                			                        ;* No entry point to code 
 061E  C6 06 AD24 FF            		mov	byte ptr ds:data_71e,0FFh 
                                		retn 
 0623  C3                     1                 db     0C3h
                                 
                                ;ﬂﬂﬂﬂﬂﬂﬂﬂﬂﬂﬂﬂﬂﬂﬂﬂﬂﬂﬂﬂﬂﬂﬂﬂﬂﬂﬂﬂﬂﬂﬂﬂﬂﬂﬂﬂﬂﬂﬂﬂﬂﬂﬂﬂﬂﬂﬂﬂﬂﬂﬂﬂﬂﬂﬂﬂﬂﬂﬂﬂﬂﬂﬂﬂﬂﬂﬂﬂﬂﬂﬂﬂﬂﬂ 
                                ;                              SUBROUTINE 
                                ;‹‹‹‹‹‹‹‹‹‹‹‹‹‹‹‹‹‹‹‹‹‹‹‹‹‹‹‹‹‹‹‹‹‹‹‹‹‹‹‹‹‹‹‹‹‹‹‹‹‹‹‹‹‹‹‹‹‹‹‹‹‹‹‹‹‹‹‹‹‹‹‹‹‹ 
                                 
 0624                           sub_2		proc	near 
 0624  BB 2717                  		mov	bx,2717h 
 0627  B9 1C41                  		mov	cx,1C41h 
 062A  32 C0                    		xor	al,al			; Zero register 
 062C  2E: FF 26 2000           		jmp	word ptr cs:data_39e 
                                sub_2		endp 
                                 
                                 
                                ;ﬂﬂﬂﬂﬂﬂﬂﬂﬂﬂﬂﬂﬂﬂﬂﬂﬂﬂﬂﬂﬂﬂﬂﬂﬂﬂﬂﬂﬂﬂﬂﬂﬂﬂﬂﬂﬂﬂﬂﬂﬂﬂﬂﬂﬂﬂﬂﬂﬂﬂﬂﬂﬂﬂﬂﬂﬂﬂﬂﬂﬂﬂﬂﬂﬂﬂﬂﬂﬂﬂﬂﬂﬂﬂ 
                                ;                              SUBROUTINE 
                                ;‹‹‹‹‹‹‹‹‹‹‹‹‹‹‹‹‹‹‹‹‹‹‹‹‹‹‹‹‹‹‹‹‹‹‹‹‹‹‹‹‹‹‹‹‹‹‹‹‹‹‹‹‹‹‹‹‹‹‹‹‹‹‹‹‹‹‹‹‹‹‹‹‹‹ 
                                 
 0631                           sub_3		proc	near 
 0631  8A 16 AD29               		mov	dl,ds:data_75e 
 0635  8B 1E AD2A               		mov	bx,ds:data_76e 
 0639  A8 08                    		test	al,8 
 063B  74 0E                    		jz	loc_39			; Jump if zero 
 063D  83 EB 0A                 		sub	bx,0Ah 
 0640  80 DA 00                 		sbb	dl,0 
 0643  73 5A                    		jnc	loc_42			; Jump if carry=0 
 0645  33 DB                    		xor	bx,bx			; Zero register 
 0647  32 D2                    		xor	dl,dl			; Zero register 
 0649  EB 54                    		jmp	short loc_42 
 064B                           loc_39: 
 064B  A8 04                    		test	al,4 
 064D  74 1E                    		jz	loc_40			; Jump if zero 
 064F  83 C3 0A                 		add	bx,0Ah 
Microsoft (R) Macro Assembler  Version 4.00                 3/29/26 15:16:19

                                                            Page     1-15
                                                            

 0652  80 D2 00                 		adc	dl,0 
 0655  8B CB                    		mov	cx,bx 
 0657  2B 0E AD2D               		sub	cx,ds:data_78e 
 065B  8A CA                    		mov	cl,dl 
 065D  1A 0E AD2C               		sbb	cl,ds:data_77e 
 0661  72 3C                    		jc	loc_42			; Jump if carry Set 
 0663  8A 16 AD2C               		mov	dl,ds:data_77e 
 0667  8B 1E AD2D               		mov	bx,ds:data_78e 
 066B  EB 32                    		jmp	short loc_42 
 066D                           loc_40: 
 066D  A8 02                    		test	al,2 
 066F  74 0E                    		jz	loc_41			; Jump if zero 
 0671  83 EB 01                 		sub	bx,1 
 0674  80 DA 00                 		sbb	dl,0 
 0677  73 26                    		jnc	loc_42			; Jump if carry=0 
 0679  33 DB                    		xor	bx,bx			; Zero register 
 067B  32 D2                    		xor	dl,dl			; Zero register 
 067D  EB 20                    		jmp	short loc_42 
 067F                           loc_41: 
 067F  A8 01                    		test	al,1 
 0681  74 1C                    		jz	loc_42			; Jump if zero 
 0683  83 C3 01                 		add	bx,1 
 0686  80 D2 00                 		adc	dl,0 
 0689  8B CB                    		mov	cx,bx 
 068B  2B 0E AD2D               		sub	cx,ds:data_78e 
 068F  8A CA                    		mov	cl,dl 
 0691  1A 0E AD2C               		sbb	cl,ds:data_77e 
 0695  72 08                    		jc	loc_42			; Jump if carry Set 
 0697  8A 16 AD2C               		mov	dl,ds:data_77e 
 069B  8B 1E AD2D               		mov	bx,ds:data_78e 
 069F                           loc_42: 
 069F  88 16 AD29               		mov	ds:data_75e,dl 
 06A3  89 1E AD2A               		mov	ds:data_76e,bx 
                                		retn 
 06A7  C3                     1                 db     0C3h
                                sub_3		endp 
                                 
                                 
                                ;ﬂﬂﬂﬂﬂﬂﬂﬂﬂﬂﬂﬂﬂﬂﬂﬂﬂﬂﬂﬂﬂﬂﬂﬂﬂﬂﬂﬂﬂﬂﬂﬂﬂﬂﬂﬂﬂﬂﬂﬂﬂﬂﬂﬂﬂﬂﬂﬂﬂﬂﬂﬂﬂﬂﬂﬂﬂﬂﬂﬂﬂﬂﬂﬂﬂﬂﬂﬂﬂﬂﬂﬂﬂﬂ 
                                ;                              SUBROUTINE 
                                ;‹‹‹‹‹‹‹‹‹‹‹‹‹‹‹‹‹‹‹‹‹‹‹‹‹‹‹‹‹‹‹‹‹‹‹‹‹‹‹‹‹‹‹‹‹‹‹‹‹‹‹‹‹‹‹‹‹‹‹‹‹‹‹‹‹‹‹‹‹‹‹‹‹‹ 
                                 
 06A8                           sub_4		proc	near 
 06A8  BE A6C8                  		mov	si,data_57e 
 06AB  BB 0717                  		mov	bx,717h 
 06AE  B9 0008                  		mov	cx,8 
                                 
 06B1                           locloop_43: 
 06B1  51                       		push	cx 
 06B2  B9 000C                  		mov	cx,0Ch 
                                 
 06B5                           locloop_44: 
 06B5  51                       		push	cx 
 06B6  53                       		push	bx 
 06B7  AC                       		lodsb				; String [si] to al 
Microsoft (R) Macro Assembler  Version 4.00                 3/29/26 15:16:19

                                                            Page     1-16
                                                            

 06B8  2E: FF 16 3016           		call	word ptr cs:data_47e 
 06BD  5B                       		pop	bx 
 06BE  FE C7                    		inc	bh 
 06C0  59                       		pop	cx 
 06C1  E2 F2                    		loop	locloop_44		; Loop if cx > 0 
                                 
 06C3  80 EF 0C                 		sub	bh,0Ch 
 06C6  80 C3 08                 		add	bl,8 
 06C9  59                       		pop	cx 
 06CA  E2 E5                    		loop	locloop_43		; Loop if cx > 0 
                                 
                                		retn 
 06CC  C3                     1                 db     0C3h
                                sub_4		endp 
                                 
 06CD  6C 6D 6E 6F 70 71 72     		db	'lmnopqrstuvwxy' 
       73 74 75 76 77 78 79     
                                
 06DB  00 01 02 03 04 05        		db	 00h, 01h, 02h, 03h, 04h, 05h 
 06E1  06 07 7A 7B 7C 7D        		db	 06h, 07h, 7Ah, 7Bh, 7Ch, 7Dh 
 06E7  08 09 0A 0B 0C 0D        		db	 08h, 09h, 0Ah, 0Bh, 0Ch, 0Dh 
 06ED  0E 0F 7E 7F 80 81        		db	 0Eh, 0Fh, 7Eh, 7Fh, 80h, 81h 
 06F3  10 11 12 13 14 15        		db	 10h, 11h, 12h, 13h, 14h, 15h 
 06F9  16 17 82 83 84 85        		db	 16h, 17h, 82h, 83h, 84h, 85h 
 06FF  18 19 1A 1B 1C 1D        		db	 18h, 19h, 1Ah, 1Bh, 1Ch, 1Dh 
 0705  1E 1F 86 87 88 89        		db	 1Eh, 1Fh, 86h, 87h, 88h, 89h 
 070B  20 21 22 23 24           		db	' !"#$' 
 0710  25 26 27                 		db	'%&', 27h 
 0713  8A 8B 8C 8D 8E 8F        		db	 8Ah, 8Bh, 8Ch, 8Dh, 8Eh, 8Fh 
 0719  90 91 92 93 94 95        		db	 90h, 91h, 92h, 93h, 94h, 95h 
 071F  96 97 98 99 9A 9B        		db	 96h, 97h, 98h, 99h, 9Ah, 9Bh 
 0725  9C 9D 9E 9F A0 A1        		db	 9Ch, 9Dh, 9Eh, 9Fh,0A0h,0A1h 
 072B  A2 A3                    		db	0A2h,0A3h 
                                 
                                ;ﬂﬂﬂﬂﬂﬂﬂﬂﬂﬂﬂﬂﬂﬂﬂﬂﬂﬂﬂﬂﬂﬂﬂﬂﬂﬂﬂﬂﬂﬂﬂﬂﬂﬂﬂﬂﬂﬂﬂﬂﬂﬂﬂﬂﬂﬂﬂﬂﬂﬂﬂﬂﬂﬂﬂﬂﬂﬂﬂﬂﬂﬂﬂﬂﬂﬂﬂﬂﬂﬂﬂﬂﬂﬂ 
                                ;                              SUBROUTINE 
                                ;‹‹‹‹‹‹‹‹‹‹‹‹‹‹‹‹‹‹‹‹‹‹‹‹‹‹‹‹‹‹‹‹‹‹‹‹‹‹‹‹‹‹‹‹‹‹‹‹‹‹‹‹‹‹‹‹‹‹‹‹‹‹‹‹‹‹‹‹‹‹‹‹‹‹ 
                                 
 072D                           sub_5		proc	near 
 072D  F6 06 AD21 FF            		test	byte ptr ds:data_68e,0FFh 
 0732  75 01                    		jnz	loc_45			; Jump if not zero 
                                		retn 
 0734  C3                     1                 db     0C3h
 0735                           loc_45: 
 0735  83 3E FF50 1E            		cmp	word ptr ds:data_85e,1Eh 
 073A  73 01                    		jae	loc_46			; Jump if above or = 
                                		retn 
 073C  C3                     1                 db     0C3h
 073D                           loc_46: 
 073D  C7 06 FF50 0000          		mov	word ptr ds:data_85e,0 
 0743  FE 06 AD22               		inc	byte ptr ds:data_69e 
 0747  A0 AD22                  		mov	al,ds:data_69e 
 074A  24 01                    		and	al,1 
 074C  B1 28                    		mov	cl,28h			; '(' 
 074E  F6 E1                    		mul	cl			; ax = reg * al 
Microsoft (R) Macro Assembler  Version 4.00                 3/29/26 15:16:19

                                                            Page     1-17
                                                            

 0750  8B F0                    		mov	si,ax 
 0752  03 36 AD1F               		add	si,ds:data_67e 
                                sub_5		endp 
                                 
                                 
                                ;ﬂﬂﬂﬂﬂﬂﬂﬂﬂﬂﬂﬂﬂﬂﬂﬂﬂﬂﬂﬂﬂﬂﬂﬂﬂﬂﬂﬂﬂﬂﬂﬂﬂﬂﬂﬂﬂﬂﬂﬂﬂﬂﬂﬂﬂﬂﬂﬂﬂﬂﬂﬂﬂﬂﬂﬂﬂﬂﬂﬂﬂﬂﬂﬂﬂﬂﬂﬂﬂﬂﬂﬂﬂﬂ 
                                ;                              SUBROUTINE 
                                ;‹‹‹‹‹‹‹‹‹‹‹‹‹‹‹‹‹‹‹‹‹‹‹‹‹‹‹‹‹‹‹‹‹‹‹‹‹‹‹‹‹‹‹‹‹‹‹‹‹‹‹‹‹‹‹‹‹‹‹‹‹‹‹‹‹‹‹‹‹‹‹‹‹‹ 
                                 
 0756                           sub_6		proc	near 
 0756  BB 091F                  		mov	bx,91Fh 
 0759  B9 0005                  		mov	cx,5 
                                 
 075C                           locloop_47: 
 075C  51                       		push	cx 
 075D  B9 0008                  		mov	cx,8 
                                 
 0760                           locloop_48: 
 0760  51                       		push	cx 
 0761  53                       		push	bx 
 0762  AC                       		lodsb				; String [si] to al 
 0763  2E: FF 16 3016           		call	word ptr cs:data_47e 
 0768  5B                       		pop	bx 
 0769  FE C7                    		inc	bh 
 076B  59                       		pop	cx 
 076C  E2 F2                    		loop	locloop_48		; Loop if cx > 0 
                                 
 076E  80 EF 08                 		sub	bh,8 
 0771  80 C3 08                 		add	bl,8 
 0774  59                       		pop	cx 
 0775  E2 E5                    		loop	locloop_47		; Loop if cx > 0 
                                 
                                		retn 
 0777  C3                     1                 db     0C3h
                                sub_6		endp 
                                 
 0778  00 01 02 03 04 05        		db	 00h, 01h, 02h, 03h, 04h, 05h 
 077E  06 07 08 09 0A 0B        		db	 06h, 07h, 08h, 09h, 0Ah, 0Bh 
 0784  0C 0D 0E 0F 10 11        		db	 0Ch, 0Dh, 0Eh, 0Fh, 10h, 11h 
 078A  12 13 14 15 16 17        		db	 12h, 13h, 14h, 15h, 16h, 17h 
 0790  18 19 1A 1B 1C 1D        		db	 18h, 19h, 1Ah, 1Bh, 1Ch, 1Dh 
 0796  1E 1F                    		db	 1Eh, 1Fh 
 0798  20 21 22 23 24           		db	' !"#$' 
 079D  25 26 27                 		db	'%&', 27h 
 07A0  00 01 02 03 04 05        		db	 00h, 01h, 02h, 03h, 04h, 05h 
 07A6  06 07 08 09 0A 0B        		db	 06h, 07h, 08h, 09h, 0Ah, 0Bh 
 07AC  0C 0D 0E 0F 28 29        		db	 0Ch, 0Dh, 0Eh, 0Fh, 28h, 29h 
 07B2  12 13 14 15 16 17        		db	 12h, 13h, 14h, 15h, 16h, 17h 
 07B8  2A 2B 2C 1B 1C 1D        		db	 2Ah, 2Bh, 2Ch, 1Bh, 1Ch, 1Dh 
 07BE  1E 1F                    		db	 1Eh, 1Fh 
 07C0  20 2D 2E 23 24           		db	' -.#$' 
 07C5  25 26 27                 		db	'%&', 27h 
 07C8  00 01 02 03 04 05        		db	 00h, 01h, 02h, 03h, 04h, 05h 
 07CE  06 07 08 09 41 42        		db	 06h, 07h, 08h, 09h, 41h, 42h 
 07D4  43 44 45 0F 10 11        		db	 43h, 44h, 45h, 0Fh, 10h, 11h 
Microsoft (R) Macro Assembler  Version 4.00                 3/29/26 15:16:19

                                                            Page     1-18
                                                            

 07DA  46 4D 4E 49 4A 39        		db	 46h, 4Dh, 4Eh, 49h, 4Ah, 39h 
 07E0  18 19 1A                 		db	 18h, 19h, 1Ah 
 07E3  4F 50 51 4C 3D 20 21     		db	'OPQL= !"RS>?@' 
       22 52 53 3E 3F 40        
 07F0  00 01 54 55 56 05        		db	 00h, 01h, 54h, 55h, 56h, 05h 
 07F6  06 07 08 09 57 58        		db	 06h, 07h, 08h, 09h, 57h, 58h 
 07FC  59 5A 5B 0F 10 5C        		db	 59h, 5Ah, 5Bh, 0Fh, 10h, 5Ch 
 0802  5D 5E 5F 60 61 17        		db	 5Dh, 5Eh, 5Fh, 60h, 61h, 17h 
 0808  18 19                    		db	 18h, 19h 
 080A  62 63 64 65 66 67 20     		db	'bcdefg !"hi>jk' 
       21 22 68 69 3E 6A 6B     
                                
                                 
                                ;ﬂﬂﬂﬂﬂﬂﬂﬂﬂﬂﬂﬂﬂﬂﬂﬂﬂﬂﬂﬂﬂﬂﬂﬂﬂﬂﬂﬂﬂﬂﬂﬂﬂﬂﬂﬂﬂﬂﬂﬂﬂﬂﬂﬂﬂﬂﬂﬂﬂﬂﬂﬂﬂﬂﬂﬂﬂﬂﬂﬂﬂﬂﬂﬂﬂﬂﬂﬂﬂﬂﬂﬂﬂﬂ 
                                ;                              SUBROUTINE 
                                ;‹‹‹‹‹‹‹‹‹‹‹‹‹‹‹‹‹‹‹‹‹‹‹‹‹‹‹‹‹‹‹‹‹‹‹‹‹‹‹‹‹‹‹‹‹‹‹‹‹‹‹‹‹‹‹‹‹‹‹‹‹‹‹‹‹‹‹‹‹‹‹‹‹‹ 
                                 
 0818                           sub_7		proc	near 
 0818  C6 06 FF1A 00            		mov	byte ptr ds:[0FF1Ah],0 
 081D  AD                       		lodsw				; String [si] to ax 
 081E  3D FFFF                  		cmp	ax,0FFFFh 
 0821  75 01                    		jne	loc_49			; Jump if not equal 
                                		retn 
 0823  C3                     1                 db     0C3h
 0824                           loc_49: 
 0824  56                       		push	si 
 0825  8B F0                    		mov	si,ax 
 0827  E8 0756 R                		call	sub_6 
 082A  80 3E FF1A 28            		cmp	byte ptr ds:[0FF1Ah],28h	; '(' 
 082F  72 F9                    		jb	$-5			; Jump if below 
 0831  5E                       		pop	si 
 0832  EB E4                    		jmp	short $-1Ah 
                                sub_7		endp 
                                 
                                			                        ;* No entry point to code 
 0834  43                       		inc	bx 
 0835  A8 6B                    		test	al,6Bh			; 'k' 
 0837  A8 93                    		test	al,93h 
 0839  A8 BB                    		test	al,0BBh 
 083B  A8 FF                    		test	al,0FFh 
 083D  FF BB A8 93 A8 6B        		db	0FFh,0BBh,0A8h, 93h,0A8h, 6Bh 
 0843  A8 43 A8 FF FF 00        		db	0A8h, 43h,0A8h,0FFh,0FFh, 00h 
 0849  01 02 03 04 05 06        		db	 01h, 02h, 03h, 04h, 05h, 06h 
 084F  07 08 09 0A 0B 0C        		db	 07h, 08h, 09h, 0Ah, 0Bh, 0Ch 
 0855  0D 0E 0F 10 11 12        		db	 0Dh, 0Eh, 0Fh, 10h, 11h, 12h 
 085B  13 14 15 16 17 18        		db	 13h, 14h, 15h, 16h, 17h, 18h 
 0861  19 1A 2F 30 1D 1E        		db	 19h, 1Ah, 2Fh, 30h, 1Dh, 1Eh 
 0867  1F                       		db	 1Fh 
 0868  20 21 22 23 24           		db	' !"#$' 
 086D  25 26 27                 		db	'%&', 27h 
 0870  00 01 02 03 04 05        		db	 00h, 01h, 02h, 03h, 04h, 05h 
 0876  06 07 08 09 0A 0B        		db	 06h, 07h, 08h, 09h, 0Ah, 0Bh 
 087C  0C 0D 0E 0F 10 11        		db	 0Ch, 0Dh, 0Eh, 0Fh, 10h, 11h 
 0882  12 13 14 15 16 17        		db	 12h, 13h, 14h, 15h, 16h, 17h 
 0888  18 19 1A 2F 30 1D        		db	 18h, 19h, 1Ah, 2Fh, 30h, 1Dh 
Microsoft (R) Macro Assembler  Version 4.00                 3/29/26 15:16:19

                                                            Page     1-19
                                                            

 088E  1E 1F                    		db	 1Eh, 1Fh 
 0890  20 21 22 23 31 32 33     		db	' !"#123', 27h 
       27                       
 0898  00 01 02 03 04 05        		db	 00h, 01h, 02h, 03h, 04h, 05h 
 089E  06 07 08 09 0A 0B        		db	 06h, 07h, 08h, 09h, 0Ah, 0Bh 
 08A4  34 35 0E 0F 10 11        		db	 34h, 35h, 0Eh, 0Fh, 10h, 11h 
 08AA  12 13 36 37 38 39        		db	 12h, 13h, 36h, 37h, 38h, 39h 
 08B0  18 19 1A                 		db	 18h, 19h, 1Ah 
 08B3  2F 3A 3B 3C 3D 20 21     		db	'/:;<= !"#$' 
       22 23 24                 
 08BD  3E 3F 40                 		db	'>?@' 
 08C0  00 01 02 03 04 05        		db	 00h, 01h, 02h, 03h, 04h, 05h 
 08C6  06 07 08 09 41 42        		db	 06h, 07h, 08h, 09h, 41h, 42h 
 08CC  43 44 45 0F 10 11        		db	 43h, 44h, 45h, 0Fh, 10h, 11h 
 08D2  46 47 48 49 4A 39        		db	 46h, 47h, 48h, 49h, 4Ah, 39h 
 08D8  18 19 1A                 		db	 18h, 19h, 1Ah 
 08DB  2F 30 4B 4C 3D 20 21     		db	'/0KL= !"#$' 
       22 23 24                 
 08E5  3E 3F 40                 		db	'>?@' 
 08E8  01 16                    		db	 01h, 16h 
 08EA  42 41 4E 4B 2E 47 52     		db	'BANK.GRP' 
       50                       
 08F2  00 18 AF 02              		db	 00h, 18h,0AFh, 02h 
 08F6  08 54 68 65 20 42 61     		db	8, 'The Bank' 
       6E 6B                    
 08FF  01 06 01 06 01 08        		db	1, 6, 1, 6, 1, 8 
 0905  01 04 01 02 01 04        		db	1, 4, 1, 2, 1, 4 
 090B  04 02 01 06 01           		db	4, 2, 1, 6, 1 
 0910  08                       		db	8 
 0911  47 6F 20 6F 75 74 73     		db	'Go outside', 0 
       69 64 65 00              
 091C  45 78 63 68 61 6E 67     		db	'Exchange almas', 0 
       65 20 61 6C 6D 61 73     
       00                       
 092B  44 65 70 6F 73 69 74     		db	'Deposit money', 0 
       20 6D 6F 6E 65 79 00     
 0939  57 69 74 68 64 72 61     		db	'Withdraw money', 0 
       77 20 6D 6F 6E 65 79     
       00                       
 0948  43 68 65 63 6B 20 62     		db	'Check balance', 0 
       61 6C 61 6E 63 65 00     
 0956  47 4F 4C 44 20 43 41     		db	'GOLD CARRIED' 
       52 52 49 45 44           
 0962  00 00 00                 		db	0, 0, 0 
 0965  20 44 45 50 4F 53 49     		db	' DEPOSIT AMT' 
       54 20 41 4D 54           
 0971  00                       		db	0 
 0972  47 4F 4C 44 20 49 4E     		db	'GOLD IN BANK' 
       20 42 41 4E 4B           
 097E  00 00 00                 		db	0, 0, 0 
 0981  57 49 54 48 44 52 41     		db	'WITHDRAW AMT' 
       57 20 41 4D 54           
 098D  00 0C FF 2E FF           		db	 00h, 0Ch,0FFh, 2Eh,0FFh 
 0992  4F 68 2C 20 65 78 63     		db	'Oh, excuse me. ' 
       75 73 65 20 6D 65 2E     
Microsoft (R) Macro Assembler  Version 4.00                 3/29/26 15:16:19

                                                            Page     1-20
                                                            

       20                       
 09A1  FF 00                    		db	0FFh, 00h 
 09A3  43 61 6E 20 49 20 68     		db	'Can I help you?/' 
       65 6C 70 20 79 6F 75     
       3F 2F                    
 09B3  FF 01 FF FF 0C           		db	0FFh, 01h,0FFh,0FFh, 0Ch 
 09B8  53 69 72 2C 20 79 6F     		db	'Sir, you aren\t carryi' 
       75 20 61 72 65 6E 5C     
       74 20 63 61 72 72 79     
       69                       
 09CE  6E 67 20 61 6E 79 20     		db	'ng any almas. ' 
       61 6C 6D 61 73 2E 20     
                                
 09DC  FF 01                    		db	0FFh, 01h 
 09DE  0C 4F 75 72 20 65 78     		db	0Ch, 'Our exchange rate is ' 
       63 68 61 6E 67 65 20     
       72 61 74 65 20 69 73     
       20                       
 09F4  FF 00                    		db	0FFh, 00h 
 09F6  26 61 6C 6D 61 73 20     		db	'&almas to ' 
       74 6F 20                 
 0A00  FF 00                    		db	0FFh, 00h 
 0A02  26 67 6F 6C 64 73 2E     		db	'&golds./Will that be all right?' 
       2F 57 69 6C 6C 20 74     
       68 61 74 20 62 65 20     
       61 6C 6C 20 72 69 67     
       68 74 3F                 
 0A21  FF 0C                    		db	0FFh, 0Ch 
 0A23  49 5C 6D 20 73 6F 72     		db	'I\m sorry, you do' 
       72 79 2C 20 79 6F 75     
       20 64 6F                 
 0A34  20 6E 6F 74 20 68 61     		db	' not have enough almas.' 
       76 65 20 65 6E 6F 75     
       67 68 20 61 6C 6D 61     
       73 2E                    
 0A4B  FF 01                    		db	0FFh, 01h 
 0A4D  0C 49 20 64 6F 6E 5C     		db	0Ch, 'I don\' 
                                
 0A54  74                       		db	't' 
 0A55  20 75 6E 64              		db	' und' 
 0A59  65 72 73 74 61 6E 64     		db	'erstand' 
                                
 0A60  2E 20 50 6C 65 61 73     		db	'. Please state' 
       65 20 73 74 61 74 65     
                                
 0A6E  20 79 6F 75 72 20 62     		db	' your business clearly.' 
       75 73 69 6E 65 73 73     
       20 63 6C 65 61 72 6C     
       79 2E                    
 0A85  FF 01                    		db	0FFh, 01h 
 0A87  0C 57 69 6C 6C 20 74     		db	0Ch, 'Will there be anything else' 
       68 65 72 65 20 62 65     
       20 61 6E 79 74 68 69     
       6E 67 20 65 6C 73 65     
                                
Microsoft (R) Macro Assembler  Version 4.00                 3/29/26 15:16:19

                                                            Page     1-21
                                                            

 0AA3  3F                       		db	'?' 
 0AA4  FF 01                    		db	0FFh, 01h 
 0AA6  0C 59 6F 75              		db	0Ch, 'You' 
 0AAA  20 61 72 65 6E 5C 74     		db	' aren\t c' 
       20 63                    
 0AB3  61 72 72 79 69 6E 67     		db	'arrying any gold, are you?' 
       20 61 6E 79 20 67 6F     
       6C 64 2C 20 61 72 65     
       20 79 6F 75 3F           
 0ACD  FF 01                    		db	0FFh, 01h 
 0ACF  0C 48 6F 77 20 6D 75     		db	0Ch, 'How much gold w' 
       63 68 20 67 6F 6C 64     
       20 77                    
 0ADF  6F 75 6C 64 20 79 6F     		db	'ould you like to deposit?' 
       75 20 6C 69 6B 65 20     
       74 6F 20 64 65 70 6F     
       73 69 74 3F              
 0AF8  FF                       		db	0FFh 
 0AF9  0D 59 6F 75 72 20 62     		db	0Dh, 'Your balance is ' 
       61 6C 61 6E 63 65 20     
       69 73 20                 
 0B0A  FF 00 26 67 6F 6C        		db	0FFh, 00h, 26h, 67h, 6Fh, 6Ch 
 0B10  64 73 2E FF 01           		db	 64h, 73h, 2Eh,0FFh, 01h 
 0B15  0C 54 68 61 6E 6B 20     		db	0Ch, 'Thank you. Please come agai' 
       79 6F 75 2E 20 50 6C     
       65 61 73 65 20 63 6F     
       6D 65 20 61 67 61 69     
                                
 0B31  6E 2E                    		db	'n.' 
 0B33  FF 03 FF 01              		db	0FFh, 03h,0FFh, 01h 
 0B37  0C 49 5C 6D 20 61 66     		db	0Ch, 'I\m afrai' 
       72 61 69                 
 0B41  64 20 77 65 20 68 61     		db	'd we have a p' 
       76 65 20 61 20 70        
 0B4E  72 6F 62 6C 65 6D 20     		db	'roblem here. You ' 
       68 65 72 65 2E 20 59     
       6F 75 20                 
 0B5F  64 6F 6E 5C              		db	'don\' 
 0B63  74 20 68 61 76 65 20     		db	't have any gold in your account.' 
       61 6E 79 20 67 6F 6C     
       64 20 69 6E 20 79 6F     
       75 72 20 61 63 63 6F     
       75 6E 74 2E              
 0B83  FF 01                    		db	0FFh, 01h 
 0B85  0C 48 6F 77 20 6D 75     		db	0Ch, 'How mu' 
                                
 0B8C  63 68 20 64 6F 20 79     		db	'ch do you wish to withdraw?/' 
       6F 75 20 77 69 73 68     
       20 74 6F 20 77 69 74     
       68 64 72 61 77 3F 2F     
                                
 0BA8  FF                       		db	0FFh 
 0BA9  48 65 72 65 20 79 6F     		db	'Here you are, sir. ' 
       75 20 61 72 65 2C 20     
       73 69 72 2E 20           
Microsoft (R) Macro Assembler  Version 4.00                 3/29/26 15:16:19

                                                            Page     1-22
                                                            

 0BBC  FF 00 26 67 6F 6C        		db	0FFh, 00h, 26h, 67h, 6Fh, 6Ch 
 0BC2  64 73 2E FF              		db	 64h, 73h, 2Eh,0FFh 
 0BC6  48 65 72 65 20 79 6F     		db	'Here you are, sir. One gold.' 
       75 20 61 72 65 2C 20     
       73 69 72 2E 20 4F 6E     
       65 20 67 6F 6C 64 2E     
                                
 0BE2  FF                       		db	0FFh 
 0BE3  0D 59 6F 75 72 20 61     		db	0Dh, 'Your account is empty.' 
       63 63 6F 75 6E 74 20     
       69 73 20 65 6D 70 74     
       79 2E                    
 0BFA  FF 01                    		db	0FFh, 01h 
 0BFC  0C 59 6F 75 72 20 61     		db	0Ch, 'Your account is empty.' 
       63 63 6F 75 6E 74 20     
       69 73 20 65 6D 70 74     
       79 2E                    
 0C13  FF 01                    		db	0FFh, 01h 
 0C15  0C 59 6F 75 20 68 61     		db	0Ch, 'You have ' 
       76 65 20                 
 0C1F  FF 00                    		db	0FFh, 00h 
 0C21  26 67 6F 6C 64 73 20     		db	'&golds in your account.' 
       69 6E 20 79 6F 75 72     
       20 61 63 63 6F 75 6E     
       74 2E                    
 0C38  FF 01                    		db	0FFh, 01h 
 0C3A  0C 59 6F 75 20           		db	0Ch, 'You ' 
 0C3F  68 61 76 65 20 6F 6E     		db	'have one gold in your account.' 
       65 20 67 6F 6C 64 20     
       69 6E 20 79 6F 75 72     
       20 61 63 63 6F 75 6E     
       74 2E                    
 0C5D  FF 01                    		db	0FFh, 01h 
 0C5F  0C 55 6E 6C 65 73 73     		db	0Ch, 'Unless' 
                                
 0C66  20 79 6F 75 20 68        		db	' you h' 
 0C6C  61 76 65 20 62 75 73     		db	'ave bus' 
                                
 0C73  69 6E 65                 		db	'ine' 
 0C76  73 73 2C 20 64 6F 6E     		db	'ss, don\t com' 
       5C 74 20 63 6F 6D        
 0C83  65 20 69 6E 20 68 65     		db	'e in here. I\m a busy man.' 
       72 65 2E 20 49 5C 6D     
       20 61 20 62 75 73 79     
       20 6D 61 6E 2E           
 0C9D  FF 02 11 FF FF 0C        		db	0FFh, 02h, 11h,0FFh,0FFh, 0Ch 
 0CA3  4E                       		db	'N' 
 0CA4  65 78 74 20              		db	'ext ' 
 0CA8  74 69 6D 65 20 70 6C     		db	'time please depos' 
       65 61 73 65 20 64 65     
       70 6F 73                 
 0CB9  69 74 20 61 20 6C 61     		db	'it a large sum in savings. ' 
       72 67 65 20 73 75 6D     
       20 69 6E 20 73 61 76     
       69 6E 67 73 2E 20        
Microsoft (R) Macro Assembler  Version 4.00                 3/29/26 15:16:19

                                                            Page     1-23
                                                            

 0CD4  FF 02 11 FF FF 0C        		db	0FFh, 02h, 11h,0FFh,0FFh, 0Ch 
 0CDA  54 68                    		db	'Th' 
 0CDC  61 6E 6B 20 79 6F 75     		db	'ank you. Come again t' 
       2E 20 43 6F 6D 65 20     
       61 67 61 69 6E 20 74     
                                
 0CF1  6F 20 6D 61 6B 65 20     		db	'o make a deposit' 
       61 20 64 65 70 6F 73     
       69 74                    
 0D01  20 66 6F 72 20 61 20     		db	' for a large sum in savings. ' 
       6C 61 72 67 65 20 73     
       75 6D 20 69 6E 20 73     
       61 76 69 6E 67 73 2E     
       20                       
 0D1E  FF 02 11 FF FF 00        		db	0FFh, 02h, 11h,0FFh,0FFh, 00h 
 0D24  0008[                    		db	8 dup (0) 
            00                  
                         ]      
                                
 0D2C  30 FF                    		db	 30h,0FFh 
 0D2E  000F[                    		db	15 dup (0) 
            00                  
                         ]      
                                
                                 
 0D3D                           seg_a		ends 
                                 
                                 
                                 
                                		end	start 

Microsoft (R) Macro Assembler  Version 4.00                 3/29/26 15:16:19

                                                            Symbols-1
                                                             

Macros:

		N a m e			Lines

CALLF  . . . . . . . . . . . . .  	   2
CALLFX . . . . . . . . . . . . .  	   3
JMPN . . . . . . . . . . . . . .  	   2
MOVSEG . . . . . . . . . . . . .  	  43
RETF . . . . . . . . . . . . . .  	   6
RETN . . . . . . . . . . . . . .  	   6

Segments and Groups:

                N a m e         	Size	Align	Combine Class

SEG_A  . . . . . . . . . . . . .  	0D3D	BYTE	PUBLIC	

Symbols:            

                N a m e         	Type	Value	Attr         

DATA_1E  . . . . . . . . . . . .  	Number	8000	
DATA_39E . . . . . . . . . . . .  	Number	2000	
DATA_40E . . . . . . . . . . . .  	Number	2002	
DATA_41E . . . . . . . . . . . .  	Number	2010	
DATA_42E . . . . . . . . . . . .  	Number	2012	
DATA_43E . . . . . . . . . . . .  	Number	2014	
DATA_44E . . . . . . . . . . . .  	Number	2016	
DATA_45E . . . . . . . . . . . .  	Number	2040	
DATA_46E . . . . . . . . . . . .  	Number	2044	
DATA_47E . . . . . . . . . . . .  	Number	3016	
DATA_48E . . . . . . . . . . . .  	Number	301C	
DATA_49E . . . . . . . . . . . .  	Number	3022	
DATA_50E . . . . . . . . . . . .  	Number	6004	
DATA_51E . . . . . . . . . . . .  	Number	6006	
DATA_52E . . . . . . . . . . . .  	Number	6008	
DATA_53E . . . . . . . . . . . .  	Number	600A	
DATA_54E . . . . . . . . . . . .  	Number	600C	
DATA_55E . . . . . . . . . . . .  	Number	600E	
DATA_56E . . . . . . . . . . . .  	Number	A0B8	
DATA_57E . . . . . . . . . . . .  	Number	A6C8	
DATA_58E . . . . . . . . . . . .  	Number	A839	
DATA_59E . . . . . . . . . . . .  	Number	A8BB	
DATA_60E . . . . . . . . . . . .  	Number	A8E3	
DATA_61E . . . . . . . . . . . .  	Number	A8EE	
DATA_62E . . . . . . . . . . . .  	Number	A8FA	
DATA_63E . . . . . . . . . . . .  	Number	A8FB	
DATA_64E . . . . . . . . . . . .  	Number	A951	
DATA_65E . . . . . . . . . . . .  	Number	A96D	
DATA_66E . . . . . . . . . . . .  	Number	AD1E	
DATA_67E . . . . . . . . . . . .  	Number	AD1F	
DATA_68E . . . . . . . . . . . .  	Number	AD21	
DATA_69E . . . . . . . . . . . .  	Number	AD22	
DATA_7 . . . . . . . . . . . . .  	L WORD 	010C	SEG_A
DATA_70E . . . . . . . . . . . .  	Number	AD23	
Microsoft (R) Macro Assembler  Version 4.00                 3/29/26 15:16:19

                                                            Symbols-2
                                                             

DATA_71E . . . . . . . . . . . .  	Number	AD24	
DATA_72E . . . . . . . . . . . .  	Number	AD25	
DATA_73E . . . . . . . . . . . .  	Number	AD26	
DATA_74E . . . . . . . . . . . .  	Number	AD27	
DATA_75E . . . . . . . . . . . .  	Number	AD29	
DATA_76E . . . . . . . . . . . .  	Number	AD2A	
DATA_77E . . . . . . . . . . . .  	Number	AD2C	
DATA_78E . . . . . . . . . . . .  	Number	AD2D	
DATA_79E . . . . . . . . . . . .  	Number	AD2F	
DATA_80E . . . . . . . . . . . .  	Number	C006	
DATA_81E . . . . . . . . . . . .  	Number	FF2C	
DATA_82E . . . . . . . . . . . .  	Number	FF4C	
DATA_83E . . . . . . . . . . . .  	Number	FF4E	
DATA_84E . . . . . . . . . . . .  	Number	FF4F	
DATA_85E . . . . . . . . . . . .  	Number	FF50	
DATA_86E . . . . . . . . . . . .  	Number	FF52	
DATA_87E . . . . . . . . . . . .  	Number	FF53	
DATA_88E . . . . . . . . . . . .  	Number	FF54	
DATA_89E . . . . . . . . . . . .  	Number	FF57	

LOCLOOP_1  . . . . . . . . . . .  	L NEAR	0075	SEG_A
LOCLOOP_43 . . . . . . . . . . .  	L NEAR	06B1	SEG_A
LOCLOOP_44 . . . . . . . . . . .  	L NEAR	06B5	SEG_A
LOCLOOP_47 . . . . . . . . . . .  	L NEAR	075C	SEG_A
LOCLOOP_48 . . . . . . . . . . .  	L NEAR	0760	SEG_A
LOC_10 . . . . . . . . . . . . .  	L NEAR	0210	SEG_A
LOC_11 . . . . . . . . . . . . .  	L NEAR	0212	SEG_A
LOC_12 . . . . . . . . . . . . .  	L NEAR	021A	SEG_A
LOC_13 . . . . . . . . . . . . .  	L NEAR	0262	SEG_A
LOC_14 . . . . . . . . . . . . .  	L NEAR	02B3	SEG_A
LOC_15 . . . . . . . . . . . . .  	L NEAR	02F3	SEG_A
LOC_16 . . . . . . . . . . . . .  	L NEAR	02FE	SEG_A
LOC_17 . . . . . . . . . . . . .  	L NEAR	0303	SEG_A
LOC_18 . . . . . . . . . . . . .  	L NEAR	0320	SEG_A
LOC_19 . . . . . . . . . . . . .  	L NEAR	0336	SEG_A
LOC_2  . . . . . . . . . . . . .  	L NEAR	0086	SEG_A
LOC_20 . . . . . . . . . . . . .  	L NEAR	033F	SEG_A
LOC_21 . . . . . . . . . . . . .  	L NEAR	034A	SEG_A
LOC_22 . . . . . . . . . . . . .  	L NEAR	038A	SEG_A
LOC_23 . . . . . . . . . . . . .  	L NEAR	039E	SEG_A
LOC_24 . . . . . . . . . . . . .  	L NEAR	03CE	SEG_A
LOC_25 . . . . . . . . . . . . .  	L NEAR	03F7	SEG_A
LOC_26 . . . . . . . . . . . . .  	L NEAR	0448	SEG_A
LOC_27 . . . . . . . . . . . . .  	L NEAR	0492	SEG_A
LOC_28 . . . . . . . . . . . . .  	L NEAR	049D	SEG_A
LOC_29 . . . . . . . . . . . . .  	L NEAR	04A2	SEG_A
LOC_3  . . . . . . . . . . . . .  	L NEAR	009E	SEG_A
LOC_30 . . . . . . . . . . . . .  	L NEAR	04BF	SEG_A
LOC_31 . . . . . . . . . . . . .  	L NEAR	04D5	SEG_A
LOC_32 . . . . . . . . . . . . .  	L NEAR	04F0	SEG_A
LOC_33 . . . . . . . . . . . . .  	L NEAR	051F	SEG_A
LOC_34 . . . . . . . . . . . . .  	L NEAR	055A	SEG_A
LOC_35 . . . . . . . . . . . . .  	L NEAR	0589	SEG_A
LOC_36 . . . . . . . . . . . . .  	L NEAR	05AF	SEG_A
LOC_37 . . . . . . . . . . . . .  	L NEAR	05C8	SEG_A
Microsoft (R) Macro Assembler  Version 4.00                 3/29/26 15:16:19

                                                            Symbols-3
                                                             

LOC_38 . . . . . . . . . . . . .  	L NEAR	0613	SEG_A
LOC_39 . . . . . . . . . . . . .  	L NEAR	064B	SEG_A
LOC_4  . . . . . . . . . . . . .  	L NEAR	00AC	SEG_A
LOC_40 . . . . . . . . . . . . .  	L NEAR	066D	SEG_A
LOC_41 . . . . . . . . . . . . .  	L NEAR	067F	SEG_A
LOC_42 . . . . . . . . . . . . .  	L NEAR	069F	SEG_A
LOC_45 . . . . . . . . . . . . .  	L NEAR	0735	SEG_A
LOC_46 . . . . . . . . . . . . .  	L NEAR	073D	SEG_A
LOC_49 . . . . . . . . . . . . .  	L NEAR	0824	SEG_A
LOC_5  . . . . . . . . . . . . .  	L NEAR	013A	SEG_A
LOC_6  . . . . . . . . . . . . .  	L NEAR	0148	SEG_A
LOC_7  . . . . . . . . . . . . .  	L NEAR	016C	SEG_A
LOC_8  . . . . . . . . . . . . .  	L NEAR	01EC	SEG_A
LOC_9  . . . . . . . . . . . . .  	L NEAR	0200	SEG_A

START  . . . . . . . . . . . . .  	L NEAR	0000	SEG_A
SUB_1  . . . . . . . . . . . . .  	N PROC	00B1	SEG_A	Length = 000B
SUB_2  . . . . . . . . . . . . .  	N PROC	0624	SEG_A	Length = 000D
SUB_3  . . . . . . . . . . . . .  	N PROC	0631	SEG_A	Length = 0077
SUB_4  . . . . . . . . . . . . .  	N PROC	06A8	SEG_A	Length = 0025
SUB_5  . . . . . . . . . . . . .  	N PROC	072D	SEG_A	Length = 0029
SUB_6  . . . . . . . . . . . . .  	N PROC	0756	SEG_A	Length = 0022
SUB_7  . . . . . . . . . . . . .  	N PROC	0818	SEG_A	Length = 001C

TARGET . . . . . . . . . . . . .  	Number	4D34	

_213DORDO  . . . . . . . . . . .  	F PROC	0000	SEG_A	Length = 00B1


   1099 Source  Lines
   1268 Total   Lines
    140 Symbols

  46166 Bytes symbol space free

      0 Warning Errors
      0 Severe  Errors
