Microsoft (R) Macro Assembler  Version 4.00                 3/29/26 15:16:24

                                                            Page     1-1
                                                            

                                 
                                PAGE  59,132 
                                 
                                ;€€€€€€€€€€€€€€€€€€€€€€€€€€€€€€€€€€€€€€€€€€€€€€€€€€€€€€€€€€€€€€€€€€€€€€€€€€ 
                                ;€€					                                 €€ 
                                ;€€				_214LLAMA                                €€ 
                                ;€€					                                 €€ 
                                ;€€      Created:   29-Mar-26		                                 €€ 
                                ;€€      Code type: zero start		                                 €€ 
                                ;€€      Passes:    9          Analysis	Options on: none                 €€ 
                                ;€€					                                 €€ 
                                ;€€€€€€€€€€€€€€€€€€€€€€€€€€€€€€€€€€€€€€€€€€€€€€€€€€€€€€€€€€€€€€€€€€€€€€€€€€ 
                                 
 = 4D34                         target		EQU   'M4'                      ; Target assembler: MASM-4.0 
                                 
                             C  include  srmacros.inc 
                             C   
                             C  ; Macros which may be required for proper re-assembly 
                             C   
                             C  IF (target EQ 'M4') 
                             C  ;----------------------------------------------------------------------------- 
                             C  ;  MASM 4.0 does not allow retf and retn, allowed by current assemblers. 
                             C  ;  These marcos, convert RETF and RETN into data bytes that are acceptable 
                             C  ;  to MASM 4.0. 
                             C   
                             C   
                             C  retf            macro   ret_count               ; Fixup for Assembler 
                             C                  if      ret_count+0 GT 1 
                             C                  db      0CAh 
                             C                  dw      ret_count 
                             C                  else 
                             C                  db      0CBh 
                             C                  endif 
                             C  endm 
                             C   
                             C  retn            macro  ret_count 
                             C                  if     ret_count+0 GT 1 
                             C                  db     0C2h 
                             C                  dw     ret_count 
                             C                  else 
                             C                  db     0C3h 
                             C                  endif 
                             C  endm 
                             C   
                             C  ENDIF 
                             C   
                             C   
                             C  IF (target EQ 'M4') OR (target EQ 'M5')  
                             C  ;----------------------------------------------------------------------------- 
                             C  ; Due to a bug in earlier MASM assemblers, the valid instruction type  
                             C  ; "mov segreg, reg"  cannot be used, if the register is not AX.   
                             C  ; For example:  mov  es, bx 
                             C   
                             C  movseg          macro reg16, unused, Imm16      ; Fixup for Assembler 
                             C                  ifidn  <reg16>, <bx>             
Microsoft (R) Macro Assembler  Version 4.00                 3/29/26 15:16:24

                                                            Page     1-2
                                                            

                             C                  db     0BBh                      
                             C                  endif                            
                             C                  ifidn  <reg16>, <cx>             
                             C                  db     0B9h                      
                             C                  endif 
                             C                  ifidn  <reg16>, <dx> 
                             C                  db     0BAh 
                             C                  endif 
                             C                  ifidn  <reg16>, <si> 
                             C                  db     0BEh 
                             C                  endif 
                             C                  ifidn  <reg16>, <di> 
                             C                  db     0BFh 
                             C                  endif 
                             C                  ifidn  <reg16>, <bp> 
                             C                  db     0BDh 
                             C                  endif 
                             C                  ifidn  <reg16>, <sp> 
                             C                  db     0BCh 
                             C                  endif 
                             C                  ifidn  <reg16>, <BX> 
                             C                  db     0BBH 
                             C                  endif 
                             C                  ifidn  <reg16>, <CX> 
                             C                  db     0B9H 
                             C                  endif 
                             C                  ifidn  <reg16>, <DX> 
                             C                  db     0BAH 
                             C                  endif 
                             C                  ifidn  <reg16>, <SI> 
                             C                  db     0BEH 
                             C                  endif 
                             C                  ifidn  <reg16>, <DI> 
                             C                  db     0BFH 
                             C                  endif 
                             C                  ifidn  <reg16>, <BP> 
                             C                  db     0BDH 
                             C                  endif 
                             C                  ifidn  <reg16>, <SP> 
                             C                  db     0BCH 
                             C                  endif 
                             C                  dw     seg Imm16 
                             C  endm 
                             C   
                             C  ENDIF 
                             C   
                             C   
                             C  ENDIF 
                             C   
                             C   
                             C   
                             C  IFE (target EQ 'NO') 
                             C  ;----------------------------------------------------------------------------- 
                             C  ;  Some compilers and some assemblers will code a call that goes to a far 
                             C  ;  subroutine in the same segment as: 
Microsoft (R) Macro Assembler  Version 4.00                 3/29/26 15:16:24

                                                            Page     1-3
                                                            

                             C  ; 
                             C  ;               PUSH    CS 
                             C  ;               CALL    near 
                             C  ; 
                             C  ;  This saves one byte, and is slightly faster.  If the assembler you are 
                             C  ;  using (i.e. MASM, Optasm) does not do this automatically, the following 
                             C  ;  macros are used to code the same information.  In other words, the binary 
                             C  ;  file has "PUSH CS, CALL near", and Sourcer ensures the same instructions 
                             C  ;  are used!  (macro CALLF) 
                             C  ; 
                             C   
                             C  callf           macro   location 
                             C                  push    cs 
                             C                  call    near ptr location 
                             C  endm 
                             C   
                             C  ;  Some compilers generate an unnecessary DS override on the call instruction 
                             C  ;  when compacting the CALLF type function.  Macro CALLFX handles this case. 
                             C   
                             C  callfx          macro   location 
                             C                  push    cs 
                             C                  db      3Eh 
                             C                  call    near ptr location 
                             C  endm 
                             C   
                             C   
                             C  ;----------------------------------------------------------------------------- 
                             C  ;  Some compilers and some assemblers will code a near call that is the 
                             C  ;  selected assembler will convert to a short jump to save a byte.  This 
                             C  ;  reconstructs a near jump for these cases. 
                             C   
                             C  jmpn            macro   location 
                             C                  db      0E9h 
                             C                  dw      offset location-$-2 
                             C  endm 
                             C   
                             C  ENDIF 
                             C   
                                 
                                 
                                 
                                ; The following equates show data references outside the range of the program. 
                                 
 = 068E                         data_13e	equ	68Eh			;* 
 = 2000                         data_14e	equ	2000h			;* 
 = 2002                         data_15e	equ	2002h			;* 
 = 2008                         data_16e	equ	2008h			;* 
 = 2010                         data_17e	equ	2010h			;* 
 = 2012                         data_18e	equ	2012h			;* 
 = 2018                         data_19e	equ	2018h			;* 
 = 2040                         data_20e	equ	2040h			;* 
 = 2044                         data_21e	equ	2044h			;* 
 = 3016                         data_22e	equ	3016h			;* 
 = 6004                         data_23e	equ	6004h			;* 
 = A078                         data_24e	equ	0A078h			;* 
Microsoft (R) Macro Assembler  Version 4.00                 3/29/26 15:16:24

                                                            Page     1-4
                                                            

 = A089                         data_25e	equ	0A089h			;* 
 = A0CB                         data_26e	equ	0A0CBh			;* 
 = A177                         data_27e	equ	0A177h			;* 
 = A234                         data_28e	equ	0A234h			;* 
 = A27C                         data_29e	equ	0A27Ch			;* 
 = A3E4                         data_30e	equ	0A3E4h			;* 
 = A3E5                         data_31e	equ	0A3E5h			;* 
 = FF1A                         data_32e	equ	0FF1Ah			;* 
 = FF2C                         data_33e	equ	0FF2Ch			;* 
 = FF4C                         data_34e	equ	0FF4Ch			;* 
 = FF4E                         data_35e	equ	0FF4Eh			;* 
 = FF4F                         data_36e	equ	0FF4Fh			;* 
 = FF50                         data_37e	equ	0FF50h			;* 
                                 
 0000                           seg_a		segment	byte public 
                                		assume	cs:seg_a, ds:seg_a 
                                 
                                 
 0000                           		org	0 
                                 
 0000                           _214LLAMA	proc	far 
                                 
 0000                           start: 
 0000  E6 03                    		out	3,al			; port 3, DMA-1 bas&cnt ch 1 
 0002  00 00                    		add	[bx+si],al 
 0004  04 A0                    		add	al,0A0h 
 0006  D7                       		xlat				; al=[al+[bx]] table 
 0007  A1 068E                  		mov	ax,ds:data_13e 
 000A  2C FF                    		sub	al,0FFh 
 000C  BF 8000                  		mov	di,8000h 
 000F  BE A299                  		mov	si,0A299h 
 0012  B0 02                    		mov	al,2 
 0014  2E: FF 16 010C           		call	word ptr cs:[10Ch] 
 0019  1E                       		push	ds 
 001A  2E: 8E 1E FF2C           		mov	ds,cs:data_33e 
 001F  BE 8000                  		mov	si,8000h 
 0022  B9 0100                  		mov	cx,100h 
 0025  2E: FF 16 2044           		call	word ptr cs:data_21e 
 002A  1F                       		pop	ds 
 002B  C6 06 FF4E 00            		mov	byte ptr ds:data_35e,0 
 0030  C6 06 FF4F 00            		mov	byte ptr ds:data_36e,0 
 0035  2E: FF 16 2002           		call	word ptr cs:data_15e 
 003A  2E: FF 16 2012           		call	word ptr cs:data_18e 
 003F  BE A2A6                  		mov	si,0A2A6h 
 0042  2E: FF 16 2010           		call	word ptr cs:data_17e 
 0047  E8 0156 R                		call	sub_2 
 004A  BB 0D60                  		mov	bx,0D60h 
 004D  B9 3637                  		mov	cx,3637h 
 0050  B0 FF                    		mov	al,0FFh 
 0052  2E: FF 16 2000           		call	word ptr cs:data_14e 
 0057  E8 028C R                		call	sub_5 
 005A  89 36 FF4C               		mov	ds:data_34e,si 
 005E                           loc_1: 
 005E  2E: FF 16 6004           		call	word ptr cs:data_23e 
 0063  3C FF                    		cmp	al,0FFh 
Microsoft (R) Macro Assembler  Version 4.00                 3/29/26 15:16:24

                                                            Page     1-5
                                                            

 0065  74 05                    		je	loc_2			; Jump if equal 
 0067  E8 0071 R                		call	sub_1 
 006A  EB F2                    		jmp	short loc_1 
 006C                           loc_2: 
 006C  2E: FF 26 2040           		jmp	word ptr cs:data_20e 
                                 
                                _214LLAMA	endp 
                                 
                                ;ﬂﬂﬂﬂﬂﬂﬂﬂﬂﬂﬂﬂﬂﬂﬂﬂﬂﬂﬂﬂﬂﬂﬂﬂﬂﬂﬂﬂﬂﬂﬂﬂﬂﬂﬂﬂﬂﬂﬂﬂﬂﬂﬂﬂﬂﬂﬂﬂﬂﬂﬂﬂﬂﬂﬂﬂﬂﬂﬂﬂﬂﬂﬂﬂﬂﬂﬂﬂﬂﬂﬂﬂﬂﬂ 
                                ;                              SUBROUTINE 
                                ;‹‹‹‹‹‹‹‹‹‹‹‹‹‹‹‹‹‹‹‹‹‹‹‹‹‹‹‹‹‹‹‹‹‹‹‹‹‹‹‹‹‹‹‹‹‹‹‹‹‹‹‹‹‹‹‹‹‹‹‹‹‹‹‹‹‹‹‹‹‹‹‹‹‹ 
                                 
 0071                           sub_1		proc	near 
 0071  8A D8                    		mov	bl,al 
 0073  32 FF                    		xor	bh,bh			; Zero register 
 0075  03 DB                    		add	bx,bx 
 0077  2E: FF A7 A078           		jmp	word ptr cs:data_24e[bx]	;* 
                                sub_1		endp 
                                 
                                			                        ;* No entry point to code 
 007C  E5 A0                    		in	ax,0A0h			; port 0A0h ??I/O Non-standard 
                                ;*		and	byte ptr ds:data_25e[bx+si],99h 
 007E  82 A0 89 A0 99           		db	 82h,0A0h, 89h,0A0h, 99h	;  Fixup - byte match 
 0083  A0 A0CB                  		mov	al,ds:data_26e 
 0086  C7 06 FF4C A36A          		mov	word ptr ds:data_34e,0A36Ah 
                                		retn 
 008C  C3                     1                 db     0C3h
 008D  C6 06 1A                 		db	0C6h, 06h, 1Ah 
 0090  0000 U                   data_1		dw	offset loc_10		; Data table (indexed access) 
214LLAMA.asm(115) : error 9: Symbol not defined LOC_10
 0092                           loc_3: 
 0092  E8 01DB R                		call	sub_3 
 0095  80 3E FF1A FA            		cmp	byte ptr ds:data_32e,0FAh 
 009A  72 F6                    		jb	loc_3			; Jump if below 
                                		retn 
 009C  C3                     1                 db     0C3h
 009D                           loc_4: 
 009D  A1 0090 R                		mov	ax,word ptr data_1 
 00A0  05 0008                  		add	ax,8 
 00A3  3B 06 00B2               		cmp	ax,word ptr ds:[0B2h] 
 00A7  73 19                    		jae	loc_6			; Jump if above or = 
 00A9  A3 0090 R                		mov	word ptr data_1,ax 
 00AC  2E: FF 16 2008           		call	word ptr cs:data_16e 
 00B1  C6 06 FF1A 00            		mov	byte ptr ds:data_32e,0 
 00B6                           loc_5: 
 00B6  E8 01DB R                		call	sub_3 
 00B9  80 3E FF1A 14            		cmp	byte ptr ds:data_32e,14h 
 00BE  72 F6                    		jb	loc_5			; Jump if below 
 00C0  EB DB                    		jmp	short loc_4 
 00C2                           loc_6: 
 00C2  A1 00B2                  		mov	ax,word ptr ds:[0B2h] 
 00C5  A3 0090 R                		mov	word ptr data_1,ax 
 00C8  2E: FF 16 2008           		call	word ptr cs:data_16e 
 00CD  EB 00                    		jmp	short $+2		; delay for I/O 
 00CF  0E                       		push	cs 
Microsoft (R) Macro Assembler  Version 4.00                 3/29/26 15:16:24

                                                            Page     1-6
                                                            

 00D0  07                       		pop	es 
 00D1  BE 00B4                  		mov	si,0B4h 
 00D4  BF 00AB                  		mov	di,0ABh 
 00D7  B9 0007                  		mov	cx,7 
 00DA  F3/ A4                   		rep	movsb			; Rep when cx >0 Mov [si] to es:[di] 
 00DC  F6 06 009D FF            		test	byte ptr ds:[9Dh],0FFh 
 00E1  74 05                    		jz	loc_ret_7		; Jump if zero 
 00E3  2E: FF 16 2018           		call	word ptr cs:data_19e 
                                 
 00E8                           loc_ret_7: 
                                		retn 
 00E8  C3                     1                 db     0C3h
 00E9  C6 06 E4 A3 00           		db	0C6h, 06h,0E4h,0A3h, 00h 
 00EE                           loc_8: 
 00EE  C6 06 FF1A 00            		mov	byte ptr ds:data_32e,0 
 00F3  80 3E A3E4 05            		cmp	byte ptr ds:data_30e,5 
 00F8  72 01                    		jb	loc_9			; Jump if below 
                                		retn 
 00FA  C3                     1                 db     0C3h
 00FB                           loc_9: 
 00FB  A0 A3E4                  		mov	al,ds:data_30e 
 00FE  B1 06                    		mov	cl,6 
 0100  F6 E1                    		mul	cl			; ax = reg * al 
 0102  05 A134                  		add	ax,0A134h 
 0105  8B F0                    		mov	si,ax 
 0107  BB 163F                  		mov	bx,163Fh 
 010A  B9 0003                  		mov	cx,3 
                                 
 010D                           locloop_11: 
 010D  51                       		push	cx 
 010E  B9 0002                  		mov	cx,2 
                                 
 0111                           locloop_12: 
 0111  51                       		push	cx 
 0112  53                       		push	bx 
 0113  AC                       		lodsb				; String [si] to al 
 0114  2E: FF 16 3016           		call	word ptr cs:data_22e 
 0119  5B                       		pop	bx 
 011A  FE C7                    		inc	bh 
 011C  59                       		pop	cx 
 011D  E2 F2                    		loop	locloop_12		; Loop if cx > 0 
                                 
 011F  80 EF 02                 		sub	bh,2 
 0122  80 C3 08                 		add	bl,8 
 0125  59                       		pop	cx 
 0126  E2 E5                    		loop	locloop_11		; Loop if cx > 0 
                                 
 0128                           loc_13: 
 0128  E8 01DB R                		call	sub_3 
 012B  80 3E FF1A 20            		cmp	byte ptr ds:data_32e,20h	; ' ' 
 0130  72 F6                    		jb	loc_13			; Jump if below 
 0132  FE 06 A3E4               		inc	byte ptr ds:data_30e 
 0136  EB B6                    		jmp	short loc_8 
 0138  41 42 4D 4E 57 58 41     		db	'ABMNWXABklmnABopqrsBtuvwxyz{|w' 
       42 6B 6C 6D 6E 41 42     
Microsoft (R) Macro Assembler  Version 4.00                 3/29/26 15:16:24

                                                            Page     1-7
                                                            

       6F 70 71 72 73 42 74     
       75 76 77 78 79 7A 7B     
       7C 77                    
                                 
                                ;ﬂﬂﬂﬂﬂﬂﬂﬂﬂﬂﬂﬂﬂﬂﬂﬂﬂﬂﬂﬂﬂﬂﬂﬂﬂﬂﬂﬂﬂﬂﬂﬂﬂﬂﬂﬂﬂﬂﬂﬂﬂﬂﬂﬂﬂﬂﬂﬂﬂﬂﬂﬂﬂﬂﬂﬂﬂﬂﬂﬂﬂﬂﬂﬂﬂﬂﬂﬂﬂﬂﬂﬂﬂﬂ 
                                ;                              SUBROUTINE 
                                ;‹‹‹‹‹‹‹‹‹‹‹‹‹‹‹‹‹‹‹‹‹‹‹‹‹‹‹‹‹‹‹‹‹‹‹‹‹‹‹‹‹‹‹‹‹‹‹‹‹‹‹‹‹‹‹‹‹‹‹‹‹‹‹‹‹‹‹‹‹‹‹‹‹‹ 
                                 
 0156                           sub_2		proc	near 
 0156  BE A177                  		mov	si,data_27e 
 0159  BB 0E17                  		mov	bx,0E17h 
 015C  B9 0008                  		mov	cx,8 
                                 
 015F                           locloop_14: 
 015F  51                       		push	cx 
 0160  B9 000C                  		mov	cx,0Ch 
                                 
 0163                           locloop_15: 
 0163  51                       		push	cx 
 0164  53                       		push	bx 
 0165  AC                       		lodsb				; String [si] to al 
 0166  2E: FF 16 3016           		call	word ptr cs:data_22e 
 016B  5B                       		pop	bx 
 016C  FE C7                    		inc	bh 
 016E  59                       		pop	cx 
 016F  E2 F2                    		loop	locloop_15		; Loop if cx > 0 
                                 
 0171  80 EF 0C                 		sub	bh,0Ch 
 0174  80 C3 08                 		add	bl,8 
 0177  59                       		pop	cx 
 0178  E2 E5                    		loop	locloop_14		; Loop if cx > 0 
                                 
                                		retn 
 017A  C3                     1                 db     0C3h
                                sub_2		endp 
                                 
 017B  00 01 02 03 04 05        		db	 00h, 01h, 02h, 03h, 04h, 05h 
 0181  06 07 08 09 0A 0B        		db	 06h, 07h, 08h, 09h, 0Ah, 0Bh 
 0187  0C 0D 0E 0F 10 11        		db	 0Ch, 0Dh, 0Eh, 0Fh, 10h, 11h 
 018D  12 10 13 14 15 16        		db	 12h, 10h, 13h, 14h, 15h, 16h 
 0193  17 18 19 1A 1B 1C        		db	 17h, 18h, 19h, 1Ah, 1Bh, 1Ch 
 0199  1D 1E 1F                 		db	 1Dh, 1Eh, 1Fh 
 019C  20 21 22 23 24           		db	' !"#$' 
 01A1  25 26 26 27 28 26 29     		db	'%&&', 27h, '(&)*+,-./0123456789:' 
       2A 2B 2C 2D 2E 2F 30     
       31 32 33 34 35 36 37     
       38 39 3A                 
 01B9  3B                       		db	';' 
 01BA  3C 3D 3E 3F              		db	'<=>?' 
 01BE  40 41 42 43 44 45 46     		db	'@ABCDEFGHIJKLMNOPQRSTSUVSWXYZ' 
       47 48 49 4A 4B 4C 4D     
       4E 4F 50 51 52 53 54     
       53 55 56 53 57 58 59     
       5A                       
                                 
Microsoft (R) Macro Assembler  Version 4.00                 3/29/26 15:16:24

                                                            Page     1-8
                                                            

                                ;ﬂﬂﬂﬂﬂﬂﬂﬂﬂﬂﬂﬂﬂﬂﬂﬂﬂﬂﬂﬂﬂﬂﬂﬂﬂﬂﬂﬂﬂﬂﬂﬂﬂﬂﬂﬂﬂﬂﬂﬂﬂﬂﬂﬂﬂﬂﬂﬂﬂﬂﬂﬂﬂﬂﬂﬂﬂﬂﬂﬂﬂﬂﬂﬂﬂﬂﬂﬂﬂﬂﬂﬂﬂﬂ 
                                ;                              SUBROUTINE 
                                ;‹‹‹‹‹‹‹‹‹‹‹‹‹‹‹‹‹‹‹‹‹‹‹‹‹‹‹‹‹‹‹‹‹‹‹‹‹‹‹‹‹‹‹‹‹‹‹‹‹‹‹‹‹‹‹‹‹‹‹‹‹‹‹‹‹‹‹‹‹‹‹‹‹‹ 
                                 
 01DB                           sub_3		proc	near 
 01DB  83 3E FF50 20            		cmp	word ptr ds:data_37e,20h 
 01E0  73 01                    		jae	loc_16			; Jump if above or = 
                                		retn 
 01E2  C3                     1                 db     0C3h
 01E3                           loc_16: 
 01E3  C7 06 FF50 0000          		mov	word ptr ds:data_37e,0 
 01E9  FE 06 A3E5               		inc	byte ptr ds:data_31e 
 01ED  80 3E A3E5 03            		cmp	byte ptr ds:data_31e,3 
 01F2  75 05                    		jne	loc_17			; Jump if not equal 
 01F4  C6 06 A3E5 00            		mov	byte ptr ds:data_31e,0 
 01F9                           loc_17: 
 01F9  E8 01FE R                		call	sub_4 
 01FC  EB 4C                    		jmp	short loc_21 
                                 
                                ;ﬂﬂﬂﬂ External Entry into Subroutine ﬂﬂﬂﬂﬂﬂﬂﬂﬂﬂﬂﬂﬂﬂﬂﬂﬂﬂﬂﬂﬂﬂﬂﬂﬂﬂﬂﬂﬂﬂﬂﬂﬂﬂﬂﬂﬂﬂ 
                                 
 01FE                           sub_4: 
 01FE  8A 1E A3E5               		mov	bl,ds:data_31e 
 0202  32 FF                    		xor	bh,bh			; Zero register 
 0204  03 DB                    		add	bx,bx 
 0206  8B C3                    		mov	ax,bx 
 0208  03 DB                    		add	bx,bx 
 020A  03 D8                    		add	bx,ax 
 020C  8B F3                    		mov	si,bx 
 020E  81 C6 A234               		add	si,data_28e 
 0212  BB 1037                  		mov	bx,1037h 
 0215  B9 0002                  		mov	cx,2 
                                 
 0218                           locloop_18: 
 0218  51                       		push	cx 
 0219  B9 0003                  		mov	cx,3 
                                 
 021C                           locloop_19: 
 021C  51                       		push	cx 
 021D  53                       		push	bx 
 021E  AC                       		lodsb				; String [si] to al 
 021F  3C FF                    		cmp	al,0FFh 
 0221  74 05                    		je	loc_20			; Jump if equal 
 0223  2E: FF 16 3016           		call	word ptr cs:data_22e 
 0228                           loc_20: 
 0228  5B                       		pop	bx 
 0229  FE C7                    		inc	bh 
 022B  59                       		pop	cx 
 022C  E2 EE                    		loop	locloop_19		; Loop if cx > 0 
                                 
 022E  80 EF 03                 		sub	bh,3 
 0231  80 C3 08                 		add	bl,8 
 0234  59                       		pop	cx 
 0235  E2 E1                    		loop	locloop_18		; Loop if cx > 0 
                                 
Microsoft (R) Macro Assembler  Version 4.00                 3/29/26 15:16:24

                                                            Page     1-9
                                                            

                                		retn 
 0237  C3                     1                 db     0C3h
                                			                        ;* No entry point to code 
 0238  FF 30                    		push	word ptr [bx+si] 
 023A  31 3B                    		xor	[bp+di],di 
 023C  3C 3D                    		cmp	al,3Dh			; '=' 
 023E  FF 5B 5C                 		call	dword ptr [bp+di+5Ch]	;* 
 0241  5D                       		pop	bp 
 0242  5E                       		pop	si 
 0243  5F                       		pop	di 
 0244  FF 60 61                 		jmp	word ptr [bx+si+61h]	;* 
 0247  62 63 64                 		db	 62h, 63h, 64h 
 024A                           loc_21: 
 024A  8A 1E A3E5               		mov	bl,ds:data_31e 
 024E  32 FF                    		xor	bh,bh			; Zero register 
 0250  03 DB                    		add	bx,bx 
 0252  03 DB                    		add	bx,bx 
 0254  8B F3                    		mov	si,bx 
 0256  81 C6 A27C               		add	si,data_29e 
 025A  BB 1537                  		mov	bx,1537h 
 025D  B9 0002                  		mov	cx,2 
                                 
 0260                           locloop_22: 
 0260  51                       		push	cx 
 0261  B9 0002                  		mov	cx,2 
                                 
 0264                           locloop_23: 
 0264  51                       		push	cx 
 0265  53                       		push	bx 
 0266  AC                       		lodsb				; String [si] to al 
 0267  3C FF                    		cmp	al,0FFh 
 0269  74 05                    		je	loc_24			; Jump if equal 
 026B  2E: FF 16 3016           		call	word ptr cs:data_22e 
 0270                           loc_24: 
 0270  5B                       		pop	bx 
 0271  FE C7                    		inc	bh 
 0273  59                       		pop	cx 
 0274  E2 EE                    		loop	locloop_23		; Loop if cx > 0 
                                 
 0276  80 EF 02                 		sub	bh,2 
 0279  80 C3 08                 		add	bl,8 
 027C  59                       		pop	cx 
 027D  E2 E1                    		loop	locloop_22		; Loop if cx > 0 
                                 
                                		retn 
 027F  C3                     1                 db     0C3h
                                sub_3		endp 
                                 
                                			                        ;* No entry point to code 
 0280  34 35                    		xor	al,35h			; '5' 
 0282  40                       		inc	ax 
 0283  FF 65 66                 		jmp	word ptr [di+66h]	;* 
 0286  67 FF 68 69 6A FF        		db	 67h,0FFh, 68h, 69h, 6Ah,0FFh 
                                 
                                ;ﬂﬂﬂﬂﬂﬂﬂﬂﬂﬂﬂﬂﬂﬂﬂﬂﬂﬂﬂﬂﬂﬂﬂﬂﬂﬂﬂﬂﬂﬂﬂﬂﬂﬂﬂﬂﬂﬂﬂﬂﬂﬂﬂﬂﬂﬂﬂﬂﬂﬂﬂﬂﬂﬂﬂﬂﬂﬂﬂﬂﬂﬂﬂﬂﬂﬂﬂﬂﬂﬂﬂﬂﬂﬂ 
Microsoft (R) Macro Assembler  Version 4.00                 3/29/26 15:16:24

                                                            Page     1-10
                                                            

                                ;                              SUBROUTINE 
                                ;‹‹‹‹‹‹‹‹‹‹‹‹‹‹‹‹‹‹‹‹‹‹‹‹‹‹‹‹‹‹‹‹‹‹‹‹‹‹‹‹‹‹‹‹‹‹‹‹‹‹‹‹‹‹‹‹‹‹‹‹‹‹‹‹‹‹‹‹‹‹‹‹‹‹ 
                                 
 028C                           sub_5		proc	near 
 028C  A1 0090 R                		mov	ax,word ptr data_1 
 028F  3B 06 00B2               		cmp	ax,word ptr ds:[0B2h] 
 0293  BE A2B4                  		mov	si,0A2B4h 
 0296  75 01                    		jnz	loc_25			; Jump if not zero 
                                		retn 
 0298  C3                     1                 db     0C3h
 0299                           loc_25: 
 0299  BE A2F2                  		mov	si,0A2F2h 
                                		retn 
 029C  C3                     1                 db     0C3h
                                sub_5		endp 
                                 
                                			                        ;* No entry point to code 
 029D  01 17                    		add	[bx],dx 
 029F  43                       		inc	bx 
 02A0  48                       		dec	ax 
 02A1  55                       		push	bp 
 02A2  52                       		push	dx 
 02A3  43                       		inc	bx 
 02A4  48                       		dec	ax 
 02A5  2E 47 52 50 00 17        		db	 2Eh, 47h, 52h, 50h, 00h, 17h 
 02AB  AF 02                    		db	0AFh, 02h 
 02AD  0A                       		db	0Ah 
 02AE  54 68 65 20 43 68 75     		db	'The Church', 0Ch, 'Brave Knight,' 
       72 63 68 0C 42 72 61     
       76 65 20 4B 6E 69 67     
       68 74 2C                 
 02C6  20 77 68 65 6E 65 76     		db	' whenever you\re tired come to t' 
       65 72 20 79 6F 75 5C     
       72 65 20 74 69 72 65     
       64 20 63 6F 6D 65 20     
       74 6F 20 74              
 02E6  68 69 73 20 63 68 75     		db	'his church./' 
       72 63 68 2E 2F           
 02F2  FF 04 FF 01              		db	0FFh, 04h,0FFh, 01h 
 02F6  0C 42 72 61 76 65 20     		db	0Ch, 'Brave Knight, whenever you\' 
       4B 6E 69 67 68 74 2C     
       20 77 68 65 6E 65 76     
       65 72 20 79 6F 75 5C     
                                
 0312  72 65 20 77 65 61 72     		db	're weary, come here to rest. ' 
       79 2C 20 63 6F 6D 65     
       20 68 65 72 65 20 74     
       6F 20 72 65 73 74 2E     
       20                       
 032F  FF 02 FF 02              		db	0FFh, 02h,0FFh, 02h 
 0333  54 68 65 20 48 6F 6C     		db	'The Holy Spirit will help you to' 
       79 20 53 70 69 72 69     
       74 20 77 69 6C 6C 20     
       68 65 6C 70 20 79 6F     
       75 20 74 6F              
Microsoft (R) Macro Assembler  Version 4.00                 3/29/26 15:16:24

                                                            Page     1-11
                                                            

 0353  20 72 65 67 61 69 6E     		db	' regain your strength.' 
       20 79 6F 75 72 20 73     
       74 72 65 6E 67 74 68     
       2E                       
 0369  FF 03 0D FF 01           		db	0FFh, 03h, 0Dh,0FFh, 01h 
 036E  42 72 61 76 65 20 4B     		db	'Brave Knight, you look fatigued ' 
       6E 69 67 68 74 2C 20     
       79 6F 75 20 6C 6F 6F     
       6B 20 66 61 74 69 67     
       75 65 64 20              
 038E  66 72 6F 6D 20 62 61     		db	'from battle. Why not rest awhile' 
       74 74 6C 65 2E 20 57     
       68 79 20 6E 6F 74 20     
       72 65 73 74 20 61 77     
       68 69 6C 65              
 03AE  20 61 6E 64 20 6C 65     		db	' and let the Spirit heal you. ' 
       74 20 74 68 65 20 53     
       70 69 72 69 74 20 68     
       65 61 6C 20 79 6F 75     
       2E 20                    
 03CC  FF 02                    		db	0FFh, 02h 
 03CE  2F 4D 61 79 20 47 6F     		db	'/May God go with you.' 
       64 20 67 6F 20 77 69     
       74 68 20 79 6F 75 2E     
                                
 03E3  FF 00 11 FF FF 00        		db	0FFh, 00h, 11h,0FFh,0FFh, 00h 
 03E9  00                       		db	 00h 
                                 
 03EA                           seg_a		ends 
                                 
                                 
                                 
                                		end	start 

Microsoft (R) Macro Assembler  Version 4.00                 3/29/26 15:16:24

                                                            Symbols-1
                                                             

Macros:

		N a m e			Lines

CALLF  . . . . . . . . . . . . .  	   2
CALLFX . . . . . . . . . . . . .  	   3
JMPN . . . . . . . . . . . . . .  	   2
MOVSEG . . . . . . . . . . . . .  	  43
RETF . . . . . . . . . . . . . .  	   6
RETN . . . . . . . . . . . . . .  	   6

Segments and Groups:

                N a m e         	Size	Align	Combine Class

SEG_A  . . . . . . . . . . . . .  	03EA	BYTE	PUBLIC	

Symbols:            

                N a m e         	Type	Value	Attr         

DATA_1 . . . . . . . . . . . . .  	L WORD 	0090	SEG_A
DATA_13E . . . . . . . . . . . .  	Number	068E	
DATA_14E . . . . . . . . . . . .  	Number	2000	
DATA_15E . . . . . . . . . . . .  	Number	2002	
DATA_16E . . . . . . . . . . . .  	Number	2008	
DATA_17E . . . . . . . . . . . .  	Number	2010	
DATA_18E . . . . . . . . . . . .  	Number	2012	
DATA_19E . . . . . . . . . . . .  	Number	2018	
DATA_20E . . . . . . . . . . . .  	Number	2040	
DATA_21E . . . . . . . . . . . .  	Number	2044	
DATA_22E . . . . . . . . . . . .  	Number	3016	
DATA_23E . . . . . . . . . . . .  	Number	6004	
DATA_24E . . . . . . . . . . . .  	Number	A078	
DATA_25E . . . . . . . . . . . .  	Number	A089	
DATA_26E . . . . . . . . . . . .  	Number	A0CB	
DATA_27E . . . . . . . . . . . .  	Number	A177	
DATA_28E . . . . . . . . . . . .  	Number	A234	
DATA_29E . . . . . . . . . . . .  	Number	A27C	
DATA_30E . . . . . . . . . . . .  	Number	A3E4	
DATA_31E . . . . . . . . . . . .  	Number	A3E5	
DATA_32E . . . . . . . . . . . .  	Number	FF1A	
DATA_33E . . . . . . . . . . . .  	Number	FF2C	
DATA_34E . . . . . . . . . . . .  	Number	FF4C	
DATA_35E . . . . . . . . . . . .  	Number	FF4E	
DATA_36E . . . . . . . . . . . .  	Number	FF4F	
DATA_37E . . . . . . . . . . . .  	Number	FF50	

LOCLOOP_11 . . . . . . . . . . .  	L NEAR	010D	SEG_A
LOCLOOP_12 . . . . . . . . . . .  	L NEAR	0111	SEG_A
LOCLOOP_14 . . . . . . . . . . .  	L NEAR	015F	SEG_A
LOCLOOP_15 . . . . . . . . . . .  	L NEAR	0163	SEG_A
LOCLOOP_18 . . . . . . . . . . .  	L NEAR	0218	SEG_A
LOCLOOP_19 . . . . . . . . . . .  	L NEAR	021C	SEG_A
LOCLOOP_22 . . . . . . . . . . .  	L NEAR	0260	SEG_A
Microsoft (R) Macro Assembler  Version 4.00                 3/29/26 15:16:24

                                                            Symbols-2
                                                             

LOCLOOP_23 . . . . . . . . . . .  	L NEAR	0264	SEG_A
LOC_1  . . . . . . . . . . . . .  	L NEAR	005E	SEG_A
LOC_13 . . . . . . . . . . . . .  	L NEAR	0128	SEG_A
LOC_16 . . . . . . . . . . . . .  	L NEAR	01E3	SEG_A
LOC_17 . . . . . . . . . . . . .  	L NEAR	01F9	SEG_A
LOC_2  . . . . . . . . . . . . .  	L NEAR	006C	SEG_A
LOC_20 . . . . . . . . . . . . .  	L NEAR	0228	SEG_A
LOC_21 . . . . . . . . . . . . .  	L NEAR	024A	SEG_A
LOC_24 . . . . . . . . . . . . .  	L NEAR	0270	SEG_A
LOC_25 . . . . . . . . . . . . .  	L NEAR	0299	SEG_A
LOC_3  . . . . . . . . . . . . .  	L NEAR	0092	SEG_A
LOC_4  . . . . . . . . . . . . .  	L NEAR	009D	SEG_A
LOC_5  . . . . . . . . . . . . .  	L NEAR	00B6	SEG_A
LOC_6  . . . . . . . . . . . . .  	L NEAR	00C2	SEG_A
LOC_8  . . . . . . . . . . . . .  	L NEAR	00EE	SEG_A
LOC_9  . . . . . . . . . . . . .  	L NEAR	00FB	SEG_A
LOC_RET_7  . . . . . . . . . . .  	L NEAR	00E8	SEG_A

START  . . . . . . . . . . . . .  	L NEAR	0000	SEG_A
SUB_1  . . . . . . . . . . . . .  	N PROC	0071	SEG_A	Length = 000B
SUB_2  . . . . . . . . . . . . .  	N PROC	0156	SEG_A	Length = 0025
SUB_3  . . . . . . . . . . . . .  	N PROC	01DB	SEG_A	Length = 00A5
SUB_4  . . . . . . . . . . . . .  	L NEAR	01FE	SEG_A
SUB_5  . . . . . . . . . . . . .  	N PROC	028C	SEG_A	Length = 0011

TARGET . . . . . . . . . . . . .  	Number	4D34	

_214LLAMA  . . . . . . . . . . .  	F PROC	0000	SEG_A	Length = 0071


    538 Source  Lines
    599 Total   Lines
     86 Symbols

  48236 Bytes symbol space free

      0 Warning Errors
      1 Severe  Errors
