Microsoft (R) Macro Assembler  Version 4.00                 3/29/26 15:16:25

                                                            Page     1-1
                                                            

                                 
                                PAGE  59,132 
                                 
                                ;€€€€€€€€€€€€€€€€€€€€€€€€€€€€€€€€€€€€€€€€€€€€€€€€€€€€€€€€€€€€€€€€€€€€€€€€€€ 
                                ;€€					                                 €€ 
                                ;€€				_215PUREZ                                €€ 
                                ;€€					                                 €€ 
                                ;€€      Created:   29-Mar-26		                                 €€ 
                                ;€€      Code type: zero start		                                 €€ 
                                ;€€      Passes:    9          Analysis	Options on: none                 €€ 
                                ;€€					                                 €€ 
                                ;€€€€€€€€€€€€€€€€€€€€€€€€€€€€€€€€€€€€€€€€€€€€€€€€€€€€€€€€€€€€€€€€€€€€€€€€€€ 
                                 
 = 4D34                         target		EQU   'M4'                      ; Target assembler: MASM-4.0 
                                 
                             C  include  srmacros.inc 
                             C   
                             C  ; Macros which may be required for proper re-assembly 
                             C   
                             C  IF (target EQ 'M4') 
                             C  ;----------------------------------------------------------------------------- 
                             C  ;  MASM 4.0 does not allow retf and retn, allowed by current assemblers. 
                             C  ;  These marcos, convert RETF and RETN into data bytes that are acceptable 
                             C  ;  to MASM 4.0. 
                             C   
                             C   
                             C  retf            macro   ret_count               ; Fixup for Assembler 
                             C                  if      ret_count+0 GT 1 
                             C                  db      0CAh 
                             C                  dw      ret_count 
                             C                  else 
                             C                  db      0CBh 
                             C                  endif 
                             C  endm 
                             C   
                             C  retn            macro  ret_count 
                             C                  if     ret_count+0 GT 1 
                             C                  db     0C2h 
                             C                  dw     ret_count 
                             C                  else 
                             C                  db     0C3h 
                             C                  endif 
                             C  endm 
                             C   
                             C  ENDIF 
                             C   
                             C   
                             C  IF (target EQ 'M4') OR (target EQ 'M5')  
                             C  ;----------------------------------------------------------------------------- 
                             C  ; Due to a bug in earlier MASM assemblers, the valid instruction type  
                             C  ; "mov segreg, reg"  cannot be used, if the register is not AX.   
                             C  ; For example:  mov  es, bx 
                             C   
                             C  movseg          macro reg16, unused, Imm16      ; Fixup for Assembler 
                             C                  ifidn  <reg16>, <bx>             
Microsoft (R) Macro Assembler  Version 4.00                 3/29/26 15:16:25

                                                            Page     1-2
                                                            

                             C                  db     0BBh                      
                             C                  endif                            
                             C                  ifidn  <reg16>, <cx>             
                             C                  db     0B9h                      
                             C                  endif 
                             C                  ifidn  <reg16>, <dx> 
                             C                  db     0BAh 
                             C                  endif 
                             C                  ifidn  <reg16>, <si> 
                             C                  db     0BEh 
                             C                  endif 
                             C                  ifidn  <reg16>, <di> 
                             C                  db     0BFh 
                             C                  endif 
                             C                  ifidn  <reg16>, <bp> 
                             C                  db     0BDh 
                             C                  endif 
                             C                  ifidn  <reg16>, <sp> 
                             C                  db     0BCh 
                             C                  endif 
                             C                  ifidn  <reg16>, <BX> 
                             C                  db     0BBH 
                             C                  endif 
                             C                  ifidn  <reg16>, <CX> 
                             C                  db     0B9H 
                             C                  endif 
                             C                  ifidn  <reg16>, <DX> 
                             C                  db     0BAH 
                             C                  endif 
                             C                  ifidn  <reg16>, <SI> 
                             C                  db     0BEH 
                             C                  endif 
                             C                  ifidn  <reg16>, <DI> 
                             C                  db     0BFH 
                             C                  endif 
                             C                  ifidn  <reg16>, <BP> 
                             C                  db     0BDH 
                             C                  endif 
                             C                  ifidn  <reg16>, <SP> 
                             C                  db     0BCH 
                             C                  endif 
                             C                  dw     seg Imm16 
                             C  endm 
                             C   
                             C  ENDIF 
                             C   
                             C   
                             C  ENDIF 
                             C   
                             C   
                             C   
                             C  IFE (target EQ 'NO') 
                             C  ;----------------------------------------------------------------------------- 
                             C  ;  Some compilers and some assemblers will code a call that goes to a far 
                             C  ;  subroutine in the same segment as: 
Microsoft (R) Macro Assembler  Version 4.00                 3/29/26 15:16:25

                                                            Page     1-3
                                                            

                             C  ; 
                             C  ;               PUSH    CS 
                             C  ;               CALL    near 
                             C  ; 
                             C  ;  This saves one byte, and is slightly faster.  If the assembler you are 
                             C  ;  using (i.e. MASM, Optasm) does not do this automatically, the following 
                             C  ;  macros are used to code the same information.  In other words, the binary 
                             C  ;  file has "PUSH CS, CALL near", and Sourcer ensures the same instructions 
                             C  ;  are used!  (macro CALLF) 
                             C  ; 
                             C   
                             C  callf           macro   location 
                             C                  push    cs 
                             C                  call    near ptr location 
                             C  endm 
                             C   
                             C  ;  Some compilers generate an unnecessary DS override on the call instruction 
                             C  ;  when compacting the CALLF type function.  Macro CALLFX handles this case. 
                             C   
                             C  callfx          macro   location 
                             C                  push    cs 
                             C                  db      3Eh 
                             C                  call    near ptr location 
                             C  endm 
                             C   
                             C   
                             C  ;----------------------------------------------------------------------------- 
                             C  ;  Some compilers and some assemblers will code a near call that is the 
                             C  ;  selected assembler will convert to a short jump to save a byte.  This 
                             C  ;  reconstructs a near jump for these cases. 
                             C   
                             C  jmpn            macro   location 
                             C                  db      0E9h 
                             C                  dw      offset location-$-2 
                             C  endm 
                             C   
                             C  ENDIF 
                             C   
                                 
                                 
                                 
                                ; The following equates show data references outside the range of the program. 
                                 
 = 2000                         data_36e	equ	2000h			;* 
 = 2002                         data_37e	equ	2002h			;* 
 = 2010                         data_38e	equ	2010h			;* 
 = 2012                         data_39e	equ	2012h			;* 
 = 2016                         data_40e	equ	2016h			;* 
 = 2040                         data_41e	equ	2040h			;* 
 = 2044                         data_42e	equ	2044h			;* 
 = 3016                         data_43e	equ	3016h			;* 
 = 6004                         data_44e	equ	6004h			;* 
 = 6006                         data_45e	equ	6006h			;* 
 = 6008                         data_46e	equ	6008h			;* 
 = 600A                         data_47e	equ	600Ah			;* 
Microsoft (R) Macro Assembler  Version 4.00                 3/29/26 15:16:25

                                                            Page     1-4
                                                            

 = 600C                         data_48e	equ	600Ch			;* 
 = 6010                         data_49e	equ	6010h			;* 
 = 6012                         data_50e	equ	6012h			;* 
 = A0C3                         data_51e	equ	0A0C3h			;* 
 = A494                         data_52e	equ	0A494h			;* 
 = A5E4                         data_53e	equ	0A5E4h			;* 
 = A644                         data_54e	equ	0A644h			;* 
 = A69C                         data_55e	equ	0A69Ch			;* 
 = A745                         data_56e	equ	0A745h			;* 
 = AB3A                         data_57e	equ	0AB3Ah			;* 
 = B08A                         data_58e	equ	0B08Ah			;* 
 = B10C                         data_59e	equ	0B10Ch			;* 
 = B1F6                         data_60e	equ	0B1F6h			;* 
 = B20E                         data_61e	equ	0B20Eh			;* 
 = B20F                         data_62e	equ	0B20Fh			;* 
 = B217                         data_63e	equ	0B217h			;* 
 = B218                         data_64e	equ	0B218h			;* 
 = B219                         data_65e	equ	0B219h			;* 
 = B21A                         data_66e	equ	0B21Ah			;* 
 = B21B                         data_67e	equ	0B21Bh			;* 
 = B21C                         data_68e	equ	0B21Ch			;* 
 = C006                         data_69e	equ	0C006h			;* 
 = FF1A                         data_70e	equ	0FF1Ah			;* 
 = FF2C                         data_71e	equ	0FF2Ch			;* 
 = FF4C                         data_72e	equ	0FF4Ch			;* 
 = FF4E                         data_73e	equ	0FF4Eh			;* 
 = FF4F                         data_74e	equ	0FF4Fh			;* 
 = FF50                         data_75e	equ	0FF50h			;* 
 = FF52                         data_76e	equ	0FF52h			;* 
 = FF53                         data_77e	equ	0FF53h			;* 
 = FF54                         data_78e	equ	0FF54h			;* 
 = FF56                         data_79e	equ	0FF56h			;* 
 = FF57                         data_80e	equ	0FF57h			;* 
 = FF58                         data_81e	equ	0FF58h			;* 
 = FF68                         data_82e	equ	0FF68h			;* 
 = FF6A                         data_83e	equ	0FF6Ah			;* 
                                 
 0000                           seg_a		segment	byte public 
                                		assume	cs:seg_a, ds:seg_a 
                                 
                                 
 0000                           		org	0 
                                 
 0000                           _215PUREZ	proc	far 
                                 
 0000                           start: 
 0000  26: 12 00                		adc	al,es:[bx+si] 
 0003  00 04                    		add	[si],al 
 0005  A0 A644                  		mov	al,ds:data_54e 
 0008  8E 06 FF2C               		mov	es,ds:data_71e 
 000C  BF 8000                  		mov	di,8000h 
 000F  BE A811                  		mov	si,0A811h 
 0012  B0 02                    		mov	al,2 
 0014  2E: FF 16 010C R         		call	word ptr cs:data_5 
 0019  1E                       		push	ds 
Microsoft (R) Macro Assembler  Version 4.00                 3/29/26 15:16:25

                                                            Page     1-5
                                                            

 001A  2E: 8E 1E FF2C           		mov	ds,cs:data_71e 
 001F  BE 8000                  		mov	si,8000h 
 0022  B9 0100                  		mov	cx,100h 
 0025  2E: FF 16 2044           		call	word ptr cs:data_42e 
 002A  1F                       		pop	ds 
 002B  C6 06 FF4E 00            		mov	byte ptr ds:data_73e,0 
 0030  C6 06 FF4F 00            		mov	byte ptr ds:data_74e,0 
 0035  C6 06 B217 00            		mov	byte ptr ds:data_63e,0 
 003A  2E: FF 16 2002           		call	word ptr cs:data_37e 
 003F  2E: FF 16 2012           		call	word ptr cs:data_39e 
 0044  BE A81C                  		mov	si,0A81Ch 
 0047  2E: FF 16 2010           		call	word ptr cs:data_38e 
 004C  E8 0090 R                		call	sub_1 
 004F  0E                       		push	cs 
 0050  07                       		pop	es 
 0051  8A 1E C006               		mov	bl,ds:data_69e 
 0055  FE CB                    		dec	bl 
 0057  02 DB                    		add	bl,bl 
 0059  32 FF                    		xor	bh,bh			; Zero register 
 005B  8B B7 B10C               		mov	si,ds:data_59e[bx] 
 005F  BF B1F6                  		mov	di,data_60e 
 0062  B9 000C                  		mov	cx,0Ch 
 0065  F3/ A5                   		rep	movsw			; Rep when cx >0 Mov [si] to es:[di] 
 0067  E8 05C3 R                		call	sub_5 
 006A  BB 0D60                  		mov	bx,0D60h 
 006D  B9 3637                  		mov	cx,3637h 
 0070  B0 FF                    		mov	al,0FFh 
 0072  2E: FF 16 2000           		call	word ptr cs:data_36e 
 0077  C7 06 FF4C A86B          		mov	word ptr ds:data_72e,0A86Bh 
 007D                           loc_2: 
 007D  2E: FF 16 6004           		call	word ptr cs:data_44e 
 0082  3C FF                    		cmp	al,0FFh 
 0084  74 05                    		je	loc_3			; Jump if equal 
 0086  E8 00BC R                		call	sub_2 
 0089  EB F2                    		jmp	short loc_2 
 008B                           loc_3: 
 008B  2E: FF 26 2040           		jmp	word ptr cs:data_41e 
                                 
                                _215PUREZ	endp 
                                 
                                ;ﬂﬂﬂﬂﬂﬂﬂﬂﬂﬂﬂﬂﬂﬂﬂﬂﬂﬂﬂﬂﬂﬂﬂﬂﬂﬂﬂﬂﬂﬂﬂﬂﬂﬂﬂﬂﬂﬂﬂﬂﬂﬂﬂﬂﬂﬂﬂﬂﬂﬂﬂﬂﬂﬂﬂﬂﬂﬂﬂﬂﬂﬂﬂﬂﬂﬂﬂﬂﬂﬂﬂﬂﬂﬂ 
                                ;                              SUBROUTINE 
                                ;‹‹‹‹‹‹‹‹‹‹‹‹‹‹‹‹‹‹‹‹‹‹‹‹‹‹‹‹‹‹‹‹‹‹‹‹‹‹‹‹‹‹‹‹‹‹‹‹‹‹‹‹‹‹‹‹‹‹‹‹‹‹‹‹‹‹‹‹‹‹‹‹‹‹ 
                                 
 0090                           sub_1		proc	near 
 0090  BE 00C9 R                		mov	si,offset data_4 
 0093  A0 C006                  		mov	al,ds:data_69e 
 0096  FE C8                    		dec	al 
 0098  32 E4                    		xor	ah,ah			; Zero register 
 009A  03 F0                    		add	si,ax 
 009C  8A 14                    		mov	dl,[si] 
 009E  0E                       		push	cs 
 009F  07                       		pop	es 
 00A0  BF B20F                  		mov	di,data_62e 
 00A3  32 F6                    		xor	dh,dh			; Zero register 
Microsoft (R) Macro Assembler  Version 4.00                 3/29/26 15:16:25

                                                            Page     1-6
                                                            

 00A5  B9 0008                  		mov	cx,8 
                                 
 00A8                           locloop_4: 
 00A8  02 D2                    		add	dl,dl 
 00AA  73 09                    		jnc	loc_5			; Jump if carry=0 
 00AC  8A C1                    		mov	al,cl 
 00AE  F6 D8                    		neg	al 
 00B0  04 08                    		add	al,8 
 00B2  AA                       		stosb				; Store al to es:[di] 
 00B3  FE C6                    		inc	dh 
 00B5                           loc_5: 
 00B5  E2 F1                    		loop	locloop_4		; Loop if cx > 0 
                                 
 00B7  88 36 B20E               		mov	ds:data_61e,dh 
                                		retn 
 00BB  C3                     1                 db     0C3h
                                sub_1		endp 
                                 
                                 
                                ;ﬂﬂﬂﬂﬂﬂﬂﬂﬂﬂﬂﬂﬂﬂﬂﬂﬂﬂﬂﬂﬂﬂﬂﬂﬂﬂﬂﬂﬂﬂﬂﬂﬂﬂﬂﬂﬂﬂﬂﬂﬂﬂﬂﬂﬂﬂﬂﬂﬂﬂﬂﬂﬂﬂﬂﬂﬂﬂﬂﬂﬂﬂﬂﬂﬂﬂﬂﬂﬂﬂﬂﬂﬂﬂ 
                                ;                              SUBROUTINE 
                                ;‹‹‹‹‹‹‹‹‹‹‹‹‹‹‹‹‹‹‹‹‹‹‹‹‹‹‹‹‹‹‹‹‹‹‹‹‹‹‹‹‹‹‹‹‹‹‹‹‹‹‹‹‹‹‹‹‹‹‹‹‹‹‹‹‹‹‹‹‹‹‹‹‹‹ 
                                 
 00BC                           sub_2		proc	near 
 00BC  8A D8                    		mov	bl,al 
 00BE  32 FF                    		xor	bh,bh			; Zero register 
 00C0  03 DB                    		add	bx,bx 
 00C2  2E: FF A7 A0C3           		jmp	word ptr cs:data_51e[bx]	;* 
                                sub_2		endp 
                                 
 00C7  D5 A0                    		db	0D5h,0A0h 
 00C9  EB                       data_4		db	0EBh 
 00CA  A0 0C A1 8D A1 AA        		db	0A0h, 0Ch,0A1h, 8Dh,0A1h,0AAh 
 00D0  A1 00 A3 BA A4 00        		db	0A1h, 00h,0A3h,0BAh,0A4h, 00h 
 00D6  A1 06 A1 C6 06 1A        		db	0A1h, 06h,0A1h,0C6h, 06h, 1Ah 
 00DC  FF 00                    		db	0FFh, 00h 
 00DE                           loc_6: 
 00DE  E8 0648 R                		call	sub_6 
 00E1  80 3E FF1A 50            		cmp	byte ptr ds:data_70e,50h	; 'P' 
 00E6  72 F6                    		jb	loc_6			; Jump if below 
 00E8  BE A745                  		mov	si,data_56e 
 00EB  E8 070C R                		call	sub_7 
                                		retn 
 00EE  C3                     1                 db     0C3h
 00EF  C6 06 1A FF 00           		db	0C6h, 06h, 1Ah,0FFh, 00h 
 00F4                           loc_7: 
 00F4  E8 0648 R                		call	sub_6 
 00F7  80 3E FF1A 50            		cmp	byte ptr ds:data_70e,50h	; 'P' 
 00FC  72 F6                    		jb	loc_7			; Jump if below 
 00FE  BE A74F                  		mov	si,0A74Fh 
 0101  E9 070C R                		jmp	loc_34 
                                			                        ;* No entry point to code 
 0104  BE A759                  		mov	si,0A759h 
 0107  E9 070C R                		jmp	loc_34 
 010A  BE 61                    		db	0BEh, 61h 
Microsoft (R) Macro Assembler  Version 4.00                 3/29/26 15:16:25

                                                            Page     1-7
                                                            

 010C  E9A7                     data_5		dw	0E9A7h 
 010E  FC 05 E8 A3 04 BB        		db	0FCh, 05h,0E8h,0A3h, 04h,0BBh 
 0114  22 27 B9 2D 1C B0        		db	 22h, 27h,0B9h, 2Dh, 1Ch,0B0h 
 011A  FF 2E FF 16 00 20        		db	0FFh, 2Eh,0FFh, 16h, 00h, 20h 
 0120  C7 06 54 FF 25 27        		db	0C7h, 06h, 54h,0FFh, 25h, 27h 
 0126  C6 06 52 FF 04 C6        		db	0C6h, 06h, 52h,0FFh, 04h,0C6h 
 012C  06 53 FF 04 B9 04        		db	 06h, 53h,0FFh, 04h,0B9h, 04h 
 0132  00 BE 39 A8 2E FF        		db	 00h,0BEh, 39h,0A8h, 2Eh,0FFh 
 0138  16 0E 60 C6 06 56        		db	 16h, 0Eh, 60h,0C6h, 06h, 56h 
 013E  FF 00 8A 1E 17 B2        		db	0FFh, 00h, 8Ah, 1Eh, 17h,0B2h 
 0144  2E FF 16 10 60 73        		db	 2Eh,0FFh, 16h, 10h, 60h, 73h 
 014A  02 32 DB 88 1E 17        		db	 02h, 32h,0DBh, 88h, 1Eh, 17h 
 0150  B2 32 FF 03 DB FF        		db	0B2h, 32h,0FFh, 03h,0DBh,0FFh 
 0156  A7 55 A1 5D A1 67        		db	0A7h, 55h,0A1h, 5Dh,0A1h, 67h 
 015C  A1 6E A1 86 A1 E8        		db	0A1h, 6Eh,0A1h, 86h,0A1h,0E8h 
 0162  52 04 C7 06 4C FF        		db	 52h, 04h,0C7h, 06h, 4Ch,0FFh 
 0168  0E AB C3 C7 06 4C        		db	 0Eh,0ABh,0C3h,0C7h, 06h, 4Ch 
 016E  FF 8C A8 C3 E8 2B        		db	0FFh, 8Ch,0A8h,0C3h,0E8h, 2Bh 
 0174  03 C7 06 4C FF 8D        		db	 03h,0C7h, 06h, 4Ch,0FFh, 8Dh 
 017A  A9 F6 06 53 FF FF        		db	0A9h,0F6h, 06h, 53h,0FFh,0FFh 
 0180  74 01 C3 C7 06 4C        		db	 74h, 01h,0C3h,0C7h, 06h, 4Ch 
 0186  FF 79 AA C3 C7 06        		db	0FFh, 79h,0AAh,0C3h,0C7h, 06h 
 018C  4C FF A6 AA C3 0E        		db	 4Ch,0FFh,0A6h,0AAh,0C3h, 0Eh 
 0192  07 BE 0F B2 BF 58        		db	 07h,0BEh, 0Fh,0B2h,0BFh, 58h 
 0198  FF B9 08 00 F3 A4        		db	0FFh,0B9h, 08h, 00h,0F3h,0A4h 
 019E  A0 0E B2 A2 53 FF        		db	0A0h, 0Eh,0B2h,0A2h, 53h,0FFh 
 01A4  C6 06 56 FF 00 C6        		db	0C6h, 06h, 56h,0FFh, 00h,0C6h 
 01AA  06 18 B2 00 A0 0E        		db	 06h, 18h,0B2h, 00h,0A0h, 0Eh 
 01B0  B2 A2 53 FF 3C 03        		db	0B2h,0A2h, 53h,0FFh, 3Ch, 03h 
 01B6  72 02 B0 03              		db	 72h, 02h,0B0h, 03h 
 01BA                           loc_8: 
 01BA  A2 FF52                  		mov	ds:data_76e,al 
 01BD  BB 156E                  		mov	bx,156Eh 
 01C0  B9 2524                  		mov	cx,2524h 
 01C3  B0 FF                    		mov	al,0FFh 
 01C5  2E: FF 16 2000           		call	word ptr cs:data_36e 
 01CA  C6 06 FF57 FF            		mov	byte ptr ds:data_80e,0FFh 
 01CF  C7 06 FF54 1571          		mov	word ptr ds:data_78e,1571h 
 01D5  C7 06 FF6A 0021          		mov	word ptr ds:data_83e,21h 
 01DB  C7 06 FF68 0017          		mov	word ptr ds:data_82e,17h 
 01E1  BE B08A                  		mov	si,0B08Ah 
 01E4  BF B1F6                  		mov	di,0B1F6h 
 01E7  8A 0E FF52               		mov	cl,ds:data_76e 
 01EB  32 ED                    		xor	ch,ch			; Zero register 
 01ED  A0 FF56                  		mov	al,ds:data_79e 
 01F0  2E: FF 16 6012           		call	word ptr cs:data_50e 
 01F5  8A 1E B218               		mov	bl,ds:data_64e 
 01F9  2E: FF 16 6010           		call	word ptr cs:data_49e 
 01FE  73 07                    		jnc	loc_9			; Jump if carry=0 
 0200  C7 06 FF4C A965          		mov	word ptr ds:data_72e,0A965h 
                                		retn 
 0206  C3                     1                 db     0C3h
 0207                           loc_9: 
 0207  88 1E B218               		mov	ds:data_64e,bl 
 020B  8A C3                    		mov	al,bl 
Microsoft (R) Macro Assembler  Version 4.00                 3/29/26 15:16:25

                                                            Page     1-8
                                                            

 020D  02 06 FF56               		add	al,ds:data_79e 
 0211  BB FF58                  		mov	bx,data_81e 
 0214  D7                       		xlat				; al=[al+[bx]] table 
 0215  50                       		push	ax 
 0216  C7 06 FF4C A8C4          		mov	word ptr ds:data_72e,0A8C4h 
 021C  2E: FF 16 6004           		call	word ptr cs:data_44e 
 0221  58                       		pop	ax 
 0222  50                       		push	ax 
 0223  8B 36 FF4C               		mov	si,ds:data_72e 
 0227  56                       		push	si 
 0228  32 E4                    		xor	ah,ah			; Zero register 
 022A  03 C0                    		add	ax,ax 
 022C  8B D8                    		mov	bx,ax 
 022E  8B 87 B08A               		mov	ax,ds:data_58e[bx] 
 0232  A3 FF4C                  		mov	ds:data_72e,ax 
 0235  2E: FF 16 6004           		call	word ptr cs:data_44e 
 023A  5E                       		pop	si 
 023B  89 36 FF4C               		mov	ds:data_72e,si 
 023F  2E: FF 16 6004           		call	word ptr cs:data_44e 
 0244  58                       		pop	ax 
 0245  50                       		push	ax 
 0246  32 E4                    		xor	ah,ah			; Zero register 
 0248  8B D8                    		mov	bx,ax 
 024A  03 C0                    		add	ax,ax 
 024C  03 C3                    		add	ax,bx 
 024E  BE B1F6                  		mov	si,data_60e 
 0251  03 F0                    		add	si,ax 
 0253  8A 14                    		mov	dl,[si] 
 0255  8B 44 01                 		mov	ax,[si+1] 
 0258  88 16 B21B               		mov	ds:data_67e,dl 
 025C  A3 B21C                  		mov	ds:data_68e,ax 
 025F  2E: FF 16 600A           		call	word ptr cs:data_47e 
 0264  5B                       		pop	bx 
 0265  C7 06 FF4C A928          		mov	word ptr ds:data_72e,0A928h 
 026B  72 55                    		jc	loc_12			; Jump if carry Set 
 026D  52                       		push	dx 
 026E  50                       		push	ax 
 026F  BE 00A6                  		mov	si,0A6h 
 0272  B9 0005                  		mov	cx,5 
                                 
 0275                           locloop_10: 
 0275  F6 04 FF                 		test	byte ptr [si],0FFh 
 0278  74 0C                    		jz	loc_11			; Jump if zero 
 027A  46                       		inc	si 
 027B  E2 F8                    		loop	locloop_10		; Loop if cx > 0 
                                 
 027D  58                       		pop	ax 
 027E  5A                       		pop	dx 
 027F  C7 06 FF4C A940          		mov	word ptr ds:data_72e,0A940h 
                                		retn 
 0285  C3                     1                 db     0C3h
 0286                           loc_11: 
 0286  58                       		pop	ax 
 0287  5A                       		pop	dx 
 0288  88 16 0085               		mov	byte ptr ds:[85h],dl 
Microsoft (R) Macro Assembler  Version 4.00                 3/29/26 15:16:25

                                                            Page     1-9
                                                            

 028C  A3 0086                  		mov	word ptr ds:[86h],ax 
 028F  FE C3                    		inc	bl 
 0291  88 1C                    		mov	[si],bl 
 0293  C7 06 FF4C A8F2          		mov	word ptr ds:data_72e,0A8F2h 
 0299  2E: FF 16 6004           		call	word ptr cs:data_44e 
 029E  8A 16 B21B               		mov	dl,ds:data_67e 
 02A2  A1 B21C                  		mov	ax,ds:data_68e 
 02A5  BF B21E                  		mov	di,0B21Eh 
 02A8  2E: FF 16 6006           		call	word ptr cs:data_45e 
 02AD  8B 36 FF4C               		mov	si,ds:data_72e 
 02B1  56                       		push	si 
 02B2  C7 06 FF4C B21E          		mov	word ptr ds:data_72e,0B21Eh 
 02B8  2E: FF 16 6004           		call	word ptr cs:data_44e 
 02BD  5E                       		pop	si 
 02BE  89 36 FF4C               		mov	ds:data_72e,si 
 02C2                           loc_12: 
 02C2  2E: FF 16 6004           		call	word ptr cs:data_44e 
 02C7  2E: FF 16 2016           		call	word ptr cs:data_40e 
 02CC  C7 06 FF4C A909          		mov	word ptr ds:data_72e,0A909h 
 02D2  2E: FF 16 6004           		call	word ptr cs:data_44e 
 02D7  BB 2F2B                  		mov	bx,2F2Bh 
 02DA  B9 0C19                  		mov	cx,0C19h 
 02DD  B0 FF                    		mov	al,0FFh 
 02DF  2E: FF 16 2000           		call	word ptr cs:data_36e 
 02E4  C7 06 FF54 302E          		mov	word ptr ds:data_78e,302Eh 
 02EA  2E: FF 16 6008           		call	word ptr cs:data_46e 
 02EF  9C                       		pushf				; Push flags 
 02F0  E8 05B6 R                		call	sub_4 
 02F3  9D                       		popf				; Pop flags 
 02F4  C7 06 FF4C A8A8          		mov	word ptr ds:data_72e,0A8A8h 
 02FA  72 01                    		jc	loc_13			; Jump if carry Set 
                                		retn 
 02FC  C3                     1                 db     0C3h
 02FD                           loc_13: 
 02FD  C7 06 FF4C A965          		mov	word ptr ds:data_72e,0A965h 
                                		retn 
 0303  C3                     1                 db     0C3h
                                			                        ;* No entry point to code 
 0304  E8 04A0 R                		call	sub_3 
 0307  C6 06 FF56 00            		mov	byte ptr ds:data_79e,0 
 030C  A0 FF53                  		mov	al,ds:data_77e 
 030F  3C 02                    		cmp	al,2 
 0311  72 02                    		jb	loc_14			; Jump if below 
 0313  B0 02                    		mov	al,2 
 0315                           loc_14: 
 0315  A2 FF52                  		mov	ds:data_76e,al 
 0318  BB 1778                  		mov	bx,1778h 
 031B  B9 211A                  		mov	cx,211Ah 
 031E  B0 FF                    		mov	al,0FFh 
 0320  2E: FF 16 2000           		call	word ptr cs:data_36e 
 0325  C6 06 FF57 00            		mov	byte ptr ds:data_80e,0 
 032A  C7 06 FF54 197B          		mov	word ptr ds:data_78e,197Bh 
 0330  C7 06 FF6A 0019          		mov	word ptr ds:data_83e,19h 
 0336  BE B08A                  		mov	si,0B08Ah 
 0339  8A 0E FF52               		mov	cl,ds:data_76e 
Microsoft (R) Macro Assembler  Version 4.00                 3/29/26 15:16:25

                                                            Page     1-10
                                                            

 033D  32 ED                    		xor	ch,ch			; Zero register 
 033F  A0 FF56                  		mov	al,ds:data_79e 
 0342  2E: FF 16 6012           		call	word ptr cs:data_50e 
 0347  32 DB                    		xor	bl,bl			; Zero register 
 0349  2E: FF 16 6010           		call	word ptr cs:data_49e 
 034E  73 07                    		jnc	loc_15			; Jump if carry=0 
 0350  C7 06 FF4C A965          		mov	word ptr ds:data_72e,0A965h 
                                		retn 
 0356  C3                     1                 db     0C3h
 0357                           loc_15: 
 0357  88 1E B218               		mov	ds:data_64e,bl 
 035B  C7 06 FF4C A8D7          		mov	word ptr ds:data_72e,0A8D7h 
 0361  2E: FF 16 6004           		call	word ptr cs:data_44e 
 0366  A0 B218                  		mov	al,ds:data_64e 
 0369  02 06 FF56               		add	al,ds:data_79e 
 036D  BB FF58                  		mov	bx,data_81e 
 0370  D7                       		xlat				; al=[al+[bx]] table 
 0371  50                       		push	ax 
 0372  8B 36 FF4C               		mov	si,ds:data_72e 
 0376  56                       		push	si 
 0377  32 E4                    		xor	ah,ah			; Zero register 
 0379  03 C0                    		add	ax,ax 
 037B  8B D8                    		mov	bx,ax 
 037D  8B 87 B08A               		mov	ax,ds:data_58e[bx] 
 0381  A3 FF4C                  		mov	ds:data_72e,ax 
 0384  2E: FF 16 6004           		call	word ptr cs:data_44e 
 0389  5E                       		pop	si 
 038A  89 36 FF4C               		mov	ds:data_72e,si 
 038E  2E: FF 16 6004           		call	word ptr cs:data_44e 
 0393  58                       		pop	ax 
 0394  B1 03                    		mov	cl,3 
 0396  F6 E1                    		mul	cl			; ax = reg * al 
 0398  BB B1F6                  		mov	bx,data_60e 
 039B  03 D8                    		add	bx,ax 
 039D  8A 17                    		mov	dl,[bx] 
 039F  8B 47 01                 		mov	ax,[bx+1] 
 03A2  D0 EA                    		shr	dl,1			; Shift w/zeros fill 
 03A4  D1 D8                    		rcr	ax,1			; Rotate thru carry 
 03A6  88 16 B21B               		mov	ds:data_67e,dl 
 03AA  A3 B21C                  		mov	ds:data_68e,ax 
 03AD  50                       		push	ax 
 03AE  52                       		push	dx 
 03AF  C7 06 FF4C A9C4          		mov	word ptr ds:data_72e,0A9C4h 
 03B5  2E: FF 16 6004           		call	word ptr cs:data_44e 
 03BA  5A                       		pop	dx 
 03BB  58                       		pop	ax 
 03BC  BF B21E                  		mov	di,0B21Eh 
 03BF  2E: FF 16 6006           		call	word ptr cs:data_45e 
 03C4  8B 36 FF4C               		mov	si,ds:data_72e 
 03C8  56                       		push	si 
 03C9  C7 06 FF4C B21E          		mov	word ptr ds:data_72e,0B21Eh 
 03CF  2E: FF 16 6004           		call	word ptr cs:data_44e 
 03D4  5E                       		pop	si 
 03D5  89 36 FF4C               		mov	ds:data_72e,si 
 03D9  2E: FF 16 6004           		call	word ptr cs:data_44e 
Microsoft (R) Macro Assembler  Version 4.00                 3/29/26 15:16:25

                                                            Page     1-11
                                                            

 03DE  BB 3421                  		mov	bx,3421h 
 03E1  B9 0C19                  		mov	cx,0C19h 
 03E4  B0 FF                    		mov	al,0FFh 
 03E6  2E: FF 16 2000           		call	word ptr cs:data_36e 
 03EB  C7 06 FF54 3524          		mov	word ptr ds:data_78e,3524h 
 03F1  2E: FF 16 6008           		call	word ptr cs:data_46e 
 03F6  C7 06 FF4C A9FE          		mov	word ptr ds:data_72e,0A9FEh 
 03FC  73 01                    		jnc	loc_16			; Jump if carry=0 
                                		retn 
 03FE  C3                     1                 db     0C3h
 03FF                           loc_16: 
 03FF  8A 16 B21B               		mov	dl,ds:data_67e 
 0403  A1 B21C                  		mov	ax,ds:data_68e 
 0406  2E: FF 16 600C           		call	word ptr cs:data_48e 
 040B  C7 06 FF4C A9AD          		mov	word ptr ds:data_72e,0A9ADh 
 0411  2E: FF 16 6004           		call	word ptr cs:data_44e 
 0416  A0 B218                  		mov	al,ds:data_64e 
 0419  02 06 FF56               		add	al,ds:data_79e 
 041D  BB FF58                  		mov	bx,data_81e 
 0420  D7                       		xlat				; al=[al+[bx]] table 
 0421  FE C0                    		inc	al 
 0423  BE 00A6                  		mov	si,0A6h 
 0426  B9 0005                  		mov	cx,5 
                                 
 0429                           locloop_17: 
 0429  3A 04                    		cmp	al,[si] 
 042B  74 03                    		je	loc_18			; Jump if equal 
 042D  46                       		inc	si 
 042E  E2 F9                    		loop	locloop_17		; Loop if cx > 0 
                                 
 0430                           loc_18: 
 0430  C6 04 00                 		mov	byte ptr [si],0 
 0433  FE C8                    		dec	al 
 0435  32 E4                    		xor	ah,ah			; Zero register 
 0437  50                       		push	ax 
 0438  A0 C006                  		mov	al,ds:data_69e 
 043B  FE C8                    		dec	al 
 043D  BE 00C9 R                		mov	si,offset data_4 
 0440  03 F0                    		add	si,ax 
 0442  58                       		pop	ax 
 0443  BF A494                  		mov	di,data_52e 
 0446  03 F8                    		add	di,ax 
 0448  8A 05                    		mov	al,[di] 
 044A  08 04                    		or	[si],al 
 044C  2E: FF 16 2016           		call	word ptr cs:data_40e 
 0451  E8 04A0 R                		call	sub_3 
 0454  C7 06 FF4C A966          		mov	word ptr ds:data_72e,0A966h 
 045A  F6 06 FF53 FF            		test	byte ptr ds:data_77e,0FFh 
 045F  75 01                    		jnz	loc_19			; Jump if not zero 
                                		retn 
 0461  C3                     1                 db     0C3h
 0462                           loc_19: 
 0462  C7 06 FF4C AA4B          		mov	word ptr ds:data_72e,0AA4Bh 
 0468  2E: FF 16 6004           		call	word ptr cs:data_44e 
 046D  BB 2F2B                  		mov	bx,2F2Bh 
Microsoft (R) Macro Assembler  Version 4.00                 3/29/26 15:16:25

                                                            Page     1-12
                                                            

 0470  B9 0C19                  		mov	cx,0C19h 
 0473  B0 FF                    		mov	al,0FFh 
 0475  2E: FF 16 2000           		call	word ptr cs:data_36e 
 047A  C7 06 FF54 302E          		mov	word ptr ds:data_78e,302Eh 
 0480  2E: FF 16 6008           		call	word ptr cs:data_46e 
 0485  C7 06 FF4C A965          		mov	word ptr ds:data_72e,0A965h 
 048B  73 01                    		jnc	loc_20			; Jump if carry=0 
                                		retn 
 048D  C3                     1                 db     0C3h
 048E                           loc_20: 
 048E  E8 05B6 R                		call	sub_4 
 0491  C7 06 FF4C A98D          		mov	word ptr ds:data_72e,0A98Dh 
                                		retn 
 0497  C3                     1                 db     0C3h
                                			                        ;* No entry point to code 
 0498  80 40 20 10              		add	byte ptr [bx+si+20h],10h 
 049C  08 04                    		or	[si],al 
 049E  02 01                    		add	al,[bx+di] 
                                 
                                ;ﬂﬂﬂﬂﬂﬂﬂﬂﬂﬂﬂﬂﬂﬂﬂﬂﬂﬂﬂﬂﬂﬂﬂﬂﬂﬂﬂﬂﬂﬂﬂﬂﬂﬂﬂﬂﬂﬂﬂﬂﬂﬂﬂﬂﬂﬂﬂﬂﬂﬂﬂﬂﬂﬂﬂﬂﬂﬂﬂﬂﬂﬂﬂﬂﬂﬂﬂﬂﬂﬂﬂﬂﬂﬂ 
                                ;                              SUBROUTINE 
                                ;‹‹‹‹‹‹‹‹‹‹‹‹‹‹‹‹‹‹‹‹‹‹‹‹‹‹‹‹‹‹‹‹‹‹‹‹‹‹‹‹‹‹‹‹‹‹‹‹‹‹‹‹‹‹‹‹‹‹‹‹‹‹‹‹‹‹‹‹‹‹‹‹‹‹ 
                                 
 04A0                           sub_3		proc	near 
 04A0  0E                       		push	cs 
 04A1  07                       		pop	es 
 04A2  BE 00A6                  		mov	si,0A6h 
 04A5  BF FF58                  		mov	di,data_81e 
 04A8  B9 0005                  		mov	cx,5 
 04AB  32 D2                    		xor	dl,dl			; Zero register 
                                 
 04AD                           locloop_21: 
 04AD  AC                       		lodsb				; String [si] to al 
 04AE  0A C0                    		or	al,al			; Zero ? 
 04B0  74 05                    		jz	loc_22			; Jump if zero 
 04B2  FE C8                    		dec	al 
 04B4  AA                       		stosb				; Store al to es:[di] 
 04B5  FE C2                    		inc	dl 
 04B7                           loc_22: 
 04B7  E2 F4                    		loop	locloop_21		; Loop if cx > 0 
                                 
 04B9  88 16 FF53               		mov	ds:data_77e,dl 
                                		retn 
 04BD  C3                     1                 db     0C3h
                                sub_3		endp 
                                 
                                			                        ;* No entry point to code 
 04BE  C6 06 B218 00            		mov	byte ptr ds:data_64e,0 
 04C3  C6 06 FF56 00            		mov	byte ptr ds:data_79e,0 
 04C8                           loc_23: 
 04C8  0E                       		push	cs 
 04C9  07                       		pop	es 
 04CA  BE B20F                  		mov	si,data_62e 
 04CD  BF FF58                  		mov	di,data_81e 
 04D0  B9 0008                  		mov	cx,8 
Microsoft (R) Macro Assembler  Version 4.00                 3/29/26 15:16:25

                                                            Page     1-13
                                                            

 04D3  F3/ A4                   		rep	movsb			; Rep when cx >0 Mov [si] to es:[di] 
 04D5  A0 B20E                  		mov	al,ds:data_61e 
 04D8  A2 FF53                  		mov	ds:data_77e,al 
 04DB  A0 FF53                  		mov	al,ds:data_77e 
 04DE  3C 02                    		cmp	al,2 
 04E0  72 02                    		jb	loc_24			; Jump if below 
 04E2  B0 02                    		mov	al,2 
 04E4                           loc_24: 
 04E4  A2 FF52                  		mov	ds:data_76e,al 
 04E7  BB 1778                  		mov	bx,1778h 
 04EA  B9 211A                  		mov	cx,211Ah 
 04ED  B0 FF                    		mov	al,0FFh 
 04EF  2E: FF 16 2000           		call	word ptr cs:data_36e 
 04F4  C6 06 FF57 00            		mov	byte ptr ds:data_80e,0 
 04F9  C7 06 FF54 197B          		mov	word ptr ds:data_78e,197Bh 
 04FF  C7 06 FF6A 0019          		mov	word ptr ds:data_83e,19h 
 0505  BE B08A                  		mov	si,0B08Ah 
 0508  8A 0E FF52               		mov	cl,ds:data_76e 
 050C  32 ED                    		xor	ch,ch			; Zero register 
 050E  A0 FF56                  		mov	al,ds:data_79e 
 0511  2E: FF 16 6012           		call	word ptr cs:data_50e 
 0516  8A 1E B218               		mov	bl,ds:data_64e 
 051A  2E: FF 16 6010           		call	word ptr cs:data_49e 
 051F  73 07                    		jnc	loc_25			; Jump if carry=0 
 0521  C7 06 FF4C A965          		mov	word ptr ds:data_72e,0A965h 
                                		retn 
 0527  C3                     1                 db     0C3h
 0528                           loc_25: 
 0528  88 1E B218               		mov	ds:data_64e,bl 
 052C  C7 06 FF4C AACA          		mov	word ptr ds:data_72e,0AACAh 
 0532  2E: FF 16 6004           		call	word ptr cs:data_44e 
 0537  A0 B218                  		mov	al,ds:data_64e 
 053A  02 06 FF56               		add	al,ds:data_79e 
 053E  BB FF58                  		mov	bx,data_81e 
 0541  D7                       		xlat				; al=[al+[bx]] table 
 0542  50                       		push	ax 
 0543  8B 36 FF4C               		mov	si,ds:data_72e 
 0547  56                       		push	si 
 0548  32 E4                    		xor	ah,ah			; Zero register 
 054A  03 C0                    		add	ax,ax 
 054C  8B D8                    		mov	bx,ax 
 054E  8B 87 B08A               		mov	ax,ds:data_58e[bx] 
 0552  A3 FF4C                  		mov	ds:data_72e,ax 
 0555  2E: FF 16 6004           		call	word ptr cs:data_44e 
 055A  5E                       		pop	si 
 055B  89 36 FF4C               		mov	ds:data_72e,si 
 055F  2E: FF 16 6004           		call	word ptr cs:data_44e 
 0564  58                       		pop	ax 
 0565  32 E4                    		xor	ah,ah			; Zero register 
 0567  03 C0                    		add	ax,ax 
 0569  8B D8                    		mov	bx,ax 
 056B  8B 87 AB3A               		mov	ax,ds:data_57e[bx] 
 056F  A3 FF4C                  		mov	ds:data_72e,ax 
 0572  2E: FF 16 6004           		call	word ptr cs:data_44e 
 0577  C7 06 FF4C AAE9          		mov	word ptr ds:data_72e,0AAE9h 
Microsoft (R) Macro Assembler  Version 4.00                 3/29/26 15:16:25

                                                            Page     1-14
                                                            

 057D  2E: FF 16 6004           		call	word ptr cs:data_44e 
 0582  BB 2F2B                  		mov	bx,2F2Bh 
 0585  B9 0C19                  		mov	cx,0C19h 
 0588  B0 FF                    		mov	al,0FFh 
 058A  2E: FF 16 2000           		call	word ptr cs:data_36e 
 058F  C7 06 FF54 302E          		mov	word ptr ds:data_78e,302Eh 
 0595  2E: FF 16 6008           		call	word ptr cs:data_46e 
 059A  9C                       		pushf				; Push flags 
 059B  E8 05B6 R                		call	sub_4 
 059E  9D                       		popf				; Pop flags 
 059F  C7 06 FF4C A965          		mov	word ptr ds:data_72e,0A965h 
 05A5  73 01                    		jnc	loc_26			; Jump if carry=0 
                                		retn 
 05A7  C3                     1                 db     0C3h
 05A8                           loc_26: 
 05A8  C7 06 FF4C AAA6          		mov	word ptr ds:data_72e,0AAA6h 
 05AE  2E: FF 16 6004           		call	word ptr cs:data_44e 
 05B3  E9 04C8 R                		jmp	loc_23 
                                 
                                ;ﬂﬂﬂﬂﬂﬂﬂﬂﬂﬂﬂﬂﬂﬂﬂﬂﬂﬂﬂﬂﬂﬂﬂﬂﬂﬂﬂﬂﬂﬂﬂﬂﬂﬂﬂﬂﬂﬂﬂﬂﬂﬂﬂﬂﬂﬂﬂﬂﬂﬂﬂﬂﬂﬂﬂﬂﬂﬂﬂﬂﬂﬂﬂﬂﬂﬂﬂﬂﬂﬂﬂﬂﬂﬂ 
                                ;                              SUBROUTINE 
                                ;‹‹‹‹‹‹‹‹‹‹‹‹‹‹‹‹‹‹‹‹‹‹‹‹‹‹‹‹‹‹‹‹‹‹‹‹‹‹‹‹‹‹‹‹‹‹‹‹‹‹‹‹‹‹‹‹‹‹‹‹‹‹‹‹‹‹‹‹‹‹‹‹‹‹ 
                                 
 05B6                           sub_4		proc	near 
 05B6  BB 2717                  		mov	bx,2717h 
 05B9  B9 1D41                  		mov	cx,1D41h 
 05BC  32 C0                    		xor	al,al			; Zero register 
 05BE  2E: FF 26 2000           		jmp	word ptr cs:data_36e 
                                sub_4		endp 
                                 
                                 
                                ;ﬂﬂﬂﬂﬂﬂﬂﬂﬂﬂﬂﬂﬂﬂﬂﬂﬂﬂﬂﬂﬂﬂﬂﬂﬂﬂﬂﬂﬂﬂﬂﬂﬂﬂﬂﬂﬂﬂﬂﬂﬂﬂﬂﬂﬂﬂﬂﬂﬂﬂﬂﬂﬂﬂﬂﬂﬂﬂﬂﬂﬂﬂﬂﬂﬂﬂﬂﬂﬂﬂﬂﬂﬂﬂ 
                                ;                              SUBROUTINE 
                                ;‹‹‹‹‹‹‹‹‹‹‹‹‹‹‹‹‹‹‹‹‹‹‹‹‹‹‹‹‹‹‹‹‹‹‹‹‹‹‹‹‹‹‹‹‹‹‹‹‹‹‹‹‹‹‹‹‹‹‹‹‹‹‹‹‹‹‹‹‹‹‹‹‹‹ 
                                 
 05C3                           sub_5		proc	near 
 05C3  BE A5E4                  		mov	si,data_53e 
 05C6  BB 0717                  		mov	bx,717h 
 05C9  B9 0008                  		mov	cx,8 
                                 
 05CC                           locloop_27: 
 05CC  51                       		push	cx 
 05CD  B9 000C                  		mov	cx,0Ch 
                                 
 05D0                           locloop_28: 
 05D0  51                       		push	cx 
 05D1  53                       		push	bx 
 05D2  AC                       		lodsb				; String [si] to al 
 05D3  2E: FF 16 3016           		call	word ptr cs:data_43e 
 05D8  5B                       		pop	bx 
 05D9  FE C7                    		inc	bh 
 05DB  59                       		pop	cx 
 05DC  E2 F2                    		loop	locloop_28		; Loop if cx > 0 
                                 
 05DE  80 EF 0C                 		sub	bh,0Ch 
Microsoft (R) Macro Assembler  Version 4.00                 3/29/26 15:16:25

                                                            Page     1-15
                                                            

 05E1  80 C3 08                 		add	bl,8 
 05E4  59                       		pop	cx 
 05E5  E2 E5                    		loop	locloop_27		; Loop if cx > 0 
                                 
                                		retn 
 05E7  C3                     1                 db     0C3h
                                sub_5		endp 
                                 
 05E8  00 01 02 03 04 05        		db	 00h, 01h, 02h, 03h, 04h, 05h 
 05EE  1C 1D 1E 1F 20 21        		db	 1Ch, 1Dh, 1Eh, 1Fh, 20h, 21h 
 05F4  06 09 7D 7E 7F 80        		db	 06h, 09h, 7Dh, 7Eh, 7Fh, 80h 
 05FA  22 23 24 25 26 27        		db	 22h, 23h, 24h, 25h, 26h, 27h 
 0600  06 0A 81 82 83 84        		db	 06h, 0Ah, 81h, 82h, 83h, 84h 
 0606  28 29 2A 2B 2C 2D        		db	 28h, 29h, 2Ah, 2Bh, 2Ch, 2Dh 
 060C  06 0B 85 86 87 88        		db	 06h, 0Bh, 85h, 86h, 87h, 88h 
 0612  2E 2F 30 31 32 33        		db	 2Eh, 2Fh, 30h, 31h, 32h, 33h 
 0618  06 0C 89 8A 8B 8C        		db	 06h, 0Ch, 89h, 8Ah, 8Bh, 8Ch 
 061E  34 35 36 37 38 39        		db	 34h, 35h, 36h, 37h, 38h, 39h 
 0624  06 0D 8D 8E 8F 90        		db	 06h, 0Dh, 8Dh, 8Eh, 8Fh, 90h 
 062A  3A 3B 3C 3D 3E 3F        		db	 3Ah, 3Bh, 3Ch, 3Dh, 3Eh, 3Fh 
 0630  07 0E 91 92 93 94        		db	 07h, 0Eh, 91h, 92h, 93h, 94h 
 0636  10 11 12 13 14 15        		db	 10h, 11h, 12h, 13h, 14h, 15h 
 063C  08 0F 95 96 97 98        		db	 08h, 0Fh, 95h, 96h, 97h, 98h 
 0642  16 17 18 19 1A           		db	 16h, 17h, 18h, 19h, 1Ah 
 0647  1B                       		db	1Bh 
                                 
                                ;ﬂﬂﬂﬂﬂﬂﬂﬂﬂﬂﬂﬂﬂﬂﬂﬂﬂﬂﬂﬂﬂﬂﬂﬂﬂﬂﬂﬂﬂﬂﬂﬂﬂﬂﬂﬂﬂﬂﬂﬂﬂﬂﬂﬂﬂﬂﬂﬂﬂﬂﬂﬂﬂﬂﬂﬂﬂﬂﬂﬂﬂﬂﬂﬂﬂﬂﬂﬂﬂﬂﬂﬂﬂﬂ 
                                ;                              SUBROUTINE 
                                ;‹‹‹‹‹‹‹‹‹‹‹‹‹‹‹‹‹‹‹‹‹‹‹‹‹‹‹‹‹‹‹‹‹‹‹‹‹‹‹‹‹‹‹‹‹‹‹‹‹‹‹‹‹‹‹‹‹‹‹‹‹‹‹‹‹‹‹‹‹‹‹‹‹‹ 
                                 
 0648                           sub_6		proc	near 
 0648  83 3E FF50 02            		cmp	word ptr ds:data_75e,2 
 064D  73 01                    		jae	loc_29			; Jump if above or = 
                                		retn 
 064F  C3                     1                 db     0C3h
 0650                           loc_29: 
 0650  C7 06 FF50 0000          		mov	word ptr ds:data_75e,0 
 0656  FE 06 B219               		inc	byte ptr ds:data_65e 
 065A  80 3E B219 14            		cmp	byte ptr ds:data_65e,14h 
 065F  73 01                    		jae	loc_30			; Jump if above or = 
                                		retn 
 0661  C3                     1                 db     0C3h
 0662                           loc_30: 
 0662  C6 06 B219 00            		mov	byte ptr ds:data_65e,0 
 0667  A0 B21A                  		mov	al,ds:data_66e 
 066A  FE C0                    		inc	al 
 066C  3C 03                    		cmp	al,3 
 066E  72 02                    		jb	loc_31			; Jump if below 
 0670  32 C0                    		xor	al,al			; Zero register 
 0672                           loc_31: 
 0672  A2 B21A                  		mov	ds:data_66e,al 
 0675  B1 24                    		mov	cl,24h			; '$' 
 0677  F6 E1                    		mul	cl			; ax = reg * al 
 0679  BE A69C                  		mov	si,data_55e 
 067C  03 F0                    		add	si,ax 
Microsoft (R) Macro Assembler  Version 4.00                 3/29/26 15:16:25

                                                            Page     1-16
                                                            

 067E  BB 0D17                  		mov	bx,0D17h 
 0681  B9 0006                  		mov	cx,6 
                                 
 0684                           locloop_32: 
 0684  51                       		push	cx 
 0685  B9 0006                  		mov	cx,6 
                                 
 0688                           locloop_33: 
 0688  51                       		push	cx 
 0689  53                       		push	bx 
 068A  AC                       		lodsb				; String [si] to al 
 068B  2E: FF 16 3016           		call	word ptr cs:data_43e 
 0690  5B                       		pop	bx 
 0691  FE C7                    		inc	bh 
 0693  59                       		pop	cx 
 0694  E2 F2                    		loop	locloop_33		; Loop if cx > 0 
                                 
 0696  80 EF 06                 		sub	bh,6 
 0699  80 C3 08                 		add	bl,8 
 069C  59                       		pop	cx 
 069D  E2 E5                    		loop	locloop_32		; Loop if cx > 0 
                                 
                                		retn 
 069F  C3                     1                 db     0C3h
                                sub_6		endp 
                                 
 06A0  1C 1D 1E 1F              		db	 1Ch, 1Dh, 1Eh, 1Fh 
 06A4  20 21 22 23 24           		db	' !"#$' 
 06A9  25 26 27 28 29 2A 2B     		db	'%&', 27h, '()*+,-./0123456789:;<' 
       2C 2D 2E 2F 30 31 32     
       33 34 35 36 37 38 39     
       3A 3B 3C                 
 06C1  3D 3E 3F 5F 60 61 62     		db	'=>?_`abcdefghij(klmno.p01R3qrstu' 
       63 64 65 66 67 68 69     
       6A 28 6B 6C 6D 6E 6F     
       2E 70 30 31 52 33 71     
       72 73 74 75              
 06E1  76 77 78 79 7A 7B 7C     		db	'vwxyz{|@ABCDEFGHIJK(LMNOP.Q01RST' 
       40 41 42 43 44 45 46     
       47 48 49 4A 4B 28 4C     
       4D 4E 4F 50 2E 51 30     
       31 52 53 54              
 0701  55 56 37 57 58 59 5A     		db	'UV7WXYZ[\]^' 
       5B 5C 5D 5E              
                                 
                                ;ﬂﬂﬂﬂﬂﬂﬂﬂﬂﬂﬂﬂﬂﬂﬂﬂﬂﬂﬂﬂﬂﬂﬂﬂﬂﬂﬂﬂﬂﬂﬂﬂﬂﬂﬂﬂﬂﬂﬂﬂﬂﬂﬂﬂﬂﬂﬂﬂﬂﬂﬂﬂﬂﬂﬂﬂﬂﬂﬂﬂﬂﬂﬂﬂﬂﬂﬂﬂﬂﬂﬂﬂﬂﬂ 
                                ;                              SUBROUTINE 
                                ;‹‹‹‹‹‹‹‹‹‹‹‹‹‹‹‹‹‹‹‹‹‹‹‹‹‹‹‹‹‹‹‹‹‹‹‹‹‹‹‹‹‹‹‹‹‹‹‹‹‹‹‹‹‹‹‹‹‹‹‹‹‹‹‹‹‹‹‹‹‹‹‹‹‹ 
                                 
 070C                           sub_7		proc	near 
 070C                           loc_34: 
 070C  C6 06 FF1A 00            		mov	byte ptr ds:data_70e,0 
 0711  AD                       		lodsw				; String [si] to ax 
 0712  3D FFFF                  		cmp	ax,0FFFFh 
 0715  75 01                    		jne	loc_35			; Jump if not equal 
Microsoft (R) Macro Assembler  Version 4.00                 3/29/26 15:16:25

                                                            Page     1-17
                                                            

                                		retn 
 0717  C3                     1                 db     0C3h
 0718                           loc_35: 
 0718  56                       		push	si 
 0719  8B F0                    		mov	si,ax 
 071B  BB 091F                  		mov	bx,91Fh 
 071E  B9 0007                  		mov	cx,7 
                                 
 0721                           locloop_36: 
 0721  51                       		push	cx 
 0722  B9 0004                  		mov	cx,4 
                                 
 0725                           locloop_37: 
 0725  51                       		push	cx 
 0726  53                       		push	bx 
 0727  AC                       		lodsb				; String [si] to al 
 0728  2E: FF 16 3016           		call	word ptr cs:data_43e 
 072D  5B                       		pop	bx 
 072E  FE C7                    		inc	bh 
 0730  59                       		pop	cx 
 0731  E2 F2                    		loop	locloop_37		; Loop if cx > 0 
                                 
 0733  80 EF 04                 		sub	bh,4 
 0736  80 C3 08                 		add	bl,8 
 0739  59                       		pop	cx 
 073A  E2 E5                    		loop	locloop_36		; Loop if cx > 0 
                                 
 073C                           loc_38: 
 073C  E8 0648 R                		call	sub_6 
 073F  80 3E FF1A 28            		cmp	byte ptr ds:data_70e,28h	; '(' 
 0744  72 F6                    		jb	loc_38			; Jump if below 
 0746  5E                       		pop	si 
 0747  EB C3                    		jmp	short loc_34 
                                sub_7		endp 
                                 
 0749  69 A7 85 A7 A1 A7        		db	 69h,0A7h, 85h,0A7h,0A1h,0A7h 
 074F  BD A7 FF FF BD A7        		db	0BDh,0A7h,0FFh,0FFh,0BDh,0A7h 
 0755  A1 A7 85 A7 69 A7        		db	0A1h,0A7h, 85h,0A7h, 69h,0A7h 
 075B  FF FF BD A7 D9 A7        		db	0FFh,0FFh,0BDh,0A7h,0D9h,0A7h 
 0761  F5 A7 FF FF F5 A7        		db	0F5h,0A7h,0FFh,0FFh,0F5h,0A7h 
 0767  D9 A7 BD A7 FF FF        		db	0D9h,0A7h,0BDh,0A7h,0FFh,0FFh 
 076D  7D 7E 7F 80 81 82        		db	 7Dh, 7Eh, 7Fh, 80h, 81h, 82h 
 0773  83 84 85 86 87 88        		db	 83h, 84h, 85h, 86h, 87h, 88h 
 0779  89 8A 8B 8C 8D 8E        		db	 89h, 8Ah, 8Bh, 8Ch, 8Dh, 8Eh 
 077F  8F 90 91 92 93 94        		db	 8Fh, 90h, 91h, 92h, 93h, 94h 
 0785  95 96 97 98 99 9A        		db	 95h, 96h, 97h, 98h, 99h, 9Ah 
 078B  7F 80 9B 9C 83 84        		db	 7Fh, 80h, 9Bh, 9Ch, 83h, 84h 
 0791  9D 9E 9F 88 A0 A1        		db	 9Dh, 9Eh, 9Fh, 88h,0A0h,0A1h 
 0797  A2 A3 8D A4 A5 A6        		db	0A2h,0A3h, 8Dh,0A4h,0A5h,0A6h 
 079D  91 92 93 94 95 96        		db	 91h, 92h, 93h, 94h, 95h, 96h 
 07A3  97 98 99 9A 7F 80        		db	 97h, 98h, 99h, 9Ah, 7Fh, 80h 
 07A9  9B 9C 83 84 9D 9E        		db	 9Bh, 9Ch, 83h, 84h, 9Dh, 9Eh 
 07AF  9F 88 A0 A1 A2 A3        		db	 9Fh, 88h,0A0h,0A1h,0A2h,0A3h 
 07B5  8D A4 A5 A6 91 92        		db	 8Dh,0A4h,0A5h,0A6h, 91h, 92h 
 07BB  93 94 95 96 97 98        		db	 93h, 94h, 95h, 96h, 97h, 98h 
Microsoft (R) Macro Assembler  Version 4.00                 3/29/26 15:16:25

                                                            Page     1-18
                                                            

 07C1  99 9A B8 BF A7 B3        		db	 99h, 9Ah,0B8h,0BFh,0A7h,0B3h 
 07C7  B9 C0 85 A9 BA C1        		db	0B9h,0C0h, 85h,0A9h,0BAh,0C1h 
 07CD  AC B4 BB C2 8D B5        		db	0ACh,0B4h,0BBh,0C2h, 8Dh,0B5h 
 07D3  BC C3 91 B6 BD C4        		db	0BCh,0C3h, 91h,0B6h,0BDh,0C4h 
 07D9  95 B7 BE C5 99 9A        		db	 95h,0B7h,0BEh,0C5h, 99h, 9Ah 
 07DF  C7 C6 A7 CA C9 C8        		db	0C7h,0C6h,0A7h,0CAh,0C9h,0C8h 
 07E5  85 A9 CC CB AC B4        		db	 85h,0A9h,0CCh,0CBh,0ACh,0B4h 
 07EB  BB C2 8D B5 BC C3        		db	0BBh,0C2h, 8Dh,0B5h,0BCh,0C3h 
 07F1  91 B6 BD C4 95 B7        		db	 91h,0B6h,0BDh,0C4h, 95h,0B7h 
 07F7  BE C5 99 9A CE CD        		db	0BEh,0C5h, 99h, 9Ah,0CEh,0CDh 
 07FD  A7 D1 D0 CF 85 A9        		db	0A7h,0D1h,0D0h,0CFh, 85h,0A9h 
 0803  D3 D2 AC B4 BB C2        		db	0D3h,0D2h,0ACh,0B4h,0BBh,0C2h 
 0809  8D B5 BC C3 91 B6        		db	 8Dh,0B5h,0BCh,0C3h, 91h,0B6h 
 080F  BD C4 95 B7 BE C5        		db	0BDh,0C4h, 95h,0B7h,0BEh,0C5h 
 0815  01 18                    		db	 01h, 18h 
 0817  44 52 55 47 2E 47 52     		db	'DRUG.GRP' 
       50                       
 081F  00 0E AF 00 19 57        		db	 00h, 0Eh,0AFh, 00h, 19h, 57h 
 0825  69                       		db	 69h 
 0826  74 63 68 63 72 61 66     		db	'tchcraft Implement shopGo outsid' 
       74 20 49 6D 70 6C 65     
       6D 65 6E 74 20 73 68     
       6F 70 47 6F 20 6F 75     
       74 73 69 64              
 0846  65 00                    		db	'e', 0 
 0848  42 75 79 20 69 74 65     		db	'Buy item', 0 
       6D 00                    
 0851  53 65 6C 6C 20 69 74     		db	'Sell item', 0 
       65 6D 00                 
 085B  44 65 73 63 72 69 70     		db	'Description of item', 0 
       74 69 6F 6E 20 6F 66     
       20 69 74 65 6D 00        
 086F  4F 68 2E 2E 2E 20        		db	'Oh... ' 
 0875  FF 00                    		db	0FFh, 00h 
 0877  68 65 6C 6C 6F 2C 20     		db	'hello, can I help you?/' 
       63 61 6E 20 49 20 68     
       65 6C 70 20 79 6F 75     
       3F 2F                    
 088E  FF 02                    		db	0FFh, 02h 
 0890  0C 57 68 61 74 20 61     		db	0Ch, 'What are you looking for?' 
       72 65 20 79 6F 75 20     
       6C 6F 6F 6B 69 6E 67     
       20 66 6F 72 3F           
 08AA  FF 03                    		db	0FFh, 03h 
 08AC  0C 57 68 61 74 20 61     		db	0Ch, 'What are you looking for?' 
       72 65 20 79 6F 75 20     
       6C 6F 6F 6B 69 6E 67     
       20 66 6F 72 3F           
 08C6  FF 04                    		db	0FFh, 04h 
 08C8  0C 59 6F 75 5C 64 20     		db	0Ch, 'You\d like a ' 
       6C 69 6B 65 20 61 20     
                                
 08D6  FF 00 2E 2F FF           		db	0FFh, 00h, 2Eh, 2Fh,0FFh 
 08DB  0C 59 6F 75 5C 64 20     		db	0Ch, 'You\d like to sell a ' 
       6C 69 6B 65 20 74 6F     
Microsoft (R) Macro Assembler  Version 4.00                 3/29/26 15:16:25

                                                            Page     1-19
                                                            

       20 73 65 6C 6C 20 61     
       20                       
 08F1  FF 00 2E 2F FF           		db	0FFh, 00h, 2Eh, 2Fh,0FFh 
 08F6  54 68 61 74 20 77 69     		db	'That will be ' 
       6C 6C 20 62 65 20        
 0903  FF 00 26 67 6F 6C        		db	0FFh, 00h, 26h, 67h, 6Fh, 6Ch 
 0909  64 73 2E FF              		db	 64h, 73h, 2Eh,0FFh 
 090D  0D 57 69 6C 6C 20 74     		db	0Dh, 'Will there be something els' 
       68 65 72 65 20 62 65     
       20 73 6F 6D 65 74 68     
       69 6E 67 20 65 6C 73     
                                
 0929  65 3F                    		db	'e?' 
 092B  FF                       		db	0FFh 
 092C  59 6F 75 20 68 61 76     		db	'You have no money, sir.' 
       65 20 6E 6F 20 6D 6F     
       6E 65 79 2C 20 73 69     
       72 2E                    
 0943  FF 59 6F                 		db	0FFh, 59h, 6Fh 
 0946  75 20 63 61 6E 5C 74     		db	'u can\t po' 
       20 70 6F                 
 0950  73 73 69 62 6C 79 20     		db	'ssibly carry any more./' 
       63 61 72 72 79 20 61     
       6E 79 20 6D 6F 72 65     
       2E 2F                    
 0967  FF 02                    		db	0FFh, 02h 
 0969  0C                       		db	0Ch 
 096A  49 73 20 74 68 65 72     		db	'Is ther' 
                                
 0971  65 20 73 6F 6D 65 74     		db	'e something I&can do for you?/' 
       68 69 6E 67 20 49 26     
       63 61 6E 20 64 6F 20     
       66 6F 72 20 79 6F 75     
       3F 2F                    
 098F  FF 02                    		db	0FFh, 02h 
 0991  0C 57 68 61 74 20 77     		db	0Ch, 'What would you like to sell' 
       6F 75 6C 64 20 79 6F     
       75 20 6C 69 6B 65 20     
       74 6F 20 73 65 6C 6C     
                                
 09AD  3F 2F                    		db	'?/' 
 09AF  FF 05                    		db	0FFh, 05h 
 09B1  0C 54 68 61 6E 6B 20     		db	0Ch, 'Thank you very much./' 
       79 6F 75 20 76 65 72     
       79 20 6D 75 63 68 2E     
       2F                       
 09C7  FF                       		db	0FFh 
 09C8  49 5C 6C 6C 20 67 69     		db	'I\ll give you ' 
       76 65 20 79 6F 75 20     
                                
 09D6  FF 00                    		db	0FFh, 00h 
 09D8  26 67 6F 6C              		db	'&gol' 
 09DC  64 73 20 66 6F           		db	'ds fo' 
 09E1  72 20 74 68 61 74 2E     		db	'r that./Will that be all right?' 
       2F 57 69 6C 6C 20 74     
Microsoft (R) Macro Assembler  Version 4.00                 3/29/26 15:16:25

                                                            Page     1-20
                                                            

       68 61 74 20 62 65 20     
       61 6C 6C 20 72 69 67     
       68 74 3F                 
 0A00  FF 00                    		db	0FFh, 00h 
 0A02  0C                       		db	0Ch 
 0A03  4F 68 2C 20              		db	'Oh, ' 
 0A07  49                       		db	'I' 
 0A08  26 73 65 65 2E 20 57     		db	'&see. Well,' 
       65 6C 6C 2C              
 0A13  20 74 68                 		db	' th' 
 0A16  61 74 5C 73 20 74 68     		db	'at\s the best' 
       65 20 62 65 73 74        
 0A23  20 49 26 63 61 6E 20     		db	' I&can do. I\m sorr' 
       64 6F 2E 20 49 5C 6D     
       20 73 6F 72 72           
 0A36  79 20 69 74 20 69 73     		db	'y it is\t satisfactory.' 
       5C 74 20 73 61 74 69     
       73 66 61 63 74 6F 72     
       79 2E                    
 0A4D  FF 02                    		db	0FFh, 02h 
 0A4F  44 6F 20 79 6F 75 20     		db	'Do you ha' 
       68 61                    
 0A58  76 65 20                 		db	've ' 
 0A5B  61 6E 79 74 68           		db	'anyth' 
 0A60  69 6E 67 20 65 6C 73     		db	'ing else you\d like to sell?' 
       65 20 79 6F 75 5C 64     
       20 6C 69 6B 65 20 74     
       6F 20 73 65 6C 6C 3F     
                                
 0A7C  FF 0C                    		db	0FFh, 0Ch 
 0A7E  59 6F 75 20 61 72 65     		db	'You aren\t carrying any magi' 
       6E 5C 74 20 63 61 72     
       72 79 69 6E 67 20 61     
       6E 79 20 6D 61 67 69     
                                
 0A9A  63 20 69 74 65 6D 73     		db	'c items, sir./' 
       2C 20 73 69 72 2E 2F     
                                
 0AA8  FF 02                    		db	0FFh, 02h 
 0AAA  0C 57                    		db	0Ch, 'W' 
 0AAC  68 69 63 68 20 69 74     		db	'hich item can I tell you about?/' 
       65 6D 20 63 61 6E 20     
       49 20 74 65 6C 6C 20     
       79 6F 75 20 61 62 6F     
       75 74 3F 2F              
 0ACC  FF 06                    		db	0FFh, 06h 
 0ACE  0C 59 6F 75 5C 72 65     		db	0Ch, 'You\re interested in the ' 
       20 69 6E 74 65 72 65     
       73 74 65 64 20 69 6E     
       20 74 68 65 20           
 0AE8  FF 00 2E 2F FF           		db	0FFh, 00h, 2Eh, 2Fh,0FFh 
 0AED  0C 43 61 6E 20 49 20     		db	0Ch, 'Can I tell you about anythi' 
       74 65 6C 6C 20 79 6F     
       75 20 61 62 6F 75 74     
       20 61 6E 79 74 68 69     
Microsoft (R) Macro Assembler  Version 4.00                 3/29/26 15:16:25

                                                            Page     1-21
                                                            

                                
 0B09  6E 67 20 65 6C 73 65     		db	'ng else?' 
       3F                       
 0B11  FF 0C FF 07              		db	0FFh, 0Ch,0FFh, 07h 
 0B15  54 68 61 6E 6B 20 79     		db	'Thank you, sir. ' 
       6F 75 2C 20 73 69 72     
       2E 20                    
 0B25  FF                       		db	0FFh 
 0B26  08 50 6C 65 61 73 65     		db	8, 'Please come again.' 
       20 63 6F 6D 65 20 61     
       67 61 69 6E 2E           
 0B39  FF 01 11 FF FF 4A        		db	0FFh, 01h, 11h,0FFh,0FFh, 4Ah 
 0B3F  AB C5 AB 9C AC 39        		db	0ABh,0C5h,0ABh, 9Ch,0ACh, 39h 
 0B45  AD FD AD A6 AE 3D        		db	0ADh,0FDh,0ADh,0A6h,0AEh, 3Dh 
 0B4B  AF D3 AF                 		db	0AFh,0D3h,0AFh 
 0B4E  57 65 6C 6C 2C 20 69     		db	'Well, it\s a special blend of yu' 
       74 5C 73 20 61 20 73     
       70 65 63 69 61 6C 20     
       62 6C 65 6E 64 20 6F     
       66 20 79 75              
 0B6E  6E 6B 65 6C 20 66 72     		db	'nkel fruit and ripodi leaf./It\s' 
       75 69 74 20 61 6E 64     
       20 72 69 70 6F 64 69     
       20 6C 65 61 66 2E 2F     
       49 74 5C 73              
 0B8E  20 6C 6F 77 20 69 6E     		db	' low in price and as a mild heal' 
       20 70 72 69 63 65 20     
       61 6E 64 20 61 73 20     
       61 20 6D 69 6C 64 20     
       68 65 61 6C              
 0BAE  74 68 20 74 6F 6E 69     		db	'th tonic, it\s perfect.' 
       63 2C 20 69 74 5C 73     
       20 70 65 72 66 65 63     
       74 2E                    
 0BC5  11 0C FF FF 54 68        		db	 11h, 0Ch,0FFh,0FFh, 54h, 68h 
 0BCB  69 73 20 69 73 20 74     		db	'is is the fruit of the Juu-en tr' 
       68 65 20 66 72 75 69     
       74 20 6F 66 20 74 68     
       65 20 4A 75 75 2D 65     
       6E 20 74 72              
 0BEB  65 65 20 77 68 69 63     		db	'ee which bears only once every t' 
       68 20 62 65 61 72 73     
       20 6F 6E 6C 79 20 6F     
       6E 63 65 20 65 76 65     
       72 79 20 74              
 0C0B  65 6E 20 79 65 61 72     		db	'en years./The price is a bit hig' 
       73 2E 2F 54 68 65 20     
       70 72 69 63 65 20 69     
       73 20 61 20 62 69 74     
       20 68 69 67              
 0C2B  68 2C 20 62 75 74 20     		db	'h, but it provides excellent rel' 
       69 74 20 70 72 6F 76     
       69 64 65 73 20 65 78     
       63 65 6C 6C 65 6E 74     
       20 72 65 6C              
Microsoft (R) Macro Assembler  Version 4.00                 3/29/26 15:16:25

                                                            Page     1-22
                                                            

 0C4B  69 65 66 20 66 72 6F     		db	'ief from wounds and exhaustion -' 
       6D 20 77 6F 75 6E 64     
       73 20 61 6E 64 20 65     
       78 68 61 75 73 74 69     
       6F 6E 20 2D              
 0C6B  2D 20 69 74 5C 73 20     		db	'- it\s quite a bit better than t' 
       71 75 69 74 65 20 61     
       20 62 69 74 20 62 65     
       74 74 65 72 20 74 68     
       61 6E 20 74              
 0C8B  68 65 20 4B 65 6E 5C     		db	'he Ken\ko potion.' 
       6B 6F 20 70 6F 74 69     
       6F 6E 2E                 
 0C9C  11 0C FF FF 54 68        		db	 11h, 0Ch,0FFh,0FFh, 54h, 68h 
 0CA2  69 73 20 70 6F 74 69     		db	'is potion is made from the broth' 
       6F 6E 20 69 73 20 6D     
       61 64 65 20 66 72 6F     
       6D 20 74 68 65 20 62     
       72 6F 74 68              
 0CC2  20 6F 66 20 6D 69 73     		db	' of mistletoe simmered on the ni' 
       74 6C 65 74 6F 65 20     
       73 69 6D 6D 65 72 65     
       64 20 6F 6E 20 74 68     
       65 20 6E 69              
 0CE2  67 68 74 20 6F 66 20     		db	'ght of a full moon./It restores ' 
       61 20 66 75 6C 6C 20     
       6D 6F 6F 6E 2E 2F 49     
       74 20 72 65 73 74 6F     
       72 65 73 20              
 0D02  6D 61 67 69 63 61 6C     		db	'magical powers. It\s very bitter' 
       20 70 6F 77 65 72 73     
       2E 20 49 74 5C 73 20     
       76 65 72 79 20 62 69     
       74 74 65 72              
 0D22  2C 20 62 75 74 20 74     		db	', but the price is low.' 
       68 65 20 70 72 69 63     
       65 20 69 73 20 6C 6F     
       77 2E                    
 0D39  11 0C FF FF 54 68        		db	 11h, 0Ch,0FFh,0FFh, 54h, 68h 
 0D3F  69 73 20 69 73 20 6D     		db	'is is made from a mixture of the' 
       61 64 65 20 66 72 6F     
       6D 20 61 20 6D 69 78     
       74 75 72 65 20 6F 66     
       20 74 68 65              
 0D5F  20 70 6F 77 64 65 72     		db	' powdered dragon scales and crus' 
       65 64 20 64 72 61 67     
       6F 6E 20 73 63 61 6C     
       65 73 20 61 6E 64 20     
       63 72 75 73              
 0D7F  68 65 64 20 57 69 73     		db	'hed Wise Man\s Stone steamed for' 
       65 20 4D 61 6E 5C 73     
       20 53 74 6F 6E 65 20     
       73 74 65 61 6D 65 64     
       20 66 6F 72              
 0D9F  20 6F 6E 65 20 68 75     		db	' one hundred days./It will fully' 
Microsoft (R) Macro Assembler  Version 4.00                 3/29/26 15:16:25

                                                            Page     1-23
                                                            

       6E 64 72 65 64 20 64     
       61 79 73 2E 2F 49 74     
       20 77 69 6C 6C 20 66     
       75 6C 6C 79              
 0DBF  20 72 65 73 74 6F 72     		db	' restore your magical powers. Th' 
       65 20 79 6F 75 72 20     
       6D 61 67 69 63 61 6C     
       20 70 6F 77 65 72 73     
       2E 20 54 68              
 0DDF  65 20 70 72 69 63 65     		db	'e price, however..... is high.' 
       2C 20 68 6F 77 65 76     
       65 72 2E 2E 2E 2E 2E     
       20 69 73 20 68 69 67     
       68 2E                    
 0DFD  11 0C FF FF 54 68        		db	 11h, 0Ch,0FFh,0FFh, 54h, 68h 
 0E03  69 73 20 73 74 6F 6E     		db	'is stone protects the aura that ' 
       65 20 70 72 6F 74 65     
       63 74 73 20 74 68 65     
       20 61 75 72 61 20 74     
       68 61 74 20              
 0E23  6C 69 76 69 6E 67 20     		db	'living beings exude./It surround' 
       62 65 69 6E 67 73 20     
       65 78 75 64 65 2E 2F     
       49 74 20 73 75 72 72     
       6F 75 6E 64              
 0E43  73 20 74 68 65 20 61     		db	's the aura to prevent interferen' 
       75 72 61 20 74 6F 20     
       70 72 65 76 65 6E 74     
       20 69 6E 74 65 72 66     
       65 72 65 6E              
 0E63  63 65 20 66 72 6F 6D     		db	'ce from other auras and acts as ' 
       20 6F 74 68 65 72 20     
       61 75 72 61 73 20 61     
       6E 64 20 61 63 74 73     
       20 61 73 20              
 0E83  61 20 70 72 6F 74 65     		db	'a protection against enemy attac' 
       63 74 69 6F 6E 20 61     
       67 61 69 6E 73 74 20     
       65 6E 65 6D 79 20 61     
       74 74 61 63              
 0EA3  6B 73 2E                 		db	'ks.' 
 0EA6  11 0C FF FF 54 68        		db	 11h, 0Ch,0FFh,0FFh, 54h, 68h 
 0EAC  69 73 20 69 73 20 61     		db	'is is a liquified metal made fro' 
       20 6C 69 71 75 69 66     
       69 65 64 20 6D 65 74     
       61 6C 20 6D 61 64 65     
       20 66 72 6F              
 0ECC  6D 20 6D 65 72 63 75     		db	'm mercury and iron./If you paint' 
       72 79 20 61 6E 64 20     
       69 72 6F 6E 2E 2F 49     
       66 20 79 6F 75 20 70     
       61 69 6E 74              
 0EEC  20 69 74 20 6F 6E 20     		db	' it on a shield weakened by batt' 
       61 20 73 68 69 65 6C     
       64 20 77 65 61 6B 65     
Microsoft (R) Macro Assembler  Version 4.00                 3/29/26 15:16:25

                                                            Page     1-24
                                                            

       6E 65 64 20 62 79 20     
       62 61 74 74              
 0F0C  6C 65 2C 20 74 68 65     		db	'le, the shield will regain its o' 
       20 73 68 69 65 6C 64     
       20 77 69 6C 6C 20 72     
       65 67 61 69 6E 20 69     
       74 73 20 6F              
 0F2C  72 69 67 69 6E 61 6C     		db	'riginal strength.' 
       20 73 74 72 65 6E 67     
       74 68 2E                 
 0F3D  11 0C FF FF 48 6D        		db	 11h, 0Ch,0FFh,0FFh, 48h, 6Dh 
 0F43  6D 2E 2E 2E 20 49 20     		db	'm... I don\t know much about thi' 
       64 6F 6E 5C 74 20 6B     
       6E 6F 77 20 6D 75 63     
       68 20 61 62 6F 75 74     
       20 74 68 69              
 0F63  73 20 6F 6E 65 2C 20     		db	's one, but I do know that it inc' 
       62 75 74 20 49 20 64     
       6F 20 6B 6E 6F 77 20     
       74 68 61 74 20 69 74     
       20 69 6E 63              
 0F83  72 65 61 73 65 73 20     		db	'reases the offensive power of a ' 
       74 68 65 20 6F 66 66     
       65 6E 73 69 76 65 20     
       70 6F 77 65 72 20 6F     
       66 20 61 20              
 0FA3  73 77 6F 72 64 2E 2F     		db	'sword./Don\t worry, it hasn\t ki' 
       44 6F 6E 5C 74 20 77     
       6F 72 72 79 2C 20 69     
       74 20 68 61 73 6E 5C     
       74 20 6B 69              
 0FC3  6C 6C 65 64 20 61 6E     		db	'lled anyone yet.' 
       79 6F 6E 65 20 79 65     
       74 2E                    
 0FD3  11 0C FF FF 54 68        		db	 11h, 0Ch,0FFh,0FFh, 54h, 68h 
 0FD9  69 73 20 66 65 61 74     		db	'is feather remembers the voice o' 
       68 65 72 20 72 65 6D     
       65 6D 62 65 72 73 20     
       74 68 65 20 76 6F 69     
       63 65 20 6F              
 0FF9  66 20 74 68 65 20 6C     		db	'f the last wise man who spoke to' 
       61 73 74 20 77 69 73     
       65 20 6D 61 6E 20 77     
       68 6F 20 73 70 6F 6B     
       65 20 74 6F              
 1019  20 79 6F 75 2E 2F 49     		db	' you./If you hold it in your rig' 
       66 20 79 6F 75 20 68     
       6F 6C 64 20 69 74 20     
       69 6E 20 79 6F 75 72     
       20 72 69 67              
 1039  68 74 20 68 61 6E 64     		db	'ht hand and swing it once, you\l' 
       20 61 6E 64 20 73 77     
       69 6E 67 20 69 74 20     
       6F 6E 63 65 2C 20 79     
       6F 75 5C 6C              
Microsoft (R) Macro Assembler  Version 4.00                 3/29/26 15:16:25

                                                            Page     1-25
                                                            

 1059  6C 20 72 65 74 75 72     		db	'l return to him. It\s never fail' 
       6E 20 74 6F 20 68 69     
       6D 2E 20 49 74 5C 73     
       20 6E 65 76 65 72 20     
       66 61 69 6C              
 1079  65 64 20 61 6E 79 6F     		db	'ed anyone I know.' 
       6E 65 20 49 20 6B 6E     
       6F 77 2E                 
 108A  11 0C FF FF 9A B0        		db	 11h, 0Ch,0FFh,0FFh, 9Ah,0B0h 
 1090  A8 B0 B5 B0 C5 B0        		db	0A8h,0B0h,0B5h,0B0h,0C5h,0B0h 
 1096  D4 B0 E0 B0 F4 B0        		db	0D4h,0B0h,0E0h,0B0h,0F4h,0B0h 
 109C  FE B0                    		db	0FEh,0B0h 
 109E  4B                       		db	4Bh 
 109F  65 6E 5C 6B 6F 20 50     		db	'en\ko Potion', 0 
       6F 74 69 6F 6E 00        
 10AC  4A 75 75 2D 65 6E 20     		db	'Juu-en Fruit', 0 
       46 72 75 69 74 00        
 10B9  45 6C 69 78 69 72 20     		db	'Elixir of Kashi', 0 
       6F 66 20 4B 61 73 68     
       69 00                    
 10C9  43 68 69 6B 61 72 61     		db	'Chikara Powder', 0 
       20 50 6F 77 64 65 72     
       00                       
 10D8  4D 61 67 69 61 20 53     		db	'Magia Stone', 0 
       74 6F 6E 65 00           
 10E4  48 6F 6C 79 20 57 61     		db	'Holy Water of Acero', 0 
       74 65 72 20 6F 66 20     
       41 63 65 72 6F 00        
 10F8  53 61 62 72 65 20 4F     		db	'Sabre Oil', 0 
       69 6C 00                 
 1102  4B 69 6F 6B 75 20 46     		db	'Kioku Feather', 0 
       65 61 74 68 65 72 00     
 1110  1E B1 36 B1 4E B1        		db	 1Eh,0B1h, 36h,0B1h, 4Eh,0B1h 
 1116  66 B1 7E B1 96 B1        		db	 66h,0B1h, 7Eh,0B1h, 96h,0B1h 
 111C  AE B1 C6 B1 DE B1        		db	0AEh,0B1h,0C6h,0B1h,0DEh,0B1h 
 1122  00 32 00 00 F0 00        		db	 00h, 32h, 00h, 00h,0F0h, 00h 
 1128  00 3C 00 00 40 01        		db	 00h, 3Ch, 00h, 00h, 40h, 01h 
 112E  00 E8 03 00 64 00        		db	 00h,0E8h, 03h, 00h, 64h, 00h 
 1134  00 B0 04 00 5E 01        		db	 00h,0B0h, 04h, 00h, 5Eh, 01h 
 113A  00 32 00 00 F0 00        		db	 00h, 32h, 00h, 00h,0F0h, 00h 
 1140  00 3C 00 00 40 01        		db	 00h, 3Ch, 00h, 00h, 40h, 01h 
 1146  00 E8 03 00 64 00        		db	 00h,0E8h, 03h, 00h, 64h, 00h 
 114C  00 B0 04 00 5E 01        		db	 00h,0B0h, 04h, 00h, 5Eh, 01h 
 1152  00 32 00 00 F0 00        		db	 00h, 32h, 00h, 00h,0F0h, 00h 
 1158  00 3C 00 00 40 01        		db	 00h, 3Ch, 00h, 00h, 40h, 01h 
 115E  00 DC 05 00 64 00        		db	 00h,0DCh, 05h, 00h, 64h, 00h 
 1164  00 B0 04 00 5E 01        		db	 00h,0B0h, 04h, 00h, 5Eh, 01h 
 116A  00 32 00 00 2C 01        		db	 00h, 32h, 00h, 00h, 2Ch, 01h 
 1170  00 78 00 00 40 01        		db	 00h, 78h, 00h, 00h, 40h, 01h 
 1176  00 DC 05 00 64 00        		db	 00h,0DCh, 05h, 00h, 64h, 00h 
 117C  00 B0 04 00 5E 01        		db	 00h,0B0h, 04h, 00h, 5Eh, 01h 
 1182  00 05 00 00 58 02        		db	 00h, 05h, 00h, 00h, 58h, 02h 
 1188  00 F0 00 00 E0 01        		db	 00h,0F0h, 00h, 00h,0E0h, 01h 
 118E  00 D0 07 00 C8 00        		db	 00h,0D0h, 07h, 00h,0C8h, 00h 
 1194  00 D0 07 00 5E 01        		db	 00h,0D0h, 07h, 00h, 5Eh, 01h 
Microsoft (R) Macro Assembler  Version 4.00                 3/29/26 15:16:25

                                                            Page     1-26
                                                            

 119A  00 05 00 00 58 02        		db	 00h, 05h, 00h, 00h, 58h, 02h 
 11A0  00 F0 00 00 E0 01        		db	 00h,0F0h, 00h, 00h,0E0h, 01h 
 11A6  00 D0 07 00 C8 00        		db	 00h,0D0h, 07h, 00h,0C8h, 00h 
 11AC  00 D0 07 00 5E 01        		db	 00h,0D0h, 07h, 00h, 5Eh, 01h 
 11B2  00 05 00 00 84 03        		db	 00h, 05h, 00h, 00h, 84h, 03h 
 11B8  00 68 01 00 C0 03        		db	 00h, 68h, 01h, 00h,0C0h, 03h 
 11BE  00 C4 09 00 90 01        		db	 00h,0C4h, 09h, 00h, 90h, 01h 
 11C4  00 60 09 00 5E 01        		db	 00h, 60h, 09h, 00h, 5Eh, 01h 
 11CA  00 05 00 00 84 03        		db	 00h, 05h, 00h, 00h, 84h, 03h 
 11D0  00 68 01 00 C0 03        		db	 00h, 68h, 01h, 00h,0C0h, 03h 
 11D6  00 C4 09 00 90 01        		db	 00h,0C4h, 09h, 00h, 90h, 01h 
 11DC  00 60 09 00 5E 01        		db	 00h, 60h, 09h, 00h, 5Eh, 01h 
 11E2  00 02 00 00 C8 00        		db	 00h, 02h, 00h, 00h,0C8h, 00h 
 11E8  00 28 00 00 18 01        		db	 00h, 28h, 00h, 00h, 18h, 01h 
 11EE  00 20 03 00 50 00        		db	 00h, 20h, 03h, 00h, 50h, 00h 
 11F4  00 E8 03 00 96           		db	 00h,0E8h, 03h, 00h, 96h 
 11F9  0031[                    		db	49 dup (0) 
            00                  
                         ]      
                                
                                 
 122A                           seg_a		ends 
                                 
                                 
                                 
                                		end	start 

Microsoft (R) Macro Assembler  Version 4.00                 3/29/26 15:16:25

                                                            Symbols-1
                                                             

Macros:

		N a m e			Lines

CALLF  . . . . . . . . . . . . .  	   2
CALLFX . . . . . . . . . . . . .  	   3
JMPN . . . . . . . . . . . . . .  	   2
MOVSEG . . . . . . . . . . . . .  	  43
RETF . . . . . . . . . . . . . .  	   6
RETN . . . . . . . . . . . . . .  	   6

Segments and Groups:

                N a m e         	Size	Align	Combine Class

SEG_A  . . . . . . . . . . . . .  	122A	BYTE	PUBLIC	

Symbols:            

                N a m e         	Type	Value	Attr         

DATA_36E . . . . . . . . . . . .  	Number	2000	
DATA_37E . . . . . . . . . . . .  	Number	2002	
DATA_38E . . . . . . . . . . . .  	Number	2010	
DATA_39E . . . . . . . . . . . .  	Number	2012	
DATA_4 . . . . . . . . . . . . .  	L BYTE 	00C9	SEG_A
DATA_40E . . . . . . . . . . . .  	Number	2016	
DATA_41E . . . . . . . . . . . .  	Number	2040	
DATA_42E . . . . . . . . . . . .  	Number	2044	
DATA_43E . . . . . . . . . . . .  	Number	3016	
DATA_44E . . . . . . . . . . . .  	Number	6004	
DATA_45E . . . . . . . . . . . .  	Number	6006	
DATA_46E . . . . . . . . . . . .  	Number	6008	
DATA_47E . . . . . . . . . . . .  	Number	600A	
DATA_48E . . . . . . . . . . . .  	Number	600C	
DATA_49E . . . . . . . . . . . .  	Number	6010	
DATA_5 . . . . . . . . . . . . .  	L WORD 	010C	SEG_A
DATA_50E . . . . . . . . . . . .  	Number	6012	
DATA_51E . . . . . . . . . . . .  	Number	A0C3	
DATA_52E . . . . . . . . . . . .  	Number	A494	
DATA_53E . . . . . . . . . . . .  	Number	A5E4	
DATA_54E . . . . . . . . . . . .  	Number	A644	
DATA_55E . . . . . . . . . . . .  	Number	A69C	
DATA_56E . . . . . . . . . . . .  	Number	A745	
DATA_57E . . . . . . . . . . . .  	Number	AB3A	
DATA_58E . . . . . . . . . . . .  	Number	B08A	
DATA_59E . . . . . . . . . . . .  	Number	B10C	
DATA_60E . . . . . . . . . . . .  	Number	B1F6	
DATA_61E . . . . . . . . . . . .  	Number	B20E	
DATA_62E . . . . . . . . . . . .  	Number	B20F	
DATA_63E . . . . . . . . . . . .  	Number	B217	
DATA_64E . . . . . . . . . . . .  	Number	B218	
DATA_65E . . . . . . . . . . . .  	Number	B219	
DATA_66E . . . . . . . . . . . .  	Number	B21A	
DATA_67E . . . . . . . . . . . .  	Number	B21B	
Microsoft (R) Macro Assembler  Version 4.00                 3/29/26 15:16:25

                                                            Symbols-2
                                                             

DATA_68E . . . . . . . . . . . .  	Number	B21C	
DATA_69E . . . . . . . . . . . .  	Number	C006	
DATA_70E . . . . . . . . . . . .  	Number	FF1A	
DATA_71E . . . . . . . . . . . .  	Number	FF2C	
DATA_72E . . . . . . . . . . . .  	Number	FF4C	
DATA_73E . . . . . . . . . . . .  	Number	FF4E	
DATA_74E . . . . . . . . . . . .  	Number	FF4F	
DATA_75E . . . . . . . . . . . .  	Number	FF50	
DATA_76E . . . . . . . . . . . .  	Number	FF52	
DATA_77E . . . . . . . . . . . .  	Number	FF53	
DATA_78E . . . . . . . . . . . .  	Number	FF54	
DATA_79E . . . . . . . . . . . .  	Number	FF56	
DATA_80E . . . . . . . . . . . .  	Number	FF57	
DATA_81E . . . . . . . . . . . .  	Number	FF58	
DATA_82E . . . . . . . . . . . .  	Number	FF68	
DATA_83E . . . . . . . . . . . .  	Number	FF6A	

LOCLOOP_10 . . . . . . . . . . .  	L NEAR	0275	SEG_A
LOCLOOP_17 . . . . . . . . . . .  	L NEAR	0429	SEG_A
LOCLOOP_21 . . . . . . . . . . .  	L NEAR	04AD	SEG_A
LOCLOOP_27 . . . . . . . . . . .  	L NEAR	05CC	SEG_A
LOCLOOP_28 . . . . . . . . . . .  	L NEAR	05D0	SEG_A
LOCLOOP_32 . . . . . . . . . . .  	L NEAR	0684	SEG_A
LOCLOOP_33 . . . . . . . . . . .  	L NEAR	0688	SEG_A
LOCLOOP_36 . . . . . . . . . . .  	L NEAR	0721	SEG_A
LOCLOOP_37 . . . . . . . . . . .  	L NEAR	0725	SEG_A
LOCLOOP_4  . . . . . . . . . . .  	L NEAR	00A8	SEG_A
LOC_11 . . . . . . . . . . . . .  	L NEAR	0286	SEG_A
LOC_12 . . . . . . . . . . . . .  	L NEAR	02C2	SEG_A
LOC_13 . . . . . . . . . . . . .  	L NEAR	02FD	SEG_A
LOC_14 . . . . . . . . . . . . .  	L NEAR	0315	SEG_A
LOC_15 . . . . . . . . . . . . .  	L NEAR	0357	SEG_A
LOC_16 . . . . . . . . . . . . .  	L NEAR	03FF	SEG_A
LOC_18 . . . . . . . . . . . . .  	L NEAR	0430	SEG_A
LOC_19 . . . . . . . . . . . . .  	L NEAR	0462	SEG_A
LOC_2  . . . . . . . . . . . . .  	L NEAR	007D	SEG_A
LOC_20 . . . . . . . . . . . . .  	L NEAR	048E	SEG_A
LOC_22 . . . . . . . . . . . . .  	L NEAR	04B7	SEG_A
LOC_23 . . . . . . . . . . . . .  	L NEAR	04C8	SEG_A
LOC_24 . . . . . . . . . . . . .  	L NEAR	04E4	SEG_A
LOC_25 . . . . . . . . . . . . .  	L NEAR	0528	SEG_A
LOC_26 . . . . . . . . . . . . .  	L NEAR	05A8	SEG_A
LOC_29 . . . . . . . . . . . . .  	L NEAR	0650	SEG_A
LOC_3  . . . . . . . . . . . . .  	L NEAR	008B	SEG_A
LOC_30 . . . . . . . . . . . . .  	L NEAR	0662	SEG_A
LOC_31 . . . . . . . . . . . . .  	L NEAR	0672	SEG_A
LOC_34 . . . . . . . . . . . . .  	L NEAR	070C	SEG_A
LOC_35 . . . . . . . . . . . . .  	L NEAR	0718	SEG_A
LOC_38 . . . . . . . . . . . . .  	L NEAR	073C	SEG_A
LOC_5  . . . . . . . . . . . . .  	L NEAR	00B5	SEG_A
LOC_6  . . . . . . . . . . . . .  	L NEAR	00DE	SEG_A
LOC_7  . . . . . . . . . . . . .  	L NEAR	00F4	SEG_A
LOC_8  . . . . . . . . . . . . .  	L NEAR	01BA	SEG_A
LOC_9  . . . . . . . . . . . . .  	L NEAR	0207	SEG_A

Microsoft (R) Macro Assembler  Version 4.00                 3/29/26 15:16:25

                                                            Symbols-3
                                                             

START  . . . . . . . . . . . . .  	L NEAR	0000	SEG_A
SUB_1  . . . . . . . . . . . . .  	N PROC	0090	SEG_A	Length = 002C
SUB_2  . . . . . . . . . . . . .  	N PROC	00BC	SEG_A	Length = 000B
SUB_3  . . . . . . . . . . . . .  	N PROC	04A0	SEG_A	Length = 001E
SUB_4  . . . . . . . . . . . . .  	N PROC	05B6	SEG_A	Length = 000D
SUB_5  . . . . . . . . . . . . .  	N PROC	05C3	SEG_A	Length = 0025
SUB_6  . . . . . . . . . . . . .  	N PROC	0648	SEG_A	Length = 0058
SUB_7  . . . . . . . . . . . . .  	N PROC	070C	SEG_A	Length = 003D

TARGET . . . . . . . . . . . . .  	Number	4D34	

_215PUREZ  . . . . . . . . . . .  	F PROC	0000	SEG_A	Length = 0090


   1122 Source  Lines
   1237 Total   Lines
    125 Symbols

  46194 Bytes symbol space free

      0 Warning Errors
      0 Severe  Errors
