Microsoft (R) Macro Assembler  Version 4.00                 3/29/26 15:16:30

                                                            Page     1-1
                                                            

                                 
                                PAGE  59,132 
                                 
                                ;€€€€€€€€€€€€€€€€€€€€€€€€€€€€€€€€€€€€€€€€€€€€€€€€€€€€€€€€€€€€€€€€€€€€€€€€€€ 
                                ;€€					                                 €€ 
                                ;€€				_216CNGJO                                €€ 
                                ;€€					                                 €€ 
                                ;€€      Created:   29-Mar-26		                                 €€ 
                                ;€€      Code type: zero start		                                 €€ 
                                ;€€      Passes:    9          Analysis	Options on: none                 €€ 
                                ;€€					                                 €€ 
                                ;€€€€€€€€€€€€€€€€€€€€€€€€€€€€€€€€€€€€€€€€€€€€€€€€€€€€€€€€€€€€€€€€€€€€€€€€€€ 
                                 
 = 4D34                         target		EQU   'M4'                      ; Target assembler: MASM-4.0 
                                 
                             C  include  srmacros.inc 
                             C   
                             C  ; Macros which may be required for proper re-assembly 
                             C   
                             C  IF (target EQ 'M4') 
                             C  ;----------------------------------------------------------------------------- 
                             C  ;  MASM 4.0 does not allow retf and retn, allowed by current assemblers. 
                             C  ;  These marcos, convert RETF and RETN into data bytes that are acceptable 
                             C  ;  to MASM 4.0. 
                             C   
                             C   
                             C  retf            macro   ret_count               ; Fixup for Assembler 
                             C                  if      ret_count+0 GT 1 
                             C                  db      0CAh 
                             C                  dw      ret_count 
                             C                  else 
                             C                  db      0CBh 
                             C                  endif 
                             C  endm 
                             C   
                             C  retn            macro  ret_count 
                             C                  if     ret_count+0 GT 1 
                             C                  db     0C2h 
                             C                  dw     ret_count 
                             C                  else 
                             C                  db     0C3h 
                             C                  endif 
                             C  endm 
                             C   
                             C  ENDIF 
                             C   
                             C   
                             C  IF (target EQ 'M4') OR (target EQ 'M5')  
                             C  ;----------------------------------------------------------------------------- 
                             C  ; Due to a bug in earlier MASM assemblers, the valid instruction type  
                             C  ; "mov segreg, reg"  cannot be used, if the register is not AX.   
                             C  ; For example:  mov  es, bx 
                             C   
                             C  movseg          macro reg16, unused, Imm16      ; Fixup for Assembler 
                             C                  ifidn  <reg16>, <bx>             
Microsoft (R) Macro Assembler  Version 4.00                 3/29/26 15:16:30

                                                            Page     1-2
                                                            

                             C                  db     0BBh                      
                             C                  endif                            
                             C                  ifidn  <reg16>, <cx>             
                             C                  db     0B9h                      
                             C                  endif 
                             C                  ifidn  <reg16>, <dx> 
                             C                  db     0BAh 
                             C                  endif 
                             C                  ifidn  <reg16>, <si> 
                             C                  db     0BEh 
                             C                  endif 
                             C                  ifidn  <reg16>, <di> 
                             C                  db     0BFh 
                             C                  endif 
                             C                  ifidn  <reg16>, <bp> 
                             C                  db     0BDh 
                             C                  endif 
                             C                  ifidn  <reg16>, <sp> 
                             C                  db     0BCh 
                             C                  endif 
                             C                  ifidn  <reg16>, <BX> 
                             C                  db     0BBH 
                             C                  endif 
                             C                  ifidn  <reg16>, <CX> 
                             C                  db     0B9H 
                             C                  endif 
                             C                  ifidn  <reg16>, <DX> 
                             C                  db     0BAH 
                             C                  endif 
                             C                  ifidn  <reg16>, <SI> 
                             C                  db     0BEH 
                             C                  endif 
                             C                  ifidn  <reg16>, <DI> 
                             C                  db     0BFH 
                             C                  endif 
                             C                  ifidn  <reg16>, <BP> 
                             C                  db     0BDH 
                             C                  endif 
                             C                  ifidn  <reg16>, <SP> 
                             C                  db     0BCH 
                             C                  endif 
                             C                  dw     seg Imm16 
                             C  endm 
                             C   
                             C  ENDIF 
                             C   
                             C   
                             C  ENDIF 
                             C   
                             C   
                             C   
                             C  IFE (target EQ 'NO') 
                             C  ;----------------------------------------------------------------------------- 
                             C  ;  Some compilers and some assemblers will code a call that goes to a far 
                             C  ;  subroutine in the same segment as: 
Microsoft (R) Macro Assembler  Version 4.00                 3/29/26 15:16:30

                                                            Page     1-3
                                                            

                             C  ; 
                             C  ;               PUSH    CS 
                             C  ;               CALL    near 
                             C  ; 
                             C  ;  This saves one byte, and is slightly faster.  If the assembler you are 
                             C  ;  using (i.e. MASM, Optasm) does not do this automatically, the following 
                             C  ;  macros are used to code the same information.  In other words, the binary 
                             C  ;  file has "PUSH CS, CALL near", and Sourcer ensures the same instructions 
                             C  ;  are used!  (macro CALLF) 
                             C  ; 
                             C   
                             C  callf           macro   location 
                             C                  push    cs 
                             C                  call    near ptr location 
                             C  endm 
                             C   
                             C  ;  Some compilers generate an unnecessary DS override on the call instruction 
                             C  ;  when compacting the CALLF type function.  Macro CALLFX handles this case. 
                             C   
                             C  callfx          macro   location 
                             C                  push    cs 
                             C                  db      3Eh 
                             C                  call    near ptr location 
                             C  endm 
                             C   
                             C   
                             C  ;----------------------------------------------------------------------------- 
                             C  ;  Some compilers and some assemblers will code a near call that is the 
                             C  ;  selected assembler will convert to a short jump to save a byte.  This 
                             C  ;  reconstructs a near jump for these cases. 
                             C   
                             C  jmpn            macro   location 
                             C                  db      0E9h 
                             C                  dw      offset location-$-2 
                             C  endm 
                             C   
                             C  ENDIF 
                             C   
                                 
                                 
                                 
                                ; The following equates show data references outside the range of the program. 
                                 
 = 068E                         data_18e	equ	68Eh			;* 
 = 2000                         data_19e	equ	2000h			;* 
 = 2002                         data_20e	equ	2002h			;* 
 = 2008                         data_21e	equ	2008h			;* 
 = 2010                         data_22e	equ	2010h			;* 
 = 2012                         data_23e	equ	2012h			;* 
 = 2016                         data_24e	equ	2016h			;* 
 = 2018                         data_25e	equ	2018h			;* 
 = 2040                         data_26e	equ	2040h			;* 
 = 2044                         data_27e	equ	2044h			;* 
 = 3016                         data_28e	equ	3016h			;* 
 = 6004                         data_29e	equ	6004h			;* 
Microsoft (R) Macro Assembler  Version 4.00                 3/29/26 15:16:30

                                                            Page     1-4
                                                            

 = A080                         data_30e	equ	0A080h			;* 
 = A1CF                         data_31e	equ	0A1CFh			;* 
 = A505                         data_32e	equ	0A505h			;* 
 = FF1A                         data_33e	equ	0FF1Ah			;* 
 = FF2C                         data_34e	equ	0FF2Ch			;* 
 = FF4C                         data_35e	equ	0FF4Ch			;* 
 = FF4E                         data_36e	equ	0FF4Eh			;* 
 = FF4F                         data_37e	equ	0FF4Fh			;* 
 = FF50                         data_38e	equ	0FF50h			;* 
                                 
 0000                           seg_a		segment	byte public 
                                		assume	cs:seg_a, ds:seg_a 
                                 
                                 
 0000                           		org	0 
                                 
 0000                           _216CNGJO	proc	far 
                                 
 0000                           start: 
 0000  10 05                    		adc	[di],al 
 0002  00 00                    		add	[bx+si],al 
 0004  04 A0                    		add	al,0A0h 
 0006  2F                       		das				; Decimal adjust 
 0007  A2 068E                  		mov	ds:data_18e,al 
 000A  2C FF                    		sub	al,0FFh 
 000C  BF 8000                  		mov	di,8000h 
 000F  BE A2E1                  		mov	si,0A2E1h 
 0012  B0 02                    		mov	al,2 
 0014  2E: FF 16 010C           		call	word ptr cs:[10Ch] 
 0019  1E                       		push	ds 
 001A  2E: 8E 1E FF2C           		mov	ds,cs:data_34e 
 001F  BE 8000                  		mov	si,8000h 
 0022  B9 0100                  		mov	cx,100h 
 0025  2E: FF 16 2044           		call	word ptr cs:data_27e 
 002A  1F                       		pop	ds 
 002B  C6 06 FF4E 00            		mov	byte ptr ds:data_36e,0 
 0030  C6 06 FF4F 00            		mov	byte ptr ds:data_37e,0 
 0035  2E: FF 16 2002           		call	word ptr cs:data_20e 
 003A  2E: FF 16 2012           		call	word ptr cs:data_23e 
 003F  BE A2EB                  		mov	si,0A2EBh 
 0042  2E: FF 16 2010           		call	word ptr cs:data_22e 
 0047  E8 0063 R                		call	sub_1 
 004A  C7 06 FF4C A2F6          		mov	word ptr ds:data_35e,0A2F6h 
 0050                           loc_1: 
 0050  2E: FF 16 6004           		call	word ptr cs:data_29e 
 0055  3C FF                    		cmp	al,0FFh 
 0057  74 05                    		je	loc_2			; Jump if equal 
 0059  E8 0079 R                		call	sub_2 
 005C  EB F2                    		jmp	short loc_1 
 005E                           loc_2: 
 005E  2E: FF 26 2040           		jmp	word ptr cs:data_26e 
                                 
                                _216CNGJO	endp 
                                 
                                ;ﬂﬂﬂﬂﬂﬂﬂﬂﬂﬂﬂﬂﬂﬂﬂﬂﬂﬂﬂﬂﬂﬂﬂﬂﬂﬂﬂﬂﬂﬂﬂﬂﬂﬂﬂﬂﬂﬂﬂﬂﬂﬂﬂﬂﬂﬂﬂﬂﬂﬂﬂﬂﬂﬂﬂﬂﬂﬂﬂﬂﬂﬂﬂﬂﬂﬂﬂﬂﬂﬂﬂﬂﬂﬂ 
Microsoft (R) Macro Assembler  Version 4.00                 3/29/26 15:16:30

                                                            Page     1-5
                                                            

                                ;                              SUBROUTINE 
                                ;‹‹‹‹‹‹‹‹‹‹‹‹‹‹‹‹‹‹‹‹‹‹‹‹‹‹‹‹‹‹‹‹‹‹‹‹‹‹‹‹‹‹‹‹‹‹‹‹‹‹‹‹‹‹‹‹‹‹‹‹‹‹‹‹‹‹‹‹‹‹‹‹‹‹ 
                                 
 0063                           sub_1		proc	near 
 0063                           loc_3: 
 0063  E8 01AE R                		call	sub_6 
 0066  BB 0D60                  		mov	bx,0D60h 
 0069  B9 3637                  		mov	cx,3637h 
 006C  B0 FF                    		mov	al,0FFh 
 006E  2E: FF 16 2000           		call	word ptr cs:data_19e 
 0073  C6 06 A505 FF            		mov	byte ptr ds:data_32e,0FFh 
                                		retn 
 0078  C3                     1                 db     0C3h
                                sub_1		endp 
                                 
                                 
                                ;ﬂﬂﬂﬂﬂﬂﬂﬂﬂﬂﬂﬂﬂﬂﬂﬂﬂﬂﬂﬂﬂﬂﬂﬂﬂﬂﬂﬂﬂﬂﬂﬂﬂﬂﬂﬂﬂﬂﬂﬂﬂﬂﬂﬂﬂﬂﬂﬂﬂﬂﬂﬂﬂﬂﬂﬂﬂﬂﬂﬂﬂﬂﬂﬂﬂﬂﬂﬂﬂﬂﬂﬂﬂﬂ 
                                ;                              SUBROUTINE 
                                ;‹‹‹‹‹‹‹‹‹‹‹‹‹‹‹‹‹‹‹‹‹‹‹‹‹‹‹‹‹‹‹‹‹‹‹‹‹‹‹‹‹‹‹‹‹‹‹‹‹‹‹‹‹‹‹‹‹‹‹‹‹‹‹‹‹‹‹‹‹‹‹‹‹‹ 
                                 
 0079                           sub_2		proc	near 
 0079  8A D8                    		mov	bl,al 
 007B  32 FF                    		xor	bh,bh			; Zero register 
 007D  03 DB                    		add	bx,bx 
 007F  2E: FF A7 A080           		jmp	word ptr cs:data_30e[bx]	;* 
                                sub_2		endp 
                                 
 0084  8A                       		db	8Ah 
 0085  A0                       data_1		db	0A0h 
 0086  A0BE                     data_2		dw	0A0BEh 
 0088  14 A1 2A A1 5F A1        		db	 14h,0A1h, 2Ah,0A1h, 5Fh,0A1h 
 008E  8A 1E                    		db	 8Ah, 1Eh 
 0090  C006                     data_3		dw	0C006h 
 0092  FE CB 32 FF 03 DB        		db	0FEh,0CBh, 32h,0FFh, 03h,0DBh 
 0098  8B 97 D1 A2 89           		db	 8Bh, 97h,0D1h,0A2h, 89h 
 009D  16                       data_4		db	16h 
 009E  06 A5 8B C2 32 D2        		db	 06h,0A5h, 8Bh,0C2h, 32h,0D2h 
 00A4  BF 08 A5 2E FF 16        		db	0BFh, 08h,0A5h, 2Eh,0FFh, 16h 
 00AA  06                       		db	 06h 
 00AB  60                       data_5		db	60h 
 00AC  8B 36 4C FF 56 C7        		db	 8Bh, 36h, 4Ch,0FFh, 56h,0C7h 
 00B2  4C06                     data_6		dw	4C06h 
 00B4  FF                       data_7		db	0FFh 
 00B5  08 A5 2E FF 16 04        		db	 08h,0A5h, 2Eh,0FFh, 16h, 04h 
 00BB  60 5E 89 36 4C FF        		db	 60h, 5Eh, 89h, 36h, 4Ch,0FFh 
 00C1  C3 BB 2B 2F B9 19        		db	0C3h,0BBh, 2Bh, 2Fh,0B9h, 19h 
 00C7  0C B0 FF 2E FF 16        		db	 0Ch,0B0h,0FFh, 2Eh,0FFh, 16h 
 00CD  00 20 C7 06 54 FF        		db	 00h, 20h,0C7h, 06h, 54h,0FFh 
 00D3  2E 30 2E FF 16 08        		db	 2Eh, 30h, 2Eh,0FFh, 16h, 08h 
 00D9  60 9C BB 2B 2F B9        		db	 60h, 9Ch,0BBh, 2Bh, 2Fh,0B9h 
 00DF  19 0C 32 C0 2E FF        		db	 19h, 0Ch, 32h,0C0h, 2Eh,0FFh 
 00E5  16 00 20 9D C7 06        		db	 16h, 00h, 20h, 9Dh,0C7h, 06h 
 00EB  4C FF BD A3 73 01        		db	 4Ch,0FFh,0BDh,0A3h, 73h, 01h 
 00F1  C3 A1 06 A5 32 D2        		db	0C3h,0A1h, 06h,0A5h, 32h,0D2h 
 00F7  2E FF 16 0A 60 C7        		db	 2Eh,0FFh, 16h, 0Ah, 60h,0C7h 
Microsoft (R) Macro Assembler  Version 4.00                 3/29/26 15:16:30

                                                            Page     1-6
                                                            

 00FD  06 4C FF 1A A4 73        		db	 06h, 4Ch,0FFh, 1Ah,0A4h, 73h 
 0103  01 C3                    		db	 01h,0C3h 
 0105                           loc_4: 
 0105  88 16 0085 R             		mov	data_1,dl 
 0109  A3 0086 R                		mov	data_2,ax 
 010C  2E: FF 16 2016           		call	word ptr cs:data_24e 
 0111  C7 06 FF4C A483          		mov	word ptr ds:data_35e,0A483h 
                                		retn 
 0117  C3                     1                 db     0C3h
 0118  C6 06                    		db	0C6h, 06h 
 011A  A505                     data_8		dw	0A505h 
 011C  00 32 C0                 		db	 00h, 32h,0C0h 
 011F                           loc_5: 
 011F  50                       		push	ax 
 0120  E8 0183 R                		call	sub_5 
 0123  E8 0173 R                		call	sub_4 
 0126  58                       		pop	ax 
 0127  FE C0                    		inc	al 
 0129  3C 04                    		cmp	al,4 
 012B  75 F2                    		jne	loc_5			; Jump if not equal 
                                		retn 
 012D  C3                     1                 db     0C3h
                                			                        ;* No entry point to code 
 012E  E8 0163 R                		call	sub_3 
 0131  2E: FF 16 2040           		call	word ptr cs:data_26e 
 0136  E8 0163 R                		call	sub_3 
 0139  E8 0163 R                		call	sub_3 
 013C  A1 00B2 R                		mov	ax,data_6 
 013F  A3 0090 R                		mov	data_3,ax 
 0142  2E: FF 16 2008           		call	word ptr cs:data_21e 
 0147  0E                       		push	cs 
 0148  07                       		pop	es 
 0149  BE 00B4 R                		mov	si,offset data_7 
 014C  BF 00AB R                		mov	di,offset data_5 
 014F  B9 0007                  		mov	cx,7 
 0152  F3/ A4                   		rep	movsb			; Rep when cx >0 Mov [si] to es:[di] 
 0154  F6 06 009D R FF          		test	data_4,0FFh 
 0159  74 05                    		jz	loc_6			; Jump if zero 
 015B  2E: FF 16 2018           		call	word ptr cs:data_25e 
 0160                           loc_6: 
 0160  E9 0063 R                		jmp	loc_3 
                                 
                                ;ﬂﬂﬂﬂﬂﬂﬂﬂﬂﬂﬂﬂﬂﬂﬂﬂﬂﬂﬂﬂﬂﬂﬂﬂﬂﬂﬂﬂﬂﬂﬂﬂﬂﬂﬂﬂﬂﬂﬂﬂﬂﬂﬂﬂﬂﬂﬂﬂﬂﬂﬂﬂﬂﬂﬂﬂﬂﬂﬂﬂﬂﬂﬂﬂﬂﬂﬂﬂﬂﬂﬂﬂﬂﬂ 
                                ;                              SUBROUTINE 
                                ;‹‹‹‹‹‹‹‹‹‹‹‹‹‹‹‹‹‹‹‹‹‹‹‹‹‹‹‹‹‹‹‹‹‹‹‹‹‹‹‹‹‹‹‹‹‹‹‹‹‹‹‹‹‹‹‹‹‹‹‹‹‹‹‹‹‹‹‹‹‹‹‹‹‹ 
                                 
 0163                           sub_3		proc	near 
 0163  C6 06 FF1A 00            		mov	byte ptr ds:data_33e,0 
 0168                           loc_7: 
 0168  E8 0233 R                		call	sub_7 
 016B  80 3E FF1A 96            		cmp	byte ptr ds:data_33e,96h 
 0170  72 F6                    		jb	loc_7			; Jump if below 
                                		retn 
 0172  C3                     1                 db     0C3h
                                sub_3		endp 
Microsoft (R) Macro Assembler  Version 4.00                 3/29/26 15:16:30

                                                            Page     1-7
                                                            

                                 
                                 
                                ;ﬂﬂﬂﬂﬂﬂﬂﬂﬂﬂﬂﬂﬂﬂﬂﬂﬂﬂﬂﬂﬂﬂﬂﬂﬂﬂﬂﬂﬂﬂﬂﬂﬂﬂﬂﬂﬂﬂﬂﬂﬂﬂﬂﬂﬂﬂﬂﬂﬂﬂﬂﬂﬂﬂﬂﬂﬂﬂﬂﬂﬂﬂﬂﬂﬂﬂﬂﬂﬂﬂﬂﬂﬂﬂ 
                                ;                              SUBROUTINE 
                                ;‹‹‹‹‹‹‹‹‹‹‹‹‹‹‹‹‹‹‹‹‹‹‹‹‹‹‹‹‹‹‹‹‹‹‹‹‹‹‹‹‹‹‹‹‹‹‹‹‹‹‹‹‹‹‹‹‹‹‹‹‹‹‹‹‹‹‹‹‹‹‹‹‹‹ 
                                 
 0173                           sub_4		proc	near 
 0173  C6 06 FF1A 00            		mov	byte ptr ds:data_33e,0 
 0178                           loc_8: 
 0178  E8 0233 R                		call	sub_7 
 017B  80 3E FF1A 32            		cmp	byte ptr ds:data_33e,32h	; '2' 
 0180  72 F6                    		jb	loc_8			; Jump if below 
                                		retn 
 0182  C3                     1                 db     0C3h
                                sub_4		endp 
                                 
                                 
                                ;ﬂﬂﬂﬂﬂﬂﬂﬂﬂﬂﬂﬂﬂﬂﬂﬂﬂﬂﬂﬂﬂﬂﬂﬂﬂﬂﬂﬂﬂﬂﬂﬂﬂﬂﬂﬂﬂﬂﬂﬂﬂﬂﬂﬂﬂﬂﬂﬂﬂﬂﬂﬂﬂﬂﬂﬂﬂﬂﬂﬂﬂﬂﬂﬂﬂﬂﬂﬂﬂﬂﬂﬂﬂﬂ 
                                ;                              SUBROUTINE 
                                ;‹‹‹‹‹‹‹‹‹‹‹‹‹‹‹‹‹‹‹‹‹‹‹‹‹‹‹‹‹‹‹‹‹‹‹‹‹‹‹‹‹‹‹‹‹‹‹‹‹‹‹‹‹‹‹‹‹‹‹‹‹‹‹‹‹‹‹‹‹‹‹‹‹‹ 
                                 
 0183                           sub_5		proc	near 
 0183  B1 14                    		mov	cl,14h 
 0185  F6 E1                    		mul	cl			; ax = reg * al 
 0187  05 A281                  		add	ax,0A281h 
 018A  8B F0                    		mov	si,ax 
 018C  BB 0827                  		mov	bx,827h 
 018F  B9 0004                  		mov	cx,4 
                                 
 0192                           locloop_9: 
 0192  51                       		push	cx 
 0193  B9 0005                  		mov	cx,5 
                                 
 0196                           locloop_10: 
 0196  51                       		push	cx 
 0197  53                       		push	bx 
 0198  AC                       		lodsb				; String [si] to al 
 0199  2E: FF 16 3016           		call	word ptr cs:data_28e 
 019E  5B                       		pop	bx 
 019F  FE C7                    		inc	bh 
 01A1  59                       		pop	cx 
 01A2  E2 F2                    		loop	locloop_10		; Loop if cx > 0 
                                 
 01A4  80 EF 05                 		sub	bh,5 
 01A7  80 C3 08                 		add	bl,8 
 01AA  59                       		pop	cx 
 01AB  E2 E5                    		loop	locloop_9		; Loop if cx > 0 
                                 
                                		retn 
 01AD  C3                     1                 db     0C3h
                                sub_5		endp 
                                 
                                 
                                ;ﬂﬂﬂﬂﬂﬂﬂﬂﬂﬂﬂﬂﬂﬂﬂﬂﬂﬂﬂﬂﬂﬂﬂﬂﬂﬂﬂﬂﬂﬂﬂﬂﬂﬂﬂﬂﬂﬂﬂﬂﬂﬂﬂﬂﬂﬂﬂﬂﬂﬂﬂﬂﬂﬂﬂﬂﬂﬂﬂﬂﬂﬂﬂﬂﬂﬂﬂﬂﬂﬂﬂﬂﬂﬂ 
                                ;                              SUBROUTINE 
Microsoft (R) Macro Assembler  Version 4.00                 3/29/26 15:16:30

                                                            Page     1-8
                                                            

                                ;‹‹‹‹‹‹‹‹‹‹‹‹‹‹‹‹‹‹‹‹‹‹‹‹‹‹‹‹‹‹‹‹‹‹‹‹‹‹‹‹‹‹‹‹‹‹‹‹‹‹‹‹‹‹‹‹‹‹‹‹‹‹‹‹‹‹‹‹‹‹‹‹‹‹ 
                                 
 01AE                           sub_6		proc	near 
 01AE  BE A1CF                  		mov	si,data_31e 
 01B1  BB 0717                  		mov	bx,717h 
 01B4  B9 0008                  		mov	cx,8 
                                 
 01B7                           locloop_11: 
 01B7  51                       		push	cx 
 01B8  B9 000C                  		mov	cx,0Ch 
                                 
 01BB                           locloop_12: 
 01BB  51                       		push	cx 
 01BC  53                       		push	bx 
 01BD  AC                       		lodsb				; String [si] to al 
 01BE  2E: FF 16 3016           		call	word ptr cs:data_28e 
 01C3  5B                       		pop	bx 
 01C4  FE C7                    		inc	bh 
 01C6  59                       		pop	cx 
 01C7  E2 F2                    		loop	locloop_12		; Loop if cx > 0 
                                 
 01C9  80 EF 0C                 		sub	bh,0Ch 
 01CC  80 C3 08                 		add	bl,8 
 01CF  59                       		pop	cx 
 01D0  E2 E5                    		loop	locloop_11		; Loop if cx > 0 
                                 
                                		retn 
 01D2  C3                     1                 db     0C3h
                                sub_6		endp 
                                 
 01D3  00 01 02 03 04 05        		db	 00h, 01h, 02h, 03h, 04h, 05h 
 01D9  06 07 08 09 0A 0B        		db	 06h, 07h, 08h, 09h, 0Ah, 0Bh 
 01DF  0C 0D 0E 0F 10 11        		db	 0Ch, 0Dh, 0Eh, 0Fh, 10h, 11h 
 01E5  12 13 14 15 16 17        		db	 12h, 13h, 14h, 15h, 16h, 17h 
 01EB  18 19 1A 1B 10 1C        		db	 18h, 19h, 1Ah, 1Bh, 10h, 1Ch 
 01F1  1D 1E 1F 20 21 22        		db	 1Dh, 1Eh, 1Fh, 20h, 21h, 22h 
 01F7  23 24 25 26 10           		db	 23h, 24h, 25h, 26h, 10h 
 01FC  27                       		db	27h 
 01FD  28 29 2A 2B 2C 2D 2E     		db	'()*+,-./0123456789:;<=>?@ABCDEFG' 
       2F 30 31 32 33 34 35     
       36 37 38 39 3A 3B 3C     
       3D 3E 3F 40 41 42 43     
       44 45 46 47              
 021D  48 49 4A 4B 4C 4D 4E     		db	'HIJKLMNOPQRSTUVWXYZ[\]' 
       4F 50 51 52 53 54 55     
       56 57 58 59 5A 5B 5C     
       5D                       
                                 
                                ;ﬂﬂﬂﬂﬂﬂﬂﬂﬂﬂﬂﬂﬂﬂﬂﬂﬂﬂﬂﬂﬂﬂﬂﬂﬂﬂﬂﬂﬂﬂﬂﬂﬂﬂﬂﬂﬂﬂﬂﬂﬂﬂﬂﬂﬂﬂﬂﬂﬂﬂﬂﬂﬂﬂﬂﬂﬂﬂﬂﬂﬂﬂﬂﬂﬂﬂﬂﬂﬂﬂﬂﬂﬂﬂ 
                                ;                              SUBROUTINE 
                                ;‹‹‹‹‹‹‹‹‹‹‹‹‹‹‹‹‹‹‹‹‹‹‹‹‹‹‹‹‹‹‹‹‹‹‹‹‹‹‹‹‹‹‹‹‹‹‹‹‹‹‹‹‹‹‹‹‹‹‹‹‹‹‹‹‹‹‹‹‹‹‹‹‹‹ 
                                 
 0233                           sub_7		proc	near 
 0233  F6 06 A505 FF            		test	byte ptr ds:data_32e,0FFh 
 0238  75 01                    		jnz	loc_13			; Jump if not zero 
Microsoft (R) Macro Assembler  Version 4.00                 3/29/26 15:16:30

                                                            Page     1-9
                                                            

                                		retn 
 023A  C3                     1                 db     0C3h
 023B                           loc_13: 
 023B  83 3E FF50 28            		cmp	word ptr ds:data_38e,28h 
 0240  73 01                    		jae	loc_14			; Jump if above or = 
                                		retn 
 0242  C3                     1                 db     0C3h
 0243                           loc_14: 
 0243  C7 06 FF50 0000          		mov	word ptr ds:data_38e,0 
 0249  2E: FF 16 011A R         		call	word ptr cs:data_8 
 024E  24 01                    		and	al,1 
 0250  02 C0                    		add	al,al 
 0252  02 C0                    		add	al,al 
 0254  32 E4                    		xor	ah,ah			; Zero register 
 0256  05 A279                  		add	ax,0A279h 
 0259  8B F0                    		mov	si,ax 
 025B  BB 0827                  		mov	bx,827h 
 025E  B9 0002                  		mov	cx,2 
                                 
 0261                           locloop_15: 
 0261  51                       		push	cx 
 0262  B9 0002                  		mov	cx,2 
                                 
 0265                           locloop_16: 
 0265  51                       		push	cx 
 0266  53                       		push	bx 
 0267  AC                       		lodsb				; String [si] to al 
 0268  2E: FF 16 3016           		call	word ptr cs:data_28e 
 026D  5B                       		pop	bx 
 026E  FE C7                    		inc	bh 
 0270  59                       		pop	cx 
 0271  E2 F2                    		loop	locloop_16		; Loop if cx > 0 
                                 
 0273  80 EF 02                 		sub	bh,2 
 0276  80 C3 08                 		add	bl,8 
 0279  59                       		pop	cx 
 027A  E2 E5                    		loop	locloop_15		; Loop if cx > 0 
                                 
                                		retn 
 027C  C3                     1                 db     0C3h
                                sub_7		endp 
                                 
                                			                        ;* No entry point to code 
 027D  19 1A                    		sbb	[bp+si],bx 
 027F  24 25                    		and	al,25h			; '%' 
 0281  5E                       		pop	si 
 0282  5F                       		pop	di 
 0283  24 60                    		and	al,60h			; '`' 
 0285  19 1A                    		sbb	[bp+si],bx 
 0287  1B 10                    		sbb	dx,[bx+si] 
 0289  1C 24                    		sbb	al,24h			; '$' 
 028B  25 1026                  		and	ax,1026h 
 028E  27                       		daa				; Decimal adjust 
 028F  2F                       		das				; Decimal adjust 
 0290  30 31                    		xor	[bx+di],dh 
Microsoft (R) Macro Assembler  Version 4.00                 3/29/26 15:16:30

                                                            Page     1-10
                                                            

 0292  32 33                    		xor	dh,[bp+di] 
 0294  3B 3C                    		cmp	di,[si] 
 0296  3D 3F3E                  		cmp	ax,3F3Eh 
 0299  19 1A                    		sbb	[bp+si],bx 
 029B  1B 10                    		sbb	dx,[bx+si] 
 029D  1C 24                    		sbb	al,24h			; '$' 
 029F  25 1026                  		and	ax,1026h 
 02A2  27                       		daa				; Decimal adjust 
 02A3  2F                       		das				; Decimal adjust 
 02A4  30 31                    		xor	[bx+di],dh 
 02A6  32 33                    		xor	dh,[bp+di] 
 02A8  3B 3C                    		cmp	di,[si] 
 02AA  3D 3F3E                  		cmp	ax,3F3Eh 
 02AD  19 1A                    		sbb	[bp+si],bx 
 02AF  1B 10                    		sbb	dx,[bx+si] 
 02B1  1C 24                    		sbb	al,24h			; '$' 
 02B3  61 62 10                 		db	 61h, 62h, 10h 
 02B6  27 2F 63 64 32 33 3B     		db	27h, '/cd23;ef>?' 
       65 66 3E 3F              
 02C1  19 1A 1B 10 1C           		db	 19h, 1Ah, 1Bh, 10h, 1Ch 
 02C6  24                       		db	'$' 
 02C7  25 26 67 68 2F 69 6A     		db	'%&gh/ijkl;mno?' 
       6B 6C 3B 6D 6E 6F 3F     
                                
 02D5  00 00 1E 00 32 00        		db	 00h, 00h, 1Eh, 00h, 32h, 00h 
 02DB  46 00 64 00 96 00        		db	 46h, 00h, 64h, 00h, 96h, 00h 
 02E1  C8 00 90 01 01 19        		db	0C8h, 00h, 90h, 01h, 01h, 19h 
 02E7  49 4E 4E 2E 47 52        		db	 49h, 4Eh, 4Eh, 2Eh, 47h, 52h 
 02ED  50 00 19 AF 00 07        		db	 50h, 00h, 19h,0AFh, 00h, 07h 
 02F3  54 68 65 20 49 6E 6E     		db	'The Inn', 0Ch, 'Welcome, sir!/Yo' 
       0C 57 65 6C 63 6F 6D     
       65 2C 20 73 69 72 21     
       2F 59 6F                 
 030B  75 20 6C 6F 6F 6B 20     		db	'u look like you\ve come a long w' 
       6C 69 6B 65 20 79 6F     
       75 5C 76 65 20 63 6F     
       6D 65 20 61 20 6C 6F     
       6E 67 20 77              
 032B  61 79 2E 2F 4F 6E 65     		db	'ay./One night of rest in my inn ' 
       20 6E 69 67 68 74 20     
       6F 66 20 72 65 73 74     
       20 69 6E 20 6D 79 20     
       69 6E 6E 20              
 034B  69 73 20 61 6C 6C 20     		db	'is all you need to recover your ' 
       79 6F 75 20 6E 65 65     
       64 20 74 6F 20 72 65     
       63 6F 76 65 72 20 79     
       6F 75 72 20              
 036B  73 74 72 65 6E 67 74     		db	'strength. You can have the best ' 
       68 2E 20 59 6F 75 20     
       63 61 6E 20 68 61 76     
       65 20 74 68 65 20 62     
       65 73 74 20              
 038B  72 6F 6F 6D 20 69 6E     		db	'room in the house for only ' 
       20 74 68 65 20 68 6F     
Microsoft (R) Macro Assembler  Version 4.00                 3/29/26 15:16:30

                                                            Page     1-11
                                                            

       75 73 65 20 66 6F 72     
       20 6F 6E 6C 79 20        
 03A6  FF 00                    		db	0FFh, 00h 
 03A8  26 67 6F 6C 64 73 2E     		db	'&golds. Will you stay? ' 
       20 57 69 6C 6C 20 79     
       6F 75 20 73 74 61 79     
       3F 20                    
 03BF  FF 01 0C                 		db	0FFh, 01h, 0Ch 
 03C2  4F 68 2C 20 49 5C 6D     		db	'Oh, I\m sorry to hear that./Well' 
       20 73 6F 72 72 79 20     
       74 6F 20 68 65 61 72     
       20 74 68 61 74 2E 2F     
       57 65 6C 6C              
 03E2  2C 20 69 66 20 79 6F     		db	', if you should ever need a' 
       75 20 73 68 6F 75 6C     
       64 20 65 76 65 72 20     
       6E 65 65 64 20 61        
 03FD  20 70 6C 61 63 65 20     		db	' place to rest, do come back. ' 
       74 6F 20 72 65 73 74     
       2C 20 64 6F 20 63 6F     
       6D 65 20 62 61 63 6B     
       2E 20                    
 041B  11 FF FF 0C              		db	 11h,0FFh,0FFh, 0Ch 
 041F  49 5C 6D 20 73 6F 72     		db	'I\m sorry sir, b' 
       72 79 20 73 69 72 2C     
       20 62                    
 042F  75 74 20 49 20 63 61     		db	'ut I can\t accommodate you witho' 
       6E 5C 74 20 61 63 63     
       6F 6D 6D 6F 64 61 74     
       65 20 79 6F 75 20 77     
       69 74 68 6F              
 044F  75 74 20 66 75 6E 64     		db	'ut funds./' 
       73 2E 2F                 
 0459  FF 04                    		db	0FFh, 04h 
 045B  50 6C 65 61 73 65 20     		db	'Please come back when you can af' 
       63 6F 6D 65 20 62 61     
       63 6B 20 77 68 65 6E     
       20 79 6F 75 20 63 61     
       6E 20 61 66              
 047B  66 6F 72 64              		db	'ford' 
 047F  20 69 74 2E 20 11        		db	 20h, 69h, 74h, 2Eh, 20h, 11h 
 0485  FF FF                    		db	0FFh,0FFh 
 0487  0C                       		db	0Ch 
 0488  54 68 61 6E 6B 20 79     		db	'Thank you, sir. Enjoy your stay.' 
       6F 75 2C 20 73 69 72     
       2E 20 45 6E 6A 6F 79     
       20 79 6F 75 72 20 73     
       74 61 79 2E              
 04A8  20                       		db	' ' 
 04A9  FF 02 FF 04 FF 03        		db	0FFh, 02h,0FFh, 04h,0FFh, 03h 
 04AF  0C FF 04                 		db	 0Ch,0FFh, 04h 
 04B2  49                       		db	49h 
 04B3  20 74 72 75 73 74 20     		db	' trust you had a good night\s sl' 
       79 6F 75 20 68 61 64     
       20 61 20 67 6F 6F 64     
Microsoft (R) Macro Assembler  Version 4.00                 3/29/26 15:16:30

                                                            Page     1-12
                                                            

       20 6E 69 67 68 74 5C     
       73 20 73 6C              
 04D3  65 65 70 2E 20 57 65     		db	'eep. We\ll be looking forward to' 
       5C 6C 6C 20 62 65 20     
       6C 6F 6F 6B 69 6E 67     
       20 66 6F 72 77 61 72     
       64 20 74 6F              
 04F3  20 73 65 65 69 6E 67     		db	' seeing you again./' 
       20 79 6F 75 20 61 67     
       61 69 6E 2E 2F           
 0506  11 FF FF 00              		db	 11h,0FFh,0FFh, 00h 
 050A  000A[                    		db	10 dup (0) 
            00                  
                         ]      
                                
                                 
 0514                           seg_a		ends 
                                 
                                 
                                 
                                		end	start 

Microsoft (R) Macro Assembler  Version 4.00                 3/29/26 15:16:30

                                                            Symbols-1
                                                             

Macros:

		N a m e			Lines

CALLF  . . . . . . . . . . . . .  	   2
CALLFX . . . . . . . . . . . . .  	   3
JMPN . . . . . . . . . . . . . .  	   2
MOVSEG . . . . . . . . . . . . .  	  43
RETF . . . . . . . . . . . . . .  	   6
RETN . . . . . . . . . . . . . .  	   6

Segments and Groups:

                N a m e         	Size	Align	Combine Class

SEG_A  . . . . . . . . . . . . .  	0514	BYTE	PUBLIC	

Symbols:            

                N a m e         	Type	Value	Attr         

DATA_1 . . . . . . . . . . . . .  	L BYTE 	0085	SEG_A
DATA_18E . . . . . . . . . . . .  	Number	068E	
DATA_19E . . . . . . . . . . . .  	Number	2000	
DATA_2 . . . . . . . . . . . . .  	L WORD 	0086	SEG_A
DATA_20E . . . . . . . . . . . .  	Number	2002	
DATA_21E . . . . . . . . . . . .  	Number	2008	
DATA_22E . . . . . . . . . . . .  	Number	2010	
DATA_23E . . . . . . . . . . . .  	Number	2012	
DATA_24E . . . . . . . . . . . .  	Number	2016	
DATA_25E . . . . . . . . . . . .  	Number	2018	
DATA_26E . . . . . . . . . . . .  	Number	2040	
DATA_27E . . . . . . . . . . . .  	Number	2044	
DATA_28E . . . . . . . . . . . .  	Number	3016	
DATA_29E . . . . . . . . . . . .  	Number	6004	
DATA_3 . . . . . . . . . . . . .  	L WORD 	0090	SEG_A
DATA_30E . . . . . . . . . . . .  	Number	A080	
DATA_31E . . . . . . . . . . . .  	Number	A1CF	
DATA_32E . . . . . . . . . . . .  	Number	A505	
DATA_33E . . . . . . . . . . . .  	Number	FF1A	
DATA_34E . . . . . . . . . . . .  	Number	FF2C	
DATA_35E . . . . . . . . . . . .  	Number	FF4C	
DATA_36E . . . . . . . . . . . .  	Number	FF4E	
DATA_37E . . . . . . . . . . . .  	Number	FF4F	
DATA_38E . . . . . . . . . . . .  	Number	FF50	
DATA_4 . . . . . . . . . . . . .  	L BYTE 	009D	SEG_A
DATA_5 . . . . . . . . . . . . .  	L BYTE 	00AB	SEG_A
DATA_6 . . . . . . . . . . . . .  	L WORD 	00B2	SEG_A
DATA_7 . . . . . . . . . . . . .  	L BYTE 	00B4	SEG_A
DATA_8 . . . . . . . . . . . . .  	L WORD 	011A	SEG_A

LOCLOOP_10 . . . . . . . . . . .  	L NEAR	0196	SEG_A
LOCLOOP_11 . . . . . . . . . . .  	L NEAR	01B7	SEG_A
LOCLOOP_12 . . . . . . . . . . .  	L NEAR	01BB	SEG_A
LOCLOOP_15 . . . . . . . . . . .  	L NEAR	0261	SEG_A
Microsoft (R) Macro Assembler  Version 4.00                 3/29/26 15:16:30

                                                            Symbols-2
                                                             

LOCLOOP_16 . . . . . . . . . . .  	L NEAR	0265	SEG_A
LOCLOOP_9  . . . . . . . . . . .  	L NEAR	0192	SEG_A
LOC_1  . . . . . . . . . . . . .  	L NEAR	0050	SEG_A
LOC_13 . . . . . . . . . . . . .  	L NEAR	023B	SEG_A
LOC_14 . . . . . . . . . . . . .  	L NEAR	0243	SEG_A
LOC_2  . . . . . . . . . . . . .  	L NEAR	005E	SEG_A
LOC_3  . . . . . . . . . . . . .  	L NEAR	0063	SEG_A
LOC_4  . . . . . . . . . . . . .  	L NEAR	0105	SEG_A
LOC_5  . . . . . . . . . . . . .  	L NEAR	011F	SEG_A
LOC_6  . . . . . . . . . . . . .  	L NEAR	0160	SEG_A
LOC_7  . . . . . . . . . . . . .  	L NEAR	0168	SEG_A
LOC_8  . . . . . . . . . . . . .  	L NEAR	0178	SEG_A

START  . . . . . . . . . . . . .  	L NEAR	0000	SEG_A
SUB_1  . . . . . . . . . . . . .  	N PROC	0063	SEG_A	Length = 0016
SUB_2  . . . . . . . . . . . . .  	N PROC	0079	SEG_A	Length = 000B
SUB_3  . . . . . . . . . . . . .  	N PROC	0163	SEG_A	Length = 0010
SUB_4  . . . . . . . . . . . . .  	N PROC	0173	SEG_A	Length = 0010
SUB_5  . . . . . . . . . . . . .  	N PROC	0183	SEG_A	Length = 002B
SUB_6  . . . . . . . . . . . . .  	N PROC	01AE	SEG_A	Length = 0025
SUB_7  . . . . . . . . . . . . .  	N PROC	0233	SEG_A	Length = 004A

TARGET . . . . . . . . . . . . .  	Number	4D34	

_216CNGJO  . . . . . . . . . . .  	F PROC	0000	SEG_A	Length = 0063


    557 Source  Lines
    618 Total   Lines
     83 Symbols

  48202 Bytes symbol space free

      0 Warning Errors
      0 Severe  Errors
