Microsoft (R) Macro Assembler  Version 4.00                 3/29/26 15:16:39

                                                            Page     1-1
                                                            

                                 
                                PAGE  59,132 
                                 
                                ;лллллллллллллллллллллллллллллллллллллллллллллллллллллллллллллллллллллллллл 
                                ;лл					                                 лл 
                                ;лл				_236CMAP                                 лл 
                                ;лл					                                 лл 
                                ;лл      Created:   29-Mar-26		                                 лл 
                                ;лл      Code type: zero start		                                 лл 
                                ;лл      Passes:    9          Analysis	Options on: none                 лл 
                                ;лл					                                 лл 
                                ;лллллллллллллллллллллллллллллллллллллллллллллллллллллллллллллллллллллллллл 
                                 
 = 4D34                         target		EQU   'M4'                      ; Target assembler: MASM-4.0 
                                 
                             C  include  srmacros.inc 
                             C   
                             C  ; Macros which may be required for proper re-assembly 
                             C   
                             C  IF (target EQ 'M4') 
                             C  ;----------------------------------------------------------------------------- 
                             C  ;  MASM 4.0 does not allow retf and retn, allowed by current assemblers. 
                             C  ;  These marcos, convert RETF and RETN into data bytes that are acceptable 
                             C  ;  to MASM 4.0. 
                             C   
                             C   
                             C  retf            macro   ret_count               ; Fixup for Assembler 
                             C                  if      ret_count+0 GT 1 
                             C                  db      0CAh 
                             C                  dw      ret_count 
                             C                  else 
                             C                  db      0CBh 
                             C                  endif 
                             C  endm 
                             C   
                             C  retn            macro  ret_count 
                             C                  if     ret_count+0 GT 1 
                             C                  db     0C2h 
                             C                  dw     ret_count 
                             C                  else 
                             C                  db     0C3h 
                             C                  endif 
                             C  endm 
                             C   
                             C  ENDIF 
                             C   
                             C   
                             C  IF (target EQ 'M4') OR (target EQ 'M5')  
                             C  ;----------------------------------------------------------------------------- 
                             C  ; Due to a bug in earlier MASM assemblers, the valid instruction type  
                             C  ; "mov segreg, reg"  cannot be used, if the register is not AX.   
                             C  ; For example:  mov  es, bx 
                             C   
                             C  movseg          macro reg16, unused, Imm16      ; Fixup for Assembler 
                             C                  ifidn  <reg16>, <bx>             
Microsoft (R) Macro Assembler  Version 4.00                 3/29/26 15:16:39

                                                            Page     1-2
                                                            

                             C                  db     0BBh                      
                             C                  endif                            
                             C                  ifidn  <reg16>, <cx>             
                             C                  db     0B9h                      
                             C                  endif 
                             C                  ifidn  <reg16>, <dx> 
                             C                  db     0BAh 
                             C                  endif 
                             C                  ifidn  <reg16>, <si> 
                             C                  db     0BEh 
                             C                  endif 
                             C                  ifidn  <reg16>, <di> 
                             C                  db     0BFh 
                             C                  endif 
                             C                  ifidn  <reg16>, <bp> 
                             C                  db     0BDh 
                             C                  endif 
                             C                  ifidn  <reg16>, <sp> 
                             C                  db     0BCh 
                             C                  endif 
                             C                  ifidn  <reg16>, <BX> 
                             C                  db     0BBH 
                             C                  endif 
                             C                  ifidn  <reg16>, <CX> 
                             C                  db     0B9H 
                             C                  endif 
                             C                  ifidn  <reg16>, <DX> 
                             C                  db     0BAH 
                             C                  endif 
                             C                  ifidn  <reg16>, <SI> 
                             C                  db     0BEH 
                             C                  endif 
                             C                  ifidn  <reg16>, <DI> 
                             C                  db     0BFH 
                             C                  endif 
                             C                  ifidn  <reg16>, <BP> 
                             C                  db     0BDH 
                             C                  endif 
                             C                  ifidn  <reg16>, <SP> 
                             C                  db     0BCH 
                             C                  endif 
                             C                  dw     seg Imm16 
                             C  endm 
                             C   
                             C  ENDIF 
                             C   
                             C   
                             C  ENDIF 
                             C   
                             C   
                             C   
                             C  IFE (target EQ 'NO') 
                             C  ;----------------------------------------------------------------------------- 
                             C  ;  Some compilers and some assemblers will code a call that goes to a far 
                             C  ;  subroutine in the same segment as: 
Microsoft (R) Macro Assembler  Version 4.00                 3/29/26 15:16:39

                                                            Page     1-3
                                                            

                             C  ; 
                             C  ;               PUSH    CS 
                             C  ;               CALL    near 
                             C  ; 
                             C  ;  This saves one byte, and is slightly faster.  If the assembler you are 
                             C  ;  using (i.e. MASM, Optasm) does not do this automatically, the following 
                             C  ;  macros are used to code the same information.  In other words, the binary 
                             C  ;  file has "PUSH CS, CALL near", and Sourcer ensures the same instructions 
                             C  ;  are used!  (macro CALLF) 
                             C  ; 
                             C   
                             C  callf           macro   location 
                             C                  push    cs 
                             C                  call    near ptr location 
                             C  endm 
                             C   
                             C  ;  Some compilers generate an unnecessary DS override on the call instruction 
                             C  ;  when compacting the CALLF type function.  Macro CALLFX handles this case. 
                             C   
                             C  callfx          macro   location 
                             C                  push    cs 
                             C                  db      3Eh 
                             C                  call    near ptr location 
                             C  endm 
                             C   
                             C   
                             C  ;----------------------------------------------------------------------------- 
                             C  ;  Some compilers and some assemblers will code a near call that is the 
                             C  ;  selected assembler will convert to a short jump to save a byte.  This 
                             C  ;  reconstructs a near jump for these cases. 
                             C   
                             C  jmpn            macro   location 
                             C                  db      0E9h 
                             C                  dw      offset location-$-2 
                             C  endm 
                             C   
                             C  ENDIF 
                             C   
                                 
                                 
                                 
                                ; The following equates show data references outside the range of the program. 
                                 
 = 72C3                         data_17e	equ	72C3h			;* 
                                 
 0000                           seg_a		segment	byte public 
                                		assume	cs:seg_a, ds:seg_a 
                                 
                                 
 0000                           		org	0 
                                 
 0000                           _236CMAP	proc	far 
                                 
 0000                           start: 
 0000  BE 0008                  		mov	si,8 
Microsoft (R) Macro Assembler  Version 4.00                 3/29/26 15:16:39

                                                            Page     1-4
                                                            

 0003  00 AB 72C3               		add	ss:data_17e[bp+di],ch 
 0007  00 B0 01C3 R             		add	data_4[bx+si],dh 
                                ;*		mov	bl,0CAh 
 000B  C6 C3 CA                 		db	0C6h,0C3h,0CAh		;  Fixup - byte match 
                                		retn 
 000E  C3                     1                 db     0C3h
 000F  00 00 F6 C3 9C C8        		db	 00h, 00h,0F6h,0C3h, 9Ch,0C8h 
 0015  A7 C3 22 00 D2 C3        		db	0A7h,0C3h, 22h, 00h,0D2h,0C3h 
 001B  001A[                    		db	26 dup (0) 
            00                  
                         ]      
                                
 0035  3C 3D 3D 3D 3D 3D 55     		db	'<=====UX\ldeimVZ]aeflnWZ^bfgkoTX' 
       58 5C 6C 64 65 69 6D     
       56 5A 5D 61 65 66 6C     
       6E 57 5A 5E 62 66 67     
       6B 6F 54 58              
 0055  5C 60 64 64 69 6D 55     		db	'\`ddimUY]alejmVZ^bfglnW[_cghioVX' 
       59 5D 61 6C 65 6A 6D     
       56 5A 5E 62 66 67 6C     
       6E 57 5B 5F 63 67 68     
       69 6F 56 58              
 0075  58 5E 5C 60 69 6D 56     		db	'X^\`imVY\_]aooVZ_`ddim', 0 
       59 5C 5F 5D 61 6F 6F     
       56 5A 5F 60 64 64 69     
       6D 00                    
 008C  57 59 62 63 65 6C 6E     		db	'WYbceln', 0 
       00                       
 0094  56 5A 64 67 69 6D 6F     		db	'VZdgimo', 0 
       00                       
 009C  55 60 63 65 67 6C 6D     		db	'U`ceglm', 0 
       00                       
 00A4  3F 42 60 64 64 68 6D     		db	'?B`ddhm' 
                                
 00AB  00 00 46 49 60 49        		db	 00h, 00h, 46h, 49h, 60h, 49h 
 00B1  51 53 00 00 00 00        		db	 51h, 53h, 00h, 00h, 00h, 00h 
 00B7  4D 4A                    		db	 4Dh, 4Ah 
 00B9  000B[                    		db	11 dup (0) 
            00                  
                         ]      
                                
 00C4  38 06 00 00 00 00        		db	 38h, 06h, 00h, 00h, 00h, 00h 
 00CA  00 00 39 07 13 13        		db	 00h, 00h, 39h, 07h, 13h, 13h 
 00D0  13 13 13 02 3A 08        		db	 13h, 13h, 13h, 02h, 3Ah, 08h 
 00D6  14 14 14 14 14 00        		db	 14h, 14h, 14h, 14h, 14h, 00h 
 00DC  3B 09 00 0E 32 34        		db	 3Bh, 09h, 00h, 0Eh, 32h, 34h 
 00E2  36 00 00 00 0D 0E        		db	 36h, 00h, 00h, 00h, 0Dh, 0Eh 
 00E8  33 35 37 00 00 00        		db	 33h, 35h, 37h, 00h, 00h, 00h 
 00EE  0E 11 33 34 36 00        		db	 0Eh, 11h, 33h, 34h, 36h, 00h 
 00F4  00 02 0E 17 33 34        		db	 00h, 02h, 0Eh, 17h, 33h, 34h 
 00FA  37 00 00 00 0F 15        		db	 37h, 00h, 00h, 00h, 0Fh, 15h 
 0100  33 34 36 00 00 38        		db	 33h, 34h, 36h, 00h, 00h, 38h 
 0106  00 0E 33 34 37 00        		db	 00h, 0Eh, 33h, 34h, 37h, 00h 
 010C  00 39 0A 11 33 34        		db	 00h, 39h, 0Ah, 11h, 33h, 34h 
 0112  36 00 02 3A 0B 11        		db	 36h, 00h, 02h, 3Ah, 0Bh, 11h 
Microsoft (R) Macro Assembler  Version 4.00                 3/29/26 15:16:39

                                                            Page     1-5
                                                            

 0118  32 34 37 00 00 39        		db	 32h, 34h, 37h, 00h, 00h, 39h 
 011E  0B 11 32 34 36 00        		db	 0Bh, 11h, 32h, 34h, 36h, 00h 
 0124  00 3A 0B 17 32 34        		db	 00h, 3Ah, 0Bh, 17h, 32h, 34h 
 012A  37 00 00 3A 0B 11        		db	 37h, 00h, 00h, 3Ah, 0Bh, 11h 
 0130  32 35 36 00 00 3A        		db	 32h, 35h, 36h, 00h, 00h, 3Ah 
 0136  0B 11 33 35 37 00        		db	 0Bh, 11h, 33h, 35h, 37h, 00h 
 013C  00 3A 0B 17 33 35        		db	 00h, 3Ah, 0Bh, 17h, 33h, 35h 
 0142  36 00 02 39 0B 11        		db	 36h, 00h, 02h, 39h, 0Bh, 11h 
 0148  33 35 37 00 00 39        		db	 33h, 35h, 37h, 00h, 00h, 39h 
 014E  0B 17 33 35 36 00        		db	 0Bh, 17h, 33h, 35h, 36h, 00h 
 0154  00 3A 0B 11 33 34        		db	 00h, 3Ah, 0Bh, 11h, 33h, 34h 
 015A  37 00 00 3A 0B 11        		db	 37h, 00h, 00h, 3Ah, 0Bh, 11h 
 0160  32 34 36 00 00 39        		db	 32h, 34h, 36h, 00h, 00h, 39h 
 0166  0B 17 32 34 37 00        		db	 0Bh, 17h, 32h, 34h, 37h, 00h 
 016C  00 3A 0B 11 33 34        		db	 00h, 3Ah, 0Bh, 11h, 33h, 34h 
 0172  36 00 02 39 0C 11        		db	 36h, 00h, 02h, 39h, 0Ch, 11h 
 0178  33 34 37 00 00 3B        		db	 33h, 34h, 37h, 00h, 00h, 3Bh 
 017E  00 15 33 35 36 00        		db	 00h, 15h, 33h, 35h, 36h, 00h 
 0184  38 00 00 0E 33 35        		db	 38h, 00h, 00h, 0Eh, 33h, 35h 
 018A  37 00 39 0A 10 17        		db	 37h, 00h, 39h, 0Ah, 10h, 17h 
 0190  33 35 36 02 3A 0B        		db	 33h, 35h, 36h, 02h, 3Ah, 0Bh 
 0196  11 18 18 18 19 00        		db	 11h, 18h, 18h, 18h, 19h, 00h 
 019C  3A 0B 11 18 18 18        		db	 3Ah, 0Bh, 11h, 18h, 18h, 18h 
 01A2  19 00 3A 0B 11 18        		db	 19h, 00h, 3Ah, 0Bh, 11h, 18h 
 01A8  18 18 19 00 39 0B        		db	 18h, 18h, 19h, 00h, 39h, 0Bh 
 01AE  11 1B 20 26 2C 00        		db	 11h, 1Bh, 20h, 26h, 2Ch, 00h 
 01B4  39 0B 11 1C 21 27        		db	 39h, 0Bh, 11h, 1Ch, 21h, 27h 
 01BA  2D 00 3A 0B 11 1D        		db	 2Dh, 00h, 3Ah, 0Bh, 11h, 1Dh 
 01C0  22 28 2E                 		db	 22h, 28h, 2Eh 
 01C3  02                       data_4		db	2			; Data table (indexed access) 
 01C4  3A 0B 11 1D 23 29        		db	 3Ah, 0Bh, 11h, 1Dh, 23h, 29h 
 01CA  2F 00 3A 0B 11 1E        		db	 2Fh, 00h, 3Ah, 0Bh, 11h, 1Eh 
 01D0  24 2A 30 00 39 0B        		db	 24h, 2Ah, 30h, 00h, 39h, 0Bh 
 01D6  11 1F 25 2B 31 00        		db	 11h, 1Fh, 25h, 2Bh, 31h, 00h 
 01DC  3A 0B 11 18 18 18        		db	 3Ah, 0Bh, 11h, 18h, 18h, 18h 
 01E2  1A 00 3A 0B 11 18        		db	 1Ah, 00h, 3Ah, 0Bh, 11h, 18h 
 01E8  18 18 1A 00 39 0B        		db	 18h, 18h, 1Ah, 00h, 39h, 0Bh 
 01EE  11 18 18 18 1A 02        		db	 11h, 18h, 18h, 18h, 1Ah, 02h 
 01F4  39 0C 12 16 01 01        		db	 39h, 0Ch, 12h, 16h, 01h, 01h 
 01FA  01 00 3B 00 00 0E        		db	 01h, 00h, 3Bh, 00h, 00h, 0Eh 
 0200  32 33 36 00 00 38        		db	 32h, 33h, 36h, 00h, 00h, 38h 
 0206  00 0E 33 35 37 00        		db	 00h, 0Eh, 33h, 35h, 37h, 00h 
 020C  00 3A 0A 11 33 35        		db	 00h, 3Ah, 0Ah, 11h, 33h, 35h 
 0212  36 00 02 3A 0B 17        		db	 36h, 00h, 02h, 3Ah, 0Bh, 17h 
 0218  33 35 37 00 00 39        		db	 33h, 35h, 37h, 00h, 00h, 39h 
 021E  0B 11 33 35 36 00        		db	 0Bh, 11h, 33h, 35h, 36h, 00h 
 0224  00 3A 0B 17 33 35        		db	 00h, 3Ah, 0Bh, 17h, 33h, 35h 
 022A  37 00 00 39 0B 11        		db	 37h, 00h, 00h, 39h, 0Bh, 11h 
 0230  33 35 36 00 00 39        		db	 33h, 35h, 36h, 00h, 00h, 39h 
 0236  0B 17 33 35 37 00        		db	 0Bh, 17h, 33h, 35h, 37h, 00h 
 023C  00 39 0B 11 33 35        		db	 00h, 39h, 0Bh, 11h, 33h, 35h 
 0242  36 00 02 3A 0B 17        		db	 36h, 00h, 02h, 3Ah, 0Bh, 17h 
 0248  33 35 37 00 00 3A        		db	 33h, 35h, 37h, 00h, 00h, 3Ah 
 024E  0B 11 33 35 36 00        		db	 0Bh, 11h, 33h, 35h, 36h, 00h 
 0254  00 39 0B 11 33 35        		db	 00h, 39h, 0Bh, 11h, 33h, 35h 
Microsoft (R) Macro Assembler  Version 4.00                 3/29/26 15:16:39

                                                            Page     1-6
                                                            

 025A  37 00 00 3A 0B 11        		db	 37h, 00h, 00h, 3Ah, 0Bh, 11h 
 0260  33 35 36 00 00 39        		db	 33h, 35h, 36h, 00h, 00h, 39h 
 0266  0B 11 33 35 37 00        		db	 0Bh, 11h, 33h, 35h, 37h, 00h 
 026C  00 3A 0B 11 33 35        		db	 00h, 3Ah, 0Bh, 11h, 33h, 35h 
 0272  36 00 02 3A 0C 11        		db	 36h, 00h, 02h, 3Ah, 0Ch, 11h 
 0278  33 35 37 00 00 3B        		db	 33h, 35h, 37h, 00h, 00h, 3Bh 
 027E  00 0E 33 35 36 00        		db	 00h, 0Eh, 33h, 35h, 36h, 00h 
 0284  00 00 0D 15 33 35        		db	 00h, 00h, 0Dh, 15h, 33h, 35h 
 028A  37 00 00 00 0E 11        		db	 37h, 00h, 00h, 00h, 0Eh, 11h 
 0290  33 35 36 00 00 02        		db	 33h, 35h, 36h, 00h, 00h, 02h 
 0296  15 11 32 34 37 00        		db	 15h, 11h, 32h, 34h, 37h, 00h 
 029C  00 00 0F 15 32 34        		db	 00h, 00h, 0Fh, 15h, 32h, 34h 
 02A2  36 00 38 06 00 0E        		db	 36h, 00h, 38h, 06h, 00h, 0Eh 
 02A8  32 34 37 00 39 07        		db	 32h, 34h, 37h, 00h, 39h, 07h 
 02AE  13 13 13 13 13 02        		db	 13h, 13h, 13h, 13h, 13h, 02h 
 02B4  3A 08 14 14 14 14        		db	 3Ah, 08h, 14h, 14h, 14h, 14h 
 02BA  14 00 3B 09 00 00        		db	 14h, 00h, 3Bh, 09h, 00h, 00h 
 02C0  00 00 00 00              		db	 00h, 00h, 00h, 00h 
 02C4  40 43                    		db	 40h, 43h 
 02C6  47 4B 4E 4F 00           		db	'GKNO', 0 
 02CB  3E 41 44 48 4C 4C 50     		db	'>ADHLLPRTX\``eimUY]aaflmVZ^bbgkm' 
       52 54 58 5C 60 60 65     
       69 6D 55 59 5D 61 61     
       66 6C 6D 56 5A 5E 62     
       62 67 6B 6D              
 02EB  57 5B 5F 63 63 66 69     		db	'W[_ccfimTX^`dfi' 
       6D 54 58 5E 60 64 66     
       69                       
 02FA  95 55 59 5D 81 85        		db	 95h, 55h, 59h, 5Dh, 81h, 85h 
 0300  86 87 99 56 5A 71        		db	 86h, 87h, 99h, 56h, 5Ah, 71h 
 0306  82 64 68 6C 96 54        		db	 82h, 64h, 68h, 6Ch, 96h, 54h 
 030C  71 79 81 01 88 8F        		db	 71h, 79h, 81h, 01h, 88h, 8Fh 
 0312  97 55 72 7A 82 01        		db	 97h, 55h, 72h, 7Ah, 82h, 01h 
 0318  89 90 98 56 73 7B        		db	 89h, 90h, 98h, 56h, 73h, 7Bh 
 031E  81 01 8A 91 99 57        		db	 81h, 01h, 8Ah, 91h, 99h, 57h 
 0324  74 7C 82 01 8B 92        		db	 74h, 7Ch, 82h, 01h, 8Bh, 92h 
 032A  99 54 75 7D 83 85        		db	 99h, 54h, 75h, 7Dh, 83h, 85h 
 0330  86 87 9A 55 76 7E        		db	 86h, 87h, 9Ah, 55h, 76h, 7Eh 
 0336  84 01 8C 93 9B 56        		db	 84h, 01h, 8Ch, 93h, 9Bh, 56h 
 033C  77 7F 83 01 8D 8D        		db	 77h, 7Fh, 83h, 01h, 8Dh, 8Dh 
 0342  9B 54 78 80 84 01        		db	 9Bh, 54h, 78h, 80h, 84h, 01h 
 0348  8E 94 9B 55 59 78        		db	 8Eh, 94h, 9Bh, 55h, 59h, 78h 
 034E  83 64 64 69 9B 56        		db	 83h, 64h, 64h, 69h, 9Bh, 56h 
 0354  5A 5C 84 85 86 87        		db	 5Ah, 5Ch, 84h, 85h, 86h, 87h 
 035A  9B 57 5B 5D 60 63        		db	 9Bh, 57h, 5Bh, 5Dh, 60h, 63h 
 0360  68 6C 9C                 		db	 68h, 6Ch, 9Ch 
 0363  54 5C 5C 60 64 69 69     		db	'T\\`diimUY]adgimVZ^behkmW[_cfcln' 
       6D 55 59 5D 61 64 67     
       69 6D 56 5A 5E 62 65     
       68 6B 6D 57 5B 5F 63     
       66 63 6C 6E              
 0383  54 58 5C 60              		db	'TX\`' 
 0387  60 63 69 6D              		db	 60h, 63h, 69h, 6Dh 
 038B  0020[                    		db	32 dup (0) 
            00                  
Microsoft (R) Macro Assembler  Version 4.00                 3/29/26 15:16:39

                                                            Page     1-7
                                                            

                         ]      
                                
 03AB  33 00 6D 00 00 00        		db	 33h, 00h, 6Dh, 00h, 00h, 00h 
 03B1  FF 00 00 16 AF 00        		db	0FFh, 00h, 00h, 16h,0AFh, 00h 
 03B7  12                       		db	 12h 
 03B8  46 65 6C 69 73 68 69     		db	'Felishika\s Castle' 
       6B 61 5C 73 20 43 61     
       73 74 6C 65              
 03CA  00 01 00 01 5F 00        		db	 00h, 01h, 00h, 01h, 5Fh, 00h 
 03D0  01 34 00 00 FF FF        		db	 01h, 34h, 00h, 00h,0FFh,0FFh 
 03D6  49 00 FF 0F C0 94        		db	 49h, 00h,0FFh, 0Fh,0C0h, 94h 
 03DC  10 C0 C8 8E C3 3D        		db	 10h,0C0h,0C8h, 8Eh,0C3h, 3Dh 
 03E2  A3 C8 06 AB C8 07        		db	0A3h,0C8h, 06h,0ABh,0C8h, 07h 
 03E8  B3 C8 08 BB C8 09        		db	0B3h,0C8h, 08h,0BBh,0C8h, 09h 
 03EE  FF FF 04 00 FF 9B        		db	0FFh,0FFh, 04h, 00h,0FFh, 9Bh 
 03F4  C8 05 FF FF FF FF        		db	0C8h, 05h,0FFh,0FFh,0FFh,0FFh 
 03FA  0A C4 AC C4 53 C5        		db	 0Ah,0C4h,0ACh,0C4h, 53h,0C5h 
 0400  C3 C5 2C C6 C4 C6        		db	0C3h,0C5h, 2Ch,0C6h,0C4h,0C6h 
 0406  E1 C6 52 C7 AB C7        		db	0E1h,0C6h, 52h,0C7h,0ABh,0C7h 
 040C  1F C8                    		db	 1Fh,0C8h 
 040E  49 66 20 79 6F 75 20     		db	'If you are the brave warrior we ' 
       61 72 65 20 74 68 65     
       20 62 72 61 76 65 20     
       77 61 72 72 69 6F 72     
       20 77 65 20              
 042E  68 61 76 65 20 61 77     		db	'have awaited, we have something ' 
       61 69 74 65 64 2C 20     
       77 65 20 68 61 76 65     
       20 73 6F 6D 65 74 68     
       69 6E 67 20              
 044E  74 6F 20 74 65 6C 6C     		db	'to tell you: throughout the ages' 
       20 79 6F 75 3A 20 74     
       68 72 6F 75 67 68 6F     
       75 74 20 74 68 65 20     
       61 67 65 73              
 046E  2C 20 6D 61 6E 79 20     		db	', many young men have entered th' 
       79 6F 75 6E 67 20 6D     
       65 6E 20 68 61 76 65     
       20 65 6E 74 65 72 65     
       64 20 74 68              
 048E  65 20 63 61 76 65 72     		db	'e caverns, but few have returned' 
       6E 73 2C 20 62 75 74     
       20 66 65 77 20 68 61     
       76 65 20 72 65 74 75     
       72 6E 65 64              
 04AE  2E                       		db	'.' 
 04AF  FF 41 63                 		db	0FFh, 41h, 63h 
 04B2  63 6F 72 64 69 6E 67     		db	'cording to legend, there may sti' 
       20 74 6F 20 6C 65 67     
       65 6E 64 2C 20 74 68     
       65 72 65 20 6D 61 79     
       20 73 74 69              
 04D2  6C 6C 20 62 65 20 75     		db	'll be underground places that ha' 
       6E 64 65 72 67 72 6F     
       75 6E 64 20 70 6C 61     
Microsoft (R) Macro Assembler  Version 4.00                 3/29/26 15:16:39

                                                            Page     1-8
                                                            

       63 65 73 20 74 68 61     
       74 20 68 61              
 04F2  76 65 20 6E 6F 74 20     		db	've not been destroyed by Jashiin' 
       62 65 65 6E 20 64 65     
       73 74 72 6F 79 65 64     
       20 62 79 20 4A 61 73     
       68 69 69 6E              
 0512  2E 20 50 65 6F 70 6C     		db	'. People may still be living the' 
       65 20 6D 61 79 20 73     
       74 69 6C 6C 20 62 65     
       20 6C 69 76 69 6E 67     
       20 74 68 65              
 0532  72 65 2C 20 61 6E 64     		db	're, and will surely lend you a h' 
       20 77 69 6C 6C 20 73     
       75 72 65 6C 79 20 6C     
       65 6E 64 20 79 6F 75     
       20 61 20 68              
 0552  61 6E 64 2E              		db	'and.' 
 0556  FF 49 20                 		db	0FFh, 49h, 20h 
 0559  68 61 76 65 20 62 65     		db	'have been in the underground tow' 
       65 6E 20 69 6E 20 74     
       68 65 20 75 6E 64 65     
       72 67 72 6F 75 6E 64     
       20 74 6F 77              
 0579  6E 2E 20 41 66 74 65     		db	'n. After I fled, they put a lock' 
       72 20 49 20 66 6C 65     
       64 2C 20 74 68 65 79     
       20 70 75 74 20 61 20     
       6C 6F 63 6B              
 0599  20 6F 6E 20 74 68 65     		db	' on the door. If the town is sti' 
       20 64 6F 6F 72 2E 20     
       49 66 20 74 68 65 20     
       74 6F 77 6E 20 69 73     
       20 73 74 69              
 05B9  6C 6C 20 74 68 65 72     		db	'll there.... ' 
       65 2E 2E 2E 2E 20        
 05C6  FF 54 68                 		db	0FFh, 54h, 68h 
 05C9  69 73 20 69 73 20 74     		db	'is is the chamber of poor Prince' 
       68 65 20 63 68 61 6D     
       62 65 72 20 6F 66 20     
       70 6F 6F 72 20 50 72     
       69 6E 63 65              
 05E9  73 73 20 46 65 6C 69     		db	'ss Felicia, who has been turned ' 
       63 69 61 2C 20 77 68     
       6F 20 68 61 73 20 62     
       65 65 6E 20 74 75 72     
       6E 65 64 20              
 0609  74 6F 20 73 74 6F 6E     		db	'to stone. You may enter, Duke Ga' 
       65 2E 20 59 6F 75 20     
       6D 61 79 20 65 6E 74     
       65 72 2C 20 44 75 6B     
       65 20 47 61              
 0629  72 6C 61 6E 64 2E        		db	'rland.' 
 062F  FF 42 72                 		db	0FFh, 42h, 72h 
 0632  61 76 65 20 6B 6E 69     		db	'ave knight, you have awakened. W' 
Microsoft (R) Macro Assembler  Version 4.00                 3/29/26 15:16:39

                                                            Page     1-9
                                                            

       67 68 74 2C 20 79 6F     
       75 20 68 61 76 65 20     
       61 77 61 6B 65 6E 65     
       64 2E 20 57              
 0652  68 65 6E 20 79 6F 75     		db	'hen you fell at the hand of Jash' 
       20 66 65 6C 6C 20 61     
       74 20 74 68 65 20 68     
       61 6E 64 20 6F 66 20     
       4A 61 73 68              
 0672  69 69 6E 2C 20 74 68     		db	'iin, the Spirits brought you her' 
       65 20 53 70 69 72 69     
       74 73 20 62 72 6F 75     
       67 68 74 20 79 6F 75     
       20 68 65 72              
 0692  65 2E 20 4E 6F 77 20     		db	'e. Now make haste to the aid of ' 
       6D 61 6B 65 20 68 61     
       73 74 65 20 74 6F 20     
       74 68 65 20 61 69 64     
       20 6F 66 20              
 06B2  74 68 65 20 50 72 69     		db	'the Princess Felicia.' 
       6E 63 65 73 73 20 46     
       65 6C 69 63 69 61 2E     
                                
 06C7  FF                       		db	0FFh 
 06C8  51 75 69 63 6B 6C 79     		db	'Quickly, go to the Princess!' 
       2C 20 67 6F 20 74 6F     
       20 74 68 65 20 50 72     
       69 6E 63 65 73 73 21     
                                
 06E4  FF                       		db	0FFh 
 06E5  41 68 2C 20 74 68 65     		db	'Ah, the Nine Tears of Esmesanti.' 
       20 4E 69 6E 65 20 54     
       65 61 72 73 20 6F 66     
       20 45 73 6D 65 73 61     
       6E 74 69 2E              
 0705  20 4A 61 73 68 69 69     		db	' Jashiin exists no more and the ' 
       6E 20 65 78 69 73 74     
       73 20 6E 6F 20 6D 6F     
       72 65 20 61 6E 64 20     
       74 68 65 20              
 0725  6C 69 67 68 74 20 6F     		db	'light of peace shines once again' 
       66 20 70 65 61 63 65     
       20 73 68 69 6E 65 73     
       20 6F 6E 63 65 20 61     
       67 61 69 6E              
 0745  20 6F 6E 20 6F 75 72     		db	' on our land... ' 
       20 6C 61 6E 64 2E 2E     
       2E 20                    
 0755  FF 54 68                 		db	0FFh, 54h, 68h 
 0758  69 73 20 77 69 6C 6C     		db	'is will benefit the people livin' 
       20 62 65 6E 65 66 69     
       74 20 74 68 65 20 70     
       65 6F 70 6C 65 20 6C     
       69 76 69 6E              
 0778  67 20 75 6E 64 65 72     		db	'g underground, as well. Hurry to' 
Microsoft (R) Macro Assembler  Version 4.00                 3/29/26 15:16:39

                                                            Page     1-10
                                                            

       67 72 6F 75 6E 64 2C     
       20 61 73 20 77 65 6C     
       6C 2E 20 48 75 72 72     
       79 20 74 6F              
 0798  20 74 68 65 20 50 72     		db	' the Princess Felicia.' 
       69 6E 63 65 73 73 20     
       46 65 6C 69 63 69 61     
       2E                       
 07AE  FF 54 68                 		db	0FFh, 54h, 68h 
 07B1  65 20 70 65 61 63 65     		db	'e peace we dared not hope for ha' 
       20 77 65 20 64 61 72     
       65 64 20 6E 6F 74 20     
       68 6F 70 65 20 66 6F     
       72 20 68 61              
 07D1  73 20 63 6F 6D 65 2E     		db	's come. I\ll get my things toget' 
       20 49 5C 6C 6C 20 67     
       65 74 20 6D 79 20 74     
       68 69 6E 67 73 20 74     
       6F 67 65 74              
 07F1  68 65 72 20 61 6E 64     		db	'her and be on my way. I\ve a fam' 
       20 62 65 20 6F 6E 20     
       6D 79 20 77 61 79 2E     
       20 49 5C 76 65 20 61     
       20 66 61 6D              
 0811  69 6C 79 20 74 6F 20     		db	'ily to attend to.' 
       61 74 74 65 6E 64 20     
       74 6F 2E                 
 0822  FF 51 75                 		db	0FFh, 51h, 75h 
 0825  69 63 6B 6C 79 2C 20     		db	'ickly, enter this chamber. The h' 
       65 6E 74 65 72 20 74     
       68 69 73 20 63 68 61     
       6D 62 65 72 2E 20 54     
       68 65 20 68              
 0845  6F 6C 79 20 63 72 79     		db	'oly crystals will break the evil' 
       73 74 61 6C 73 20 77     
       69 6C 6C 20 62 72 65     
       61 6B 20 74 68 65 20     
       65 76 69 6C              
 0865  20 73 70 65 6C 6C 20     		db	' spell which has turned Princess' 
       77 68 69 63 68 20 68     
       61 73 20 74 75 72 6E     
       65 64 20 50 72 69 6E     
       63 65 73 73              
 0885  20 46 65 6C 69 63 69     		db	' Felicia to stone.' 
       61 20 74 6F 20 73 74     
       6F 6E 65 2E              
 0897  FF 24 00 82 00 03        		db	0FFh, 24h, 00h, 82h, 00h, 03h 
 089D  03 80 04 30 00 81        		db	 03h, 80h, 04h, 30h, 00h, 81h 
 08A3  18 00 00 00 00 38        		db	 18h, 00h, 00h, 00h, 00h, 38h 
 08A9  00 81 18 00 00 00        		db	 00h, 81h, 18h, 00h, 00h, 00h 
 08AF  01 54 00 80 00 01        		db	 01h, 54h, 00h, 80h, 00h, 01h 
 08B5  03 00 02 5C 00 81        		db	 03h, 00h, 02h, 5Ch, 00h, 81h 
 08BB  18 00 00 00 03 FF        		db	 18h, 00h, 00h, 00h, 03h,0FFh 
 08C1  FF                       		db	0FFh 
                                 
Microsoft (R) Macro Assembler  Version 4.00                 3/29/26 15:16:39

                                                            Page     1-11
                                                            

                                _236CMAP	endp 
                                 
 08C2                           seg_a		ends 
                                 
                                 
                                 
                                		end	start 

Microsoft (R) Macro Assembler  Version 4.00                 3/29/26 15:16:39

                                                            Symbols-1
                                                             

Macros:

		N a m e			Lines

CALLF  . . . . . . . . . . . . .  	   2
CALLFX . . . . . . . . . . . . .  	   3
JMPN . . . . . . . . . . . . . .  	   2
MOVSEG . . . . . . . . . . . . .  	  43
RETF . . . . . . . . . . . . . .  	   6
RETN . . . . . . . . . . . . . .  	   6

Segments and Groups:

                N a m e         	Size	Align	Combine Class

SEG_A  . . . . . . . . . . . . .  	08C2	BYTE	PUBLIC	

Symbols:            

                N a m e         	Type	Value	Attr         

DATA_17E . . . . . . . . . . . .  	Number	72C3	
DATA_4 . . . . . . . . . . . . .  	L BYTE 	01C3	SEG_A

START  . . . . . . . . . . . . .  	L NEAR	0000	SEG_A

TARGET . . . . . . . . . . . . .  	Number	4D34	

_236CMAP . . . . . . . . . . . .  	F PROC	0000	SEG_A	Length = 08C2


    394 Source  Lines
    401 Total   Lines
     33 Symbols

  49156 Bytes symbol space free

      0 Warning Errors
      0 Severe  Errors
