Microsoft (R) Macro Assembler  Version 4.00                 3/29/26 15:16:41

                                                            Page     1-1
                                                            

                                 
                                PAGE  59,132 
                                 
                                ;лллллллллллллллллллллллллллллллллллллллллллллллллллллллллллллллллллллллллл 
                                ;лл					                                 лл 
                                ;лл				_238STMP                                 лл 
                                ;лл					                                 лл 
                                ;лл      Created:   29-Mar-26		                                 лл 
                                ;лл      Code type: zero start		                                 лл 
                                ;лл      Passes:    9          Analysis	Options on: none                 лл 
                                ;лл					                                 лл 
                                ;лллллллллллллллллллллллллллллллллллллллллллллллллллллллллллллллллллллллллл 
                                 
 = 4D34                         target		EQU   'M4'                      ; Target assembler: MASM-4.0 
                                 
                             C  include  srmacros.inc 
                             C   
                             C  ; Macros which may be required for proper re-assembly 
                             C   
                             C  IF (target EQ 'M4') 
                             C  ;----------------------------------------------------------------------------- 
                             C  ;  MASM 4.0 does not allow retf and retn, allowed by current assemblers. 
                             C  ;  These marcos, convert RETF and RETN into data bytes that are acceptable 
                             C  ;  to MASM 4.0. 
                             C   
                             C   
                             C  retf            macro   ret_count               ; Fixup for Assembler 
                             C                  if      ret_count+0 GT 1 
                             C                  db      0CAh 
                             C                  dw      ret_count 
                             C                  else 
                             C                  db      0CBh 
                             C                  endif 
                             C  endm 
                             C   
                             C  retn            macro  ret_count 
                             C                  if     ret_count+0 GT 1 
                             C                  db     0C2h 
                             C                  dw     ret_count 
                             C                  else 
                             C                  db     0C3h 
                             C                  endif 
                             C  endm 
                             C   
                             C  ENDIF 
                             C   
                             C   
                             C  IF (target EQ 'M4') OR (target EQ 'M5')  
                             C  ;----------------------------------------------------------------------------- 
                             C  ; Due to a bug in earlier MASM assemblers, the valid instruction type  
                             C  ; "mov segreg, reg"  cannot be used, if the register is not AX.   
                             C  ; For example:  mov  es, bx 
                             C   
                             C  movseg          macro reg16, unused, Imm16      ; Fixup for Assembler 
                             C                  ifidn  <reg16>, <bx>             
Microsoft (R) Macro Assembler  Version 4.00                 3/29/26 15:16:41

                                                            Page     1-2
                                                            

                             C                  db     0BBh                      
                             C                  endif                            
                             C                  ifidn  <reg16>, <cx>             
                             C                  db     0B9h                      
                             C                  endif 
                             C                  ifidn  <reg16>, <dx> 
                             C                  db     0BAh 
                             C                  endif 
                             C                  ifidn  <reg16>, <si> 
                             C                  db     0BEh 
                             C                  endif 
                             C                  ifidn  <reg16>, <di> 
                             C                  db     0BFh 
                             C                  endif 
                             C                  ifidn  <reg16>, <bp> 
                             C                  db     0BDh 
                             C                  endif 
                             C                  ifidn  <reg16>, <sp> 
                             C                  db     0BCh 
                             C                  endif 
                             C                  ifidn  <reg16>, <BX> 
                             C                  db     0BBH 
                             C                  endif 
                             C                  ifidn  <reg16>, <CX> 
                             C                  db     0B9H 
                             C                  endif 
                             C                  ifidn  <reg16>, <DX> 
                             C                  db     0BAH 
                             C                  endif 
                             C                  ifidn  <reg16>, <SI> 
                             C                  db     0BEH 
                             C                  endif 
                             C                  ifidn  <reg16>, <DI> 
                             C                  db     0BFH 
                             C                  endif 
                             C                  ifidn  <reg16>, <BP> 
                             C                  db     0BDH 
                             C                  endif 
                             C                  ifidn  <reg16>, <SP> 
                             C                  db     0BCH 
                             C                  endif 
                             C                  dw     seg Imm16 
                             C  endm 
                             C   
                             C  ENDIF 
                             C   
                             C   
                             C  ENDIF 
                             C   
                             C   
                             C   
                             C  IFE (target EQ 'NO') 
                             C  ;----------------------------------------------------------------------------- 
                             C  ;  Some compilers and some assemblers will code a call that goes to a far 
                             C  ;  subroutine in the same segment as: 
Microsoft (R) Macro Assembler  Version 4.00                 3/29/26 15:16:41

                                                            Page     1-3
                                                            

                             C  ; 
                             C  ;               PUSH    CS 
                             C  ;               CALL    near 
                             C  ; 
                             C  ;  This saves one byte, and is slightly faster.  If the assembler you are 
                             C  ;  using (i.e. MASM, Optasm) does not do this automatically, the following 
                             C  ;  macros are used to code the same information.  In other words, the binary 
                             C  ;  file has "PUSH CS, CALL near", and Sourcer ensures the same instructions 
                             C  ;  are used!  (macro CALLF) 
                             C  ; 
                             C   
                             C  callf           macro   location 
                             C                  push    cs 
                             C                  call    near ptr location 
                             C  endm 
                             C   
                             C  ;  Some compilers generate an unnecessary DS override on the call instruction 
                             C  ;  when compacting the CALLF type function.  Macro CALLFX handles this case. 
                             C   
                             C  callfx          macro   location 
                             C                  push    cs 
                             C                  db      3Eh 
                             C                  call    near ptr location 
                             C  endm 
                             C   
                             C   
                             C  ;----------------------------------------------------------------------------- 
                             C  ;  Some compilers and some assemblers will code a near call that is the 
                             C  ;  selected assembler will convert to a short jump to save a byte.  This 
                             C  ;  reconstructs a near jump for these cases. 
                             C   
                             C  jmpn            macro   location 
                             C                  db      0E9h 
                             C                  dw      offset location-$-2 
                             C  endm 
                             C   
                             C  ENDIF 
                             C   
                                 
                                 
                                 
 0000                           seg_a		segment	byte public 
                                		assume	cs:seg_a, ds:seg_a 
                                 
                                 
 0000                           		org	0 
                                 
 0000                           _238STMP	proc	far 
                                 
 0000                           start: 
 0000  AC                       		lodsb				; String [si] to al 
 0001  0C 00                    		or	al,0 
                                ;*		add	bl,dl 
 0003  00 D3                    		db	 00h,0D3h		;  Fixup - byte match 
 0005  C6 D7 00 D8 C6 02        		db	0C6h,0D7h, 00h,0D8h,0C6h, 02h 
Microsoft (R) Macro Assembler  Version 4.00                 3/29/26 15:16:41

                                                            Page     1-4
                                                            

 000B  E7 C6 EF C6 00 C7        		db	0E7h,0C6h,0EFh,0C6h, 00h,0C7h 
 0011  0C C7 72 CC CF C6        		db	 0Ch,0C7h, 72h,0CCh,0CFh,0C6h 
 0017  5C 00 0A C7 00 00        		db	 5Ch, 00h, 0Ah,0C7h, 00h, 00h 
 001D  00                       		db	 00h 
 001E  001D[                    		db	29 dup (0) 
            00                  
                         ]      
                                
 003B  89 8D 82 00 00 00        		db	 89h, 8Dh, 82h, 00h, 00h, 00h 
 0041  00 00 8A 8E 83 00        		db	 00h, 00h, 8Ah, 8Eh, 83h, 00h 
 0047  00 00 00 00 74 7B        		db	 00h, 00h, 00h, 00h, 74h, 7Bh 
 004D  82 00 00 00 00 00        		db	 82h, 00h, 00h, 00h, 00h, 00h 
 0053  75 7C 83 00 00 00        		db	 75h, 7Ch, 83h, 00h, 00h, 00h 
 0059  00 00 74 7B 82 00        		db	 00h, 00h, 74h, 7Bh, 82h, 00h 
 005F  00 00 95 98 75 7C        		db	 00h, 00h, 95h, 98h, 75h, 7Ch 
 0065  83 00 00 00 00 00        		db	 83h, 00h, 00h, 00h, 00h, 00h 
 006B  74 7B 82 00 00 95        		db	 74h, 7Bh, 82h, 00h, 00h, 95h 
 0071  97 99 75 7C 83 00        		db	 97h, 99h, 75h, 7Ch, 83h, 00h 
 0077  00 00 00 00 8B 8F        		db	 00h, 00h, 00h, 00h, 8Bh, 8Fh 
 007D  82 00 95 97 96 99        		db	 82h, 00h, 95h, 97h, 96h, 99h 
 0083  8C 90 83 00 00 00        		db	 8Ch, 90h, 83h, 00h, 00h, 00h 
 0089  00 00 00 91 93 95        		db	 00h, 00h, 00h, 91h, 93h, 95h 
 008F  96 96 96 99 00 92        		db	 96h, 96h, 96h, 99h, 00h, 92h 
 0095  94 00                    		db	 94h, 00h 
 0097  004D[                    		db	77 dup (0) 
            00                  
                         ]      
                                
 00E4  0E 14 19 1B 1B 1B        		db	 0Eh, 14h, 19h, 1Bh, 1Bh, 1Bh 
 00EA  1B 00 01 07 1A 1B        		db	 1Bh, 00h, 01h, 07h, 1Ah, 1Bh 
 00F0  1B 1B 1B 00 00 00        		db	 1Bh, 1Bh, 1Bh, 00h, 00h, 00h 
 00F6  00 1C 1C 1C 1C 00        		db	 00h, 1Ch, 1Ch, 1Ch, 1Ch, 00h 
 00FC  00 00 00 1C 1C 1C        		db	 00h, 00h, 00h, 1Ch, 1Ch, 1Ch 
 0102  1C 00 00 00 00 1C        		db	 1Ch, 00h, 00h, 00h, 00h, 1Ch 
 0108  1C 1C 1C 00 00 00        		db	 1Ch, 1Ch, 1Ch, 00h, 00h, 00h 
 010E  00 1C 1C 1C 1C 00        		db	 00h, 1Ch, 1Ch, 1Ch, 1Ch, 00h 
 0114  00 00 00 1C 1C 1C        		db	 00h, 00h, 00h, 1Ch, 1Ch, 1Ch 
 011A  1C 00 00 00 00 1C        		db	 1Ch, 00h, 00h, 00h, 00h, 1Ch 
 0120  1C 1C 1C 00 00 00        		db	 1Ch, 1Ch, 1Ch, 00h, 00h, 00h 
 0126  00 1C 1C 1C 1C 00        		db	 00h, 1Ch, 1Ch, 1Ch, 1Ch, 00h 
 012C  00 00 00 1C 1C 1C        		db	 00h, 00h, 00h, 1Ch, 1Ch, 1Ch 
 0132  1C 00 00 00 00 1C        		db	 1Ch, 00h, 00h, 00h, 00h, 1Ch 
 0138  1C 1C 1C 00 0D 13        		db	 1Ch, 1Ch, 1Ch, 00h, 0Dh, 13h 
 013E  19 1B 1B 1B 1B 00        		db	 19h, 1Bh, 1Bh, 1Bh, 1Bh, 00h 
 0144  01 07 1A 1B 1B 1B        		db	 01h, 07h, 1Ah, 1Bh, 1Bh, 1Bh 
 014A  1B 00                    		db	 1Bh, 00h 
 014C  0018[                    		db	24 dup (0) 
            00                  
                         ]      
                                
 0164  1D 1F 1F 1F 1F 1F        		db	 1Dh, 1Fh, 1Fh, 1Fh, 1Fh, 1Fh 
 016A  1F 1D 1E 21 21 21        		db	 1Fh, 1Dh, 1Eh, 21h, 21h, 21h 
 0170  21 21 21 1E 1E 21        		db	 21h, 21h, 21h, 1Eh, 1Eh, 21h 
 0176  6C 2F 31 31 31 1E        		db	 6Ch, 2Fh, 31h, 31h, 31h, 1Eh 
 017C  1E 20 6D 30 32 32        		db	 1Eh, 20h, 6Dh, 30h, 32h, 32h 
Microsoft (R) Macro Assembler  Version 4.00                 3/29/26 15:16:41

                                                            Page     1-5
                                                            

 0182  32 1E 1E 1F 6E 30        		db	 32h, 1Eh, 1Eh, 1Fh, 6Eh, 30h 
 0188  00 00 00 1E 1E 21        		db	 00h, 00h, 00h, 1Eh, 1Eh, 21h 
 018E  6F 2F 31 31 31 1E        		db	 6Fh, 2Fh, 31h, 31h, 31h, 1Eh 
 0194  1E 21 21 1F 21 21        		db	 1Eh, 21h, 21h, 1Fh, 21h, 21h 
 019A  21 1E 1E 21 21 1F        		db	 21h, 1Eh, 1Eh, 21h, 21h, 1Fh 
 01A0  20 21 1F                 		db	 20h, 21h, 1Fh 
 01A3  63 63 22 22 22 22 22     		db	'cc""""""cc""#%""Pc""$' 
       22 63 63 22 22 23 25     
       22 22 50 63 22 22 24     
                                
 01B8  26 22 22                 		db	'&""' 
 01BB  00 50 22 22 22 22        		db	 00h, 50h, 22h, 22h, 22h, 22h 
 01C1  22 22 00                 		db	 22h, 22h, 00h 
 01C4  0028[                    		db	40 dup (0) 
            00                  
                         ]      
                                
 01EC  0D 13 19 1B 1B 1B        		db	 0Dh, 13h, 19h, 1Bh, 1Bh, 1Bh 
 01F2  1B 00 01 07 1A 1B        		db	 1Bh, 00h, 01h, 07h, 1Ah, 1Bh 
 01F8  1B 1B 1B 00 00 00        		db	 1Bh, 1Bh, 1Bh, 00h, 00h, 00h 
 01FE  00 1C 1C 1C 1C 00        		db	 00h, 1Ch, 1Ch, 1Ch, 1Ch, 00h 
 0204  00 00 00 1C 1C 1C        		db	 00h, 00h, 00h, 1Ch, 1Ch, 1Ch 
 020A  1C 00 00 00 00 1C        		db	 1Ch, 00h, 00h, 00h, 00h, 1Ch 
 0210  1C 1C 1C 00 00 00        		db	 1Ch, 1Ch, 1Ch, 00h, 00h, 00h 
 0216  00 1C 1C 1C 1C 00        		db	 00h, 1Ch, 1Ch, 1Ch, 1Ch, 00h 
 021C  00 00 00 1C 1C 1C        		db	 00h, 00h, 00h, 1Ch, 1Ch, 1Ch 
 0222  1C 00 00 00 00 1C        		db	 1Ch, 00h, 00h, 00h, 00h, 1Ch 
 0228  1C 1C 1C 00 00 00        		db	 1Ch, 1Ch, 1Ch, 00h, 00h, 00h 
 022E  00 1C 1C 1C 1C 00        		db	 00h, 1Ch, 1Ch, 1Ch, 1Ch, 00h 
 0234  00 00 00 1C 1C 1C        		db	 00h, 00h, 00h, 1Ch, 1Ch, 1Ch 
 023A  1C 00 00 00 00 1C        		db	 1Ch, 00h, 00h, 00h, 00h, 1Ch 
 0240  1C 1C 1C 00 00 00        		db	 1Ch, 1Ch, 1Ch, 00h, 00h, 00h 
 0246  00 1C 1C 1C 1C 00        		db	 00h, 1Ch, 1Ch, 1Ch, 1Ch, 00h 
 024C  00 00 00 1C 1C 1C        		db	 00h, 00h, 00h, 1Ch, 1Ch, 1Ch 
 0252  1C 00 0D 13 19 1B        		db	 1Ch, 00h, 0Dh, 13h, 19h, 1Bh 
 0258  1B 1B 1B 00 01 07        		db	 1Bh, 1Bh, 1Bh, 00h, 01h, 07h 
 025E  1A 1B 1B 1B 1B 00        		db	 1Ah, 1Bh, 1Bh, 1Bh, 1Bh, 00h 
 0264  00 00 00 1C 1C 1C        		db	 00h, 00h, 00h, 1Ch, 1Ch, 1Ch 
 026A  1C 00 00 00 00 1C        		db	 1Ch, 00h, 00h, 00h, 00h, 1Ch 
 0270  1C 1C 1C 00 00 00        		db	 1Ch, 1Ch, 1Ch, 00h, 00h, 00h 
 0276  00 1C 1C 1C 1C 00        		db	 00h, 1Ch, 1Ch, 1Ch, 1Ch, 00h 
 027C  00 00 00 1C 1C 1C        		db	 00h, 00h, 00h, 1Ch, 1Ch, 1Ch 
 0282  1C 00 00 00 00 1C        		db	 1Ch, 00h, 00h, 00h, 00h, 1Ch 
 0288  1C 1C 1C 00 00 00        		db	 1Ch, 1Ch, 1Ch, 00h, 00h, 00h 
 028E  00 1C 1C 1C 1C 00        		db	 00h, 1Ch, 1Ch, 1Ch, 1Ch, 00h 
 0294  00 00 00 1C 1C 1C        		db	 00h, 00h, 00h, 1Ch, 1Ch, 1Ch 
 029A  1C 00 00 00 00 1C        		db	 1Ch, 00h, 00h, 00h, 00h, 1Ch 
 02A0  1C 1C 1C 00 00 00        		db	 1Ch, 1Ch, 1Ch, 00h, 00h, 00h 
 02A6  00 1C 1C 1C 1C 00        		db	 00h, 1Ch, 1Ch, 1Ch, 1Ch, 00h 
 02AC  00 00 00 1C 1C 1C        		db	 00h, 00h, 00h, 1Ch, 1Ch, 1Ch 
 02B2  1C 00 00 00 00 1C        		db	 1Ch, 00h, 00h, 00h, 00h, 1Ch 
 02B8  1C 1C 1C 00 0D 13        		db	 1Ch, 1Ch, 1Ch, 00h, 0Dh, 13h 
 02BE  19 1B 1B 1B 1B 00        		db	 19h, 1Bh, 1Bh, 1Bh, 1Bh, 00h 
 02C4  01 07 1A 1B 1B 1B        		db	 01h, 07h, 1Ah, 1Bh, 1Bh, 1Bh 
 02CA  1B 00                    		db	 1Bh, 00h 
Microsoft (R) Macro Assembler  Version 4.00                 3/29/26 15:16:41

                                                            Page     1-6
                                                            

 02CC  0011[                    		db	17 dup (0) 
            00                  
                         ]      
                                
 02DD  59                       		db	59h 
 02DE  0007[                    		db	7 dup (0) 
            00                  
                         ]      
                                
 02E5  5A 5D 5F 5F 5F 5F 35     		db	'Z]____5;Z]____6<Z]____6<Z]_aaa6<' 
       3B 5A 5D 5F 5F 5F 5F     
       36 3C 5A 5D 5F 5F 5F     
       5F 36 3C 5A 5D 5F 61     
       61 61 36 3C              
 0305  5A 5D 5F                 		db	'Z]_' 
 0308  00 00 00 36 3C 5A        		db	 00h, 00h, 00h, 36h, 3Ch, 5Ah 
 030E  5D 5F 5F 5F 5F 36 3C     		db	']____6<Z]____6<Z]____8=Z]____9>[' 
       5A 5D 5F 5F 5F 5F 36     
       3C 5A 5D 5F 5F 5F 5F     
       38 3D 5A 5D 5F 5F 5F     
       5F 39 3E 5B              
 032E  5E 60 60 60 60 39 3E     		db	'^````9>[^````9>[^````:;[^````' 
       5B 5E 60 60 60 60 39     
       3E 5B 5E 60 60 60 60     
       3A 3B 5B 5E 60 60 60     
       60                       
 034B  00 00 5B 5E 60 60        		db	 00h, 00h, 5Bh, 5Eh, 60h, 60h 
 0351  60 60 00 00              		db	 60h, 60h, 00h, 00h 
 0355  5C                       		db	5Ch 
 0356  0026[                    		db	38 dup (0) 
            00                  
                         ]      
                                
 037C  0D 13 19 1B 1B 1B        		db	 0Dh, 13h, 19h, 1Bh, 1Bh, 1Bh 
 0382  1B 00 01 07 1A 1B        		db	 1Bh, 00h, 01h, 07h, 1Ah, 1Bh 
 0388  1B 1B 1B 00 00 00        		db	 1Bh, 1Bh, 1Bh, 00h, 00h, 00h 
 038E  00 1C 1C 1C 1C 00        		db	 00h, 1Ch, 1Ch, 1Ch, 1Ch, 00h 
 0394  00 00 00 1C 1C 1C        		db	 00h, 00h, 00h, 1Ch, 1Ch, 1Ch 
 039A  1C 00 00 00 00 1C        		db	 1Ch, 00h, 00h, 00h, 00h, 1Ch 
 03A0  1C 1C 1C 00 00 00        		db	 1Ch, 1Ch, 1Ch, 00h, 00h, 00h 
 03A6  00 1C 1C 1C 1C 00        		db	 00h, 1Ch, 1Ch, 1Ch, 1Ch, 00h 
 03AC  00 00 00 1C 1C 1C        		db	 00h, 00h, 00h, 1Ch, 1Ch, 1Ch 
 03B2  1C 00 00 00 00 1C        		db	 1Ch, 00h, 00h, 00h, 00h, 1Ch 
 03B8  1C 1C 1C 00 00 00        		db	 1Ch, 1Ch, 1Ch, 00h, 00h, 00h 
 03BE  00 1C 1C 1C 1C 00        		db	 00h, 1Ch, 1Ch, 1Ch, 1Ch, 00h 
 03C4  00 00 00 1C 1C 1C        		db	 00h, 00h, 00h, 1Ch, 1Ch, 1Ch 
 03CA  1C 00 00 00 00 1C        		db	 1Ch, 00h, 00h, 00h, 00h, 1Ch 
 03D0  1C 1C 1C 00 0D 13        		db	 1Ch, 1Ch, 1Ch, 00h, 0Dh, 13h 
 03D6  19 1B 1B 1B 1B 00        		db	 19h, 1Bh, 1Bh, 1Bh, 1Bh, 00h 
 03DC  01 07 19 1B 1B 1B        		db	 01h, 07h, 19h, 1Bh, 1Bh, 1Bh 
 03E2  1B 00                    		db	 1Bh, 00h 
 03E4  0018[                    		db	24 dup (0) 
            00                  
                         ]      
                                
Microsoft (R) Macro Assembler  Version 4.00                 3/29/26 15:16:41

                                                            Page     1-7
                                                            

 03FC  46 27 27 27 27 27 27     		db	'F', 27h, 27h, 27h, 27h, 27h, 27h 
 0403  3F 47 28 27 27 27 27     		db	'?G(', 27h, 27h, 27h, 27h, 27h, '@' 
       27 40                    
 040C  48 27 27 28 27 27 27     		db	'H', 27h, 27h, '(', 27h, 27h, 27h 
 0413  41 47 27 70 62 62 62     		db	'AG', 27h, 'pbbbb@H', 27h, 'qb222' 
       62 40 48 27 71 62 32     
       32 32                    
 0423  41 47 28 72 62           		db	'AG(rb' 
 0428  00 00 00 40 48           		db	 00h, 00h, 00h, 40h, 48h 
 042D  27 73 62 62 62 62 41     		db	27h, 'sbbbbAG', 27h, 27h, 27h, 27h 
       47 27 27 27 27           
 0439  27 28 40 48 27 27 28     		db	27h, '(@H', 27h, 27h, '(', 27h, 27h 
       27 27                    
 0442  27 41 47 27 27 27 27     		db	27h, 'AG', 27h, 27h, 27h, 27h, 27h 
       27                       
 044A  27 40 49 29 29 29 29     		db	27h, '@I))))))AJ))*)*)DK))))))EL)' 
       29 29 41 4A 29 29 2A     
       29 2A 29 44 4B 29 29     
       29 29 29 29 45 4C 29     
                                
 0466  29 29 29 29 29           		db	')))))' 
 046B  0019[                    		db	25 dup (0) 
            00                  
                         ]      
                                
 0484  0D 13 19 1B 1B 1B        		db	 0Dh, 13h, 19h, 1Bh, 1Bh, 1Bh 
 048A  1B 00 01 07 1A 1B        		db	 1Bh, 00h, 01h, 07h, 1Ah, 1Bh 
 0490  1B 1B 1B 00              		db	 1Bh, 1Bh, 1Bh, 00h 
 0494  0011[                    		db	17 dup (0) 
            00                  
                         ]      
                                
 04A5  4D 4E 4E 52 4E 4E 35     		db	'MNNRNN5;NNQQRS6<Nh/1116<Ri02226<' 
       3B 4E 4E 51 51 52 53     
       36 3C 4E 68 2F 31 31     
       31 36 3C 52 69 30 32     
       32 32 36 3C              
 04C5  4F 6A 30                 		db	'Oj0' 
 04C8  00 00 00 36 3C 52        		db	 00h, 00h, 00h, 36h, 3Ch, 52h 
 04CE  6B 2F 31 31 31 36 3C     		db	'k/1116<OSRNNR7<NSRNRN8=TUTTTV9>V' 
       4F 53 52 4E 4E 52 37     
       3C 4E 53 52 4E 52 4E     
       38 3D 54 55 54 54 54     
       56 39 3E 56              
 04EE  55 54 55 54 54 3A 3B     		db	'UTUTT:;TTTTVT' 
       54 54 54 54 56 54        
 04FB  00 00                    		db	0, 0 
 04FD  58 54 56 54 54 56        		db	 58h, 54h, 56h, 54h, 54h, 56h 
 0503  0019[                    		db	25 dup (0) 
            00                  
                         ]      
                                
 051C  0D 13 19 1B 1B 1B        		db	 0Dh, 13h, 19h, 1Bh, 1Bh, 1Bh 
 0522  1B 00 01 07 1A 1B        		db	 1Bh, 00h, 01h, 07h, 1Ah, 1Bh 
 0528  1B 1B 1B 00 00 00        		db	 1Bh, 1Bh, 1Bh, 00h, 00h, 00h 
Microsoft (R) Macro Assembler  Version 4.00                 3/29/26 15:16:41

                                                            Page     1-8
                                                            

 052E  00 1C 1C 1C 1C 00        		db	 00h, 1Ch, 1Ch, 1Ch, 1Ch, 00h 
 0534  00 00 00 1C 1C 1C        		db	 00h, 00h, 00h, 1Ch, 1Ch, 1Ch 
 053A  1C 00 00 00 00 1C        		db	 1Ch, 00h, 00h, 00h, 00h, 1Ch 
 0540  1C 1C 1C 00 00 00        		db	 1Ch, 1Ch, 1Ch, 00h, 00h, 00h 
 0546  00 1C 1C 1C 1C 00        		db	 00h, 1Ch, 1Ch, 1Ch, 1Ch, 00h 
 054C  00 00 00 1C 1C 1C        		db	 00h, 00h, 00h, 1Ch, 1Ch, 1Ch 
 0552  1C 00 00 00 00 1C        		db	 1Ch, 00h, 00h, 00h, 00h, 1Ch 
 0558  1C 1C 1C 00 00 00        		db	 1Ch, 1Ch, 1Ch, 00h, 00h, 00h 
 055E  00 1C 1C 1C 1C 00        		db	 00h, 1Ch, 1Ch, 1Ch, 1Ch, 00h 
 0564  0D 13 19 1B 1B 1B        		db	 0Dh, 13h, 19h, 1Bh, 1Bh, 1Bh 
 056A  1B 00 01 07 1A 1B        		db	 1Bh, 00h, 01h, 07h, 1Ah, 1Bh 
 0570  1B 1B 1B 00 00 00        		db	 1Bh, 1Bh, 1Bh, 00h, 00h, 00h 
 0576  00 1C 1C 1C 1C 00        		db	 00h, 1Ch, 1Ch, 1Ch, 1Ch, 00h 
 057C  00 00 00 1C 1C 1C        		db	 00h, 00h, 00h, 1Ch, 1Ch, 1Ch 
 0582  1C 00 00 00 00 1C        		db	 1Ch, 00h, 00h, 00h, 00h, 1Ch 
 0588  1C 1C 1C 00 00 00        		db	 1Ch, 1Ch, 1Ch, 00h, 00h, 00h 
 058E  00 1C 1C 1C 1C 00        		db	 00h, 1Ch, 1Ch, 1Ch, 1Ch, 00h 
 0594  00 00 00 1C 1C 1C        		db	 00h, 00h, 00h, 1Ch, 1Ch, 1Ch 
 059A  1C 00 00 00 00 1C        		db	 1Ch, 00h, 00h, 00h, 00h, 1Ch 
 05A0  1C 1C 1C 00 00 00        		db	 1Ch, 1Ch, 1Ch, 00h, 00h, 00h 
 05A6  00 1C 1C 1C 1C 00        		db	 00h, 1Ch, 1Ch, 1Ch, 1Ch, 00h 
 05AC  0D 13 19 1B 1B 1B        		db	 0Dh, 13h, 19h, 1Bh, 1Bh, 1Bh 
 05B2  1B 00 01 07 1A 1B        		db	 1Bh, 00h, 01h, 07h, 1Ah, 1Bh 
 05B8  1B 1B 1B 00              		db	 1Bh, 1Bh, 1Bh, 00h 
 05BC  0011[                    		db	17 dup (0) 
            00                  
                         ]      
                                
 05CD  46 9A 9A 9A 9B 9A        		db	 46h, 9Ah, 9Ah, 9Ah, 9Bh, 9Ah 
 05D3  00 3F 47 9B 9A 9B        		db	 00h, 3Fh, 47h, 9Bh, 9Ah, 9Bh 
 05D9  9B 9B 00 40 48 64        		db	 9Bh, 9Bh, 00h, 40h, 48h, 64h 
 05DF  62 62 62 62 00 41        		db	 62h, 62h, 62h, 62h, 00h, 41h 
 05E5  47 65 62 61 61 61        		db	 47h, 65h, 62h, 61h, 61h, 61h 
 05EB  00 42 48 66 62 00        		db	 00h, 42h, 48h, 66h, 62h, 00h 
 05F1  00 00 00 41 47 67        		db	 00h, 00h, 00h, 41h, 47h, 67h 
 05F7  62 62 62 62 00 42        		db	 62h, 62h, 62h, 62h, 00h, 42h 
 05FD  48 9B 9A 9A 9B 9A        		db	 48h, 9Bh, 9Ah, 9Ah, 9Bh, 9Ah 
 0603  00 41 47 9B 9B 9B        		db	 00h, 41h, 47h, 9Bh, 9Bh, 9Bh 
 0609  9B 9B 00 42 49 9D        		db	 9Bh, 9Bh, 00h, 42h, 49h, 9Dh 
 060F  9D 9D 9D 9D 00 43        		db	 9Dh, 9Dh, 9Dh, 9Dh, 00h, 43h 
 0615  4A 9D 9D 9D 9D 9D        		db	 4Ah, 9Dh, 9Dh, 9Dh, 9Dh, 9Dh 
 061B  00 44 4B 9D 9D 9D        		db	 00h, 44h, 4Bh, 9Dh, 9Dh, 9Dh 
 0621  9D 9D 00 45 4C 9D        		db	 9Dh, 9Dh, 00h, 45h, 4Ch, 9Dh 
 0627  9D 9D 9D 9D              		db	 9Dh, 9Dh, 9Dh, 9Dh 
 062B  0029[                    		db	41 dup (0) 
            00                  
                         ]      
                                
 0654  79 80 00 00 00 00        		db	 79h, 80h, 00h, 00h, 00h, 00h 
 065A  00 00 7A 81 84 85        		db	 00h, 00h, 7Ah, 81h, 84h, 85h 
 0660  85 85 87 74 7B 82        		db	 85h, 85h, 87h, 74h, 7Bh, 82h 
 0666  00 00 00 00 00 75        		db	 00h, 00h, 00h, 00h, 00h, 75h 
 066C  7C 83 00 84 86 85        		db	 7Ch, 83h, 00h, 84h, 86h, 85h 
 0672  87 74 7B 82 00 00        		db	 87h, 74h, 7Bh, 82h, 00h, 00h 
 0678  00 00 00 75 7C 83        		db	 00h, 00h, 00h, 75h, 7Ch, 83h 
Microsoft (R) Macro Assembler  Version 4.00                 3/29/26 15:16:41

                                                            Page     1-9
                                                            

 067E  00 00 84 86 87 74        		db	 00h, 00h, 84h, 86h, 87h, 74h 
 0684  7B 82 00 00 00 00        		db	 7Bh, 82h, 00h, 00h, 00h, 00h 
 068A  00 75 7C 83 00 00        		db	 00h, 75h, 7Ch, 83h, 00h, 00h 
 0690  00 84 88 74 7D 82        		db	 00h, 84h, 88h, 74h, 7Dh, 82h 
 0696  00 00 00 00 00 76        		db	 00h, 00h, 00h, 00h, 00h, 76h 
 069C  7E 83 00 00 00 00        		db	 7Eh, 83h, 00h, 00h, 00h, 00h 
 06A2  00 77 7F 82 00 00        		db	 00h, 77h, 7Fh, 82h, 00h, 00h 
 06A8  00 00 00 78 7F 83        		db	 00h, 00h, 00h, 78h, 7Fh, 83h 
 06AE  00 00                    		db	 00h, 00h 
 06B0  0023[                    		db	35 dup (0) 
            00                  
                         ]      
                                
 06D3  24 00 B4 00 02 01        		db	 24h, 00h,0B4h, 00h, 02h, 01h 
 06D9  FF 01 02 19 AF 03        		db	0FFh, 01h, 02h, 19h,0AFh, 03h 
 06DF  0B                       		db	 0Bh 
 06E0  53 61 74 6F 6E 6F 20     		db	'Satono Town' 
       54 6F 77 6E              
 06EB  81 00 FF FF 80 01        		db	 81h, 00h,0FFh,0FFh, 80h, 01h 
 06F1  FF FF 2C 00 04 5C        		db	0FFh,0FFh, 2Ch, 00h, 04h, 5Ch 
 06F7  00 02 80 00 07 94        		db	 00h, 02h, 80h, 00h, 07h, 94h 
 06FD  00 06 B9 00 03 FF        		db	 00h, 06h,0B9h, 00h, 03h,0FFh 
 0703  FF 80 00 21 01 00        		db	0FFh, 80h, 00h, 21h, 01h, 00h 
 0709  06 00 3E 00 02 FF        		db	 06h, 00h, 3Eh, 00h, 02h,0FFh 
 070F  FF 1A C7 FB C7 C2        		db	0FFh, 1Ah,0C7h,0FBh,0C7h,0C2h 
 0715  C8 98 C9 6F CA 02        		db	0C8h, 98h,0C9h, 6Fh,0CAh, 02h 
 071B  CB 9D CB                 		db	0CBh, 9Dh,0CBh 
 071E  57 65 6C 63 6F 6D 65     		db	'Welcome, stranger. You must have' 
       2C 20 73 74 72 61 6E     
       67 65 72 2E 20 59 6F     
       75 20 6D 75 73 74 20     
       68 61 76 65              
 073E  20 63 6F 6D 65 20 74     		db	' come through the labyrinths fro' 
       68 72 6F 75 67 68 20     
       74 68 65 20 6C 61 62     
       79 72 69 6E 74 68 73     
       20 66 72 6F              
 075E  6D 20 74 68 65 20 6F     		db	'm the outside world. We have not' 
       75 74 73 69 64 65 20     
       77 6F 72 6C 64 2E 20     
       57 65 20 68 61 76 65     
       20 6E 6F 74              
 077E  20 65 6E 63 6F 75 6E     		db	' encountered such a brave person' 
       74 65 72 65 64 20 73     
       75 63 68 20 61 20 62     
       72 61 76 65 20 70 65     
       72 73 6F 6E              
 079E  20 69 6E 20 61 20 76     		db	' in a very long time. You should' 
       65 72 79 20 6C 6F 6E     
       67 20 74 69 6D 65 2E     
       20 59 6F 75 20 73 68     
       6F 75 6C 64              
 07BE  20 76 69 73 69 74 20     		db	' visit the great sage Yasmin -- ' 
       74 68 65 20 67 72 65     
       61 74 20 73 61 67 65     
Microsoft (R) Macro Assembler  Version 4.00                 3/29/26 15:16:41

                                                            Page     1-10
                                                            

       20 59 61 73 6D 69 6E     
       20 2D 2D 20              
 07DE  73 68 65 20 77 69 6C     		db	'she will be anxious to meet you.' 
       6C 20 62 65 20 61 6E     
       78 69 6F 75 73 20 74     
       6F 20 6D 65 65 74 20     
       79 6F 75 2E              
 07FE  FF 53 6F                 		db	0FFh, 53h, 6Fh 
 0801  20 79 6F 75 5C 72 65     		db	' you\re the brave one I\ve heard' 
       20 74 68 65 20 62 72     
       61 76 65 20 6F 6E 65     
       20 49 5C 76 65 20 68     
       65 61 72 64              
 0821  20 61 62 6F 75 74 2E     		db	' about. Well, if you\re going to' 
       20 57 65 6C 6C 2C 20     
       69 66 20 79 6F 75 5C     
       72 65 20 67 6F 69 6E     
       67 20 74 6F              
 0841  20 67 6F 20 6F 6E 20     		db	' go on from here, I\ll give you ' 
       66 72 6F 6D 20 68 65     
       72 65 2C 20 49 5C 6C     
       6C 20 67 69 76 65 20     
       79 6F 75 20              
 0861  61 20 74 69 70 2E 20     		db	'a tip.  When you come to a stopp' 
       20 57 68 65 6E 20 79     
       6F 75 20 63 6F 6D 65     
       20 74 6F 20 61 20 73     
       74 6F 70 70              
 0881  69 6E 67 20 70 6C 61     		db	'ing place, dig a hole. The demon' 
       63 65 2C 20 64 69 67     
       20 61 20 68 6F 6C 65     
       2E 20 54 68 65 20 64     
       65 6D 6F 6E              
 08A1  73 20 68 61 76 65 20     		db	's have hidden jewels in many pla' 
       68 69 64 64 65 6E 20     
       6A 65 77 65 6C 73 20     
       69 6E 20 6D 61 6E 79     
       20 70 6C 61              
 08C1  63 65 73 2E              		db	'ces.' 
 08C5  FF 41 72                 		db	0FFh, 41h, 72h 
 08C8  65 20 79 6F 75 20 44     		db	'e you Duke Garland? Thank the Sp' 
       75 6B 65 20 47 61 72     
       6C 61 6E 64 3F 20 54     
       68 61 6E 6B 20 74 68     
       65 20 53 70              
 08E8  69 72 69 74 73 20 79     		db	'irits you\ve come. We escaped fr' 
       6F 75 5C 76 65 20 63     
       6F 6D 65 2E 20 57 65     
       20 65 73 63 61 70 65     
       64 20 66 72              
 0908  6F 6D 20 4A 61 73 68     		db	'om Jashiin through the power of ' 
       69 69 6E 20 74 68 72     
       6F 75 67 68 20 74 68     
       65 20 70 6F 77 65 72     
       20 6F 66 20              
Microsoft (R) Macro Assembler  Version 4.00                 3/29/26 15:16:41

                                                            Page     1-11
                                                            

 0928  74 68 65 20 53 70 69     		db	'the Spirits. However, if his pow' 
       72 69 74 73 2E 20 48     
       6F 77 65 76 65 72 2C     
       20 69 66 20 68 69 73     
       20 70 6F 77              
 0948  65 72 20 73 68 6F 75     		db	'er should become so strong that ' 
       6C 64 20 62 65 63 6F     
       6D 65 20 73 6F 20 73     
       74 72 6F 6E 67 20 74     
       68 61 74 20              
 0968  74 68 65 20 53 70 69     		db	'the Spirits\ can\t protect us, t' 
       72 69 74 73 5C 20 63     
       61 6E 5C 74 20 70 72     
       6F 74 65 63 74 20 75     
       73 2C 20 74              
 0988  68 69 73 20 74 6F 77     		db	'his town is doomed.' 
       6E 20 69 73 20 64 6F     
       6F 6D 65 64 2E           
 099B  FF 4C 65                 		db	0FFh, 4Ch, 65h 
 099E  74 20 6D 65 20 67 69     		db	't me give you some advice, stran' 
       76 65 20 79 6F 75 20     
       73 6F 6D 65 20 61 64     
       76 69 63 65 2C 20 73     
       74 72 61 6E              
 09BE  67 65 72 2E 20 49 66     		db	'ger. If you fall down the stone ' 
       20 79 6F 75 20 66 61     
       6C 6C 20 64 6F 77 6E     
       20 74 68 65 20 73 74     
       6F 6E 65 20              
 09DE  73 6C 61 62 20 69 6E     		db	'slab in front of the blue door, ' 
       20 66 72 6F 6E 74 20     
       6F 66 20 74 68 65 20     
       62 6C 75 65 20 64 6F     
       6F 72 2C 20              
 09FE  79 6F 75 20 77 69 6C     		db	'you will see a green door nearby' 
       6C 20 73 65 65 20 61     
       20 67 72 65 65 6E 20     
       64 6F 6F 72 20 6E 65     
       61 72 62 79              
 0A1E  2E 20 44 6F 6E 5C 74     		db	'. Don\t go through that door und' 
       20 67 6F 20 74 68 72     
       6F 75 67 68 20 74 68     
       61 74 20 64 6F 6F 72     
       20 75 6E 64              
 0A3E  65 72 20 61 6E 79 20     		db	'er any circumstances -- it is a ' 
       63 69 72 63 75 6D 73     
       74 61 6E 63 65 73 20     
       2D 2D 20 69 74 20 69     
       73 20 61 20              
 0A5E  64 6F 6F 72 77 61 79     		db	'doorway to the past.' 
       20 74 6F 20 74 68 65     
       20 70 61 73 74 2E        
 0A72  FF 42 65                 		db	0FFh, 42h, 65h 
 0A75  77 61 72 65 21 20 49     		db	'ware! I went into the caverns an' 
       20 77 65 6E 74 20 69     
Microsoft (R) Macro Assembler  Version 4.00                 3/29/26 15:16:41

                                                            Page     1-12
                                                            

       6E 74 6F 20 74 68 65     
       20 63 61 76 65 72 6E     
       73 20 61 6E              
 0A95  64 20 73 61 77 20 61     		db	'd saw an awful creature -- a gia' 
       6E 20 61 77 66 75 6C     
       20 63 72 65 61 74 75     
       72 65 20 2D 2D 20 61     
       20 67 69 61              
 0AB5  6E 74 20 64 65 6D 6F     		db	'nt demon octopus. It was terrify' 
       6E 20 6F 63 74 6F 70     
       75 73 2E 20 49 74 20     
       77 61 73 20 74 65 72     
       72 69 66 79              
 0AD5  69 6E 67 2C 20 62 75     		db	'ing, but I escaped. I hope you w' 
       74 20 49 20 65 73 63     
       61 70 65 64 2E 20 49     
       20 68 6F 70 65 20 79     
       6F 75 20 77              
 0AF5  69 6C 6C 20 62 65 20     		db	'ill be as lucky.' 
       61 73 20 6C 75 63 6B     
       79 2E                    
 0B05  FF 41 72                 		db	0FFh, 41h, 72h 
 0B08  65 20 79 6F 75 20 74     		db	'e you the brave one? I&hope you ' 
       68 65 20 62 72 61 76     
       65 20 6F 6E 65 3F 20     
       49 26 68 6F 70 65 20     
       79 6F 75 20              
 0B28  68 61 76 65 20 62 72     		db	'have brought almas for us. The a' 
       6F 75 67 68 74 20 61     
       6C 6D 61 73 20 66 6F     
       72 20 75 73 2E 20 54     
       68 65 20 61              
 0B48  6C 6D 61 73 20 61 72     		db	'lmas are part of Jashiin\s power' 
       65 20 70 61 72 74 20     
       6F 66 20 4A 61 73 68     
       69 69 6E 5C 73 20 70     
       6F 77 65 72              
 0B68  2E 20 57 65 20 75 73     		db	'. We use them to make medicine, ' 
       65 20 74 68 65 6D 20     
       74 6F 20 6D 61 6B 65     
       20 6D 65 64 69 63 69     
       6E 65 2C 20              
 0B88  61 6E 64 20 6F 74 68     		db	'and other useful things.' 
       65 72 20 75 73 65 66     
       75 6C 20 74 68 69 6E     
       67 73 2E                 
 0BA0  FF 44 75                 		db	0FFh, 44h, 75h 
 0BA3  6B 65 20 47 61 72 6C     		db	'ke Garland, when you go into the' 
       61 6E 64 2C 20 77 68     
       65 6E 20 79 6F 75 20     
       67 6F 20 69 6E 74 6F     
       20 74 68 65              
 0BC3  20 63 61 76 65 72 6E     		db	' caverns again, please try to br' 
       73 20 61 67 61 69 6E     
       2C 20 70 6C 65 61 73     
Microsoft (R) Macro Assembler  Version 4.00                 3/29/26 15:16:41

                                                            Page     1-13
                                                            

       65 20 74 72 79 20 74     
       6F 20 62 72              
 0BE3  69 6E 67 20 62 61 63     		db	'ing back more almas. To suppleme' 
       6B 20 6D 6F 72 65 20     
       61 6C 6D 61 73 2E 20     
       54 6F 20 73 75 70 70     
       6C 65 6D 65              
 0C03  6E 74 20 74 68 65 20     		db	'nt the protective power of the S' 
       70 72 6F 74 65 63 74     
       69 76 65 20 70 6F 77     
       65 72 20 6F 66 20 74     
       68 65 20 53              
 0C23  70 69 72 69 74 73 20     		db	'pirits we must build a wall of a' 
       77 65 20 6D 75 73 74     
       20 62 75 69 6C 64 20     
       61 20 77 61 6C 6C 20     
       6F 66 20 61              
 0C43  6C 6D 61 73 2E 20 55     		db	'lmas. Unless we get more, Satono' 
       6E 6C 65 73 73 20 77     
       65 20 67 65 74 20 6D     
       6F 72 65 2C 20 53 61     
       74 6F 6E 6F              
 0C63  20 54 6F 77 6E 20 69     		db	' Town is in peril.' 
       73 20 69 6E 20 70 65     
       72 69 6C 2E              
 0C75  FF 25 00 03 1C 00        		db	0FFh, 25h, 00h, 03h, 1Ch, 00h 
 0C7B  01 00 02 C4 00 00        		db	 01h, 00h, 02h,0C4h, 00h, 00h 
 0C81  00 03 03 00 04 16        		db	 00h, 03h, 03h, 00h, 04h, 16h 
 0C87  00 01 00 03 03 00        		db	 00h, 01h, 00h, 03h, 03h, 00h 
 0C8D  00 56 00 04 00 00        		db	 00h, 56h, 00h, 04h, 00h, 00h 
 0C93  01 00 01 79 00 82        		db	 01h, 00h, 01h, 79h, 00h, 82h 
 0C99  00 00 02 00 03 9D        		db	 00h, 00h, 02h, 00h, 03h, 9Dh 
 0C9F  00 02 00 00 01 00        		db	 00h, 02h, 00h, 00h, 01h, 00h 
 0CA5  05 A3 00 83 1C 00        		db	 05h,0A3h, 00h, 83h, 1Ch, 00h 
 0CAB  02 00 06 FF FF           		db	 02h, 00h, 06h,0FFh,0FFh 
                                 
                                _238STMP	endp 
                                 
 0CB0                           seg_a		ends 
                                 
                                 
                                 
                                		end	start 

Microsoft (R) Macro Assembler  Version 4.00                 3/29/26 15:16:41

                                                            Symbols-1
                                                             

Macros:

		N a m e			Lines

CALLF  . . . . . . . . . . . . .  	   2
CALLFX . . . . . . . . . . . . .  	   3
JMPN . . . . . . . . . . . . . .  	   2
MOVSEG . . . . . . . . . . . . .  	  43
RETF . . . . . . . . . . . . . .  	   6
RETN . . . . . . . . . . . . . .  	   6

Segments and Groups:

                N a m e         	Size	Align	Combine Class

SEG_A  . . . . . . . . . . . . .  	0CB0	BYTE	PUBLIC	

Symbols:            

                N a m e         	Type	Value	Attr         

START  . . . . . . . . . . . . .  	L NEAR	0000	SEG_A

TARGET . . . . . . . . . . . . .  	Number	4D34	

_238STMP . . . . . . . . . . . .  	F PROC	0000	SEG_A	Length = 0CB0


    474 Source  Lines
    475 Total   Lines
     31 Symbols

  49584 Bytes symbol space free

      0 Warning Errors
      0 Severe  Errors
