Turbo Assembler	 Version 2.01	     03/24/26 00:09:24	    Page 1
124UTILA.asm



      1
      2
      3				     ;лллллллллллллллллллллллллллллллллллллллллллллллллллллллллллллллллллллллллл
      4				     ;лл								      лл
      5				     ;лл			     ZR1_24				      лл
      6				     ;лл								      лл
      7				     ;лл      Created:	 16-Feb-26					      лл
      8				     ;лл      Code type: zero start					      лл
      9				     ;лл      Passes:	 9	    Analysis Options on: none		      лл
     10				     ;лл								      лл
     11				     ;лллллллллллллллллллллллллллллллллллллллллллллллллллллллллллллллллллллллллл
     12
     13	      =	5432		     target	     EQU   'T2'			     ; Target assembler: TASM-2.X
     14
     15				     include  srmacros.inc
1    16
1    17				     ; Macros which may	be required for	proper re-assembly
1    18
1    19
1    20
1    21
1    22
1    23				     ;-----------------------------------------------------------------------------
1    24				     ; Some assemblers,	like TASM, check each far call and jump, to see	if it is
1    25				     ; in the same segment.  If	so, rather than	produce	the standard five byte far
1    26				     ; instruction it uses a near jump or call.
1    27
1    28				     calls	     macro   dummy1, dummy2, slocation
1    29						     db	     9Ah		     ; forced call far instruction
1    30						     dw	     offset slocation, seg slocation
1    31				     endm
1    32
1    33				     jmps	     macro   dummy1, dummy2, jlocation
1    34						     db	     0EAh		     ; forced jump far instruction
1    35						     dw	     offset jlocation, seg jlocation
1    36				     endm
1    37
1    38
1    39
1    40
1    41				     ;-----------------------------------------------------------------------------
1    42				     ;	Some compilers and some	assemblers will	code a call that goes to a far
1    43				     ;	subroutine in the same segment as:
1    44				     ;
1    45				     ;		     PUSH    CS
1    46				     ;		     CALL    near
1    47				     ;
1    48				     ;	This saves one byte, and is slightly faster.  If the assembler you are
1    49				     ;	using (i.e. MASM, Optasm) does not do this automatically, the following
1    50				     ;	macros are used	to code	the same information.  In other	words, the binary
1    51				     ;	file has "PUSH CS, CALL	near", and Sourcer ensures the same instructions
1    52				     ;	are used!  (macro CALLF)
1    53				     ;
1    54
Turbo Assembler	 Version 2.01	     03/24/26 00:09:24	    Page 2
124UTILA.asm



1    55				     callf	     macro   location
1    56						     push    cs
1    57						     call    near ptr location
1    58				     endm
1    59
1    60				     ;	Some compilers generate	an unnecessary DS override on the call instruction
1    61				     ;	when compacting	the CALLF type function.  Macro	CALLFX handles this case.
1    62
1    63				     callfx	     macro   location
1    64						     push    cs
1    65						     db	     3Eh
1    66						     call    near ptr location
1    67				     endm
1    68
1    69
1    70				     ;-----------------------------------------------------------------------------
1    71				     ;	Some compilers and some	assemblers will	code a near call that is the
1    72				     ;	selected assembler will	convert	to a short jump	to save	a byte.	 This
1    73				     ;	reconstructs a near jump for these cases.
1    74
1    75				     jmpn	     macro   location
1    76						     db	     0E9h
1    77						     dw	     offset location-$-2
1    78				     endm
1    79
1    80
1    81
     82
     83
     84				     ; The following equates show data references outside the range of the program.
     85
     86	      =	690C		     data_7e	     equ     690Ch		     ;*
     87	      =	F744		     data_8e	     equ     0F744h		     ;*
     88
     89	0000			     seg_a	     segment byte public
     90						     assume  cs:seg_a, ds:seg_a
     91
     92
     93						     org     0
     94
     95	0000			     zr1_24	     proc    far
     96
     97	0000			     start:
     98	0000  DD 10 00 00 00 07			     db	     0DDh, 10h,	00h, 00h, 00h, 07h
     99	0006  DD 1A 04 81 F3 80			     db	     0DDh, 1Ah,	04h, 81h,0F3h, 80h
    100	000C  00 1F 38 00 01 F7			     db	      00h, 1Fh,	38h, 00h, 01h,0F7h
    101	0012  80 00 1F 78 00 01			     db	      80h, 00h,	1Fh, 78h, 00h, 01h
    102	0018  F7 80 00 1F E8 00			     db	     0F7h, 80h,	00h, 1Fh,0E8h, 00h
    103	001E  01 FF 80 00 0F FC			     db	      01h,0FFh,	80h, 00h, 0Fh,0FCh
    104	0024  00 00 FF C0 00 0F			     db	      00h, 00h,0FFh,0C0h, 00h, 0Fh
    105	002A  FC 00 00 EB C0 00			     db	     0FCh, 00h,	00h,0EBh,0C0h, 00h
    106	0030  0E FC 00 00 E7 C0			     db	      0Eh,0FCh,	00h, 00h,0E7h,0C0h
    107	0036  00 0A DC 00 00 AB			     db	      00h, 0Ah,0DCh, 00h, 00h,0ABh
    108	003C  C0 00 08 3C 00 00			     db	     0C0h, 00h,	08h, 3Ch, 00h, 00h
Turbo Assembler	 Version 2.01	     03/24/26 00:09:24	    Page 3
124UTILA.asm



    109	0042  C7 E0 00 0C 7E 00			     db	     0C7h,0E0h,	00h, 0Ch, 7Eh, 00h
    110	0048  00 EF E0 00 0F BF			     db	      00h,0EFh,0E0h, 00h, 0Fh,0BFh
    111	004E  00 00 FD F0 00 0F			     db	      00h, 00h,0FDh,0F0h, 00h, 0Fh
    112	0054  DF 80 01 D5 78 00			     db	     0DFh, 80h,	01h,0D5h, 78h, 00h
    113	005A  1F 37 80 01 FB 7C			     db	      1Fh, 37h,	80h, 01h,0FBh, 7Ch
    114	0060  00 3F F7 C0 03 FF			     db	      00h, 3Fh,0F7h,0C0h, 03h,0FFh
    115	0066  7A 00 7F FF 88 1B			     db	      7Ah, 00h,	7Fh,0FFh, 88h, 1Bh
    116	006C  F3 F8 81 3F 7F 88			     db	     0F3h,0F8h,	81h, 3Fh, 7Fh, 88h
    117	0072  13 E7 F8 81 3F 3F			     db	      13h,0E7h,0F8h, 81h, 3Fh, 3Fh
    118	0078  88 13 E3 F8 81 7C			     db	      88h, 13h,0E3h,0F8h, 81h, 7Ch
    119	007E  3F 88 25 C1 F8 82			     db	      3Fh, 88h,	25h,0C1h,0F8h, 82h
    120	0084  58 1F 88 27 E1 F8			     db	      58h, 1Fh,	88h, 27h,0E1h,0F8h
    121	008A  82 7C 1F 08 27 C0			     db	      82h, 7Ch,	1Fh, 08h, 27h,0C0h
    122	0090  F0 86 78 0F 08 47			     db	     0F0h, 86h,	78h, 0Fh, 08h, 47h
    123	0096  80 F0 84 71 0F 0C			     db	      80h,0F0h,	84h, 71h, 0Fh, 0Ch
    124	009C  47 F0 F0 44 62 1F			     db	      47h,0F0h,0F0h, 44h, 62h, 1Fh
    125	00A2  04 47 D1 F0 44 47			     db	      04h, 47h,0D1h,0F0h, 44h, 47h
    126	00A8  0E 04 47 E1 E0 44			     db	      0Eh, 04h,	47h,0E1h,0E0h, 44h
    127	00AE  42 0E 04 CF C1 E0			     db	      42h, 0Eh,	04h,0CFh,0C1h,0E0h
    128	00B4  4C 84 1E 04 CF 81			     db	      4Ch, 84h,	1Eh, 04h,0CFh, 81h
    129	00BA  E0 4D 08 1E 04 9F			     db	     0E0h, 4Dh,	08h, 1Eh, 04h, 9Fh
    130	00C0  01 E0 49 20 5C 04			     db	      01h,0E0h,	49h, 20h, 5Ch, 04h
    131	00C6  9F 0D C0 49 26 FC			     db	      9Fh, 0Dh,0C0h, 49h, 26h,0FCh
    132	00CC  04 9E 6F C0 49 26			     db	      04h, 9Eh,	6Fh,0C0h, 49h, 26h
    133	00D2  FC 04 9E EF C0 48			     db	     0FCh, 04h,	9Eh,0EFh,0C0h, 48h
    134	00D8  CE 7C 04 84 47 C0			     db	     0CEh, 7Ch,	04h, 84h, 47h,0C0h
    135	00DE  48 04 FC 04 80 0F			     db	      48h, 04h,0FCh, 04h, 80h, 0Fh
    136	00E4  C0 48 01 DC 04 80			     db	     0C0h, 48h,	01h,0DCh, 04h, 80h
    137	00EA  1B 80 48 01 B8 04			     db	      1Bh, 80h,	48h, 01h,0B8h, 04h
    138	00F0  80 19 00 48 01 90			     db	      80h, 19h,	00h, 48h, 01h, 90h
    139	00F6  04 80 2E 00 48 0E			     db	      04h, 80h,	2Eh, 00h, 48h, 0Eh
    140	00FC  80 04				     db	      80h, 04h
    141	00FE  80		     data_1	     db	     80h		     ; Data table (indexed access)
    142	00FF  E8 00 48 07 80 04			     db	     0E8h, 00h,	48h, 07h, 80h, 04h
    143	0105  80 38 00 48 03 00			     db	      80h, 38h,	00h, 48h, 03h, 00h
    144	010B  04 81 F8 00 48 03			     db	      04h, 81h,0F8h, 00h, 48h, 03h
    145	0111  80 04 80 7C 00 48			     db	      80h, 04h,	80h, 7Ch, 00h, 48h
    146	0117  1F				     db	      1Fh
    147	0118  C0		     data_2	     db	     0C0h		     ; Data table (indexed access)
    148	0119  0C 80 7C 00 88 07			     db	      0Ch, 80h,	7Ch, 00h, 88h, 07h
    149	011F  C0 08 C0 FC 00 84			     db	     0C0h, 08h,0C0h,0FCh, 00h, 84h
    150	0125  0F C0 08 41 78 00			     db	      0Fh,0C0h,	08h, 41h, 78h, 00h
    151	012B  84 07 80 08 40 78			     db	      84h, 07h,	80h, 08h, 40h, 78h
    152	0131  00 44 06 00 04 2E			     db	      00h, 44h,	06h, 00h, 04h, 2Eh
    153	0137  C0 00 42 F9 00 04			     db	     0C0h, 00h,	42h,0F9h, 00h, 04h
    154	013D  3E 10 00 23 F1 80			     db	      3Eh, 10h,	00h, 23h,0F1h, 80h
    155	0143  02 7E 30 00 27 31			     db	      02h, 7Eh,	30h, 00h, 27h, 31h
    156	0149  00 02 7B 10 00 27			     db	      00h, 02h,	7Bh, 10h, 00h, 27h
    157	014F  91 80 03 79 98 00			     db	      91h, 80h,	03h, 79h, 98h, 00h
    158	0155  16 1D 00 01 61 D8			     db	      16h, 1Dh,	00h, 01h, 61h,0D8h
    159	015B  00 16 1D 80 01 60			     db	      00h, 16h,	1Dh, 80h, 01h, 60h
    160	0161  D8 40 16 0C 8C 01			     db	     0D8h, 40h,	16h, 0Ch, 8Ch, 01h
    161	0167  01 3D 80 00 13 98			     db	      01h, 3Dh,	80h, 00h, 13h, 98h
    162	016D  00 01 21 80 00 1A			     db	      00h, 01h,	21h, 80h, 00h, 1Ah
Turbo Assembler	 Version 2.01	     03/24/26 00:09:24	    Page 4
124UTILA.asm



    163	0173  18 00 01 A0 80 00			     db	      18h, 00h,	01h,0A0h, 80h, 00h
    164	0179  1A 08 00 01 A1 80			     db	      1Ah, 08h,	00h, 01h,0A1h, 80h
    165	017F  00 0A 0C 00 00 A1			     db	      00h, 0Ah,	0Ch, 00h, 00h,0A1h
    166	0185  C0 00 0A 1C 00 00			     db	     0C0h, 00h,	0Ah, 1Ch, 00h, 00h
    167	018B  D1 C0 00 0F 3C 00			     db	     0D1h,0C0h,	00h, 0Fh, 3Ch, 00h
    168	0191  00 FB C0 00 0F BC			     db	      00h,0FBh,0C0h, 00h, 0Fh,0BCh
    169	0197  00 00 FF C0 00 0F			     db	      00h, 00h,0FFh,0C0h, 00h, 0Fh
    170	019D  FC 00 00 FF E0 00			     db	     0FCh, 00h,	00h,0FFh,0E0h, 00h
    171	01A3  0F FE 00 00 EF E0			     db	      0Fh,0FEh,	00h, 00h,0EFh,0E0h
    172	01A9  00 0F FF 00 00 FF			     db	      00h, 0Fh,0FFh, 00h, 00h,0FFh
    173	01AF  F0 00 0F FF 80 01			     db	     0F0h, 00h,	0Fh,0FFh, 80h, 01h
    174	01B5  F7 F8 00 1F FE 80			     db	     0F7h,0F8h,	00h, 1Fh,0FEh, 80h
    175	01BB  01 FB EC 00 3F 3E			     db	      01h,0FBh,0ECh, 00h, 3Fh, 3Eh
    176	01C1  C0 03 FB CE 00 7F			     db	     0C0h, 03h,0FBh,0CEh, 00h, 7Fh
    177	01C7  FC E8 1E FB 4D 81			     db	     0FCh,0E8h,	1Eh,0FBh, 4Dh, 81h
    178	01CD  AF 74 F8 1E F7 4A			     db	     0AFh, 74h,0F8h, 1Eh,0F7h, 4Ah
    179	01D3  81 EF 76 F8 1E D2			     db	      81h,0EFh,	76h,0F8h, 1Eh,0D2h
    180	01D9  6D 81 EF 26 F8 3C			     db	      6Dh, 81h,0EFh, 26h,0F8h, 3Ch
    181	01DF  E2 EB 83 CD BE B8			     db	     0E2h,0EBh,	83h,0CDh,0BEh,0B8h
    182	01E5  3D DB FA 83 FB BF			     db	      3Dh,0DBh,0FAh, 83h,0FBh,0BFh
    183	01EB  C8 3F 61 FC 86 D6			     db	     0C8h, 3Fh,	61h,0FCh, 86h,0D6h
    184	01F1  1F C8 7F 89 BC 86			     db	      1Fh,0C8h,	7Fh, 89h,0BCh, 86h
    185	01F7  F1 9B 8C 5F 1D B8			     db	     0F1h, 9Bh,	8Ch, 5Fh, 1Dh,0B8h
    186	01FD  C5 E1 BB 8C 5E 3B			     db	     0C5h,0E1h,0BBh, 8Ch, 5Eh, 3Bh
    187	0203  B8 C5 E7 FB 84 5C			     db	     0B8h,0C5h,0E7h,0FBh, 84h, 5Ch
    188	0209  1F F4 45 C3 FF E4			     db	      1Fh,0F4h,	45h,0C3h,0FFh,0E4h
    189	020F  F8 3F FC 4F 87 FF			     db	     0F8h, 3Fh,0FCh, 4Fh, 87h,0FFh
    190	0215  F4 F8 7F FF 4F 0D			     db	     0F4h,0F8h,	7Fh,0FFh, 4Fh, 0Dh
    191	021B  FF E4 F0 DF FE 4F			     db	     0FFh,0E4h,0F0h,0DFh,0FEh, 4Fh
    192	0221  1F FF C4 F1 9F FC			     db	      1Fh,0FFh,0C4h,0F1h, 9Fh,0FCh
    193	0227  4F 39 F7 A4 F3 BF			     db	      4Fh, 39h,0F7h,0A4h,0F3h,0BFh
    194	022D  7A 4F 3B F7 A4 F3			     db	      7Ah, 4Fh,	3Bh,0F7h,0A4h,0F3h
    195	0233  BF				     db	     0BFh
    196	0234  72				     db	     72h
    197	0235			     loc_1:
    198	0235  4F				     dec     di
    199	0236  3B F7				     cmp     si,di
    200	0238			     loc_2:
    201	0238  64 F3 BF 7B			     db	      64h,0F3h,0BFh, 7Bh
    202	023C			     loc_3:
    203	023C  4F				     dec     di
    204	023D  7B F6				     jnp     loc_1		     ; Jump if not parity
    205	023F  7C F7				     jl	     loc_2		     ; Jump if <
    206	0241  B7 57				     mov     bh,57h		     ; 'W'
    207	0243  CF				     iret			     ; Interrupt return
    208										     ;*	No entry point to code
    209	0244  7B F6				     jnp     loc_3		     ; Jump if not parity
    210	0246  3C F7				     cmp     al,0F7h
    211	0248  B9 CF67				     mov     cx,0CF67h
    212	024B  FF 9C F744			     call    dword ptr ds:data_8e[si]	     ;*
    213	024F  F9				     stc			     ; Set carry flag
    214	0250  C4 4D BE				     les     cx,dword ptr [di-42h]   ; Load seg:offset ptr
    215	0253  98				     cbw			     ; Convrt byte to word
    216	0254  84 DB				     test    bl,bl
Turbo Assembler	 Version 2.01	     03/24/26 00:09:24	    Page 5
124UTILA.asm



    217				     ;*		     jmp     far ptr loc_10	     ;*
    218	0256  EA				     db	     0EAh
    219	0257  4D88 E83E				     dw	     4D88h, 0E83Eh	     ;	Fixup -	byte match
    220										     ;*	No entry point to code
    221	025B  84 D3				     test    dl,bl
    222	025D  EC				     in	     al,dx		     ; port 0, DMA-1 bas&add ch	0
    223	025E  D0 4D 3E				     ror     byte ptr [di+3Eh],1     ; Rotate
    224	0261  CD 04				     int     4			     ; Overflow
    225	0263  DF FC 50				     db	     0DFh,0FCh,	50h
    226	0266  4C		     data_3	     db	     4Ch		     ; Data table (indexed access)
    227	0267  F3 46 04 CB 0D E0			     db	     0F3h, 46h,	04h,0CBh, 0Dh,0E0h
    228	026D  4C A0 7E 04 EA 47			     db	      4Ch,0A0h,	7Eh, 04h,0EAh, 47h
    229	0273  40 CE B0 76 0C EA			     db	      40h,0CEh,0B0h, 76h, 0Ch,0EAh
    230	0279  07 40 8E E4 76 08			     db	      07h, 40h,	8Eh,0E4h, 76h, 08h
    231	027F  F5 C7 60 87 D8 66			     db	     0F5h,0C7h,	60h, 87h,0D8h, 66h
    232	0285  08 77 06 60 87 F4			     db	      08h, 77h,	06h, 60h, 87h,0F4h
    233	028B  62 08 7F 46 61 45			     db	      62h, 08h,	7Fh, 46h, 61h, 45h
    234	0291  8C A2 14 29 A2 61			     db	      8Ch,0A2h,	14h, 29h,0A2h, 61h
    235	0297  C2 9F A2 1C 29 FE			     db	     0C2h, 9Fh,0A2h, 1Ch, 29h,0FEh
    236	029D  61 A2 9F A6 1A 28			     db	      61h,0A2h,	9Fh,0A6h, 1Ah, 28h
    237	02A3  FE 63 A7 C7 E6			     db	     0FEh, 63h,0A7h,0C7h,0E6h
    238	02A8  7E 7C 7E				     db	      7Eh, 7Ch,	7Eh
    239	02AB			     loc_4:
    240	02AB  6F E7 C7				     db	      6Fh,0E7h,0C7h
    241	02AE			     loc_5:
    242	02AE  E7 EF				     out     0EFh,ax		     ; port 0EFh ??I/O Non-standard
    243	02B0  7C 7E				     jl	     $+80h		     ; Jump if <
    244	02B2  7E F7				     jle     loc_4		     ; Jump if < or =
    245	02B4  C3				     retn
    246	02B5  E6 0F 7E 7E 61 F7			     db	     0E6h, 0Fh,	7Eh, 7Eh, 61h,0F7h
    247	02BB  E7 E6 1F 7E 5E E2			     db	     0E7h,0E6h,	1Fh, 7Eh, 5Eh,0E2h
    248	02C1  F7 E5 CE 2F 80 3D			     db	     0F7h,0E5h,0CEh, 2Fh, 80h, 3Dh
    249	02C7  80 00 03 98 00 00			     db	      80h, 00h,	03h, 98h, 00h, 00h
    250	02CD  29 80 00 02 18 00			     db	      29h, 80h,	00h, 02h, 18h, 00h
    251	02D3  00 20 00 00 02 DD			     db	      00h, 20h,	00h, 00h, 02h,0DDh
    252	02D9  00 00 21 80 00 02			     db	      00h, 00h,	21h, 80h, 00h, 02h
    253	02DF  08 00 00 21 80 00			     db	      08h, 00h,	00h, 21h, 80h, 00h
    254	02E5  02 18 00 00 51 80			     db	      02h, 18h,	00h, 00h, 51h, 80h
    255	02EB  00 07 3C 00 00 FB			     db	      00h, 07h,	3Ch, 00h, 00h,0FBh
    256	02F1  80 00 07 BC 00 00			     db	      80h, 00h,	07h,0BCh, 00h, 00h
    257	02F7  FF 80 00 0F FC 00			     db	     0FFh, 80h,	00h, 0Fh,0FCh, 00h
    258	02FD  00 FF C0 00 0F FE			     db	      00h,0FFh,0C0h, 00h, 0Fh,0FEh
    259	0303  00 00 EF E0 00 0F			     db	      00h, 00h,0EFh,0E0h, 00h, 0Fh
    260	0309  BE 00 00 FF F0 00			     db	     0BEh, 00h,	00h,0FFh,0F0h, 00h
    261	030F  0F FF 00 00 D7 F8			     db	      0Fh,0FFh,	00h, 00h,0D7h,0F8h
    262	0315  00 1F 3F 80 01 FF			     db	      00h, 1Fh,	3Fh, 80h, 01h,0FFh
    263	031B  F8 00 1F FF 80 03			     db	     0F8h, 00h,	1Fh,0FFh, 80h, 03h
    264	0321  FF 78 00 3F F7 80			     db	     0FFh, 78h,	00h, 3Fh,0F7h, 80h
    265	0327  03				     db	      03h
    266	0328  FB		     data_4	     db	     0FBh
    267	0329  78 00 3F 77 80 03			     db	      78h, 00h,	3Fh, 77h, 80h, 03h
    268	032F  FF 78 00 3F F7 80			     db	     0FFh, 78h,	00h, 3Fh,0F7h, 80h
    269	0335  03 FE 78 00 7F E7			     db	      03h,0FEh,	78h, 00h, 7Fh,0E7h
    270	033B  80 05 EE F8 00 5D			     db	      80h, 05h,0EEh,0F8h, 00h, 5Dh
Turbo Assembler	 Version 2.01	     03/24/26 00:09:24	    Page 6
124UTILA.asm



    271	0341  FF 80 07 FF F8 00			     db	     0FFh, 80h,	07h,0FFh,0F8h, 00h
    272	0347  7F FF 00 07 7F F0			     db	      7Fh,0FFh,	00h, 07h, 7Fh,0F0h
    273	034D  00 7E FF 00 07 8F			     db	      00h, 7Eh,0FFh, 00h, 07h, 8Fh
    274	0353  B0 00 71 FB 00 07			     db	     0B0h, 00h,	71h,0FBh, 00h, 07h
    275	0359  1F B0 00 63 FB 00			     db	      1Fh,0B0h,	00h, 63h,0FBh, 00h
    276	035F  06 7F F0 00 67 FE			     db	      06h, 7Fh,0F0h, 00h, 67h,0FEh
    277	0365  00 04 3F E0 00 43			     db	      00h, 04h,	3Fh,0E0h, 00h, 43h
    278	036B  FE 00 08 7F E0 00			     db	     0FEh, 00h,	08h, 7Fh,0E0h, 00h
    279	0371  87 FE 00 08 FB E0			     db	      87h,0FEh,	00h, 08h,0FBh,0E0h
    280	0377  01				     db	      01h
    281	0378  0D				     db	     0Dh
    282
    283	0379			     locloop_6:
    284	0379  FE 00				     inc     byte ptr [bx+si]
    285	037B  12 DF				     adc     bl,bh
    286	037D  E0 01				     loopnz  $+3		     ; Loop if zf=0, cx>0
    287
    288	037F  3F				     aas			     ; Ascii adjust
    289	0380  FC				     cld			     ; Clear direction
    290	0381  00 13				     add     [bp+di],dl
    291	0383  9F				     lahf			     ; Load ah from flags
    292	0384  C0 01 39 F4 00 13			     db	     0C0h, 01h,	39h,0F4h, 00h, 13h
    293	038A  BF 40 01 3B F4 00			     db	     0BFh, 40h,	01h, 3Bh,0F4h, 00h
    294	0390  1B BF 40 01 FB F4			     db	      1Bh,0BFh,	40h, 01h,0FBh,0F4h
    295	0396  00 13 BB 40 01 3B			     db	      00h, 13h,0BBh, 40h, 01h, 3Bh
    296	039C  F4 00 15 BF 40 01			     db	     0F4h, 00h,	15h,0BFh, 40h, 01h
    297	03A2  5B FC 00 15 F9 C0			     db	      5Bh,0FCh,	00h, 15h,0F9h,0C0h
    298	03A8  00 DF 9C 00 01 F9			     db	      00h,0DFh,	9Ch, 00h, 01h,0F9h
    299	03AE  80 00 1F 90 00 01			     db	      80h, 00h,	1Fh, 90h, 00h, 01h
    300	03B4  EE 00 00 1E C0 00			     db	     0EEh, 00h,	00h, 1Eh,0C0h, 00h
    301	03BA  01 EC 00 00 1F 80			     db	      01h,0ECh,	00h, 00h, 1Fh, 80h
    302	03C0  00 01 F8 00 00 13			     db	      00h, 01h,0F8h, 00h, 00h, 13h
    303	03C6  00 00 01 08 00 00			     db	      00h, 00h,	01h, 08h, 00h, 00h
    304	03CC  26 40 00 00 44 00			     db	      26h, 40h,	00h, 00h, 44h, 00h
    305	03D2  00 30 40 00 02 64			     db	      00h, 30h,	40h, 00h, 02h, 64h
    306	03D8  00 00 24 40 00 07			     db	      00h, 00h,	24h, 40h, 00h, 07h
    307	03DE  C4 00 00 78 40 00			     db	     0C4h, 00h,	00h, 78h, 40h, 00h
    308	03E4  07 6C 00 00 F4 C0			     db	      07h, 6Ch,	00h, 00h,0F4h,0C0h
    309	03EA  00 0F 4C 00 01 EE			     db	      00h, 0Fh,	4Ch, 00h, 01h,0EEh
    310	03F0  80 00 29 E0 00 03			     db	      80h, 00h,	29h,0E0h, 00h, 03h
    311	03F6  9C 00 00 39 C0 00			     db	      9Ch, 00h,	00h, 39h,0C0h, 00h
    312	03FC  02 9C 00 00 68 E0			     db	      02h, 9Ch,	00h, 00h, 68h,0E0h
    313	0402  00 07 CE 00 00 7C			     db	      00h, 07h,0CEh, 00h, 00h, 7Ch
    314	0408  60 00 07 C7 00 00			     db	      60h, 00h,	07h,0C7h, 00h, 00h
    315	040E  7C 70 00 07 C3 00			     db	      7Ch, 70h,	00h, 07h,0C3h, 00h
    316	0414  00 7E 70 00 05 E7			     db	      00h, 7Eh,	70h, 00h, 05h,0E7h
    317	041A  00 00 7E 50 40 07			     db	      00h, 00h,	7Eh, 50h, 40h, 07h
    318	0420  EF 8C 00 C0 03 C7			     db	     0EFh, 8Ch,	00h,0C0h, 03h,0C7h
    319	0426  20 2B 9A AA B8 60			     db	      20h, 2Bh,	9Ah,0AAh,0B8h, 60h
    320	042C  03 C7 80 56 48 2A			     db	      03h,0C7h,	80h, 56h, 48h, 2Ah
    321	0432  B0 60 03 C3 C0 5C			     db	     0B0h, 60h,	03h,0C3h,0C0h, 5Ch
    322	0438  9A 0A AA B8 60 01			     db	      9Ah, 0Ah,0AAh,0B8h, 60h, 01h
    323	043E  E1 E0 5C 48 2A AA			     db	     0E1h,0E0h,	5Ch, 48h, 2Ah,0AAh
    324	0444  B0 30 01 E0 F0 B8			     db	     0B0h, 30h,	01h,0E0h,0F0h,0B8h
Turbo Assembler	 Version 2.01	     03/24/26 00:09:24	    Page 7
124UTILA.asm



    325	044A  9A AA AA C0 30 01			     db	      9Ah,0AAh,0AAh,0C0h, 30h, 01h
    326	0450  E0 78 B8 48 02 EE			     db	     0E0h, 78h,0B8h, 48h, 02h,0EEh
    327	0456  AB 0C 01 E0 6C B8			     db	     0ABh, 0Ch,	01h,0E0h, 6Ch,0B8h
    328	045C  9A AB 92 AD 40 53			     db	      9Ah,0ABh,	92h,0ADh, 40h, 53h
    329	0462  F0 96 B8 4A AE BA			     db	     0F0h, 96h,0B8h, 4Ah,0AEh,0BAh
    330	0468  A6 80 23 80 F1 08			     db	     0A6h, 80h,	23h, 80h,0F1h, 08h
    331	046E  78 9A 91 2A A9 50			     db	      78h, 9Ah,	91h, 2Ah,0A9h, 50h
    332	0474  40 80 6E 01 28 05			     db	      40h, 80h,	6Eh, 01h, 28h, 05h
    333	047A  08 6A				     db	      08h, 6Ah
    334	047C  C0		     data_5	     db	     0C0h
    335	047D  80 82 C0 38 AA 80			     db	      80h, 82h,0C0h, 38h,0AAh, 80h
    336	0483  40 04 01 01 60 1D			     db	      40h, 04h,	01h, 01h, 60h, 1Dh
    337	0489  14 72 20 82 08 02			     db	      14h, 72h,	20h, 82h, 08h, 02h
    338	048F  03 70 0C 0A CC 40			     db	      03h, 70h,	0Ch, 0Ah,0CCh, 40h
    339	0495  10 15 01 30 06 D2			     db	      10h, 15h,	01h, 30h, 06h,0D2h
    340	049B  08 02 22 82 48 06			     db	      08h, 02h,	22h, 82h, 48h, 06h
    341	04A1  44 05 01 A4 41 18			     db	      44h, 05h,	01h,0A4h, 41h, 18h
    342	04A7  06 12 B8 2A 8C 04			     db	      06h, 12h,0B8h, 2Ah, 8Ch, 04h
    343	04AD  8A 01 AA A4 15 40			     db	      8Ah, 01h,0AAh,0A4h, 15h, 40h
    344	04B3  C0 0F 60 1D D3 EC			     db	     0C0h, 0Fh,	60h, 1Dh,0D3h,0ECh
    345	04B9  22 08 B0 1E 14 C0			     db	      22h, 08h,0B0h, 1Eh, 14h,0C0h
    346	04BF  12 C7 83 84 11 10			     db	      12h,0C7h,	83h, 84h, 11h, 10h
    347	04C5  16 14 02 DB EA C0			     db	      16h, 14h,	02h,0DBh,0EAh,0C0h
    348	04CB  01 DC 08 88 02 30			     db	      01h,0DCh,	08h, 88h, 02h, 30h
    349	04D1  14 78 C3 E9 82 40			     db	      14h, 78h,0C3h,0E9h, 82h, 40h
    350	04D7  E4 0B 44 02 33 69			     db	     0E4h, 0Bh,	44h, 02h, 33h, 69h
    351	04DD  EA 20 B8 A8 04 CC			     db	     0EAh, 20h,0B8h,0A8h, 04h,0CCh
    352	04E3  05 02 01 03 30 03			     db	      05h, 02h,	01h, 03h, 30h, 03h
    353	04E9  7E C0 1B 0A F0 03			     db	      7Eh,0C0h,	1Bh, 0Ah,0F0h, 03h
    354	04EF  89 55 7C 1B 4F 1C			     db	      89h, 55h,	7Ch, 1Bh, 4Fh, 1Ch
    355	04F5  01 40 A1 B0 02 01			     db	      01h, 40h,0A1h,0B0h, 02h, 01h
    356	04FB  55 4E D2 22 E8 03			     db	      55h, 4Eh,0D2h, 22h,0E8h, 03h
    357	0501  90 22 51 98 02 55			     db	      90h, 22h,	51h, 98h, 02h, 55h
    358	0507  55 58 60 03 E8 5A			     db	      55h, 58h,	60h, 03h,0E8h, 5Ah
    359	050D  74 18 61 D0 56 A3			     db	      74h, 18h,	61h,0D0h, 56h,0A3h
    360	0513  5C 04 85 55 48 06			     db	      5Ch, 04h,	85h, 55h, 48h, 06h
    361	0519  C1 21 5E 30 18 FC			     db	     0C1h, 21h,	5Eh, 30h, 18h,0FCh
    362	051F  0C 1F 8C 24 A6 15			     db	      0Ch, 1Fh,	8Ch, 24h,0A6h, 15h
    363	0525  55 58 03 18 07 45			     db	      55h, 58h,	03h, 18h, 07h, 45h
    364	052B  4B 0C 1A B0 06 56			     db	      4Bh, 0Ch,	1Ah,0B0h, 06h, 56h
    365	0531  18 24 06 CC 05 55			     db	      18h, 24h,	06h,0CCh, 05h, 55h
    366	0537  60 C0 01 80 09 15			     db	      60h,0C0h,	01h, 80h, 09h, 15h
    367	053D  76 04 04 C0 CB EC			     db	      76h, 04h,	04h,0C0h,0CBh,0ECh
    368	0543  1A 4C 15 55 70 30			     db	      1Ah, 4Ch,	15h, 55h, 70h, 30h
    369	0549  06 12 05 66 16 07			     db	      06h, 12h,	05h, 66h, 16h, 07h
    370	054F  C0 24 0F E8 6B 98			     db	     0C0h, 24h,	0Fh,0E8h, 6Bh, 98h
    371	0555  05 55 60 18 0C 48			     db	      05h, 55h,	60h, 18h, 0Ch, 48h
    372	055B  15 73 04 08 06 9E			     db	      15h, 73h,	04h, 08h, 06h, 9Eh
    373	0561  E1 AB 18 01 55 70			     db	     0E1h,0ABh,	18h, 01h, 55h, 70h
    374	0567  0C 0C C0 55 4B 03			     db	      0Ch, 0Ch,0C0h, 55h, 4Bh, 03h
    375	056D  10 40 87 A3 A9 31			     db	      10h, 40h,	87h,0A3h,0A9h, 31h
    376	0573  B0 55 60 0C 30 CA			     db	     0B0h, 55h,	60h, 0Ch, 30h,0CAh
    377	0579  15 59 9A 70 11 01			     db	      15h, 59h,	9Ah, 70h, 11h, 01h
    378	057F  AE 66 B9 55 20 0C			     db	     0AEh, 66h,0B9h, 55h, 20h, 0Ch
Turbo Assembler	 Version 2.01	     03/24/26 00:09:24	    Page 8
124UTILA.asm



    379	0585  C0 01 80 55 5C 11			     db	     0C0h, 01h,	80h, 55h, 5Ch, 11h
    380	058B  05 06 B8 D9 EC 55			     db	      05h, 06h,0B8h,0D9h,0ECh, 55h
    381	0591  60 0C 03 03 15 70			     db	      60h, 0Ch,	03h, 03h, 15h, 70h
    382	0597  88 04 B1 BF 8F 55			     db	      88h, 04h,0B1h,0BFh, 8Fh, 55h
    383	059D  80 18 06 03 55 C5			     db	      80h, 18h,	06h, 03h, 55h,0C5h
    384	05A3  2E C3 7D 5F 55 C0			     db	      2Eh,0C3h,	7Dh, 5Fh, 55h,0C0h
    385	05A9  18 18 06 01 57 27			     db	      18h, 18h,	06h, 01h, 57h, 27h
    386	05AF  09 56 55 03 E0 BC			     db	      09h, 56h,	55h, 03h,0E0h,0BCh
    387	05B5  D0 80 0C 60 04 80			     db	     0D0h, 80h,	0Ch, 60h, 04h, 80h
    388	05BB  48 40 01 0A 08 BF			     db	      48h, 40h,	01h, 0Ah, 08h,0BFh
    389	05C1  ED 99 0C C0 05 C1			     db	     0EDh, 99h,	0Ch,0C0h, 05h,0C1h
    390	05C7  73 55 48 0A D5 57			     db	      73h, 55h,	48h, 0Ah,0D5h, 57h
    391	05CD  82 06 01 80 0C 05			     db	      82h, 06h,	01h, 80h, 0Ch, 05h
    392	05D3  C4 04 1F D5 74 44			     db	     0C4h, 04h,	1Fh,0D5h, 74h, 44h
    393	05D9  03 03 0C 01 A5 52			     db	      03h, 03h,	0Ch, 01h,0A5h, 52h
    394	05DF  2E 15 64 88 03 06			     db	      2Eh, 15h,	64h, 88h, 03h, 06h
    395	05E5  0C 56 40 01 35 52			     db	      0Ch, 56h,	40h, 01h, 35h, 52h
    396	05EB  39 10 01 80 0C 0C			     db	      39h, 10h,	01h, 80h, 0Ch, 0Ch
    397	05F1  AD D5 DD 55 00 60			     db	     0ADh,0D5h,0DDh, 55h, 00h, 60h
    398	05F7  25 50 22 20 C0 18			     db	      25h, 50h,	22h, 20h,0C0h, 18h
    399	05FD  0D 24 40 01 75 20			     db	      0Dh, 24h,	40h, 01h, 75h, 20h
    400	0603  44 40 C0 30 0F 0D			     db	      44h, 40h,0C0h, 30h, 0Fh, 0Dh
    401	0609  55 55 58 28 02 F5			     db	      55h, 55h,	58h, 28h, 02h,0F5h
    402	060F  02 08 80 60 60 01			     db	      02h, 08h,	80h, 60h, 60h, 01h
    403	0615  04 04 40 35 84 11			     db	      04h, 04h,	40h, 35h, 84h, 11h
    404	061B  30 C0 09 DD 55 01			     db	      30h,0C0h,	09h,0DDh, 55h, 01h
    405	0621  56 02 F5 20 22 30			     db	      56h, 02h,0F5h, 20h, 22h, 30h
    406	0627  C0 40 40 32 40 44			     db	     0C0h, 40h,	40h, 32h, 40h, 44h
    407	062D  18 01 80 07 DD 55			     db	      18h, 01h,	80h, 07h,0DDh, 55h
    408	0633  01 58 02 F0 80 88			     db	      01h, 58h,	02h,0F0h, 80h, 88h
    409	0639  18 01 80 10 40 05			     db	      18h, 01h,	80h, 10h, 40h, 05h
    410	063F  35 C1 10 0C 01 80			     db	      35h,0C1h,	10h, 0Ch, 01h, 80h
    411	0645  95 DD 55 00 56 02			     db	      95h,0DDh,	55h, 00h, 56h, 02h
    412	064B  F5 72 20 0C 01 80			     db	     0F5h, 72h,	20h, 0Ch, 01h, 80h
    413	0651  01 10 05 95 61 40			     db	      01h, 10h,	05h, 95h, 61h, 40h
    414	0657  0C 03 07 55 55 57			     db	      0Ch, 03h,	07h, 55h, 55h, 57h
    415	065D  50 0A D5 22 80 06			     db	      50h, 0Ah,0D5h, 22h, 80h, 06h
    416	0663  03 04 01 A0 45 D5			     db	      03h, 04h,	01h,0A0h, 45h,0D5h
    417	0669  65 06 06 03 55 55			     db	      65h, 06h,	06h, 03h, 55h, 55h
    418	066F  54 80 04 40 82 D5			     db	      54h, 80h,	04h, 40h, 82h,0D5h
    419	0675  20 06 0C 04 01 78			     db	      20h, 06h,	0Ch, 04h, 01h, 78h
    420	067B  1E 08 0A 81 07 55			     db	      1Eh, 08h,	0Ah, 81h, 07h, 55h
    421	0681  60 03 18 07 55 55			     db	      60h, 03h,	18h, 07h, 55h, 55h
    422	0687  52 FA 63 04 14 06			     db	      52h,0FAh,	63h, 04h, 14h, 06h
    423	068D  0A 55 20 03 18 01			     db	      0Ah, 55h,	20h, 03h, 18h, 01h
    424	0693  04 C4 46 02 28 09			     db	      04h,0C4h,	46h, 02h, 28h, 09h
    425	0699  13 55 60 03 18 01			     db	      13h, 55h,	60h, 03h, 18h, 01h
    426	069F  D5 54 20 01 80 06			     db	     0D5h, 54h,	20h, 01h, 80h, 06h
    427	06A5  01 44 12 0F 55 20			     db	      01h, 44h,	12h, 0Fh, 55h, 20h
    428	06AB  03 18 10 01 01 58			     db	      03h, 18h,	10h, 01h, 01h, 58h
    429	06B1  30 08 0C 19 55 60			     db	      30h, 08h,	0Ch, 19h, 55h, 60h
    430	06B7  03 18 50 1B 04 12			     db	      03h, 18h,	50h, 1Bh, 04h, 12h
    431	06BD  2D 55 20 03 18 1E			     db	      2Dh, 55h,	20h, 03h, 18h, 1Eh
    432	06C3  01 B0 04 5D 55 C0			     db	      01h,0B0h,	04h, 5Dh, 55h,0C0h
Turbo Assembler	 Version 2.01	     03/24/26 00:09:24	    Page 9
124UTILA.asm



    433	06C9  03 30 47 A2 40 AD			     db	      03h, 30h,	47h,0A2h, 40h,0ADh
    434	06CF  55 80 06 30 02 02			     db	      55h, 80h,	06h, 30h, 02h, 02h
    435	06D5  91 9D 54 80 06 30			     db	      91h, 9Dh,	54h, 80h, 06h, 30h
    436	06DB  10 1B 22 17 57 06			     db	      10h, 1Bh,	22h, 17h, 57h, 06h
    437	06E1  30 20 1E 01 13 C8			     db	      30h, 20h,	1Eh, 01h, 13h,0C8h
    438	06E7  06 30 40 3C 29 06			     db	      06h, 30h,	40h, 3Ch, 29h, 06h
    439	06ED  30 80 0A 16 06 30			     db	      30h, 80h,	0Ah, 16h, 06h, 30h
    440	06F3  01 4F 10 04 0C 30			     db	      01h, 4Fh,	10h, 04h, 0Ch, 30h
    441	06F9  0D 80 02 2A 0C 30			     db	      0Dh, 80h,	02h, 2Ah, 0Ch, 30h
    442	06FF  01 98 01 F4 0C 30			     db	      01h, 98h,	01h,0F4h, 0Ch, 30h
    443	0705  1C 80 84 C0 0C 30			     db	      1Ch, 80h,	84h,0C0h, 0Ch, 30h
    444	070B  96 13 80 18 18 D5			     db	      96h, 13h,	80h, 18h, 18h,0D5h
    445	0711  20 DD 18 00 DD 55			     db	      20h,0DDh,	18h, 00h,0DDh, 55h
    446	0717  01 48 30 18 D5 55			     db	      01h, 48h,	30h, 18h,0D5h, 55h
    447	071D  57 60 0C 03 55 55			     db	      57h, 60h,	0Ch, 03h, 55h, 55h
    448	0723  54 80 C0 0C 0C 55			     db	      54h, 80h,0C0h, 0Ch, 0Ch, 55h
    449	0729  54 DD 55 00 20 01			     db	      54h,0DDh,	55h, 00h, 20h, 01h
    450	072F  80 06 01 D5 55 55			     db	      80h, 06h,	01h,0D5h, 55h, 55h
    451	0735  60 03 03 02 DD 55			     db	      60h, 03h,	03h, 02h,0DDh, 55h
    452	073B  00 70 06 01 80 01			     db	      00h, 70h,	06h, 01h, 80h, 01h
    453	0741  D5 DD 55 00 60 0C			     db	     0D5h,0DDh,	55h, 00h, 60h, 0Ch
    454	0747  C0 D5 DD 55 01 80			     db	     0C0h,0D5h,0DDh, 55h, 01h, 80h
    455	074D  0C 60 4E 01 D5 55			     db	      0Ch, 60h,	4Eh, 01h,0D5h, 55h
    456	0753  56 06 30 02 55 55			     db	      56h, 06h,	30h, 02h, 55h, 55h
    457	0759  52 03 18 1D 55 55			     db	      52h, 03h,	18h, 1Dh, 55h, 55h
    458	075F  C0 C0 06 D5 20 30			     db	     0C0h,0C0h,	06h,0D5h, 20h, 30h
    459	0765  18 01 B1 B0 1C 80			     db	      18h, 01h,0B1h,0B0h, 1Ch, 80h
    460	076B  0C 30 03 36 6F 01			     db	      0Ch, 30h,	03h, 36h, 6Fh, 01h
    461	0771  E0 82 03 60 05 01			     db	     0E0h, 82h,	03h, 60h, 05h, 01h
    462	0777  28 D9 41 C0 EB C7			     db	      28h,0D9h,	41h,0C0h,0EBh,0C7h
    463	077D  80 1B 8B 60 08 80			     db	      80h, 1Bh,	8Bh, 60h, 08h, 80h
    464	0783  60 01 FB 6D 80 0A			     db	      60h, 01h,0FBh, 6Dh, 80h, 0Ah
    465	0789  78 01 40 30 03 DF			     db	      78h, 01h,	40h, 30h, 03h,0DFh
    466	078F  43 3E 80 88 0C 03			     db	      43h, 3Eh,	80h, 88h, 0Ch, 03h
    467	0795  CE 41 20 03 60 11			     db	     0CEh, 41h,	20h, 03h, 60h, 11h
    468	079B  06 07 8C 65 C0 78			     db	      06h, 07h,	8Ch, 65h,0C0h, 78h
    469	07A1  A8 80 01 80 07 86			     db	     0A8h, 80h,	01h, 80h, 07h, 86h
    470	07A7  3D 40 1E 33 01 40			     db	      3Dh, 40h,	1Eh, 33h, 01h, 40h
    471	07AD  C0 07 86 06 C6 C0			     db	     0C0h, 07h,	86h, 06h,0C6h,0C0h
    472	07B3  0A 30 07 8C 1E A3			     db	      0Ah, 30h,	07h, 8Ch, 1Eh,0A3h
    473	07B9  60 04 40 18 07 8C			     db	      60h, 04h,	40h, 18h, 07h, 8Ch
    474	07BF  06 C1 B0 02 20 0C			     db	      06h,0C1h,0B0h, 02h, 20h, 0Ch
    475	07C5  03 D8 F1 38 01 10			     db	      03h,0D8h,0F1h, 38h, 01h, 10h
    476	07CB  14 06 03 D8 A0 CC			     db	      14h, 06h,	03h,0D8h,0A0h,0CCh
    477	07D1  28 02 02 03 03 33			     db	      28h, 02h,	02h, 03h, 03h, 33h
    478	07D7  03 64 40 02 E0 03			     db	      03h, 64h,	40h, 02h,0E0h, 03h
    479	07DD  36 01 E0 02 E0 03			     db	      36h, 01h,0E0h, 02h,0E0h, 03h
    480	07E3  63 02 E0 01 80 66			     db	      63h, 02h,0E0h, 01h, 80h, 66h
    481	07E9  02 B0 01 80 63 30			     db	      02h,0B0h,	01h, 80h, 63h, 30h
    482	07EF  01 80 66 0C 01 80			     db	      01h, 80h,	66h, 0Ch, 01h, 80h
    483	07F5  63 05 53 C0 66 23			     db	      63h, 05h,	53h,0C0h, 66h, 23h
    484	07FB  80 C0 63 0A 40 80			     db	      80h,0C0h,	63h, 0Ah, 40h, 80h
    485	0801  60 36 14 82 C0 30			     db	      60h, 36h,	14h, 82h,0C0h, 30h
    486	0807  0A 14 79 01 60 18			     db	      0Ah, 14h,	79h, 01h, 60h, 18h
Turbo Assembler	 Version 2.01	     03/24/26 00:09:24	    Page 10
124UTILA.asm



    487	080D  A4 23 28 01 E2 03			     db	     0A4h, 23h,	28h, 01h,0E2h, 03h
    488	0813  70 0D 12 41 8E 40			     db	      70h, 0Dh,	12h, 41h, 8Eh, 40h
    489	0819  07 95 01 30 06 3E			     db	      07h, 95h,	01h, 30h, 06h, 3Eh
    490	081F  40 D4 A0 36 22 82			     db	      40h,0D4h,0A0h, 36h, 22h, 82h
    491	0825  48 04 D8 42 48 80			     db	      48h, 04h,0D8h, 42h, 48h, 80h
    492	082B  09 25 A4 41 18 07			     db	      09h, 25h,0A4h, 41h, 18h, 07h
    493	0831  52 B0 95 1E 22 52			     db	      52h,0B0h,	95h, 1Eh, 22h, 52h
    494	0837  BB EA 8C 04 72 31			     db	     0BBh,0EAh,	8Ch, 04h, 72h, 31h
    495	083D  7D 7B 31 AA A6 95			     db	      7Dh, 7Bh,	31h,0AAh,0A6h, 95h
    496	0843  40 C0 0F 60 73 11			     db	      40h,0C0h,	0Fh, 60h, 73h, 11h
    497	0849  40 1D D3 ED 62 08			     db	      40h, 1Dh,0D3h,0EDh, 62h, 08h
    498	084F  B0 1E 14 C0 12 EF			     db	     0B0h, 1Eh,	14h,0C0h, 12h,0EFh
    499	0855  FB 85 51 10 16 14			     db	     0FBh, 85h,	51h, 10h, 16h, 14h
    500	085B  02 DB EA C0 36 EA			     db	      02h,0DBh,0EAh,0C0h, 36h,0EAh
    501	0861  DE 88 88 02 30 14			     db	     0DEh, 88h,	88h, 02h, 30h, 14h
    502	0867  78 C3 E9 82 4C 54			     db	      78h,0C3h,0E9h, 82h, 4Ch, 54h
    503	086D  64 0B 44 02 33 69			     db	      64h, 0Bh,	44h, 02h, 33h, 69h
    504	0873  FE 3B B8 A8 05 94			     db	     0FEh, 3Bh,0B8h,0A8h, 05h, 94h
    505	0879  0C 05 02 01 03 30			     db	      0Ch, 05h,	02h, 01h, 03h, 30h
    506	087F  03 7E C0 06 DB 0A			     db	      03h, 7Eh,0C0h, 06h,0DBh, 0Ah
    507	0885  C0 33 C0 03 88 01			     db	     0C0h, 33h,0C0h, 03h, 88h, 01h
    508	088B  7C 1B 1F 16 04 38			     db	      7Ch, 1Bh,	1Fh, 16h, 04h, 38h
    509	0891  A0 78 C0 36 60 02			     db	     0A0h, 78h,0C0h, 36h, 60h, 02h
    510	0897  04 4E D2 22 F0 C9			     db	      04h, 4Eh,0D2h, 22h,0F0h,0C9h
    511	089D  88 F0 02 9B 30 02			     db	      88h,0F0h,	02h, 9Bh, 30h, 02h
    512	08A3  40 18 60 03 E8 0A			     db	      40h, 18h,	60h, 03h,0E8h, 0Ah
    513	08A9  78 D8 4B 1B 5F 30			     db	      78h,0D8h,	4Bh, 1Bh, 5Fh, 30h
    514	08AF  04 80 1C E6 C1 20			     db	      04h, 80h,	1Ch,0E6h,0C1h, 20h
    515	08B5  1E 3D 98 F6 30 88			     db	      1Eh, 3Dh,	98h,0F6h, 30h, 88h
    516	08BB  25 E0 06 1B 06 03			     db	      25h,0E0h,	06h, 1Bh, 06h, 03h
    517	08C1  18 F7				     db	      18h,0F7h
    518	08C3  40				     db	     40h
    519
    520	08C4			     locloop_7:
    521	08C4  1B 0C				     sbb     cx,[si]
    522	08C6  18 0E 047Cr			     sbb     data_5,cl
    523	08CA  10 25				     adc     [di],ah
    524	08CC  40				     inc     ax
    525	08CD  0C 34				     or	     al,34h		     ; '4'
    526	08CF  80 03 C0				     add     byte ptr [bp+di],0C0h
    527	08D2  01 80 690C			     add     ds:data_7e[bx+si],ax
    528	08D6  36 04 04 38 1C CB			     db	      36h, 04h,	04h, 38h, 1Ch,0CBh
    529	08DC  EC 0C 32 40 02 70			     db	     0ECh, 0Ch,	32h, 40h, 02h, 70h
    530	08E2  06 60 D2 36 16 07			     db	      06h, 60h,0D2h, 36h, 16h, 07h
    531	08E8  FC 24 0F E8 18 34			     db	     0FCh, 24h,	0Fh,0E8h, 18h, 34h
    532	08EE  20 02 40 B8 0C 60			     db	      20h, 02h,	40h,0B8h, 0Ch, 60h
    533	08F4  01 C8 33 04 08 06			     db	      01h,0C8h,	33h, 04h, 08h, 06h
    534	08FA  C6 9E E0 18 32 70			     db	     0C6h, 9Eh,0E0h, 18h, 32h, 70h
    535	0900  0C 0C 30 03 C0 1B			     db	      0Ch, 0Ch,	30h, 03h,0C0h, 1Bh
    536	0906  03 30 0F 0C 87 A0			     db	      03h, 30h,	0Fh, 0Ch, 87h,0A0h
    537	090C  31 B0 64 04 C0 18			     db	      31h,0B0h,	64h, 04h,0C0h, 18h
    538	0912  0C 37 B0 A9 CA 19			     db	      0Ch, 37h,0B0h,0A9h,0CAh, 19h
    539	0918  9B C6 D1 66 B8 62			     db	      9Bh,0C6h,0D1h, 66h,0B8h, 62h
    540	091E  2C 03 0C D8 DA AF			     db	      2Ch, 03h,	0Ch,0D8h,0DAh,0AFh
Turbo Assembler	 Version 2.01	     03/24/26 00:09:24	    Page 11
124UTILA.asm



    541	0924  80 0C 18 30 C0 1D			     db	      80h, 0Ch,	18h, 30h,0C0h, 1Dh
    542	092A  D9 EC 64 20 03 18			     db	     0D9h,0ECh,	64h, 20h, 03h, 18h
    543	0930  CC 03 7E 66 AF 30			     db	     0CCh, 03h,	7Eh, 66h,0AFh, 30h
    544	0936  C3 30 0C 01 BE CE			     db	     0C3h, 30h,	0Ch, 01h,0BEh,0CEh
    545	093C  C9 08 13 78 06 CF			     db	     0C9h, 08h,	13h, 78h, 06h,0CFh
    546	0942  34 A7 C6 0C 01 80			     db	      34h,0A7h,0C6h, 0Ch, 01h, 80h
    547	0948  06 28 03 7D 5F D2			     db	      06h, 28h,	03h, 7Dh, 5Fh,0D2h
    548	094E  10 02 18 1B 07 9B			     db	      10h, 02h,	18h, 1Bh, 07h, 9Bh
    549	0954  BE 03 33 0C 03 C0			     db	     0BEh, 03h,	33h, 0Ch, 03h,0C0h
    550	095A  03 50 09 F5 5D 81			     db	      03h, 50h,	09h,0F5h, 5Dh, 81h
    551	0960  A4 80 4C 66 03 CD			     db	     0A4h, 80h,	4Ch, 66h, 03h,0CDh
    552	0966  B4 80 18 C0 03 01			     db	     0B4h, 80h,	18h,0C0h, 03h, 01h
    553	096C  80 01 80 1C EA BD			     db	      80h, 01h,	80h, 1Ch,0EAh,0BDh
    554	0972  C1 C1 64 2C D8 03			     db	     0C1h,0C1h,	64h, 2Ch,0D8h, 03h
    555	0978  36 55 C0 33 01 83			     db	      36h, 55h,0C0h, 33h, 01h, 83h
    556	097E  C0 1E D5 57 C3 83			     db	     0C0h, 1Eh,0D5h, 57h,0C3h, 83h
    557	0984  88 16 01 B0 DB 0C			     db	      88h, 16h,	01h,0B0h,0DBh, 0Ch
    558	098A  CC 18 30 60 1F 80			     db	     0CCh, 18h,	30h, 60h, 1Fh, 80h
    559	0990  2E C7 16 10 0B 03			     db	      2Eh,0C7h,	16h, 10h, 0Bh, 03h
    560	0996  C0 02 E8 8C 01 B0			     db	     0C0h, 02h,0E8h, 8Ch, 01h,0B0h
    561	099C  06 60 30 3A 07 9A			     db	      06h, 60h,	30h, 3Ah, 07h, 9Ah
    562	09A2  38 80 07 07 80 95			     db	      38h, 80h,	07h, 07h, 80h, 95h
    563	09A8  0C 56 60 03 60 18			     db	      0Ch, 56h,	60h, 03h, 60h, 18h
    564	09AE  30 0F 34 71 03 80			     db	      30h, 0Fh,	34h, 71h, 03h, 80h
    565	09B4  0F 02 B8 8C AD 80			     db	      0Fh, 02h,0B8h, 8Ch,0ADh, 80h
    566	09BA  05 02 80 0D 70 1E			     db	      05h, 02h,	80h, 0Dh, 70h, 1Eh
    567	09C0  68 E2 04 C0 1E 0A			     db	      68h,0E2h,	04h,0C0h, 1Eh, 0Ah
    568	09C6  BC 4D 26 61 80 14			     db	     0BCh, 4Dh,	26h, 61h, 80h, 14h
    569	09CC  27 F0 3C D1 C4 02			     db	      27h,0F0h,	3Ch,0D1h,0C4h, 02h
    570	09D2  C0 3C 02 B0 0F 18			     db	     0C0h, 3Ch,	02h,0B0h, 0Fh, 18h
    571	09D8  60 37 8A 5F 1A E0			     db	      60h, 37h,	8Ah, 5Fh, 1Ah,0E0h
    572	09DE  79 A3 88 01 60 78			     db	      79h,0A3h,	88h, 01h, 60h, 78h
    573	09E4  0A B8 01 80 0C 06			     db	      0Ah,0B8h,	01h, 80h, 0Ch, 06h
    574	09EA  0F 14 50 2A 9A E0			     db	      0Fh, 14h,	50h, 2Ah, 9Ah,0E0h
    575	09F0  F3 47 04 B0 F0 2A			     db	     0F3h, 47h,	04h,0B0h,0F0h, 2Ah
    576	09F6  47 8C 6C 28 AA 16			     db	      47h, 8Ch,	6Ch, 28h,0AAh, 16h
    577	09FC  8E E0 01 E6 8E 61			     db	      8Eh,0E0h,	01h,0E6h, 8Eh, 61h
    578	0A02  70 F0 AC CC 60 03			     db	      70h,0F0h,0ACh,0CCh, 60h, 03h
    579	0A08  48 A3 C5 15 4E E0			     db	      48h,0A3h,0C5h, 15h, 4Eh,0E0h
    580	0A0E  03 CD 1C 06 60 40			     db	      03h,0CDh,	1Ch, 06h, 60h, 40h
    581	0A14  38 01 E0 31 EC C6			     db	      38h, 01h,0E0h, 31h,0ECh,0C6h
    582	0A1A  61 25 0F 05 29 4E			     db	      61h, 25h,	0Fh, 05h, 29h, 4Eh
    583	0A20  E0 07 9A 38 36 08			     db	     0E0h, 07h,	9Ah, 38h, 36h, 08h
    584	0A26  08 01 DF CC 63 18			     db	      08h, 01h,0DFh,0CCh, 63h, 18h
    585	0A2C  0C 21 28 66 5F F1			     db	      0Ch, 21h,	28h, 66h, 5Fh,0F1h
    586	0A32  5F E0 07 B4 58 F0			     db	      5Fh,0E0h,	07h,0B4h, 58h,0F0h
    587	0A38  40 20 20 2C 01 9D			     db	      40h, 20h,	20h, 2Ch, 01h, 9Dh
    588	0A3E  D5 8C C0 64 21 4C			     db	     0D5h, 8Ch,0C0h, 64h, 21h, 4Ch
    589	0A44  1B FA 63 DF E0 0F			     db	      1Bh,0FAh,	63h,0DFh,0E0h, 0Fh
    590	0A4A  68 B3 C2 01 30 80			     db	      68h,0B3h,0C2h, 01h, 30h, 80h
    591	0A50  1C 01 B2 BC 1B 01			     db	      1Ch, 01h,0B2h,0BCh, 1Bh, 01h
    592	0A56  A1 6F 7F 99 E7 BF			     db	     0A1h, 6Fh,	7Fh, 99h,0E7h,0BFh
    593	0A5C  C0 0F D1 3F 10 23			     db	     0C0h, 0Fh,0D1h, 3Fh, 10h, 23h
    594	0A62  04 2C 03 7E 50 6C			     db	      04h, 2Ch,	03h, 7Eh, 50h, 6Ch
Turbo Assembler	 Version 2.01	     03/24/26 00:09:24	    Page 12
124UTILA.asm



    595	0A68  0D 08 FD F4 C3 CF			     db	      0Dh, 08h,0FDh,0F4h,0C3h,0CFh
    596	0A6E  7B C0 0F CA 5C 21			     db	      7Bh,0C0h,	0Fh,0CAh, 5Ch, 21h
    597	0A74  30 20 16 02 BD E0			     db	      30h, 20h,	16h, 02h,0BDh,0E0h
    598	0A7A  D8 0C 08 40 01 73			     db	     0D8h, 0Ch,	08h, 40h, 01h, 73h
    599	0A80  50 25 EC A7 80 1F			     db	      50h, 25h,0ECh,0A7h, 80h, 1Fh
    600	0A86  94 31 09 81 0E 07			     db	      94h, 31h,	09h, 81h, 0Eh, 07h
    601	0A8C  D7 81 B0 C4 02 4E			     db	     0D7h, 81h,0B0h,0C4h, 02h, 4Eh
    602	0A92  78 60 66 C7 80 1D			     db	      78h, 60h,	66h,0C7h, 80h, 1Dh
    603	0A98  22 62 4C 08 16 0F			     db	      22h, 62h,	4Ch, 08h, 16h, 0Fh
    604	0A9E  AF 03 60 01 D8 10			     db	     0AFh, 03h,	60h, 01h,0D8h, 10h
    605	0AA4  C4 BC 18 01 8F 18			     db	     0C4h,0BCh,	18h, 01h, 8Fh, 18h
    606	0AAA  14 C4 98 40 0B 1F			     db	      14h,0C4h,	98h, 40h, 0Bh, 1Fh
    607	0AB0  7C 03 60 03 7C 20			     db	      7Ch, 03h,	60h, 03h, 7Ch, 20h
    608	0AB6  01 24 9E 18 03 0F			     db	      01h, 24h,	9Eh, 18h, 03h, 0Fh
    609	0ABC  18 23 89 30 20 07			     db	      18h, 23h,	89h, 30h, 20h, 07h
    610	0AC2  1E 78 06 C0 06 7A			     db	      1Eh, 78h,	06h,0C0h, 06h, 7Ah
    611	0AC8  40 02 F1 CF 18 03			     db	      40h, 02h,0F1h,0CFh, 18h, 03h
    612	0ACE  1E 18 47 12 03 04			     db	      1Eh, 18h,	47h, 12h, 03h, 04h
    613	0AD4  0B 1E F0 06 C0 19			     db	      0Bh, 1Eh,0F0h, 06h,0C0h, 19h
    614	0ADA  28 80 05 32 B7 B0			     db	      28h, 80h,	05h, 32h,0B7h,0B0h
    615	0AE0  06 1E 18 29 A4 C2			     db	      06h, 1Eh,	18h, 29h,0A4h,0C2h
    616	0AE6  07 1F E0 06 C0 31			     db	      07h, 1Fh,0E0h, 06h,0C0h, 31h
    617	0AEC  2E 40 15 71 5B F0			     db	      2Eh, 40h,	15h, 71h, 5Bh,0F0h
    618	0AF2  06 3C 18 46 08 80			     db	      06h, 3Ch,	18h, 46h, 08h, 80h
    619	0AF8  87 0B 1F E0 06 C0			     db	      87h, 0Bh,	1Fh,0E0h, 06h,0C0h
    620	0AFE  61 05 85 05 90 5D			     db	      61h, 05h,	85h, 05h, 90h, 5Dh
    621	0B04  20 06 3C 18 29 10			     db	      20h, 06h,	3Ch, 18h, 29h, 10h
    622	0B0A  C0 85 14 07 1D C0			     db	     0C0h, 85h,	14h, 07h, 1Dh,0C0h
    623	0B10  06 60 01 81 06 45			     db	      06h, 60h,	01h, 81h, 06h, 45h
    624	0B16  1E 9D 81 B0 06 78			     db	      1Eh, 9Dh,	81h,0B0h, 06h, 78h
    625	0B1C  18 14 03 40 A8 80			     db	      18h, 14h,	03h, 40h,0A8h, 80h
    626	0B22  0B 3F C0 06 90 03			     db	      0Bh, 3Fh,0C0h, 06h, 90h, 03h
    627	0B28  01 05 85 3D 38 A0			     db	      01h, 05h,	85h, 3Dh, 38h,0A0h
    628	0B2E  C1 F8 18 0C 03 04			     db	     0C1h,0F8h,	18h, 0Ch, 03h, 04h
    629	0B34  10 40 16 3A C0 06			     db	      10h, 40h,	16h, 3Ah,0C0h, 06h
    630	0B3A  48 0C 01 07 0A 7A			     db	      48h, 0Ch,	01h, 07h, 0Ah, 7Ah
    631	0B40  70 02 80 01 98 18			     db	      70h, 02h,	80h, 01h, 98h, 18h
    632	0B46  03 0C 88 20 0E 3A			     db	      03h, 0Ch,	88h, 20h, 0Eh, 3Ah
    633	0B4C  C0 06 24 18 01 05			     db	     0C0h, 06h,	24h, 18h, 01h, 05h
    634	0B52  8A FE E0 05 1E 18			     db	      8Ah,0FEh,0E0h, 05h, 1Eh, 18h
    635	0B58  60 20 23 41 40 16			     db	      60h, 20h,	23h, 41h, 40h, 16h
    636	0B5E  3A C0 03 10 80 90			     db	      3Ah,0C0h,	03h, 10h, 80h, 90h
    637	0B64  04 07 14 51 FD C0			     db	      04h, 07h,	14h, 51h,0FDh,0C0h
    638	0B6A  0F 07 80 63 04 0E			     db	      0Fh, 07h,	80h, 63h, 04h, 0Eh
    639	0B70  38 E0 01 88 20 04			     db	      38h,0E0h,	01h, 88h, 20h, 04h
    640	0B76  07 14 A3 F1 80 1E			     db	      07h, 14h,0A3h,0F1h, 80h, 1Eh
    641	0B7C  01 E6 60 20 16 38			     db	      01h,0E6h,	60h, 20h, 16h, 38h
    642	0B82  E0 C4 01 04 2F 29			     db	     0E0h,0C4h,	01h, 04h, 2Fh, 29h
    643	0B88  E6 B7 1E 06 06 01			     db	     0E6h,0B7h,	1Eh, 06h, 06h, 01h
    644	0B8E  0E 39 F0 62 08 10			     db	      0Eh, 39h,0F0h, 62h, 08h, 10h
    645	0B94  2F 30 C7 6E 14 0C			     db	      2Fh, 30h,0C7h, 6Eh, 14h, 0Ch
    646	0B9A  0C 08 1C 39 F0 18			     db	      0Ch, 08h,	1Ch, 39h,0F0h, 18h
    647	0BA0  11 7E 79 94 60 6C			     db	      11h, 7Eh,	79h, 94h, 60h, 6Ch
    648	0BA6  0C 0C C3 40 2C 39			     db	      0Ch, 0Ch,0C3h, 40h, 2Ch, 39h
Turbo Assembler	 Version 2.01	     03/24/26 00:09:24	    Page 13
124UTILA.asm



    649	0BAC  78 0C 40 BC CC 18			     db	      78h, 0Ch,	40h,0BCh,0CCh, 18h
    650	0BB2  C0 79 8C 0C C0 02			     db	     0C0h, 79h,	8Ch, 0Ch,0C0h, 02h
    651	0BB8  1C 3E BC 06 45 F8			     db	      1Ch, 3Eh,0BCh, 06h, 45h,0F8h
    652	0BBE  FD 81 86 FC C0 01			     db	     0FDh, 81h,	86h,0FCh,0C0h, 01h
    653	0BC4  B0 10 2C 3E BC 01			     db	     0B0h, 10h,	2Ch, 3Eh,0BCh, 01h
    654	0BCA  80 01 13 F0 F3 18			     db	      80h, 01h,	13h,0F0h,0F3h, 18h
    655	0BD0  06 19 FC 80 78 20			     db	      06h, 19h,0FCh, 80h, 78h, 20h
    656	0BD6  08 1E 1E C0 05 07			     db	      08h, 1Eh,	1Eh,0C0h, 05h, 07h
    657	0BDC  D0 C0 18 30 3C 01			     db	     0D0h,0C0h,	18h, 30h, 3Ch, 01h
    658	0BE2  38 1E 1E 30 1B 18			     db	      38h, 1Eh,	1Eh, 30h, 1Bh, 18h
    659	0BE8  06 06 02 08 1E 08			     db	      06h, 06h,	02h, 08h, 1Eh, 08h
    660	0BEE  70 1E 0F 21 6F 0D			     db	      70h, 1Eh,	0Fh, 21h, 6Fh, 0Dh
    661	0BF4  80 10 01 0F 10 E0			     db	      80h, 10h,	01h, 0Fh, 10h,0E0h
    662	0BFA  0F 07 80 10 70 03			     db	      0Fh, 07h,	80h, 10h, 70h, 03h
    663	0C00  06 C0 20 2D 01 C0			     db	      06h,0C0h,	20h, 2Dh, 01h,0C0h
    664	0C06  0F 03 C0 02 4A 0C			     db	      0Fh, 03h,0C0h, 02h, 4Ah, 0Ch
    665	0C0C  03 60 40 02 80 03			     db	      03h, 60h,	40h, 02h, 80h, 03h
    666	0C12  80 07 80 F0 01 FE			     db	      80h, 07h,	80h,0F0h, 01h,0FEh
    667	0C18  03 30 80 05 07 03			     db	      03h, 30h,	80h, 05h, 07h, 03h
    668	0C1E  C0 D8 02 05 86 03			     db	     0C0h,0D8h,	02h, 05h, 86h, 03h
    669	0C24  03 30 40 02 80 0E			     db	      03h, 30h,	40h, 02h, 80h, 0Eh
    670	0C2A  01 E0 36 04 26 01			     db	      01h,0E0h,	36h, 04h, 26h, 01h
    671	0C30  81 80 03 18 80 01			     db	      81h, 80h,	03h, 18h, 80h, 01h
    672	0C36  40 1C F0 AC 40 04			     db	      40h, 1Ch,0F0h,0ACh, 40h, 04h
    673	0C3C  18 61 80 03 08 02			     db	      18h, 61h,	80h, 03h, 08h, 02h
    674	0C42  80 2C 78 2A E0 60			     db	      80h, 2Ch,	78h, 2Ah,0E0h, 60h
    675	0C48  06 60 06 10 01 40			     db	      06h, 60h,	06h, 10h, 01h, 40h
    676	0C4E  46 3C AA AA DB C0			     db	      46h, 3Ch,0AAh,0AAh,0DBh,0C0h
    677	0C54  1E 06 03 0C 08 A0			     db	      1Eh, 06h,	03h, 0Ch, 08h,0A0h
    678	0C5A  83 19 AA A4 67 80			     db	      83h, 19h,0AAh,0A4h, 67h, 80h
    679	0C60  06 06 D8 60 10 01			     db	      06h, 06h,0D8h, 60h, 10h, 01h
    680	0C66  40 01 C0 06 0C 0F			     db	      40h, 01h,0C0h, 06h, 0Ch, 0Fh
    681	0C6C  18 C0 0C 08 A0 02			     db	      18h,0C0h,	0Ch, 08h,0A0h, 02h
    682	0C72  30 1B 1E 01 98 18			     db	      30h, 1Bh,	1Eh, 01h, 98h, 18h
    683	0C78  10 01 40 04 50 0C			     db	      10h, 01h,	40h, 04h, 50h, 0Ch
    684	0C7E  1E 1E 0D 80 C0 12			     db	      1Eh, 1Eh,	0Dh, 80h,0C0h, 12h
    685	0C84  03 41 08 A0 09 40			     db	      03h, 41h,	08h,0A0h, 09h, 40h
    686	0C8A  03 3C 1E 3C 60 6C			     db	      03h, 3Ch,	1Eh, 3Ch, 60h, 6Ch
    687	0C90  89 81 A0 80 10 01			     db	      89h, 81h,0A0h, 80h, 10h, 01h
    688	0C96  40 45 50 C0 44 1E			     db	      40h, 45h,	50h,0C0h, 44h, 1Eh
    689	0C9C  18 63 C1 93 B1 C1			     db	      18h, 63h,0C1h, 93h,0B1h,0C1h
    690	0CA2  08 02 80 81 54 60			     db	      08h, 02h,	80h, 81h, 54h, 60h
    691	0CA8  B4 1E 01 E0 39 32			     db	     0B4h, 1Eh,	01h,0E0h, 39h, 32h
    692	0CAE  A0 80 10 01 40 10			     db	     0A0h, 80h,	10h, 01h, 40h, 10h
    693	0CB4  55 50 30 01 55 41			     db	      55h, 50h,	30h, 01h, 55h, 41h
    694	0CBA  4F 28 D8 0D 83 10			     db	      4Fh, 28h,0D8h, 0Dh, 83h, 10h
    695	0CC0  40 08 02 80 08 01			     db	      40h, 08h,	02h, 80h, 08h, 01h
    696	0CC6  55 54 15 4C 01 41			     db	      55h, 54h,	15h, 4Ch, 01h, 41h
    697	0CCC  41 4F 28 36 03 30			     db	      41h, 4Fh,	28h, 36h, 03h, 30h
    698	0CD2  E0 80 10 04 40 40			     db	     0E0h, 80h,	10h, 04h, 40h, 40h
    699	0CD8  05 55 40 10 05 56			     db	      05h, 55h,	40h, 10h, 05h, 56h
    700	0CDE  02 8A A0 A7 94 0C			     db	      02h, 8Ah,0A0h,0A7h, 94h, 0Ch
    701	0CE4  C1 2C D0 40 08 08			     db	     0C1h, 2Ch,0D0h, 40h, 08h, 08h
    702	0CEA  80 20 15 55 55 04			     db	      80h, 20h,	15h, 55h, 55h, 04h
Turbo Assembler	 Version 2.01	     03/24/26 00:09:24	    Page 14
124UTILA.asm



    703	0CF0  15 55 80 02 80 A0			     db	      15h, 55h,	80h, 02h, 80h,0A0h
    704	0CF6  A3 CA 03 18 EB 68			     db	     0A3h,0CAh,	03h, 18h,0EBh, 68h
    705	0CFC  20 10 10 41 11 55			     db	      20h, 10h,	10h, 41h, 11h, 55h
    706	0D02  55 54 04 05 55 C0			     db	      55h, 54h,	04h, 05h, 55h,0C0h
    707	0D08  02 85 50 51 E5 C3			     db	      02h, 85h,	50h, 51h,0E5h,0C3h
    708	0D0E  2B 10 10 08 20 01			     db	      2Bh, 10h,	10h, 08h, 20h, 01h
    709	0D14  05 55 55 70 02 8A			     db	      05h, 55h,	55h, 70h, 02h, 8Ah
    710	0D1A  28 28 F2 80 50 19			     db	      28h, 28h,0F2h, 80h, 50h, 19h
    711	0D20  94 68 08 10 40 04			     db	      94h, 68h,	08h, 10h, 40h, 04h
    712	0D26  08 80 45 55 48 02			     db	      08h, 80h,	45h, 55h, 48h, 02h
    713	0D2C  8A 14				     db	      8Ah, 14h
    714	0D2E  1E		     data_6	     db	     1Eh		     ; Data table (indexed access)
    715	0D2F  79 40 28 03 30 34			     db	      79h, 40h,	28h, 03h, 30h, 34h
    716	0D35  10 20 80 04 80 81			     db	      10h, 20h,	80h, 04h, 80h, 81h
    717	0D3B  15 55 4C 01 54 1E			     db	      15h, 55h,	4Ch, 01h, 54h, 1Eh
    718	0D41  07 9E A0 1E D8 1A			     db	      07h, 9Eh,0A0h, 1Eh,0D8h, 1Ah
    719	0D47  20 40 01 36 10 02			     db	      20h, 40h,	01h, 36h, 10h, 02h
    720	0D4D  81 55 55 56 01 54			     db	      81h, 55h,	55h, 56h, 01h, 54h
    721	0D53  0D 81 E5 50 0F 36			     db	      0Dh, 81h,0E5h, 50h, 0Fh, 36h
    722	0D59  AD 12 23 06 10 20			     db	     0ADh, 12h,	23h, 06h, 10h, 20h
    723	0D5F  84 15 55 57 C0 33			     db	      84h, 15h,	55h, 57h,0C0h, 33h
    724	0D65  03 36 C0 02 80 36			     db	      03h, 36h,0C0h, 02h, 80h, 36h
    725	0D6B  03 60 02 80 63 A0			     db	      03h, 60h,	02h, 80h, 63h,0A0h
    726	0D71  02 80 66 02 80 63			     db	      02h, 80h,	66h, 02h, 80h, 63h
    727	0D77  66 63 05 50 66 22			     db	      66h, 63h,	05h, 50h, 66h, 22h
    728	0D7D  63 0A 41 36 14 82			     db	      63h, 0Ah,	41h, 36h, 14h, 82h
    729	0D83  0A 14 79 01 A4 40			     db	      0Ah, 14h,	79h, 01h,0A4h, 40h
    730	0D89  28 01 E2 03 40 01			     db	      28h, 01h,0E2h, 03h, 40h, 01h
    731	0D8F  12 F8 0E 40 07 95			     db	      12h,0F8h,	0Eh, 40h, 07h, 95h
    732	0D95  01 3E 80 14 A0 36			     db	      01h, 3Eh,	80h, 14h,0A0h, 36h
    733	0D9B  22 82 50 02 D8 80			     db	      22h, 82h,	50h, 02h,0D8h, 80h
    734	0DA1  08 80 09 25 A4 41			     db	      08h, 80h,	09h, 25h,0A4h, 41h
    735	0DA7  01 52 C0 15 1E 22			     db	      01h, 52h,0C0h, 15h, 1Eh, 22h
    736	0DAD  52 B9 6A 80 02 72			     db	      52h,0B9h,	6Ah, 80h, 02h, 72h
    737	0DB3  20 7D 7B 31 AA A6			     db	      20h, 7Dh,	7Bh, 31h,0AAh,0A6h
    738	0DB9  95 40 03 60 73 11			     db	      95h, 40h,	03h, 60h, 73h, 11h
    739	0DBF  40 1D D3 ED 62 08			     db	      40h, 1Dh,0D3h,0EDh, 62h, 08h
    740	0DC5  80 06 14 C0 12 C7			     db	      80h, 06h,	14h,0C0h, 12h,0C7h
    741	0DCB  D3 85 51 10 10 0C			     db	     0D3h, 85h,	51h, 10h, 10h, 0Ch
    742	0DD1  02 DB EA C0 AB DE			     db	      02h,0DBh,0EAh,0C0h,0ABh,0DEh
    743	0DD7  88 88 02 0C 78 C3			     db	      88h, 88h,	02h, 0Ch, 78h,0C3h
    744	0DDD  E9 82 44 54 E4 0B			     db	     0E9h, 82h,	44h, 54h,0E4h, 0Bh
    745	0DE3  44 02 30 09 EA 20			     db	      44h, 02h,	30h, 09h,0EAh, 20h
    746	0DE9  B8 A8 04 8A 4C 05			     db	     0B8h,0A8h,	04h, 8Ah, 4Ch, 05h
    747	0DEF  02 01 03 7E C0 1B			     db	      02h, 01h,	03h, 7Eh,0C0h, 1Bh
    748	0DF5  0A 41 F2 80 03 89			     db	      0Ah, 41h,0F2h, 80h, 03h, 89h
    749	0DFB  55 70 03 4F 1C 01			     db	      55h, 70h,	03h, 4Fh, 1Ch, 01h
    750	0E01  68 83 B4 40 02 01			     db	      68h, 83h,0B4h, 40h, 02h, 01h
    751	0E07  55 48 12 22 F9 09			     db	      55h, 48h,	12h, 22h,0F9h, 09h
    752	0E0D  98 B3 40 05 9A 20			     db	      98h,0B3h,	40h, 05h, 9Ah, 20h
    753	0E13  02 55 55 58 E8 5A			     db	      02h, 55h,	55h, 58h,0E8h, 5Ah
    754	0E19  7C 98 49 80 04 73			     db	      7Ch, 98h,	49h, 80h, 04h, 73h
    755	0E1F  5D 40 04 85 55 48			     db	      5Dh, 40h,	04h, 85h, 55h, 48h
    756	0E25  01 21 5E 35 18 F6			     db	      01h, 21h,	5Eh, 35h, 18h,0F6h
Turbo Assembler	 Version 2.01	     03/24/26 00:09:24	    Page 15
124UTILA.asm



    757	0E2B  30 0A CC 24 06 15			     db	      30h, 0Ah,0CCh, 24h, 06h, 15h
    758	0E31  55 58 07 45 4B 0C			     db	      55h, 58h,	07h, 45h, 4Bh, 0Ch
    759	0E37  18 0C 0C 06 18 24			     db	      18h, 0Ch,	0Ch, 06h, 18h, 24h
    760	0E3D  0C 05 55 60 09 15			     db	      0Ch, 05h,	55h, 60h, 09h, 15h
    761	0E43  76 04 04 30 14 CB			     db	      76h, 04h,	04h, 30h, 14h,0CBh
    762	0E49  EC 0C 15 55 70 12			     db	     0ECh, 0Ch,	15h, 55h, 70h, 12h
    763	0E4F  05 66 16 07 D4 24			     db	      05h, 66h,	16h, 07h,0D4h, 24h
    764	0E55  0F E8 18 05 55 60			     db	      0Fh,0E8h,	18h, 05h, 55h, 60h
    765	0E5B  48 15 73 04 08 07			     db	      48h, 15h,	73h, 04h, 08h, 07h
    766	0E61  55 86 9E E0 18 01			     db	      55h, 86h,	9Eh,0E0h, 18h, 01h
    767	0E67  55 70 C0 55 4B 03			     db	      55h, 70h,0C0h, 55h, 4Bh, 03h
    768	0E6D  30 4B 55 5C 87 A0			     db	      30h, 4Bh,	55h, 5Ch, 87h,0A0h
    769	0E73  31 B0 55 60 CA 15			     db	      31h,0B0h,	55h, 60h,0CAh, 15h
    770	0E79  59 9B 10 86 15 55			     db	      59h, 9Bh,	10h, 86h, 15h, 55h
    771	0E7F  91 66 B9 55 20 01			     db	      91h, 66h,0B9h, 55h, 20h, 01h
    772	0E85  80 55 5C 19 20 C0			     db	      80h, 55h,	5Ch, 19h, 20h,0C0h
    773	0E8B  05 55 4D D9 EC 55			     db	      05h, 55h,	4Dh,0D9h,0ECh, 55h
    774	0E91  60 03 15 70 D2 24			     db	      60h, 03h,	15h, 70h,0D2h, 24h
    775	0E97  01 55 58 01 BE CF			     db	      01h, 55h,	58h, 01h,0BEh,0CFh
    776	0E9D  55 80 03 55 C7 08			     db	      55h, 80h,	03h, 55h,0C7h, 08h
    777	0EA3  01 80 55 56 28 03			     db	      01h, 80h,	55h, 56h, 28h, 03h
    778	0EA9  7D 5F 55 C0 06 01			     db	      7Dh, 5Fh,	55h,0C0h, 06h, 01h
    779	0EAF  57 33 0C 01 02 C1			     db	      57h, 33h,	0Ch, 01h, 02h,0C1h
    780	0EB5  55 57 50 09 F5 5C			     db	      55h, 57h,	50h, 09h,0F5h, 5Ch
    781	0EBB  D0 80 04 80 48 C0			     db	     0D0h, 80h,	04h, 80h, 48h,0C0h
    782	0EC1  01 02 01 80 55 54			     db	      01h, 02h,	01h, 80h, 55h, 54h
    783	0EC7  80 1C EA BD 99 05			     db	      80h, 1Ch,0EAh,0BDh, 99h, 05h
    784	0ECD  C1 73 09 02 40 01			     db	     0C1h, 73h,	09h, 02h, 40h, 01h
    785	0ED3  55 55 80 1E D5 57			     db	      55h, 55h,	80h, 1Eh,0D5h, 57h
    786	0ED9  82 0C 05 CC 04 08			     db	      82h, 0Ch,	05h,0CCh, 04h, 08h
    787	0EDF  24 05 55 55 60 1F			     db	      24h, 05h,	55h, 55h, 60h, 1Fh
    788	0EE5  80 2E 44 0C 01 B0			     db	      80h, 2Eh,	44h, 0Ch, 01h,0B0h
    789	0EEB  06 61 55 55 70 3A			     db	      06h, 61h,	55h, 55h, 70h, 3Ah
    790	0EF1  06 88 0C 56 60 03			     db	      06h, 88h,	0Ch, 56h, 60h, 03h
    791	0EF7  62 D5 55 48 30 0D			     db	      62h,0D5h,	55h, 48h, 30h, 0Dh
    792	0EFD  10 0C AD 80 27 07			     db	      10h, 0Ch,0ADh, 80h, 27h, 07h
    793	0F03  95 55 58 30 1A 20			     db	      95h, 55h,	58h, 30h, 1Ah, 20h
    794	0F09  0D 26 20 41 8F 55			     db	      0Dh, 26h,	20h, 41h, 8Fh, 55h
    795	0F0F  41 75 70 64 40 0F			     db	      41h, 75h,	70h, 64h, 40h, 0Fh
    796	0F15  18 04 20 3D 9E 15			     db	      18h, 04h,	20h, 3Dh, 9Eh, 15h
    797	0F1B  0A 0A E0 02 48 80			     db	      0Ah, 0Ah,0E0h, 02h, 48h, 80h
    798	0F21  01 80 0C 06 4B 3C			     db	      01h, 80h,	0Ch, 06h, 4Bh, 3Ch
    799	0F27  55 80 10 60 04 91			     db	      55h, 80h,	10h, 60h, 04h, 91h
    800	0F2D  0C 02 4C 79 EB 02			     db	      0Ch, 02h,	4Ch, 79h,0EBh, 02h
    801	0F33  8A E0 21 22 60 42			     db	      8Ah,0E0h,	21h, 22h, 60h, 42h
    802	0F39  49 E3 6D 15 44 60			     db	      49h,0E3h,	6Dh, 15h, 44h, 60h
    803	0F3F  42 44 06 08 41 2F			     db	      42h, 44h,	06h, 08h, 41h, 2Fh
    804	0F45  0C D8 A8 0A E0 84			     db	      0Ch,0D8h,0A8h, 0Ah,0E0h, 84h
    805	0F4B  88 18 48 21 78 63			     db	      88h, 18h,	48h, 21h, 78h, 63h
    806	0F51  60 11 55 60 43 10			     db	      60h, 11h,	55h, 60h, 43h, 10h
    807	0F57  C0 02 44 23 CC 1B			     db	     0C0h, 02h,	44h, 23h,0CCh, 1Bh
    808	0F5D  22 8A E0 26 20 03			     db	      22h, 8Ah,0E0h, 26h, 20h, 03h
    809	0F63  10 A1 6F 78 05 15			     db	      10h,0A1h,	6Fh, 78h, 05h, 15h
    810	0F69  15 C0 49 40 06 02			     db	      15h,0C0h,	49h, 40h, 06h, 02h
Turbo Assembler	 Version 2.01	     03/24/26 00:09:24	    Page 16
124UTILA.asm



    811	0F6F  05 08 FD 40 82 2A			     db	      05h, 08h,0FDh, 40h, 82h, 2Ah
    812	0F75  2A C0 26 80 0C 01			     db	      2Ah,0C0h,	26h, 80h, 0Ch, 01h
    813	0F7B  08 08 40 01 70 A4			     db	      08h, 08h,	40h, 01h, 70h,0A4h
    814	0F81  A4 04 05 80 4D 12			     db	     0A4h, 04h,	05h, 80h, 4Dh, 12h
    815	0F87  01 84 02 4B CC 60			     db	      01h, 84h,	02h, 4Bh,0CCh, 60h
    816	0F8D  0A 83 80 30 24 03			     db	      0Ah, 83h,	80h, 30h, 24h, 03h
    817	0F93  08 10 C4 EC 18 01			     db	      08h, 10h,0C4h,0ECh, 18h, 01h
    818	0F99  07 48 42 06 04 20			     db	      07h, 48h,	42h, 06h, 04h, 20h
    819	0F9F  01 84 B6 18 02 0B			     db	      01h, 84h,0B6h, 18h, 02h, 0Bh
    820	0FA5  30 81 0C 02 40 03			     db	      30h, 81h,	0Ch, 02h, 40h, 03h
    821	0FAB  B1 DB 18 01 16 48			     db	     0B1h,0DBh,	18h, 01h, 16h, 48h
    822	0FB1  40 80 30 04 80 05			     db	      40h, 80h,	30h, 04h, 80h, 05h
    823	0FB7  C2 BD B0 02 0E 30			     db	     0C2h,0BDh,0B0h, 02h, 0Eh, 30h
    824	0FBD  80 10 01 20 02 45			     db	      80h, 10h,	01h, 20h, 02h, 45h
    825	0FC3  15 21 5E A0 04 1C			     db	      15h, 21h,	5Eh,0A0h, 04h, 1Ch
    826	0FC9  48 40 40 01 85 05			     db	      48h, 40h,	40h, 01h, 85h, 05h
    827	0FCF  90 5F 02 2C 30 20			     db	      90h, 5Fh,	02h, 2Ch, 30h, 20h
    828	0FD5  80 02 4F 1E 95 01			     db	      80h, 02h,	4Fh, 1Eh, 95h, 01h
    829	0FDB  B0 04 58 48 10 01			     db	     0B0h, 04h,	58h, 48h, 10h, 01h
    830	0FE1  01 8F 3D 28 40 A0			     db	      01h, 8Fh,	3Dh, 28h, 40h,0A0h
    831	0FE7  C0 B8 90 08 08 03			     db	     0C0h,0B8h,	90h, 08h, 08h, 03h
    832	0FED  1E DA 52 02 80 01			     db	      1Eh,0DAh,	52h, 02h, 80h, 01h
    833	0FF3  98 01 08 04 10 01			     db	      98h, 01h,	08h, 04h, 10h, 01h
    834	0FF9  9E 01 BE B0 05 1E			     db	      9Eh, 01h,0BEh,0B0h, 05h, 1Eh
    835	0FFF  02 10 80 80 03 36			     db	      02h, 10h,	80h, 80h, 03h, 36h
    836	1005  53 7D 60 0F 07 90			     db	      53h, 7Dh,	60h, 0Fh, 07h, 90h
    837	100B  20 03 6C A6 F0 C0			     db	      20h, 03h,	6Ch,0A6h,0F0h,0C0h
    838	1011  1E 01 C4 03 6D E6			     db	      1Eh, 01h,0C4h, 03h, 6Dh,0E6h
    839	1017  B5 80 1E 06 03 C0			     db	     0B5h, 80h,	1Eh, 06h, 03h,0C0h
    840	101D  45 6B 15 10 0C 03			     db	      45h, 6Bh,	15h, 10h, 0Ch, 03h
    841	1023  CD 94 42 6E 04 06			     db	     0CDh, 94h,	42h, 6Eh, 04h, 06h
    842	1029  C4 98 81 7C 80 09			     db	     0C4h, 98h,	81h, 7Ch, 80h, 09h
    843	102F  E8 91 84 80 D4 10			     db	     0E8h, 91h,	84h, 80h,0D4h, 10h
    844	1035  51 08 46 19 A8 50			     db	      51h, 08h,	46h, 19h,0A8h, 50h
    845	103B  C0 48 18 12 02 03			     db	     0C0h, 48h,	18h, 12h, 02h, 03h
    846	1041  80 48 03 24 0A 0C			     db	      80h, 48h,	03h, 24h, 0Ah, 0Ch
    847	1047  12 02 03 80 24 22			     db	      12h, 02h,	03h, 80h, 24h, 22h
    848	104D  03 12 01 28 01 01			     db	      03h, 12h,	01h, 28h, 01h, 01h
    849	1053  80 24 02 40 61 80			     db	      80h, 24h,	02h, 40h, 61h, 80h
    850	1059  42 12 06 64 03 80			     db	      42h, 12h,	06h, 64h, 03h, 80h
    851	105F  02 04 0A 48 1C 04			     db	      02h, 04h,	0Ah, 48h, 1Ch, 04h
    852	1065  03 04 08 44 90 06			     db	      03h, 04h,	08h, 44h, 90h, 06h
    853	106B  04 58 80 40 08 09			     db	      04h, 58h,	80h, 40h, 08h, 09h
    854	1071  80 01 08 C0 40 08			     db	      80h, 01h,	08h,0C0h, 40h, 08h
    855	1077  01 B3 03 18 80 10			     db	      01h,0B3h,	03h, 18h, 80h, 10h
    856	107D  2A 10 63 0D A0 40			     db	      2Ah, 10h,	63h, 0Dh,0A0h, 40h
    857	1083  54 80 66 38 20 6C			     db	      54h, 80h,	66h, 38h, 20h, 6Ch
    858	1089  AC 63 18 22 C3 01			     db	     0ACh, 63h,	18h, 22h,0C3h, 01h
    859	108F  46 66 09 30 60 02			     db	      46h, 66h,	09h, 30h, 60h, 02h
    860	1095  8D 41 73 28 01 98			     db	      8Dh, 41h,	73h, 28h, 01h, 98h
    861	109B  24 02 8D 41 73 28			     db	      24h, 02h,	8Dh, 41h, 73h, 28h
    862	10A1  36 06 05 06 A0 B9			     db	      36h, 06h,	05h, 06h,0A0h,0B9h
    863	10A7  BC 0C C1 80 05 06			     db	     0BCh, 0Ch,0C1h, 80h, 05h, 06h
    864	10AD  A0 AC DE 03 18 C0			     db	     0A0h,0ACh,0DEh, 03h, 18h,0C0h
Turbo Assembler	 Version 2.01	     03/24/26 00:09:24	    Page 17
124UTILA.asm



    865	10B3  05 03 50 56 6F C3			     db	      05h, 03h,	50h, 56h, 6Fh,0C3h
    866	10B9  30 05 01 A8 2B 3D			     db	      30h, 05h,	01h,0A8h, 2Bh, 3Dh
    867	10BF  80 50 18 D8 05 D4			     db	      80h, 50h,	18h,0D8h, 05h,0D4h
    868	10C5  1E DE C0 28 03			     db	      1Eh,0DEh,0C0h, 28h, 03h
    869	10CA			     loc_9:
    870	10CA  36: 02 80	0D2Er			     add     al,ss:data_6[bx+si]
    871	10CF  E7 E0				     out     0E0h,ax		     ; port 0E0h, Memory encode	reg2
    872	10D1  1E				     push    ds
    873	10D2  CF				     iret			     ; Interrupt return
    874										     ;*	No entry point to code
    875	10D3  14 02				     adc     al,2
    876	10D5  80 15 83				     adc     byte ptr [di],83h
    877	10D8  7B F0				     jnp     loc_9		     ; Jump if not parity
    878	10DA  05 800D				     add     ax,800Dh
    879	10DD  33 C0				     xor     ax,ax		     ; Zero register
    880	10DF  02 02				     add     al,[bp+si]
    881
    882	10E1			     zr1_24	     endp
    883
    884	10E1			     seg_a	     ends
    885
    886
    887
    888						     end     start
Turbo Assembler	 Version 2.01	     03/24/26 00:09:24	    Page 18
Symbol Table




Symbol Name			  Type	 Value

??DATE				  Text	 "03/24/26"
??FILENAME			  Text	 "124UTILA"
??TIME				  Text	 "00:09:24"
??VERSION			  Number 0201
@CPU				  Text	 0101H
@CURSEG				  Text	 SEG_A
@FILENAME			  Text	 124UTILA
@WORDSIZE			  Text	 2
DATA_1				  Byte	 SEG_A:00FE
DATA_2				  Byte	 SEG_A:0118
DATA_3				  Byte	 SEG_A:0266
DATA_4				  Byte	 SEG_A:0328
DATA_5				  Byte	 SEG_A:047C
DATA_6				  Byte	 SEG_A:0D2E
DATA_7E				  Number 690C
DATA_8E				  Number F744
LOCLOOP_6			  Near	 SEG_A:0379
LOCLOOP_7			  Near	 SEG_A:08C4
LOC_1				  Near	 SEG_A:0235
LOC_2				  Near	 SEG_A:0238
LOC_3				  Near	 SEG_A:023C
LOC_4				  Near	 SEG_A:02AB
LOC_5				  Near	 SEG_A:02AE
LOC_9				  Near	 SEG_A:10CA
START				  Near	 SEG_A:0000
TARGET				  Number 5432
ZR1_24				  Far	 SEG_A:0000

Macro Name

CALLF
CALLFX
CALLS
JMPN
JMPS

Groups & Segments		  Bit Size Align  Combine Class

SEG_A				  16  10E1 Byte	  Public
