Microsoft (R) Macro Assembler  Version 4.00                 3/29/26 15:13:36

                                                            Page     1-1
                                                            

                                 
                                PAGE  59,132 
                                 
                                ;лллллллллллллллллллллллллллллллллллллллллллллллллллллллллллллллллллллллллл 
                                ;лл					                                 лл 
                                ;лл				_130UTILB                                лл 
                                ;лл					                                 лл 
                                ;лл      Created:   29-Mar-26		                                 лл 
                                ;лл      Code type: zero start		                                 лл 
                                ;лл      Passes:    9          Analysis	Options on: none                 лл 
                                ;лл					                                 лл 
                                ;лллллллллллллллллллллллллллллллллллллллллллллллллллллллллллллллллллллллллл 
                                 
 = 4D34                         target		EQU   'M4'                      ; Target assembler: MASM-4.0 
                                 
                             C  include  srmacros.inc 
                             C   
                             C  ; Macros which may be required for proper re-assembly 
                             C   
                             C  IF (target EQ 'M4') 
                             C  ;----------------------------------------------------------------------------- 
                             C  ;  MASM 4.0 does not allow retf and retn, allowed by current assemblers. 
                             C  ;  These marcos, convert RETF and RETN into data bytes that are acceptable 
                             C  ;  to MASM 4.0. 
                             C   
                             C   
                             C  retf            macro   ret_count               ; Fixup for Assembler 
                             C                  if      ret_count+0 GT 1 
                             C                  db      0CAh 
                             C                  dw      ret_count 
                             C                  else 
                             C                  db      0CBh 
                             C                  endif 
                             C  endm 
                             C   
                             C  retn            macro  ret_count 
                             C                  if     ret_count+0 GT 1 
                             C                  db     0C2h 
                             C                  dw     ret_count 
                             C                  else 
                             C                  db     0C3h 
                             C                  endif 
                             C  endm 
                             C   
                             C  ENDIF 
                             C   
                             C   
                             C  IF (target EQ 'M4') OR (target EQ 'M5')  
                             C  ;----------------------------------------------------------------------------- 
                             C  ; Due to a bug in earlier MASM assemblers, the valid instruction type  
                             C  ; "mov segreg, reg"  cannot be used, if the register is not AX.   
                             C  ; For example:  mov  es, bx 
                             C   
                             C  movseg          macro reg16, unused, Imm16      ; Fixup for Assembler 
                             C                  ifidn  <reg16>, <bx>             
Microsoft (R) Macro Assembler  Version 4.00                 3/29/26 15:13:36

                                                            Page     1-2
                                                            

                             C                  db     0BBh                      
                             C                  endif                            
                             C                  ifidn  <reg16>, <cx>             
                             C                  db     0B9h                      
                             C                  endif 
                             C                  ifidn  <reg16>, <dx> 
                             C                  db     0BAh 
                             C                  endif 
                             C                  ifidn  <reg16>, <si> 
                             C                  db     0BEh 
                             C                  endif 
                             C                  ifidn  <reg16>, <di> 
                             C                  db     0BFh 
                             C                  endif 
                             C                  ifidn  <reg16>, <bp> 
                             C                  db     0BDh 
                             C                  endif 
                             C                  ifidn  <reg16>, <sp> 
                             C                  db     0BCh 
                             C                  endif 
                             C                  ifidn  <reg16>, <BX> 
                             C                  db     0BBH 
                             C                  endif 
                             C                  ifidn  <reg16>, <CX> 
                             C                  db     0B9H 
                             C                  endif 
                             C                  ifidn  <reg16>, <DX> 
                             C                  db     0BAH 
                             C                  endif 
                             C                  ifidn  <reg16>, <SI> 
                             C                  db     0BEH 
                             C                  endif 
                             C                  ifidn  <reg16>, <DI> 
                             C                  db     0BFH 
                             C                  endif 
                             C                  ifidn  <reg16>, <BP> 
                             C                  db     0BDH 
                             C                  endif 
                             C                  ifidn  <reg16>, <SP> 
                             C                  db     0BCH 
                             C                  endif 
                             C                  dw     seg Imm16 
                             C  endm 
                             C   
                             C  ENDIF 
                             C   
                             C   
                             C  ENDIF 
                             C   
                             C   
                             C   
                             C  IFE (target EQ 'NO') 
                             C  ;----------------------------------------------------------------------------- 
                             C  ;  Some compilers and some assemblers will code a call that goes to a far 
                             C  ;  subroutine in the same segment as: 
Microsoft (R) Macro Assembler  Version 4.00                 3/29/26 15:13:36

                                                            Page     1-3
                                                            

                             C  ; 
                             C  ;               PUSH    CS 
                             C  ;               CALL    near 
                             C  ; 
                             C  ;  This saves one byte, and is slightly faster.  If the assembler you are 
                             C  ;  using (i.e. MASM, Optasm) does not do this automatically, the following 
                             C  ;  macros are used to code the same information.  In other words, the binary 
                             C  ;  file has "PUSH CS, CALL near", and Sourcer ensures the same instructions 
                             C  ;  are used!  (macro CALLF) 
                             C  ; 
                             C   
                             C  callf           macro   location 
                             C                  push    cs 
                             C                  call    near ptr location 
                             C  endm 
                             C   
                             C  ;  Some compilers generate an unnecessary DS override on the call instruction 
                             C  ;  when compacting the CALLF type function.  Macro CALLFX handles this case. 
                             C   
                             C  callfx          macro   location 
                             C                  push    cs 
                             C                  db      3Eh 
                             C                  call    near ptr location 
                             C  endm 
                             C   
                             C   
                             C  ;----------------------------------------------------------------------------- 
                             C  ;  Some compilers and some assemblers will code a near call that is the 
                             C  ;  selected assembler will convert to a short jump to save a byte.  This 
                             C  ;  reconstructs a near jump for these cases. 
                             C   
                             C  jmpn            macro   location 
                             C                  db      0E9h 
                             C                  dw      offset location-$-2 
                             C  endm 
                             C   
                             C  ENDIF 
                             C   
                                 
                                 
                                 
                                ; The following equates show data references outside the range of the program. 
                                 
 = 0C00                         data_13e	equ	0C00h			;* 
 = 1540                         data_14e	equ	1540h			;* 
 = 86A8                         data_15e	equ	86A8h			;* 
 = 8714                         data_16e	equ	8714h			;* 
                                 
 0000                           seg_a		segment	byte public 
                                		assume	cs:seg_a, ds:seg_a 
                                 
                                 
 0000                           		org	0 
                                 
 0000                           _130UTILB	proc	far 
Microsoft (R) Macro Assembler  Version 4.00                 3/29/26 15:13:36

                                                            Page     1-4
                                                            

                                 
 0000                           start: 
                                ;*		pop	cs			; Dangerous-8088 only 
 0000  0F                       		db	0Fh			;  Fixup - byte match 
 0001  0B 00                    		or	ax,[bx+si] 
 0003  00 00                    		add	[bx+si],al 
 0005  00 97 0600 R             		add	byte ptr data_9[bx],dl 
 0009  15 0080                  		adc	ax,80h 
 000C  01 A0 8714               		add	ds:data_16e[bx+si],sp 
 0010  00 04                    		add	[si],al 
 0012  05 FF57                  		add	ax,0FF57h 
 0015  D1 97 0600 R             		rcl	data_9[bx],1		; Rotate thru carry 
 0019  2F                       		das				; Decimal adjust 
 001A  90                       		nop 
 001B  00 01                    		add	[bx+di],al 
 001D  A0 86A8                  		mov	al,ds:data_15e 
 0020  00 05                    		add	[di],al 
 0022  0A BF 00E0 R             		or	bh,data_4[bx] 
 0026  FE 97 00 06 61 E4        		db	0FEh, 97h, 00h, 06h, 61h,0E4h 
 002C  00 01 81 58 86 00        		db	 00h, 01h, 81h, 58h, 86h, 00h 
 0032  01 BF 83 00 01 07        		db	 01h,0BFh, 83h, 00h, 01h, 07h 
 0038  88 00 04 06 D0 0F        		db	 88h, 00h, 04h, 06h,0D0h, 0Fh 
 003E  90 8B 00 06 60 79        		db	 90h, 8Bh, 00h, 06h, 60h, 79h 
 0044  00 01 03 58 85 00        		db	 00h, 01h, 03h, 58h, 85h, 00h 
 004A  01 1F 88 00 02 13        		db	 01h, 1Fh, 88h, 00h, 02h, 13h 
 0050  E8 83 00 05 1F FF        		db	0E8h, 83h, 00h, 05h, 1Fh,0FFh 
 0056  A0 7F FE 85 00 03        		db	0A0h, 7Fh,0FEh, 85h, 00h, 03h 
 005C  7F FF 80 82 00 06        		db	 7Fh,0FFh, 80h, 82h, 00h, 06h 
 0062  70 1E 80 02 83 4C        		db	 70h, 1Eh, 80h, 02h, 83h, 4Ch 
 0068  84 00 02 07 80 86        		db	 84h, 00h, 02h, 07h, 80h, 86h 
 006E  00 01 3D 82 FF 01        		db	 00h, 01h, 3Dh, 82h,0FFh, 01h 
 0074  48 84 00 05 01 FE        		db	 48h, 84h, 00h, 05h, 01h,0FEh 
 007A  00 02 F8 83 00 01        		db	 00h, 02h,0F8h, 83h, 00h, 01h 
 0080  7E 82 00                 		db	 7Eh, 82h, 00h 
 0083  7E01                     data_1		dw	7E01h			; Data table (indexed access) 
 0085  0082                     data_2		dw	82h			; Data table (indexed access) 
 0087  3803                     data_3		dw	3803h 
 0089  07 00 82 03 01 A2        		db	 07h, 00h, 82h, 03h, 01h,0A2h 
 008F  83 00 02 01 E0 87        		db	 83h, 00h, 02h, 01h,0E0h, 87h 
 0095  00 03 09 00 01 83        		db	 00h, 03h, 09h, 00h, 01h, 83h 
 009B  00 01 2E 82 00 07        		db	 00h, 01h, 2Eh, 82h, 00h, 07h 
 00A1  03 E0 1C 87 80 00        		db	 03h,0E0h, 1Ch, 87h, 80h, 00h 
 00A7  06 83 00 0D 01 E0        		db	 06h, 83h, 00h, 0Dh, 01h,0E0h 
 00AD  00 1E 03 80 00 01        		db	 00h, 1Eh, 03h, 80h, 00h, 01h 
 00B3  E8 80 00 01 F8 88        		db	0E8h, 80h, 00h, 01h,0F8h, 88h 
 00B9  00 03 06 C0 04 82        		db	 00h, 03h, 06h,0C0h, 04h, 82h 
 00BF  00 03 0A AA 18 82        		db	 00h, 03h, 0Ah,0AAh, 18h, 82h 
 00C5  00 06 38 0E C0 60        		db	 00h, 06h, 38h, 0Eh,0C0h, 60h 
 00CB  00 60 82 00 0D 03        		db	 00h, 60h, 82h, 00h, 0Dh, 03h 
 00D1  F0 18 00 07 81 C0        		db	0F0h, 18h, 00h, 07h, 81h,0C0h 
 00D7  08 00 7D 00 01 F8        		db	 08h, 00h, 7Dh, 00h, 01h,0F8h 
 00DD  8A 00 04                 		db	 8Ah, 00h, 04h 
 00E0  07                       data_4		db	7			; Data table (indexed access) 
 00E1  86 C0 18 82 00 03        		db	 86h,0C0h, 18h, 82h, 00h, 03h 
 00E7  10 0C 06 82 00 07        		db	 10h, 0Ch, 06h, 82h, 00h, 07h 
Microsoft (R) Macro Assembler  Version 4.00                 3/29/26 15:13:36

                                                            Page     1-5
                                                            

 00ED  01 F8 00 C0 1F F8        		db	 01h,0F8h, 00h,0C0h, 1Fh,0F8h 
 00F3  60 82 00 05 3E 80        		db	 60h, 82h, 00h, 05h, 3Eh, 80h 
 00F9  01 80 3A 84 00 03        		db	 01h, 80h, 3Ah, 84h, 00h, 03h 
 00FF  0E                       		db	 0Eh 
 0100  C631                     data_5		dw	0C631h			; Data table (indexed access) 
 0102  84 00 02 07 50 82        		db	 84h, 00h, 02h, 07h, 50h, 82h 
 0108  00 09 01 C0 00 04        		db	 00h, 09h, 01h,0C0h, 00h, 04h 
 010E  00 01 00 06 03 83        		db	 00h, 01h, 00h, 06h, 03h, 83h 
 0114  00 02 1F FC 83 00        		db	 00h, 02h, 1Fh,0FCh, 83h, 00h 
 011A  0A 1E 00 60 3B 40        		db	 0Ah, 1Eh, 00h, 60h, 3Bh, 40h 
 0120  0E 00 3A 00 02 83        		db	 0Eh, 00h, 3Ah, 00h, 02h, 83h 
 0126  00 02 38 64 84 00        		db	 00h, 02h, 38h, 64h, 84h, 00h 
 012C  03 03 E0 80 84 00        		db	 03h, 03h,0E0h, 80h, 84h, 00h 
 0132  07 03 90 02 01 04        		db	 07h, 03h, 90h, 02h, 01h, 04h 
 0138  01 80 83 00 01 60        		db	 01h, 80h, 83h, 00h, 01h, 60h 
 013E  83 00 0E 01 FE 00        		db	 83h, 00h, 0Eh, 01h,0FEh, 00h 
 0144  3A AA D2 00 3E 01        		db	 3Ah,0AAh,0D2h, 00h, 3Eh, 01h 
 014A  E9 80 04 00 1E 87        		db	0E9h, 80h, 04h, 00h, 1Eh, 87h 
 0150  00 01 70 82 00 0A        		db	 00h, 01h, 70h, 82h, 00h, 0Ah 
 0156  04 00 01 C0 06 03        		db	 04h, 00h, 01h,0C0h, 06h, 03h 
 015C  00 01 80 18 82 00        		db	 00h, 01h, 80h, 18h, 82h, 00h 
 0162  01 60 86 00 0C 3F        		db	 01h, 60h, 86h, 00h, 0Ch, 3Fh 
 0168  7D 4C 00 3E 19 F4        		db	 7Dh, 4Ch, 00h, 3Eh, 19h,0F4h 
 016E  C0 08 00 07 F0 82        		db	0C0h, 08h, 00h, 07h,0F0h, 82h 
 0174  00 01 13 82 00 05        		db	 00h, 01h, 13h, 82h, 00h, 05h 
 017A  01 0F 8D 00 E0 82        		db	 01h, 0Fh, 8Dh, 00h,0E0h, 82h 
 0180  00 07 80 06 01 F0        		db	 00h, 07h, 80h, 06h, 01h,0F0h 
 0186  01 80 38 82 00 01        		db	 01h, 80h, 38h, 82h, 00h, 01h 
 018C  60 86 00 82 3F 07        		db	 60h, 86h, 00h, 82h, 3Fh, 07h 
 0192  C0 00 3F 80 7A C0        		db	0C0h, 00h, 3Fh, 80h, 7Ah,0C0h 
 0198  10 85 00 07 40 C0        		db	 10h, 85h, 00h, 07h, 40h,0C0h 
 019E  00 01 00 7F FE 84        		db	 00h, 01h, 00h, 7Fh,0FEh, 84h 
 01A4  00 01 07 82 00 03        		db	 00h, 01h, 07h, 82h, 00h, 03h 
 01AA  01 00 38 82 00 01        		db	 01h, 00h, 38h, 82h, 00h, 01h 
 01B0  40 86 00 01 3B 83        		db	 40h, 86h, 00h, 01h, 3Bh, 83h 
 01B6  00 05 20 00 35 00        		db	 00h, 05h, 20h, 00h, 35h, 00h 
 01BC  30 84 00 05 02 8F        		db	 30h, 84h, 00h, 05h, 02h, 8Fh 
 01C2  20 00 02 87 00 01        		db	 20h, 00h, 02h, 87h, 00h, 01h 
 01C8  03 82 00 03 02 00        		db	 03h, 82h, 00h, 03h, 02h, 00h 
 01CE  38 82 00 01 80 86        		db	 38h, 82h, 00h, 01h, 80h, 86h 
 01D4  00 01 3A 85 00 03        		db	 00h, 01h, 3Ah, 85h, 00h, 03h 
 01DA  A1 00 30 84 00 05        		db	0A1h, 00h, 30h, 84h, 00h, 05h 
 01E0  06 9B A0 00 04 87        		db	 06h, 9Bh,0A0h, 00h, 04h, 87h 
 01E6  00 02 01 80 83 00        		db	 00h, 02h, 01h, 80h, 83h, 00h 
 01EC  01 3E 82 00 01 40        		db	 01h, 3Eh, 82h, 00h, 01h, 40h 
 01F2  86 00 01 3B 84 00        		db	 86h, 00h, 01h, 3Bh, 84h, 00h 
 01F8  05 05 78 00 30 80        		db	 05h, 05h, 78h, 00h, 30h, 80h 
 01FE  83 00 0B 06 A9 C0        		db	 83h, 00h, 0Bh, 06h,0A9h,0C0h 
 0204  00 08 C0 14 C0 00        		db	 00h, 08h,0C0h, 14h,0C0h, 00h 
 020A  0E 80 82 00 0E 06        		db	 0Eh, 80h, 82h, 00h, 0Eh, 06h 
 0210  D4 00 70 01 B4 E0        		db	0D4h, 00h, 70h, 01h,0B4h,0E0h 
 0216  6F 4F FA 00 6F 00        		db	 6Fh, 4Fh,0FAh, 00h, 6Fh, 00h 
 021C  6C 84 00 05 68 30        		db	 6Ch, 84h, 00h, 05h, 68h, 30h 
 0222  03 E3 40 85 00 02        		db	 03h,0E3h, 40h, 85h, 00h, 02h 
 0228  69 8E 82 00 06 C0        		db	 69h, 8Eh, 82h, 00h, 06h,0C0h 
Microsoft (R) Macro Assembler  Version 4.00                 3/29/26 15:13:36

                                                            Page     1-6
                                                            

 022E  28 D0                    		db	 28h,0D0h 
 0230  00                       data_6		db	0 
 0231  07 40 82 00 0E 07        		db	 07h, 40h, 82h, 00h, 0Eh, 07h 
 0237  56 00 68 01 34 E0        		db	 56h, 00h, 68h, 01h, 34h,0E0h 
 023D  6C AA A8 00 6F 00        		db	 6Ch,0AAh,0A8h, 00h, 6Fh, 00h 
 0243  68 84 00 04 68 20        		db	 68h, 84h, 00h, 04h, 68h, 20h 
 0249  81 E1 86 00 1A 6B        		db	 81h,0E1h, 86h, 00h, 1Ah, 6Bh 
 024F  06 80 00 80 68 E0        		db	 06h, 80h, 00h, 80h, 68h,0E0h 
 0255  00 03 D0 00 10 03        		db	 00h, 03h,0D0h, 00h, 10h, 03h 
 025B  6B 00 68 03 69 E0        		db	 6Bh, 00h, 68h, 03h, 69h,0E0h 
 0261  68 6A A0 00 6E 00        		db	 68h, 6Ah,0A0h, 00h, 6Eh, 00h 
 0267  68 84 00 05 68 61        		db	 68h, 84h, 00h, 05h, 68h, 61h 
 026D  3B 81 80 85 00 07        		db	 3Bh, 81h, 80h, 85h, 00h, 07h 
 0273  6B 07 20 00 80 50        		db	 6Bh, 07h, 20h, 00h, 80h, 50h 
 0279  68 82 00 19 E8 00        		db	 68h, 82h, 00h, 19h,0E8h, 00h 
 027F  60 03 37 80 74 00        		db	 60h, 03h, 37h, 80h, 74h, 00h 
 0285  D1 E0 68 7A 90 00        		db	0D1h,0E0h, 68h, 7Ah, 90h, 00h 
 028B  6E 00 68 00 03 80        		db	 6Eh, 00h, 68h, 00h, 03h, 80h 
 0291  00 68 C2 61 C1 84        		db	 00h, 68h,0C2h, 61h,0C1h, 84h 
 0297  00 05 40 80 6A 03        		db	 00h, 05h, 40h, 80h, 6Ah, 03h 
 029D  B0 82 00 02 D0 70        		db	0B0h, 82h, 00h, 02h,0D0h, 70h 
 02A3  82 00 19 74 80 70        		db	 82h, 00h, 19h, 74h, 80h, 70h 
 02A9  03 B5 80 68 15 23        		db	 03h,0B5h, 80h, 68h, 15h, 23h 
 02AF  C0 6B 1F 80 00 6A        		db	0C0h, 6Bh, 1Fh, 80h, 00h, 6Ah 
 02B5  00 68 00 0F 88 00        		db	 00h, 68h, 00h, 0Fh, 88h, 00h 
 02BB  68 C6 40 82 83 00        		db	 68h,0C6h, 40h, 82h, 83h, 00h 
 02C1  06 02 E5 C0 6E 01        		db	 06h, 02h,0E5h,0C0h, 6Eh, 01h 
 02C7  C8 82 00 02 D0 34        		db	0C8h, 82h, 00h, 02h,0D0h, 34h 
 02CD  82 00 0B 3B 20 60        		db	 82h, 00h, 0Bh, 3Bh, 20h, 60h 
 02D3  01 B5 C0 6A 02 87        		db	 01h,0B5h,0C0h, 6Ah, 02h, 87h 
 02D9  80 6B 83 00 14 6C        		db	 80h, 6Bh, 83h, 00h, 14h, 6Ch 
 02DF  00 68 00 40 71 00        		db	 00h, 68h, 00h, 40h, 71h, 00h 
 02E5  68 C4 C1 80 00 03        		db	 68h,0C4h,0C1h, 80h, 00h, 03h 
 02EB  E3 07 4E 80 6C 00        		db	0E3h, 07h, 4Eh, 80h, 6Ch, 00h 
 02F1  E8 82 00 02 C0 3A        		db	0E8h, 82h, 00h, 02h,0C0h, 3Ah 
 02F7  82 00 0B 1D 90 70        		db	 82h, 00h, 0Bh, 1Dh, 90h, 70h 
 02FD  01 B5 C0                 		db	 01h,0B5h,0C0h 
 0300  406C                     data_7		dw	406Ch			; Data table (indexed access) 
 0302  1F 00 6B 83 00 14        		db	 1Fh, 00h, 6Bh, 83h, 00h, 14h 
 0308  6C 00 68 08 00 0C        		db	 6Ch, 00h, 68h, 08h, 00h, 0Ch 
 030E  80 69 8C 80 F8 00        		db	 80h, 69h, 8Ch, 80h,0F8h, 00h 
 0314  30 3E 23 87 00 6C        		db	 30h, 3Eh, 23h, 87h, 00h, 6Ch 
 031A  00 70 82 00 02 D0        		db	 00h, 70h, 82h, 00h, 02h,0D0h 
 0320  1D 82 00 0B 0E A8        		db	 1Dh, 82h, 00h, 0Bh, 0Eh,0A8h 
 0326  68 01 B4 C0 6E A8        		db	 68h, 01h,0B4h,0C0h, 6Eh,0A8h 
 032C  FE 00 6B 83 00 09        		db	0FEh, 00h, 6Bh, 83h, 00h, 09h 
 0332  68 00 68 10 03 86        		db	 68h, 00h, 68h, 10h, 03h, 86h 
 0338  40 69 8D 84 00 17        		db	 40h, 69h, 8Dh, 84h, 00h, 17h 
 033E  01 C8 18 40 68 00        		db	 01h,0C8h, 18h, 40h, 68h, 00h 
 0344  1C 00 10 00 60 77        		db	 1Ch, 00h, 10h, 00h, 60h, 77h 
 034A  82 E0 70 01 0E 40        		db	 82h,0E0h, 70h, 01h, 0Eh, 40h 
 0350  74 80 72 10 63 86        		db	 74h, 80h, 72h, 10h, 63h, 86h 
 0356  00 1F 3B DF 54 02        		db	 00h, 1Fh, 3Bh,0DFh, 54h, 02h 
 035C  7F D0 40 00 40 01        		db	 7Fh,0D0h, 40h, 00h, 40h, 01h 
 0362  C0 00 02 00 3F 10        		db	0C0h, 00h, 02h, 00h, 3Fh, 10h 
Microsoft (R) Macro Assembler  Version 4.00                 3/29/26 15:13:36

                                                            Page     1-7
                                                            

 0368  00 3F 80 20 08 18        		db	 00h, 3Fh, 80h, 20h, 08h, 18h 
 036E  3A E7 40 60 02 87        		db	 3Ah,0E7h, 40h, 60h, 02h, 87h 
 0374  B0 3C E0 82 30 02        		db	0B0h, 3Ch,0E0h, 82h, 30h, 02h 
 037A  31 80 85 00 07 43        		db	 31h, 80h, 85h, 00h, 07h, 43h 
 0380  C3 FF B6 00 F5 0E        		db	0C3h,0FFh,0B6h, 00h,0F5h, 0Eh 
 0386  82 80 02 18 60 83        		db	 82h, 80h, 02h, 18h, 60h, 83h 
 038C  00 02 03 C4 83 00        		db	 00h, 02h, 03h,0C4h, 83h, 00h 
 0392  0C 40 10 08 01 03        		db	 0Ch, 40h, 10h, 08h, 01h, 03h 
 0398  80 40 06 83 18 0E        		db	 80h, 40h, 06h, 83h, 18h, 0Eh 
 039E  E6 82 18 02 21 80        		db	0E6h, 82h, 18h, 02h, 21h, 80h 
 03A4  85 00 0C 84 00 43        		db	 85h, 00h, 0Ch, 84h, 00h, 43h 
 03AA  86 00 3E AA 41 00        		db	 86h, 00h, 3Eh,0AAh, 41h, 00h 
 03B0  0E 30 02 83 00 01        		db	 0Eh, 30h, 02h, 83h, 00h, 01h 
 03B6  F3 83 00 05 C0 33        		db	0F3h, 83h, 00h, 05h,0C0h, 33h 
 03BC  00 1A 10 82 00 09        		db	 00h, 1Ah, 10h, 82h, 00h, 09h 
 03C2  06 81 8C 06 E0 04        		db	 06h, 81h, 8Ch, 06h,0E0h, 04h 
 03C8  00 01 80 85 00 0C        		db	 00h, 01h, 80h, 85h, 00h, 0Ch 
 03CE  2D 02 83 06 2A 87        		db	 2Dh, 02h, 83h, 06h, 2Ah, 87h 
 03D4  FE 03 08 E3 18 04        		db	0FEh, 03h, 08h,0E3h, 18h, 04h 
 03DA  83 00 02 39 80 82        		db	 83h, 00h, 02h, 39h, 80h, 82h 
 03E0  00 05 C4 30 E0 99        		db	 00h, 05h,0C4h, 30h,0E0h, 99h 
 03E6  C4 82 00 08 07 51        		db	0C4h, 82h, 00h, 08h, 07h, 51h 
 03EC  86 06 66 63 80 41        		db	 86h, 06h, 66h, 63h, 80h, 41h 
 03F2  86 00 0C AF 05 03        		db	 86h, 00h, 0Ch,0AFh, 05h, 03h 
 03F8  42 3F 20 00 03 18        		db	 42h, 3Fh, 20h, 00h, 03h, 18h 
 03FE  71 18                    		db	 71h, 18h 
 0400  08                       data_8		db	8			; Data table (indexed access) 
 0401  83 00 02 1C C0 82        		db	 83h, 00h, 02h, 1Ch,0C0h, 82h 
 0407  00 05 D4 18 08 10        		db	 00h, 05h,0D4h, 18h, 08h, 10h 
 040D  F9 82 00 0A 03 AC        		db	0F9h, 82h, 00h, 0Ah, 03h,0ACh 
 0413  C6 06 60 00 7E 03        		db	0C6h, 06h, 60h, 00h, 7Eh, 03h 
 0419  00 1E 84 00 0A 50        		db	 00h, 1Eh, 84h, 00h, 0Ah, 50h 
 041F  02 03 4F 00 F2 00        		db	 02h, 03h, 4Fh, 00h,0F2h, 00h 
 0425  01 80 31 82 18 83        		db	 01h, 80h, 31h, 82h, 18h, 83h 
 042B  00 16 0E 60 04 00        		db	 00h, 16h, 0Eh, 60h, 04h, 00h 
 0431  D3 0C 10 00 1E 40        		db	0D3h, 0Ch, 10h, 00h, 1Eh, 40h 
 0437  00 01 D7 C6 06 7F        		db	 00h, 01h,0D7h,0C6h, 06h, 7Fh 
 043D  E0 00 02 00 F8 C0        		db	0E0h, 00h, 02h, 00h,0F8h,0C0h 
 0443  83 00 06 A8 08 00        		db	 83h, 00h, 06h,0A8h, 08h, 00h 
 0449  43 40 0E 82 00 02        		db	 43h, 40h, 0Eh, 82h, 00h, 02h 
 044F  E0 20 82 10 14 00        		db	0E0h, 20h, 82h, 10h, 14h, 00h 
 0455  06 00 06 30 08 00        		db	 06h, 00h, 06h, 30h, 08h, 00h 
 045B  E8 83 A0 41 87 40        		db	0E8h, 83h,0A0h, 41h, 87h, 40h 
 0461  00 06 7A BC 86 00        		db	 00h, 06h, 7Ah,0BCh, 86h, 00h 
 0467  03 82 00 08 04 07        		db	 03h, 82h, 00h, 08h, 04h, 07h 
 046D  20 7F F0 80 F5 50        		db	 20h, 7Fh,0F0h, 80h,0F5h, 50h 
 0473  82 03 02 89 A0 84        		db	 82h, 03h, 02h, 89h,0A0h, 84h 
 0479  00 0E 20 30 00 1C        		db	 00h, 0Eh, 20h, 30h, 00h, 1Ch 
 047F  40 07 30 10 00 13        		db	 40h, 07h, 30h, 10h, 00h, 13h 
 0485  01 D3 7F F0 85 00        		db	 01h,0D3h, 7Fh,0F0h, 85h, 00h 
 048B  11 30 01 03 20 03        		db	 11h, 30h, 01h, 03h, 20h, 03h 
 0491  18 34 00 28 68 3A        		db	 18h, 34h, 00h, 28h, 68h, 3Ah 
 0497  20 00 02 AA F4 18        		db	 20h, 00h, 02h,0AAh,0F4h, 18h 
 049D  82 00 05 0F F8 00        		db	 82h, 00h, 05h, 0Fh,0F8h, 00h 
 04A3  04 40 86 00 1B 83        		db	 04h, 40h, 86h, 00h, 1Bh, 83h 
Microsoft (R) Macro Assembler  Version 4.00                 3/29/26 15:13:36

                                                            Page     1-8
                                                            

 04A9  00 EA 60 07 C0 01        		db	 00h,0EAh, 60h, 07h,0C0h, 01h 
 04AF  C0 80 00 38 02 1C        		db	0C0h, 80h, 00h, 38h, 02h, 1Ch 
 04B5  90 03 18 2C 00 50        		db	 90h, 03h, 18h, 2Ch, 00h, 50h 
 04BB  75 9E E0 00 55 FC        		db	 75h, 9Eh,0E0h, 00h, 55h,0FCh 
 04C1  3F D0 85 00 01 08        		db	 3Fh,0D0h, 85h, 00h, 01h, 08h 
 04C7  87 00 08 02 00 7A        		db	 87h, 00h, 08h, 02h, 00h, 7Ah 
 04CD  8E 80 3F F8 04 82        		db	 8Eh, 80h, 3Fh,0F8h, 04h, 82h 
 04D3  00 0E 18 02 0C 50        		db	 00h, 0Eh, 18h, 02h, 0Ch, 50h 
 04D9  03 18 6C 00 40 3B        		db	 03h, 18h, 6Ch, 00h, 40h, 3Bh 
 04DF  10 80 11 78 82 00        		db	 10h, 80h, 11h, 78h, 82h, 00h 
 04E5  02 FE 80 84 00 01        		db	 02h,0FEh, 80h, 84h, 00h, 01h 
 04EB  10 87 00 05 06 02        		db	 10h, 87h, 00h, 05h, 06h, 02h 
 04F1  1F AA 80 82 00 01        		db	 1Fh,0AAh, 80h, 82h, 00h, 01h 
 04F7  60 82 00 0D 1C 01        		db	 60h, 82h, 00h, 0Dh, 1Ch, 01h 
 04FD  C0 50 03 18 66 03        		db	0C0h, 50h, 03h, 18h, 66h, 03h 
 0503  00 1E A9 00 22 83        		db	 00h, 1Eh,0A9h, 00h, 22h, 83h 
 0509  00 02 07 E8 8C 00        		db	 00h, 02h, 07h,0E8h, 8Ch, 00h 
 050F  82 04 02 01 FF 82        		db	 82h, 04h, 02h, 01h,0FFh, 82h 
 0515  00 01 0E 83 00 0D        		db	 00h, 01h, 0Eh, 83h, 00h, 0Dh 
 051B  0E 00 F0 40 03 18        		db	 0Eh, 00h,0F0h, 40h, 03h, 18h 
 0521  70 F8 00 07 FE 00        		db	 70h,0F8h, 00h, 07h,0FEh, 00h 
 0527  40 84 00 01 7D 84        		db	 40h, 84h, 00h, 01h, 7Dh, 84h 
 052D  00 01 08 87 00 04        		db	 00h, 01h, 08h, 87h, 00h, 04h 
 0533  0C 2C 02 80 82 00        		db	 0Ch, 2Ch, 02h, 80h, 82h, 00h 
 0539  05 C0 07 F0 00 07        		db	 05h,0C0h, 07h,0F0h, 00h, 07h 
 053F  82 00 05 80 03 10        		db	 82h, 00h, 05h, 80h, 03h, 10h 
 0545  3C 02 84 00 01 C0        		db	 3Ch, 02h, 84h, 00h, 01h,0C0h 
 054B  84 00 02 0F C8 83        		db	 84h, 00h, 02h, 0Fh,0C8h, 83h 
 0551  00 01 C0 87 00 04        		db	 00h, 01h,0C0h, 87h, 00h, 04h 
 0557  08 6C 14 F0 83 00        		db	 08h, 6Ch, 14h,0F0h, 83h, 00h 
 055D  05 02 E3 C0 03 C0        		db	 05h, 02h,0E3h,0C0h, 03h,0C0h 
 0563  82 00 04 02 20 0F        		db	 82h, 00h, 04h, 02h, 20h, 0Fh 
 0569  F0 84 00 01 80 85        		db	0F0h, 84h, 00h, 01h, 80h, 85h 
 056F  00 04 7F A0 00 3C        		db	 00h, 04h, 7Fh,0A0h, 00h, 3Ch 
 0575  88 00 04 10 64 34        		db	 88h, 00h, 04h, 10h, 64h, 34h 
 057B  70 82 00 0A 15 55        		db	 70h, 82h, 00h, 0Ah, 15h, 55h 
 0581  54 07 00 F8 01 00        		db	 54h, 07h, 00h,0F8h, 01h, 00h 
 0587  06 20 8C 00 01 01        		db	 06h, 20h, 8Ch, 00h, 01h, 01h 
 058D  82 FF A0 00 02 0A        		db	 82h,0FFh,0A0h, 00h, 02h, 0Ah 
 0593  C0 82 00 02 60 2E        		db	0C0h, 82h, 00h, 02h, 60h, 2Eh 
 0599  86 00 05 1F FA A8        		db	 86h, 00h, 05h, 1Fh,0FAh,0A8h 
 059F  00 2F 97 00 02 10        		db	 00h, 2Fh, 97h, 00h, 02h, 10h 
 05A5  78 82 00 02 60 5C        		db	 78h, 82h, 00h, 02h, 60h, 5Ch 
 05AB  85 00 03 01 F5 40        		db	 85h, 00h, 03h, 01h,0F5h, 40h 
 05B1  82 00 01 01 97 00        		db	 82h, 00h, 01h, 01h, 97h, 00h 
 05B7  02 10 1E 82 00 02        		db	 02h, 10h, 1Eh, 82h, 00h, 02h 
 05BD  60 BC 85 00 02 1F        		db	 60h,0BCh, 85h, 00h, 02h, 1Fh 
 05C3  40 8C 00 02 01 2F        		db	 40h, 8Ch, 00h, 02h, 01h, 2Fh 
 05C9  83 FF 01 80 84 00        		db	 83h,0FFh, 01h, 80h, 84h, 00h 
 05CF  03 7F FF E0 82 00        		db	 03h, 7Fh,0FFh,0E0h, 82h, 00h 
 05D5  06 18 07 80 00 E0        		db	 06h, 18h, 07h, 80h, 00h,0E0h 
 05DB  BC 84 00 02 07 E0        		db	0BCh, 84h, 00h, 02h, 07h,0E0h 
 05E1  86 00 01 0F 82 FF        		db	 86h, 00h, 01h, 0Fh, 82h,0FFh 
 05E7  01 FE 85 00 04 5F        		db	 01h,0FEh, 85h, 00h, 04h, 5Fh 
 05ED  80 00 7E 83 00 0C        		db	 80h, 00h, 7Eh, 83h, 00h, 0Ch 
Microsoft (R) Macro Assembler  Version 4.00                 3/29/26 15:13:36

                                                            Page     1-9
                                                            

 05F3  7F 80 00 1F 80 00        		db	 7Fh, 80h, 00h, 1Fh, 80h, 00h 
 05F9  0C 01 C0 01 C0 BE        		db	 0Ch, 01h,0C0h, 01h,0C0h,0BEh 
 05FF  83                       		db	 83h 
 0600  0200                     data_9		dw	200h			; Data table (indexed access) 
 0602  01 F8 87 00 01 02        		db	 01h,0F8h, 87h, 00h, 01h, 02h 
 0608  82 00 01 B0 86 00        		db	 82h, 00h, 01h,0B0h, 86h, 00h 
 060E  07 F8 1F 01 E0 00        		db	 07h,0F8h, 1Fh, 01h,0E0h, 00h 
 0614  1F 80 83 00 0C 78        		db	 1Fh, 80h, 83h, 00h, 0Ch, 78h 
 061A  00 07 00 E0 07 80        		db	 00h, 07h, 00h,0E0h, 07h, 80h 
 0620  5F 80 00 01 FE 89        		db	 5Fh, 80h, 00h, 01h,0FEh, 89h 
 0626  00 07 80 02 C0 00        		db	 00h, 07h, 80h, 02h,0C0h, 00h 
 062C  7F FF C0 82 00 06        		db	 7Fh,0FFh,0C0h, 82h, 00h, 06h 
 0632  0E 63 C0 18 00 F8        		db	 0Eh, 63h,0C0h, 18h, 00h,0F8h 
 0638  82 00 0D 03 FC 06        		db	 82h, 00h, 0Dh, 03h,0FCh, 06h 
 063E  00 01 C0 70 1E 00        		db	 00h, 01h,0C0h, 70h, 1Eh, 00h 
 0644  17                       		db	 17h 
 0645                           loc_1: 
 0645  FA                       		cli				; Disable interrupts 
                                ;*		add	si,di 
 0646  03 F7                    				add si,di			; was: db 001h,0FEh 
 0648  8A 00                    		mov	al,[bx+si] 
 064A  07                       		pop	es 
 064B  40                       		inc	ax 
 064C  0B 00                    		or	ax,[bx+si] 
 064E  7F F5                    		jg	loc_1			; Jump if > 
 0650  55                       		push	bp 
 0651  FC                       		cld				; Clear direction 
                                ;*		add	byte ptr [bx+si],6 
 0652  80 00 06                 				add byte ptr [bx+si],6h			; was: db 082h,000h,006h 
                                ;*		add	cx,si 
 0655  03 CE                    				add cx,si			; was: db 001h,0F1h 
 0657  E0 06                    		loopnz	$+8			; Loop if zf=0, cx>0 
                                 
 0659  07                       		pop	es 
 065A  80 82 0C00 1C            		add	byte ptr ss:data_13e[bp+si],1Ch 
 065F  03 01                    		add	ax,[bx+di] 
 0661  80 00 7C                 		add	byte ptr [bx+si],7Ch	; '|' 
                                ;*		cmp	ax,si 
 0664  3B C6                    				cmp ax,si			; was: db 039h,0F0h 
 0666  00 02                    		add	[bp+si],al 
 0668  FF FE 89 00 01 80        		db	0FFh,0FEh, 89h, 00h, 01h, 80h 
 066E  82 00 09 71 E0 01        		db	 82h, 00h, 09h, 71h,0E0h, 01h 
 0674  1E 00 60 01 80 C0        		db	 1Eh, 00h, 60h, 01h, 80h,0C0h 
 067A  82 00 02 07 FF 83        		db	 82h, 00h, 02h, 07h,0FFh, 83h 
 0680  00 09 07 80 78 05        		db	 00h, 09h, 07h, 80h, 78h, 05h 
 0686  60 1F E0 05 80 83        		db	 60h, 1Fh,0E0h, 05h, 80h, 83h 
 068C  00 04 70 0E 39 80        		db	 00h, 04h, 70h, 0Eh, 39h, 80h 
 0692  84 00 02 A8 E0 82        		db	 84h, 00h, 02h,0A8h,0E0h, 82h 
 0698  00 09 07 C0 00 F8        		db	 00h, 09h, 07h,0C0h, 00h,0F8h 
 069E  00 C0 71 80 60 88        		db	 00h,0C0h, 71h, 80h, 60h, 88h 
 06A4  00 0E 7F 80 04 BF        		db	 00h, 0Eh, 7Fh, 80h, 04h,0BFh 
 06AA  FF C0 05 83 FF 00        		db	0FFh,0C0h, 05h, 83h,0FFh, 00h 
 06B0  01 C0 07 83 86 00        		db	 01h,0C0h, 07h, 83h, 86h, 00h 
 06B6  01 1C 82 00 01 1F        		db	 01h, 1Ch, 82h, 00h, 01h, 1Fh 
 06BC  82 00 07 60 01 80        		db	 82h, 00h, 07h, 60h, 01h, 80h 
Microsoft (R) Macro Assembler  Version 4.00                 3/29/26 15:13:36

                                                            Page     1-10
                                                            

 06C2  C3 00 60 04 82 00        		db	0C3h, 00h, 60h, 04h, 82h, 00h 
 06C8  01 18 86 00 0C 05        		db	 01h, 18h, 86h, 00h, 0Ch, 05h 
 06CE  57 FD 00 01 9E 17        		db	 57h,0FDh, 00h, 01h, 9Eh, 17h 
 06D4  C0 03 00 01 FC 86        		db	0C0h, 03h, 00h, 01h,0FCh, 86h 
 06DA  00 04 03 C0 01 F8        		db	 00h, 04h, 03h,0C0h, 01h,0F8h 
 06E0  82 00 07 20 01 80        		db	 82h, 00h, 07h, 20h, 01h, 80h 
 06E6  7C 00 60 04 82 00        		db	 7Ch, 00h, 60h, 04h, 82h, 00h 
 06EC  01 18 86 00 09 01        		db	 01h, 18h, 86h, 00h, 09h, 01h 
 06F2  82 B0 00 01 E0 0B        		db	 82h,0B0h, 00h, 01h,0E0h, 0Bh 
 06F8  E0 06 85 00 02 2F        		db	0E0h, 06h, 85h, 00h, 02h, 2Fh 
 06FE  80 83                    		db	 80h, 83h 
 0700  00                       data_10		db	0			; Data table (indexed access) 
 0701  02 12 FF 84 00 02        		db	 02h, 12h,0FFh, 84h, 00h, 02h 
 0707  01 80 82 00 02 60        		db	 01h, 80h, 82h, 00h, 02h, 60h 
 070D  06 82 00 01 18 86        		db	 06h, 82h, 00h, 01h, 18h, 86h 
 0713  00 02 01 80 84 00        		db	 00h, 02h, 01h, 80h, 84h, 00h 
 0719  03 05 E0 0C 85 00        		db	 03h, 05h,0E0h, 0Ch, 85h, 00h 
 071F  02 BF E0 8A 00 01        		db	 02h,0BFh,0E0h, 8Ah, 00h, 01h 
 0725  C0 82 00 02 C0 06        		db	0C0h, 82h, 00h, 02h,0C0h, 06h 
 072B  82 00 01 38 86 00        		db	 82h, 00h, 01h, 38h, 86h, 00h 
 0731  02 05 80 84 00 03        		db	 02h, 05h, 80h, 84h, 00h, 03h 
 0737  0B C0 0C 84 00 05        		db	 0Bh,0C0h, 0Ch, 84h, 00h, 05h 
 073D  01 70 E0 00 01 88        		db	 01h, 70h,0E0h, 00h, 01h, 88h 
 0743  00 05 60 00 01 80        		db	 00h, 05h, 60h, 00h, 01h, 80h 
 0749  07 82 00 01 70 86        		db	 07h, 82h, 00h, 01h, 70h, 86h 
 074F  00 02 05 80 84 00        		db	 00h, 02h, 05h, 80h, 84h, 00h 
 0755  04 5E 00 0C 3E 83        		db	 04h, 5Eh, 00h, 0Ch, 3Eh, 83h 
 075B  00 05 01 7C 70 00        		db	 00h, 05h, 01h, 7Ch, 70h, 00h 
 0761  03 88 00 08 18 00        		db	 03h, 88h, 00h, 08h, 18h, 00h 
 0767  06 00 05 80 01 F0        		db	 06h, 00h, 05h, 80h, 01h,0F0h 
 076D  86 00 02 05 80 83        		db	 86h, 00h, 02h, 05h, 80h, 83h 
 0773  00 05 0A 80 00 0C        		db	 00h, 05h, 0Ah, 80h, 00h, 0Ch 
 0779  79 83 00 0B 01 5C        		db	 79h, 83h, 00h, 0Bh, 01h, 5Ch 
 077F  30 00 06 30 0E 38        		db	 30h, 00h, 06h, 30h, 0Eh, 38h 
 0785  00 01 70 82 00 0F        		db	 00h, 01h, 70h, 82h, 00h, 0Fh 
 078B  01 2F 00 0E 00 4B        		db	 01h, 2Fh, 00h, 0Eh, 00h, 4Bh 
 0791  F8 10 BF FD C0 17        		db	0F8h, 10h,0BFh,0FDh,0C0h, 17h 
 0797  80 17 80 83 00 05        		db	 80h, 17h, 80h, 83h, 00h, 05h 
 079D  17 8C 3F F0 40 85        		db	 17h, 8Ch, 3Fh,0F0h, 40h, 85h 
 07A3  00 07 16 61 C0 00        		db	 00h, 07h, 16h, 61h,0C0h, 00h 
 07A9  30 1C 2C 82 00 01        		db	 30h, 1Ch, 2Ch, 82h, 00h, 01h 
 07AF  BC 83 00 0E AF 80        		db	0BCh, 83h, 00h, 0Eh,0AFh, 80h 
 07B5  17 00 CB F8 13 57        		db	 17h, 00h,0CBh,0F8h, 13h, 57h 
 07BB  F7 00 17 80 17 80        		db	0F7h, 00h, 17h, 80h, 17h, 80h 
 07C1  83 00 05 17 9C 7F        		db	 83h, 00h, 05h, 17h, 9Ch, 7Fh 
 07C7  F8 60 85 00 05 14        		db	0F8h, 60h, 85h, 00h, 05h, 14h 
 07CD  C1 60 00 60 82 1C        		db	0C1h, 60h, 00h, 60h, 82h, 1Ch 
 07D3  82 00 12 2F 00 08        		db	 82h, 00h, 12h, 2Fh, 00h, 08h 
 07D9  00 97 C0 17 80 97        		db	 00h, 97h,0C0h, 17h, 80h, 97h 
 07DF  F8 17 95 5C 00 17        		db	0F8h, 17h, 95h, 5Ch, 00h, 17h 
 07E5  80 17 80 83 00 05        		db	 80h, 17h, 80h, 83h, 00h, 05h 
 07EB  17 98 FC 78 60 85        		db	 17h, 98h,0FCh, 78h, 60h, 85h 
 07F1  00 07 14 C0 E0 00        		db	 00h, 07h, 14h,0C0h,0E0h, 00h 
 07F7  60 38 16 82 00 1A        		db	 60h, 38h, 16h, 82h, 00h, 1Ah 
 07FD  17 C0 18                 		db	 17h,0C0h, 18h 
Microsoft (R) Macro Assembler  Version 4.00                 3/29/26 15:13:36

                                                            Page     1-11
                                                            

 0800  CB00 0BE0                data_11		dw	0CB00h, 0BE0h		; Data table (indexed access) 
 0804  C3 2F F8 17 85 60        		db	0C3h, 2Fh,0F8h, 17h, 85h, 60h 
 080A  00 17 80 17 80 1F        		db	 00h, 17h, 80h, 17h, 80h, 1Fh 
 0810  E0 00                    		db	0E0h, 00h 
                                 
 0812                           locloop_2: 
 0812  17                       		pop	ss 
                                ;*		cmp	ax,si 
 0813  3B C6                    				cmp ax,si			; was: db 039h,0F0h 
                                ;*		xor	al,al			; Zero register 
 0815  32 C0                    				xor al,al			; was: db 030h,0C0h 
 0817  83 00 09                 		add	word ptr [bx+si],9 
 081A  A1 1540                  		mov	ax,ds:data_14e 
                                ;*		adc	byte ptr [bx+si+0],0C0h 
 081D  80 10 C0                 				adc byte ptr [bx+si+0h],0C0h			; was: db 080h,050h,000h,0C0h 
 0820  38 0E 82 00 0C 0B        		db	 38h, 0Eh, 82h, 00h, 0Ch, 0Bh 
 0826  E0 08 00 4B F0 17        		db	0E0h, 08h, 00h, 4Bh,0F0h, 17h 
 082C  EA DF F8 17 80 82        		db	0EAh,0DFh,0F8h, 17h, 80h, 82h 
 0832  00 18 17 80 17 80        		db	 00h, 18h, 17h, 80h, 17h, 80h 
 0838  F0 1C 00 17 31 E0        		db	0F0h, 1Ch, 00h, 17h, 31h,0E0h 
 083E  61 80 07 F8 01 52        		db	 61h, 80h, 07h,0F8h, 01h, 52h 
 0844  A0 11 80 38 00 80        		db	0A0h, 11h, 80h, 38h, 00h, 80h 
 084A  38 0B 82 00 0C 04        		db	 38h, 0Bh, 82h, 00h, 0Ch, 04h 
 0850  F8 1C 00 4B F0 15        		db	0F8h, 1Ch, 00h, 4Bh,0F0h, 15h 
 0856  FD 7F F0 17 80 82        		db	0FDh, 7Fh,0F0h, 17h, 80h, 82h 
 085C  00 14 17 80 17 83        		db	 00h, 14h, 17h, 80h, 17h, 83h 
 0862  80 03 00 17 33 E0        		db	 80h, 03h, 00h, 17h, 33h,0E0h 
 0868  3E 00 7C 0F 80 A1        		db	 3Eh, 00h, 7Ch, 0Fh, 80h,0A1h 
 086E  40 13 00 14 82 00        		db	 40h, 13h, 00h, 14h, 82h, 00h 
 0874  0B 38 05 80 00 02        		db	 0Bh, 38h, 05h, 80h, 00h, 02h 
 087A  7C 0C 00 4B F8 13        		db	 7Ch, 0Ch, 00h, 4Bh,0F8h, 13h 
 0880  82 FF 03 F0 17 80        		db	 82h,0FFh, 03h,0F0h, 17h, 80h 
 0886  82 00 0F 17 80 17        		db	 82h, 00h, 0Fh, 17h, 80h, 17h 
 088C  87 00 01 80 16 63        		db	 87h, 00h, 01h, 80h, 16h, 63h 
 0892  C0 00 01 C0 00 70        		db	0C0h, 00h, 01h,0C0h, 00h, 70h 
 0898  82 00 03 13 00 06        		db	 82h, 00h, 03h, 13h, 00h, 06h 
 089E  82 00 10 38 02 E0        		db	 82h, 00h, 10h, 38h, 02h,0E0h 
 08A4  00 01 5E 16 00 4B        		db	 00h, 01h, 5Eh, 16h, 00h, 4Bh 
 08AA  F8 11 7F FF E0 17        		db	0F8h, 11h, 7Fh,0FFh,0E0h, 17h 
 08B0  80 82 00 05 17 80        		db	 80h, 82h, 00h, 05h, 17h, 80h 
 08B6  17 8E 0F 82 C0 1A        		db	 17h, 8Eh, 0Fh, 82h,0C0h, 1Ah 
 08BC  16 62 C0 00 07 00        		db	 16h, 62h,0C0h, 00h, 07h, 00h 
 08C2  78 1C 78 A0 16 00        		db	 78h, 1Ch, 78h,0A0h, 16h, 00h 
 08C8  63 30 0C 03 86 0E        		db	 63h, 30h, 0Ch, 03h, 86h, 0Eh 
 08CE  79 50 0C 00 C1 8C        		db	 79h, 50h, 0Ch, 00h,0C1h, 8Ch 
 08D4  0B 98 83 0C 01 60        		db	 0Bh, 98h, 83h, 0Ch, 01h, 60h 
 08DA  85 00 0D 7F E0 AB        		db	 85h, 00h, 0Dh, 7Fh,0E0h,0ABh 
 08E0  FD 80 2F E0 3C 30        		db	0FDh, 80h, 2Fh,0E0h, 3Ch, 30h 
 08E6  00 18 00 3C 82 00        		db	 00h, 18h, 00h, 3Ch, 82h, 00h 
 08EC  01 F8 83 00 10 18        		db	 01h,0F8h, 83h, 00h, 10h, 18h 
 08F2  06 03 07 00 A0 10        		db	 06h, 03h, 07h, 00h,0A0h, 10h 
 08F8  01 40 46 03 99 86        		db	 01h, 40h, 46h, 03h, 99h, 86h 
 08FE  06                       		db	 06h 
 08FF  600C                     data_12		dw	600Ch			; Data table (indexed access) 
 0901  85 00 0D FF E0 00        		db	 85h, 00h, 0Dh,0FFh,0E0h, 00h 
Microsoft (R) Macro Assembler  Version 4.00                 3/29/26 15:13:36

                                                            Page     1-12
                                                            

 0907  41 80 0A FF F0 60        		db	 41h, 80h, 0Ah,0FFh,0F0h, 60h 
 090D  FC 0C 00 F0 82 00        		db	0FCh, 0Ch, 00h,0F0h, 82h, 00h 
 0913  01 3E 82 00 06 03        		db	 01h, 3Eh, 82h, 00h, 06h, 03h 
 0919  38 0C C6 1F C0 82        		db	 38h, 0Ch,0C6h, 1Fh,0C0h, 82h 
 091F  00 09 01 60 63 01        		db	 00h, 09h, 01h, 60h, 63h, 01h 
 0925  98 03 00 18 60 85        		db	 98h, 03h, 00h, 18h, 60h, 85h 
 092B  00 0D 7B E0 A0 41        		db	 00h, 0Dh, 7Bh,0E0h,0A0h, 41h 
 0931  80 01 55 80 C3 FF        		db	 80h, 01h, 55h, 80h,0C3h,0FFh 
 0937  06 01 C0 82 00 09        		db	 06h, 01h,0C0h, 82h, 00h, 09h 
 093D  0F 80 00 1C 38 0C        		db	 0Fh, 80h, 00h, 1Ch, 38h, 0Ch 
 0943  38 E7 F8 82 00 09        		db	 38h,0E7h,0F8h, 82h, 00h, 09h 
 0949  01 70 21 01 99 98        		db	 01h, 70h, 21h, 01h, 99h, 98h 
 094F  E0 70 60 85 00 06        		db	0E0h, 70h, 60h, 85h, 00h, 06h 
 0955  F2 C1 40 C1 D5 40        		db	0F2h,0C1h, 40h,0C1h,0D5h, 40h 
 095B  82 00 05 C7 1F 86        		db	 82h, 00h, 05h,0C7h, 1Fh, 86h 
 0961  03 80 82 00 09 07        		db	 03h, 80h, 82h, 00h, 09h, 07h 
 0967  C0 00 70 3C 06 03        		db	0C0h, 00h, 70h, 3Ch, 06h, 03h 
 096D  06 3E 83 00 08 B8        		db	 06h, 3Eh, 83h, 00h, 08h,0B8h 
 0973  31 81 98 00 1F 80        		db	 31h, 81h, 98h, 00h, 1Fh, 80h 
 0979  C0 85 00 06 70 02        		db	0C0h, 85h, 00h, 06h, 70h, 02h 
 097F  80 DD C0 1C 82 00        		db	 80h,0DDh,0C0h, 1Ch, 82h, 00h 
 0985  04 66 0F 86 07 83        		db	 04h, 66h, 0Fh, 86h, 07h, 83h 
 098B  00 0A 03 E0 01 C0        		db	 00h, 0Ah, 03h,0E0h, 01h,0C0h 
 0991  2E 03 06 0C 07 80        		db	 2Eh, 03h, 06h, 0Ch, 07h, 80h 
 0997  82 00 05 5E 30 81        		db	 82h, 00h, 05h, 5Eh, 30h, 81h 
 099D  9F F8 82 00 02 C0        		db	 9Fh,0F8h, 82h, 00h, 02h,0C0h 
 09A3  FE 84 00 0C B8 1D        		db	0FEh, 84h, 00h, 0Ch,0B8h, 1Dh 
 09A9  00 F0 E0 01 80 00        		db	 00h,0F0h,0E0h, 01h, 80h, 00h 
 09AF  38 0F 86 07 83 00        		db	 38h, 0Fh, 86h, 07h, 83h, 00h 
 09B5  0A 01 F0 03 80 2F        		db	 0Ah, 01h,0F0h, 03h, 80h, 2Fh 
 09BB  80 EC 71 E1 C0 82        		db	 80h,0ECh, 71h,0E1h,0C0h, 82h 
 09C1  00 04 2F F0 C1 80        		db	 00h, 04h, 2Fh,0F0h,0C1h, 80h 
 09C7  82 00 0E 01 87 01        		db	 82h, 00h, 0Eh, 01h, 87h, 01h 
 09CD  C0 7F FC 00 57 F4        		db	0C0h, 7Fh,0FCh, 00h, 57h,0F4h 
 09D3  03 C0 B0 00 60 82        		db	 03h,0C0h,0B0h, 00h, 60h, 82h 
 09D9  00 15 1F 0C 0E 00        		db	 00h, 15h, 1Fh, 0Ch, 0Eh, 00h 
 09DF  1F 00 01 F8 07 00        		db	 1Fh, 00h, 01h,0F8h, 07h, 00h 
 09E5  17 80 1F 86 18 C0        		db	 17h, 80h, 1Fh, 86h, 18h,0C0h 
 09EB  00 1F 85 7F 41 82        		db	 00h, 1Fh, 85h, 7Fh, 41h, 82h 
 09F1  FF 0F 80 07 18 00        		db	0FFh, 0Fh, 80h, 07h, 18h, 00h 
 09F7  70 80 0F C0 0A A0        		db	 70h, 80h, 0Fh,0C0h, 0Ah,0A0h 
 09FD  1C C0 7C 5F FC 82        		db	 1Ch,0C0h, 7Ch, 5Fh,0FCh, 82h 
 0A03  00 25 FC 18 0E 00        		db	 00h, 25h,0FCh, 18h, 0Eh, 00h 
 0A09  60 C0 00 F8 0E 00        		db	 60h,0C0h, 00h,0F8h, 0Eh, 00h 
 0A0F  E0 C0 2F 80 03 F0        		db	0E0h,0C0h, 2Fh, 80h, 03h,0F0h 
 0A15  0F F0 E0 00 0E 00        		db	 0Fh,0F0h,0E0h, 00h, 0Eh, 00h 
 0A1B  80 20 00 FC 0E 00        		db	 80h, 20h, 00h,0FCh, 0Eh, 00h 
 0A21  1C 17 05 F8 01 FD        		db	 1Ch, 17h, 05h,0F8h, 01h,0FDh 
 0A27  55 0B FC 85 00 02        		db	 55h, 0Bh,0FCh, 85h, 00h, 02h 
 0A2D  03 E0 87 00 07 C1        		db	 03h,0E0h, 87h, 00h, 07h,0C1h 
 0A33  15 F0 38 0F FE 07        		db	 15h,0F0h, 38h, 0Fh,0FEh, 07h 
 0A39  82 00 0E 07 00 9C        		db	 82h, 00h, 0Eh, 07h, 00h, 9Ch 
 0A3F  10 00 FC 1E 00 38        		db	 10h, 00h,0FCh, 1Eh, 00h, 38h 
 0A45  0B C1 70 07 AA 82        		db	 0Bh,0C1h, 70h, 07h,0AAh, 82h 
 0A4B  00 02 2F C0 84 00        		db	 00h, 02h, 2Fh,0C0h, 84h, 00h 
Microsoft (R) Macro Assembler  Version 4.00                 3/29/26 15:13:36

                                                            Page     1-13
                                                            

 0A51  02 07 C0 86 00 05        		db	 02h, 07h,0C0h, 86h, 00h, 05h 
 0A57  01 83 85 7F F0 82        		db	 01h, 83h, 85h, 7Fh,0F0h, 82h 
 0A5D  00 01 78 82 00 0E        		db	 00h, 01h, 78h, 82h, 00h, 0Eh 
 0A63  07 00 7E 10 00 FC        		db	 07h, 00h, 7Eh, 10h, 00h,0FCh 
 0A69  1E 00 F0 04 FF E0        		db	 1Eh, 00h,0F0h, 04h,0FFh,0E0h 
 0A6F  0E 80 82 00 02 01        		db	 0Eh, 80h, 82h, 00h, 02h, 01h 
 0A75  78 84 00 02 0F 80        		db	 78h, 84h, 00h, 02h, 0Fh, 80h 
 0A7B  86 00 08 01 85 00        		db	 86h, 00h, 08h, 01h, 85h, 00h 
 0A81  55 40 00 0F 80 82        		db	 55h, 40h, 00h, 0Fh, 80h, 82h 
 0A87  00 0D 03 80 3C 10        		db	 00h, 0Dh, 03h, 80h, 3Ch, 10h 
 0A8D  00 FC 1F 07 E0 01        		db	 00h,0FCh, 1Fh, 07h,0E0h, 01h 
 0A93  56                       		db	56h 
                                 
 0A94                           locloop_3: 
 0A94  80 1C 84                 		sbb	byte ptr [si],84h 
 0A97  00 01                    		add	[bx+di],al 
 0A99  17                       		pop	ss 
 0A9A  84 00                    		test	al,[bx+si] 
 0A9C  01 3E 0087 R             		add	data_3,di 
 0AA0  02 03                    		add	al,[bp+di] 
 0AA2  0B 84 0100 R             		or	ax,data_5[si] 
 0AA6  F0/ 83 00 09                                        lock	add	word ptr [bx+si],9 
                                ;*		add	ax,ax 
 0AAA  03 C0                    				add ax,ax			; was: db 001h,0C0h 
 0AAC  00 30                    		add	[bx+si],dh 
                                ;*		add	ah,bh 
 0AAE  02 E7                    				add ah,bh			; was: db 000h,0FCh 
                                ;*		pop	cs			; Dangerous-8088 only 
 0AB0  0F                       		db	0Fh			;  Fixup - byte match 
 0AB1  FF 80 0083 R             		inc	data_1[bx+si] 
 0AB5  01 30                    		add	[bx+si],si 
 0AB7  84 00                    		test	al,[bx+si] 
 0AB9  02 02                    		add	al,[bp+si] 
                                ;*                         lock	add	byte ptr [bx+si],2 
 0ABB  F0/ 80 00 02             				lock add byte ptr [bx+si],2h			; was: db 0F0h,082h,000h,002h 
                                ;*		add	ax,si 
 0ABF  03 C6                    				add ax,si			; was: db 001h,0F0h 
 0AC1  87 00                    		xchg	[bx+si],ax 
 0AC3  09 03                    		or	[bp+di],ax 
 0AC5  1E                       		push	ds 
 0AC6  05 00E0                  		add	ax,0E0h 
 0AC9  07                       		pop	es 
 0ACA  00 7F F8                 		add	[bx-8],bh 
                                ;*		add	byte ptr [bx+si],7 
 0ACD  80 00 07                 				add byte ptr [bx+si],7h			; was: db 082h,000h,007h 
                                ;*                         lock	add	[bx+si+0],ah 
 0AD0  F0/ 00 20                				lock add [bx+si+0h],ah			; was: db 0F0h,000h,060h,000h 
 0AD3  F8 03 FC 84 00 01        		db	0F8h, 03h,0FCh, 84h, 00h, 01h 
 0AD9  20 85 00 04 17 80        		db	 20h, 85h, 00h, 04h, 17h, 80h 
 0ADF  00 3F 88 00 06 06        		db	 00h, 3Fh, 88h, 00h, 06h, 06h 
 0AE5  16 0B F8 00 1C 83        		db	 16h, 0Bh,0F8h, 00h, 1Ch, 83h 
 0AEB  FF 07 E0 00 3E 01        		db	0FFh, 07h,0E0h, 00h, 3Eh, 01h 
 0AF1  C0 01 F8 8D 00 03        		db	0C0h, 01h,0F8h, 8Dh, 00h, 03h 
 0AF7  5F FF C0 88 00 10        		db	 5Fh,0FFh,0C0h, 88h, 00h, 10h 
 0AFD  0E 1E 0B F8 00 7F        		db	 0Eh, 1Eh, 0Bh,0F8h, 00h, 7Fh 
Microsoft (R) Macro Assembler  Version 4.00                 3/29/26 15:13:36

                                                            Page     1-14
                                                            

 0B03  EA AA AB FF 00 03        		db	0EAh,0AAh,0ABh,0FFh, 00h, 03h 
 0B09  FE 00 01 F0 98 00        		db	0FEh, 00h, 01h,0F0h, 98h, 00h 
 0B0F  FF FF                    		db	0FFh,0FFh 
                                 
                                _130UTILB	endp 
                                 
 0B11                           seg_a		ends 
                                 
                                 
                                 
                                		end	start 

Microsoft (R) Macro Assembler  Version 4.00                 3/29/26 15:13:36

                                                            Symbols-1
                                                             

Macros:

		N a m e			Lines

CALLF  . . . . . . . . . . . . .  	   2
CALLFX . . . . . . . . . . . . .  	   3
JMPN . . . . . . . . . . . . . .  	   2
MOVSEG . . . . . . . . . . . . .  	  43
RETF . . . . . . . . . . . . . .  	   6
RETN . . . . . . . . . . . . . .  	   6

Segments and Groups:

                N a m e         	Size	Align	Combine Class

SEG_A  . . . . . . . . . . . . .  	0B11	BYTE	PUBLIC	

Symbols:            

                N a m e         	Type	Value	Attr         

DATA_1 . . . . . . . . . . . . .  	L WORD 	0083	SEG_A
DATA_10  . . . . . . . . . . . .  	L BYTE 	0700	SEG_A
DATA_11  . . . . . . . . . . . .  	L WORD 	0800	SEG_A
DATA_12  . . . . . . . . . . . .  	L WORD 	08FF	SEG_A
DATA_13E . . . . . . . . . . . .  	Number	0C00	
DATA_14E . . . . . . . . . . . .  	Number	1540	
DATA_15E . . . . . . . . . . . .  	Number	86A8	
DATA_16E . . . . . . . . . . . .  	Number	8714	
DATA_2 . . . . . . . . . . . . .  	L WORD 	0085	SEG_A
DATA_3 . . . . . . . . . . . . .  	L WORD 	0087	SEG_A
DATA_4 . . . . . . . . . . . . .  	L BYTE 	00E0	SEG_A
DATA_5 . . . . . . . . . . . . .  	L WORD 	0100	SEG_A
DATA_6 . . . . . . . . . . . . .  	L BYTE 	0230	SEG_A
DATA_7 . . . . . . . . . . . . .  	L WORD 	0300	SEG_A
DATA_8 . . . . . . . . . . . . .  	L BYTE 	0400	SEG_A
DATA_9 . . . . . . . . . . . . .  	L WORD 	0600	SEG_A

LOCLOOP_2  . . . . . . . . . . .  	L NEAR	0812	SEG_A
LOCLOOP_3  . . . . . . . . . . .  	L NEAR	0A94	SEG_A
LOC_1  . . . . . . . . . . . . .  	L NEAR	0645	SEG_A

START  . . . . . . . . . . . . .  	L NEAR	0000	SEG_A

TARGET . . . . . . . . . . . . .  	Number	4D34	

_130UTILB  . . . . . . . . . . .  	F PROC	0000	SEG_A	Length = 0B11


    741 Source  Lines
    742 Total   Lines
     50 Symbols

  49172 Bytes symbol space free

      0 Warning Errors
      0 Severe  Errors
