Turbo Assembler	 Version 2.01	     03/22/26 12:48:31	    Page 1
314LVLRD.asm



      1
      2
      3				     ;==========================================================================
      4				     ;
      5				     ;	LEVEL_RENDERER - Code Module
      6				     ;
      7				     ;==========================================================================
      8
      9	      =	5432		     target	     EQU   'T2'			     ; Target assembler: TASM-2.X
     10
     11				     include  srmacros.inc
1    12
1    13				     ; Macros which may	be required for	proper re-assembly
1    14
1    15
1    16
1    17
1    18
1    19				     ;-----------------------------------------------------------------------------
1    20				     ; Some assemblers,	like TASM, check each far call and jump, to see	if it is
1    21				     ; in the same segment.  If	so, rather than	produce	the standard five byte far
1    22				     ; instruction it uses a near jump or call.
1    23
1    24				     calls	     macro   dummy1, dummy2, slocation
1    25						     db	     9Ah		     ; forced call far instruction
1    26						     dw	     offset slocation, seg slocation
1    27				     endm
1    28
1    29				     jmps	     macro   dummy1, dummy2, jlocation
1    30						     db	     0EAh		     ; forced jump far instruction
1    31						     dw	     offset jlocation, seg jlocation
1    32				     endm
1    33
1    34
1    35
1    36
1    37				     ;-----------------------------------------------------------------------------
1    38				     ;	Some compilers and some	assemblers will	code a call that goes to a far
1    39				     ;	subroutine in the same segment as:
1    40				     ;
1    41				     ;		     PUSH    CS
1    42				     ;		     CALL    near
1    43				     ;
1    44				     ;	This saves one byte, and is slightly faster.  If the assembler you are
1    45				     ;	using (i.e. MASM, Optasm) does not do this automatically, the following
1    46				     ;	macros are used	to code	the same information.  In other	words, the binary
1    47				     ;	file has "PUSH CS, CALL	near", and Sourcer ensures the same instructions
1    48				     ;	are used!  (macro CALLF)
1    49				     ;
1    50
1    51				     callf	     macro   location
1    52						     push    cs
1    53						     call    near ptr location
1    54				     endm
Turbo Assembler	 Version 2.01	     03/22/26 12:48:31	    Page 2
314LVLRD.asm



1    55
1    56				     ;	Some compilers generate	an unnecessary DS override on the call instruction
1    57				     ;	when compacting	the CALLF type function.  Macro	CALLFX handles this case.
1    58
1    59				     callfx	     macro   location
1    60						     push    cs
1    61						     db	     3Eh
1    62						     call    near ptr location
1    63				     endm
1    64
1    65
1    66				     ;-----------------------------------------------------------------------------
1    67				     ;	Some compilers and some	assemblers will	code a near call that is the
1    68				     ;	selected assembler will	convert	to a short jump	to save	a byte.	 This
1    69				     ;	reconstructs a near jump for these cases.
1    70
1    71				     jmpn	     macro   location
1    72						     db	     0E9h
1    73						     dw	     offset location-$-2
1    74				     endm
1    75
1    76
1    77
     78
     79				     ; === AUTO	PLACEHOLDERS ===
     80				     ; loc_20 is a code	label at segment offset	0x03B9 (defined	near data at lvrender_get_value)
     81				     ; === END PLACEHOLDERS ===
     82
     83
     84				     ; The following equates show data references outside the range of the program.
     85
     86	      =	200C		     data_8e	     equ     200Ch		     ;*
     87	      =	6028		     data_9e	     equ     6028h		     ;*
     88	      =	6036		     data_10e	     equ     6036h		     ;*
     89	      =	6038		     data_11e	     equ     6038h		     ;*
     90	      =	A3C7		     data_12e	     equ     0A3C7h		     ;*
     91	      =	A41B		     data_13e	     equ     0A41Bh		     ;*
     92	      =	A41F		     data_14e	     equ     0A41Fh		     ;*
     93	      =	A424		     data_15e	     equ     0A424h		     ;*
     94	      =	A5D8		     data_16e	     equ     0A5D8h		     ;*
     95	      =	A5D9		     data_17e	     equ     0A5D9h		     ;*
     96	      =	A69B		     data_18e	     equ     0A69Bh		     ;*
     97	      =	A6BC		     data_19e	     equ     0A6BCh		     ;*
     98	      =	A6C8		     data_20e	     equ     0A6C8h		     ;*
     99	      =	A744		     data_21e	     equ     0A744h		     ;*
    100	      =	A7A0		     data_22e	     equ     0A7A0h		     ;*
    101	      =	A7A2		     data_23e	     equ     0A7A2h		     ;*
    102	      =	A7A3		     data_24e	     equ     0A7A3h		     ;*
    103	      =	A7B6		     data_25e	     equ     0A7B6h		     ;*
    104	      =	A7B7		     data_26e	     equ     0A7B7h		     ;*
    105	      =	A7B8		     data_27e	     equ     0A7B8h		     ;*
    106	      =	A7B9		     data_28e	     equ     0A7B9h		     ;*
    107	      =	A7BB		     data_29e	     equ     0A7BBh		     ;*
    108	      =	A7BC		     data_30e	     equ     0A7BCh		     ;*
Turbo Assembler	 Version 2.01	     03/22/26 12:48:31	    Page 3
314LVLRD.asm



    109	      =	A7BD		     data_31e	     equ     0A7BDh		     ;*
    110	      =	A7BE		     data_32e	     equ     0A7BEh		     ;*
    111	      =	A7BF		     data_33e	     equ     0A7BFh		     ;*
    112	      =	A7C0		     data_34e	     equ     0A7C0h		     ;*
    113	      =	A7C1		     data_35e	     equ     0A7C1h		     ;*
    114	      =	A7C2		     data_36e	     equ     0A7C2h		     ;*
    115	      =	A7C3		     data_37e	     equ     0A7C3h		     ;*
    116	      =	A7C5		     data_38e	     equ     0A7C5h		     ;*
    117	      =	A7C6		     data_39e	     equ     0A7C6h		     ;*
    118	      =	A7C7		     data_40e	     equ     0A7C7h		     ;*
    119	      =	A7C8		     data_41e	     equ     0A7C8h		     ;*
    120	      =	A7C9		     data_42e	     equ     0A7C9h		     ;*
    121	      =	A7CB		     data_43e	     equ     0A7CBh		     ;*
    122	      =	A7F1		     data_44e	     equ     0A7F1h		     ;*
    123	      =	C010		     data_45e	     equ     0C010h		     ;*
    124	      =	ED20		     data_46e	     equ     0ED20h		     ;*
    125	      =	FF2E		     data_47e	     equ     0FF2Eh		     ;*
    126	      =	FF2F		     data_48e	     equ     0FF2Fh		     ;*
    127	      =	FF3C		     data_49e	     equ     0FF3Ch		     ;*
    128	      =	FF75		     data_50e	     equ     0FF75h		     ;*
    129
    130	0000			     seg_a	     segment byte public
    131						     assume  cs:seg_a, ds:seg_a
    132
    133
    134						     org     0
    135
    136	0000			     zr3_14	     proc    far
    137
    138	0000			     start:
    139	0000  19 08				     sbb     [bx+si],cx
    140	0002  00 00				     add     [bx+si],al
    141	0004  23 A2 A7A0			     and     sp,ss:data_22e[bp+si]
    142	0008  0C*(00)				     db	     12	dup (0)
    143	0014  A0 A0 A0 A0 A0 A0			     db	     0A0h,0A0h,0A0h,0A0h,0A0h,0A0h
    144	001A  50				     db	      50h
    145	001B  0A 0A				     db	      0Ah, 0Ah
    146	001D  0A 0A 0A 0A 0A 0A	0A   data_3	     db	     0Ah, 0Ah, 0Ah, 0Ah, 0Ah, 0Ah, 0Ah	     ; Data table (indexed access)
    147	0024  0A 0A 0A 0A 0A 0A	0A		     db	     0Ah, 0Ah, 0Ah, 0Ah, 0Ah, 0Ah, 0Ah
    148	002B  0A 0A 0A 0A 0A 0A	0A		     db	     0Ah, 0Ah, 0Ah, 0Ah, 0Ah, 0Ah, 0Ah
    149	0032  0A 0A 3E				     db	     0Ah, 0Ah, '>'
    150	0035  A0 8E A0 DE A0 2E			     db	     0A0h, 8Eh,0A0h,0DEh,0A0h, 2Eh
    151	003B  A1 7E A1 CE A1 05			     db	     0A1h, 7Eh,0A1h,0CEh,0A1h, 05h
    152	0041  A2 02 00 00 00 03			     db	     0A2h, 02h,	00h, 00h, 00h, 03h
    153	0047  02 00 00 04 00 02			     db	      02h, 00h,	00h, 04h, 00h, 02h
    154	004D  00 00 00 05 02 00			     db	      00h, 00h,	00h, 05h, 02h, 00h
    155	0053  00 06 00 02 00 00			     db	      00h, 06h,	00h, 02h, 00h, 00h
    156	0059  00 07 02 00 00 08			     db	      00h, 07h,	02h, 00h, 00h, 08h
    157	005F  00 02 00 AD 00 AF			     db	      00h, 02h,	00h,0ADh, 00h,0AFh
    158	0065  02 AE 00 B0 00 02			     db	      02h,0AEh,	00h,0B0h, 00h, 02h
    159	006B  B1 B2 B5 B6 02 B3			     db	     0B1h,0B2h,0B5h,0B6h, 02h,0B3h
    160	0071  B4 B7 B8 02 B9 BA			     db	     0B4h,0B7h,0B8h, 02h,0B9h,0BAh
    161	0077  39 01 02 75 AA 02			     db	      39h, 01h,	02h, 75h,0AAh, 02h
    162	007D  38 02 00 00 00 01			     db	      38h, 02h,	00h, 00h, 00h, 01h
Turbo Assembler	 Version 2.01	     03/22/26 12:48:31	    Page 4
314LVLRD.asm



    163	0083  02 00 00 02 00 02			     db	      02h, 00h,	00h, 02h, 00h, 02h
    164	0089  00 00 00 BB 02 00			     db	      00h, 00h,	00h,0BBh, 02h, 00h
    165	008F  00 BC 00 00 09 0A			     db	      00h,0BCh,	00h, 00h, 09h, 0Ah
    166	0095  0B 0C 00 0D 0E 10			     db	      0Bh, 0Ch,	00h, 0Dh, 0Eh, 10h
    167	009B  11 00 0E 0F 11 12			     db	      11h, 00h,	0Eh, 0Fh, 11h, 12h
    168	00A1  00		     data_4	     db	     0			     ; Data table (indexed access)
    169	00A2  13 14				     db	      13h, 14h
    170	00A4  1615		     data_5	     dw	     1615h		     ; Data table (indexed access)
    171	00A6  00 17 18 19 1A 00			     db	      00h, 17h,	18h, 19h, 1Ah, 00h
    172	00AC  19 1A 1C 1D 00 1A			     db	      19h, 1Ah,	1Ch, 1Dh, 00h, 1Ah
    173	00B2  1B 1D 1E 00 1F 13			     db	      1Bh, 1Dh,	1Eh, 00h, 1Fh, 13h
    174	00B8  20 21 00 13 14 21			     db	      20h, 21h,	00h, 13h, 14h, 21h
    175	00BE  16 00 20 21 22 23			     db	      16h, 00h,	20h, 21h, 22h, 23h
    176	00C4  00 21 16 23 18 00			     db	      00h, 21h,	16h, 23h, 18h, 00h
    177	00CA  24 1A 25 1D 00 1A			     db	      24h, 1Ah,	25h, 1Dh, 00h, 1Ah
    178	00D0  1B 1D 1E 00 0D 0E			     db	      1Bh, 1Dh,	1Eh, 00h, 0Dh, 0Eh
    179	00D6  26 27 00 0F 00 28			     db	      26h, 27h,	00h, 0Fh, 00h, 28h
    180	00DC  29 00 2A 2B 2E 2F			     db	      29h, 00h,	2Ah, 2Bh, 2Eh, 2Fh
    181	00E2  00 2C 2D 30 31 00			     db	      00h, 2Ch,	2Dh, 30h, 31h, 00h
    182	00E8  32 33 36 37 00 34			     db	      32h, 33h,	36h, 37h, 00h, 34h
    183	00EE  35 19 1A 00 36 37			     db	      35h, 19h,	1Ah, 00h, 36h, 37h
    184	00F4  3A 3B 00 19 1A 1C			     db	      3Ah, 3Bh,	00h, 19h, 1Ah, 1Ch
    185	00FA  1D 00 1A 00 1D 1E			     db	      1Dh, 00h,	1Ah, 00h, 1Dh, 1Eh
    186	0100  00 0D 0E 3D 27 00			     db	      00h, 0Dh,	0Eh, 3Dh, 27h, 00h
    187	0106  3C 3D 3E 3F 00 3F			     db	      3Ch, 3Dh,	3Eh, 3Fh, 00h, 3Fh
    188	010C  40 43 44 00 41 42			     db	      40h, 43h,	44h, 00h, 41h, 42h
    189	0112  45 46 00 47 48 49			     db	      45h, 46h,	00h, 47h, 48h, 49h
    190	0118  00 00				     db	      00h, 00h
    191	011A  0E4A		     data_6	     dw	     0E4Ah
    192	011C  4D 27 00 34 35 58			     db	      4Dh, 27h,	00h, 34h, 35h, 58h
    193	0122  59 00 4B 4C 4E 4F			     db	      59h, 00h,	4Bh, 4Ch, 4Eh, 4Fh
    194	0128  00 50 51 00 44 00			     db	      00h, 50h,	51h, 00h, 44h, 00h
    195	012E  58 59 5A 5B 00 53			     db	      58h, 59h,	5Ah, 5Bh, 00h, 53h
    196	0134  54 56 57 00 4E 4F			     db	      54h, 56h,	57h, 00h, 4Eh, 4Fh
    197	013A  54 55 00 00 00 52			     db	      54h, 55h,	00h, 00h, 00h, 52h
    198	0140  53 00 0D 0E 5D 27			     db	      53h, 00h,	0Dh, 0Eh, 5Dh, 27h
    199	0146  00 0E 0F 27 28 00			     db	      00h, 0Eh,	0Fh, 27h, 28h, 00h
    200	014C  61 2C 6A 6B 00 2C			     db	      61h, 2Ch,	6Ah, 6Bh, 00h, 2Ch
    201	0152  69 6B 6C 00 6B 6C			     db	      69h, 6Bh,	6Ch, 00h, 6Bh, 6Ch
    202	0158  6D 6E 00 6E 6F 70			     db	      6Dh, 6Eh,	00h, 6Eh, 6Fh, 70h
    203	015E  71 00 70 71 5A 72			     db	      71h, 00h,	70h, 71h, 5Ah, 72h
    204	0164  00 00 5C 5E 5F 00			     db	      00h, 00h,	5Ch, 5Eh, 5Fh, 00h
    205	016A  5C 5D 5F 60 00 62			     db	      5Ch, 5Dh,	5Fh, 60h, 00h, 62h
    206	0170  63 65 66 00 64 65			     db	      63h, 65h,	66h, 00h, 64h, 65h
    207	0176  67 68 00 0D 0E 73			     db	      67h, 68h,	00h, 0Dh, 0Eh, 73h
    208	017C  74 00 0E 0F 74 12			     db	      74h, 00h,	0Eh, 0Fh, 74h, 12h
    209	0182  00 76 77 7A 7B 00			     db	      00h, 76h,	77h, 7Ah, 7Bh, 00h
    210	0188  78 79 7C 7D 00 17			     db	      78h, 79h,	7Ch, 7Dh, 00h, 17h
    211	018E  7A 19 1A 00 19 1A			     db	      7Ah, 19h,	1Ah, 00h, 19h, 1Ah
    212	0194  1C 1D 00 1A 1B 1D			     db	      1Ch, 1Dh,	00h, 1Ah, 1Bh, 1Dh
    213	019A  1E 00 7E 7F 82 83			     db	      1Eh, 00h,	7Eh, 7Fh, 82h, 83h
    214	01A0  00 80 81 84 85 00			     db	      00h, 80h,	81h, 84h, 85h, 00h
    215	01A6  19 1A A2 A3 00 1A			     db	      19h, 1Ah,0A2h,0A3h, 00h, 1Ah
    216	01AC  1B A3 A4 00 7E 7F			     db	      1Bh,0A3h,0A4h, 00h, 7Eh, 7Fh
Turbo Assembler	 Version 2.01	     03/22/26 12:48:31	    Page 5
314LVLRD.asm



    217	01B2  A5 83 00 00 00 A0			     db	     0A5h, 83h,	00h, 00h, 00h,0A0h
    218	01B8  A1 00 7E 7F AC 83			     db	     0A1h, 00h,	7Eh, 7Fh,0ACh, 83h
    219	01BE  00 1A 1B 1D AB 00			     db	      00h, 1Ah,	1Bh, 1Dh,0ABh, 00h
    220	01C4  19 1A A9 1D 00 00			     db	      19h, 1Ah,0A9h, 1Dh, 00h, 00h
    221	01CA  A6 A7 A8 00 86 87			     db	     0A6h,0A7h,0A8h, 00h, 86h, 87h
    222	01D0  88 89 00 8B 8C 8E			     db	      88h, 89h,	00h, 8Bh, 8Ch, 8Eh
    223	01D6  8F 00 89 8A 8C 8D			     db	      8Fh, 00h,	89h, 8Ah, 8Ch, 8Dh
    224	01DC  00 92 93 96 97 00			     db	      00h, 92h,	93h, 96h, 97h, 00h
    225	01E2  8F 90 93 94 00 98			     db	      8Fh, 90h,	93h, 94h, 00h, 98h
    226	01E8  99 1A 9B 00 99 9A			     db	      99h, 1Ah,	9Bh, 00h, 99h, 9Ah
    227	01EE  9B 9C 00 1A 9B 9D			     db	      9Bh, 9Ch,	00h, 1Ah, 9Bh, 9Dh
    228	01F4  9E 00 9B 9C 9E 9F			     db	      9Eh, 00h,	9Bh, 9Ch, 9Eh, 9Fh
    229	01FA  00 91 92 95 96 00			     db	      00h, 91h,	92h, 95h, 96h, 00h
    230	0200  17 98 19 1A 00 19			     db	      17h, 98h,	19h, 1Ah, 00h, 19h
    231	0206  1A 1C 9D 02 BD BE			     db	      1Ah, 1Ch,	9Dh, 02h,0BDh,0BEh
    232	020C  BF C0 02 C1 C2 C3			     db	     0BFh,0C0h,	02h,0C1h,0C2h,0C3h
    233	0212  C4 02 C5 C6 C7 C8			     db	     0C4h, 02h,0C5h,0C6h,0C7h,0C8h
    234	0218  02 C9 CA CB CC 02			     db	      02h,0C9h,0CAh,0CBh,0CCh, 02h
    235	021E  CD CE CF D0 02 00			     db	     0CDh,0CEh,0CFh,0D0h, 02h, 00h
    236	0224  00 D1 D2 8B 36 10			     db	      00h,0D1h,0D2h, 8Bh, 36h, 10h
    237	022A  C0 C6 06 B6 A7 00			     db	     0C0h,0C6h,	06h,0B6h,0A7h, 00h
    238	0230  C6				     db	     0C6h
    239	0231			     loc_1:
    240	0231  06				     push    es
    241	0232  B7 A7				     mov     bh,0A7h
    242	0234  00 83 FF3C			     add     ss:data_49e[bp+di],al
    243	0238  74 37				     jz	     loc_5		     ; Jump if zero
    244	023A  8B 04				     mov     ax,[si]
    245	023C  2E: FF 16	6036			     call    word ptr cs:data_10e
    246	0241  72 25				     jc	     loc_4		     ; Jump if carry Set
    247	0243  88 5C 03				     mov     [si+3],bl
    248	0246  8B 44 02				     mov     ax,[si+2]
    249	0249  2E: FF 16	6028			     call    word ptr cs:data_9e
    250	024E  8A 1E A7B6			     mov     bl,ds:data_25e
    251	0252  32 FF				     xor     bh,bh		     ; Zero register
    252	0254  8A 87 ED20			     mov     al,ds:data_46e[bx]
    253	0258  88 05				     mov     [di],al
    254	025A  F6 44 05 40			     test    byte ptr [si+5],40h     ; '@'
    255	025E  74 08				     jz	     loc_4		     ; Jump if zero
    256	0260  8A 44 05				     mov     al,[si+5]
    257	0263  24 1F				     and     al,1Fh
    258	0265  A2 A7B7				     mov     ds:data_26e,al
    259	0268			     loc_4:
    260	0268  FE 06 A7B6			     inc     byte ptr ds:data_25e
    261	026C  83 C6 10				     add     si,10h
    262				     ;*		     jmp     short loc_2	     ;*
    263	026F  EB C4				     db	     0EBh,0C4h		     ;	Fixup -	byte match
    264	0271			     loc_5:
    265	0271  8B 36 C010			     mov     si,ds:data_45e
    266	0275  C7 04 FFFF			     mov     word ptr [si],0FFFFh
    267	0279  F6 06 A7B7 FF			     test    byte ptr ds:data_26e,0FFh
    268	027E  74 39				     jz	     loc_8		     ; Jump if zero
    269	0280  A0 A7B7				     mov     al,ds:data_26e
    270	0283  50				     push    ax
Turbo Assembler	 Version 2.01	     03/22/26 12:48:31	    Page 6
314LVLRD.asm



    271	0284  2E: FF 16	6038			     call    word ptr cs:data_11e
    272	0289  8A DC				     mov     bl,ah
    273	028B  32 FF				     xor     bh,bh		     ; Zero register
    274	028D  58				     pop     ax
    275	028E  3C 09				     cmp     al,9
    276	0290  74 0E				     je	     loc_7		     ; Jump if equal
    277	0292  3C 01				     cmp     al,1
    278	0294  75 04				     jne     loc_6		     ; Jump if not equal
    279	0296  03 DB				     add     bx,bx
    280	0298  EB 06				     jmp     short loc_7
    281	029A			     loc_6:
    282	029A  D1 EB				     shr     bx,1		     ; Shift w/zeros fill
    283	029C  D1 EB				     shr     bx,1		     ; Shift w/zeros fill
    284	029E  D1 EB				     shr     bx,1		     ; Shift w/zeros fill
    285	02A0			     loc_7:
    286	02A0  E8 03A5				     call    lvrender_func_4
    287	02A3  C6 06 FF75 2F			     mov     byte ptr ds:data_50e,2Fh	     ; '/'
    288	02A8  80 3E A7A0 2F			     cmp     byte ptr ds:data_22e,2Fh	     ; '/'
    289	02AD  73 0A				     jae     loc_8		     ; Jump if above or	=
    290	02AF  C6 06 A7BF 14			     mov     byte ptr ds:data_33e,14h
    291	02B4  C6 06 A7BD FF			     mov     byte ptr ds:data_31e,0FFh
    292	02B9			     loc_8:
    293	02B9  F6 06 FF2E FF			     test    byte ptr ds:data_47e,0FFh
    294	02BE  74 03				     jz	     loc_9		     ; Jump if zero
    295	02C0  E9 03AF				     jmp     loc_47
    296	02C3			     loc_9:
    297	02C3  F6 06 A7C0 FF			     test    byte ptr ds:data_34e,0FFh
    298	02C8  74 03				     jz	     loc_10		     ; Jump if zero
    299	02CA  E9 00EC				     jmp     loc_20
    300	02CD			     loc_10:
    301	02CD  F6 06 A7C2 FF			     test    byte ptr ds:data_36e,0FFh
    302	02D2  74 0A				     jz	     loc_11		     ; Jump if zero
    303	02D4  80 3E A7C7 0D			     cmp     byte ptr ds:data_40e,0Dh
    304	02D9  73 03				     jae     loc_11		     ; Jump if above or	=
    305	02DB  E9 0085				     jmp     loc_18
    306	02DE			     loc_11:
    307	02DE  F6 06 A7BD FF			     test    byte ptr ds:data_31e,0FFh
    308	02E3  75 35				     jnz     loc_13		     ; Jump if not zero
    309	02E5  C6 06 A7BF 3C			     mov     byte ptr ds:data_33e,3Ch	     ; '<'
    310	02EA  FE 06 A7B9			     inc     byte ptr ds:data_28e
    311	02EE  80 26 A7B9 07			     and     byte ptr ds:data_28e,7
    312	02F3  A0 A7B9				     mov     al,ds:data_28e
    313	02F6  0E				     push    cs
    314	02F7  07				     pop     es
    315	02F8  BF A41F				     mov     di,data_14e
    316	02FB  B9 0005				     mov     cx,5
    317	02FE  F2> AE				     repne   scasb		     ; Rep zf=0+cx >0 Scan es:[di] for al
    318	0300  75 16				     jnz     loc_12		     ; Jump if not zero
    319	0302  50				     push    ax
    320	0303  E8 0127				     call    lvrender_func_1
    321	0306  1A C0				     sbb     al,al
    322	0308  A2 A7BD				     mov     ds:data_31e,al
    323	030B  58				     pop     ax
    324	030C  3C 07				     cmp     al,7
Turbo Assembler	 Version 2.01	     03/22/26 12:48:31	    Page 7
314LVLRD.asm



    325	030E  75 08				     jne     loc_12		     ; Jump if not equal
    326	0310  E8 011A				     call    lvrender_func_1
    327	0313  1A C0				     sbb     al,al
    328	0315  A2 A7BD				     mov     ds:data_31e,al
    329	0318			     loc_12:
    330	0318  EB 49				     jmp     short loc_18
    331	031A			     loc_13:
    332	031A  FE 0E A7BF			     dec     byte ptr ds:data_33e
    333	031E  75 07				     jnz     loc_14		     ; Jump if not zero
    334	0320  C6 06 A7BD 00			     mov     byte ptr ds:data_31e,0
    335	0325  EB 3C				     jmp     short loc_18
    336	0327			     loc_14:
    337	0327  A0 A7B9				     mov     al,ds:data_28e
    338	032A  0A C0				     or	     al,al		     ; Zero ?
    339	032C  75 02				     jnz     loc_15		     ; Jump if not zero
    340	032E  B0 08				     mov     al,8
    341	0330			     loc_15:
    342	0330  3C 06				     cmp     al,6
    343	0332  75 02				     jne     loc_16		     ; Jump if not equal
    344	0334  2C 02				     sub     al,2
    345	0336			     loc_16:
    346	0336  FE C8				     dec     al
    347	0338  A2 A7B9				     mov     ds:data_28e,al
    348	033B  0E				     push    cs
    349	033C  07				     pop     es
    350	033D  BF A424				     mov     di,data_15e
    351	0340  B9 0005				     mov     cx,5
    352	0343  F2> AE				     repne   scasb		     ; Rep zf=0+cx >0 Scan es:[di] for al
    353	0345  75 1C				     jnz     loc_18		     ; Jump if not zero
    354	0347  50				     push    ax
    355	0348  E8 00F4				     call    lvrender_get_value
    356	034B  F5				     cmc			     ; Complement carry
    357	034C  1A C0				     sbb     al,al
    358	034E  A2 A7BD				     mov     ds:data_31e,al
    359	0351  58				     pop     ax
    360	0352  3C 06				     cmp     al,6
    361	0354  74 04				     je	     loc_17		     ; Jump if equal
    362	0356  3C 03				     cmp     al,3
    363	0358  75 CD				     jne     loc_14		     ; Jump if not equal
    364	035A			     loc_17:
    365	035A  E8 00E2				     call    lvrender_get_value
    366	035D  F5				     cmc			     ; Complement carry
    367	035E  1A C0				     sbb     al,al
    368	0360  A2 A7BD				     mov     ds:data_31e,al
    369	0363			     loc_18:
    370	0363  F6 06 A7BD FF			     test    byte ptr ds:data_31e,0FFh
    371	0368  75 39				     jnz     loc_19		     ; Jump if not zero
    372	036A  80 3E A7B9 06			     cmp     byte ptr ds:data_28e,6
    373	036F  75 32				     jne     loc_19		     ; Jump if not equal
    374	0371  2E: FF 16	011Ar			     call    word ptr cs:data_6
    375	0376  24 01				     and     al,1
    376	0378  75 29				     jnz     loc_19		     ; Jump if not zero
    377	037A  F6 06 A7C2 FF			     test    byte ptr ds:data_36e,0FFh
    378	037F  75 22				     jnz     loc_19		     ; Jump if not zero
Turbo Assembler	 Version 2.01	     03/22/26 12:48:31	    Page 8
314LVLRD.asm



    379	0381  2E: A1 A7A0			     mov     ax,cs:data_22e
    380	0385  2D 0014				     sub     ax,14h
    381	0388  72 19				     jc	     loc_19		     ; Jump if carry Set
    382	038A  C6 06 A7C0 FF			     mov     byte ptr ds:data_34e,0FFh
    383	038F  C6 06 A7C1 00			     mov     byte ptr ds:data_35e,0
    384	0394  C6 06 A7BE 00			     mov     byte ptr ds:data_32e,0
    385	0399  C6 06 A7B9 08			     mov     byte ptr ds:data_28e,8
    386	039E  C6 06 FF75 30			     mov     byte ptr ds:data_50e,30h	     ; '0'
    387	03A3			     loc_19:
    388	03A3  FE 06 A7BB			     inc     byte ptr ds:data_29e
    389	03A7  80 26 A7BB 03			     and     byte ptr ds:data_29e,3
    390	03AC  A0 A7BB				     mov     al,ds:data_29e
    391	03AF  BB A41B				     mov     bx,data_13e
    392	03B2  D7				     xlat			     ; al=[al+[bx]] table
    393	03B3  A2 A7BA				     mov     byte ptr ds:[0A7BAh],al
    394	03B6  E9 0097				     jmp     $+9Ah
    395	03B9			     loc_20:
    396	03B9  FE 06 C1 A7 8A 1E			     db	     0FEh, 06h,0C1h,0A7h, 8Ah, 1Eh
    397	03BF  C1 A7 FE CB 32 FF			     db	     0C1h,0A7h,0FEh,0CBh, 32h,0FFh
    398	03C5  03 DB FF A7 C7 A3			     db	      03h,0DBh,0FFh,0A7h,0C7h,0A3h
    399	03CB  CD A3 FE A3 0A A4			     db	     0CDh,0A3h,0FEh,0A3h, 0Ah,0A4h
    400	03D1  C6 06 BA A7 06 C6			     db	     0C6h, 06h,0BAh,0A7h, 06h,0C6h
    401	03D7  06 B9 A7 08 C6 06			     db	      06h,0B9h,0A7h, 08h,0C6h, 06h
    402	03DD  C2 A7 FF A1 A0 A7			     db	     0C2h,0A7h,0FFh,0A1h,0A0h,0A7h
    403	03E3  05 04 00 A3 C3 A7			     db	      05h, 04h,	00h,0A3h,0C3h,0A7h
    404	03E9  A0 A2 A7 24 3F A2			     db	     0A0h,0A2h,0A7h, 24h, 3Fh,0A2h
    405	03EF  C5 A7 C6 06 C6 A7			     db	     0C5h,0A7h,0C6h, 06h,0C6h,0A7h
    406	03F5  00 C6 06 C7 A7 00			     db	      00h,0C6h,	06h,0C7h,0A7h, 00h
    407	03FB  C6 06 C8 A7 00 EB			     db	     0C6h, 06h,0C8h,0A7h, 00h,0EBh
    408	0401  4E C6 06 BA A7 07			     db	      4Eh,0C6h,	06h,0BAh,0A7h, 07h
    409	0407  C6 06 B9 A7 06 EB			     db	     0C6h, 06h,0B9h,0A7h, 06h,0EBh
    410	040D  42 C6 06 BA A7 00			     db	      42h,0C6h,	06h,0BAh,0A7h, 00h
    411	0413  C6 06 C0 A7 00 C6			     db	     0C6h, 06h,0C0h,0A7h, 00h,0C6h
    412	0419  06 B9 A7 06 EB 31			     db	      06h,0B9h,0A7h, 06h,0EBh, 31h
    413	041F  00 01 02 01 02 05			     db	      00h, 01h,	02h, 01h, 02h, 05h
    414	0425  06 07 00 01 03 06			     db	      06h, 07h,	00h, 01h, 03h, 06h
    415	042B  07 07				     db	      07h, 07h
    416
    417	042D			     zr3_14	     endp
    418
    419				     ;ï¿½ï¿½ï¿½ï¿½ï¿½ï¿½ï¿½ï¿½ï¿½ï¿½ï¿½ï¿½ï¿½ï¿½ï¿½ï¿½ï¿½ï¿½ï¿½ï¿½ï¿½ï¿½ï¿½ï¿½ï¿½ï¿½ï¿½ï¿½ï¿½ï¿½ï¿½ï
    420				     ¿½ï¿½ï¿½ï¿½ï¿½ï¿½ï¿½ï¿½ï¿½ï¿½ï¿½ï¿½ï¿½ï¿½ï¿½ï¿½ï¿½ï¿½ï¿½ï¿½ï¿½ï¿½ï¿½ï¿½ï¿½ï¿½ï¿½ï¿½ï¿½ï¿½ï¿½ï¿½
    421				     ï¿½ï¿½ï¿½ï¿½ï¿½ï¿½ï¿½ï¿½ï¿½ï¿½ï¿½
    422				     ;				    SUBROUTINE
    423				     ;ï¿½ï¿½ï¿½ï¿½ï¿½ï¿½ï¿½ï¿½ï¿½ï¿½ï¿½ï¿½ï¿½ï¿½ï¿½ï¿½ï¿½ï¿½ï¿½ï¿½ï¿½ï¿½ï¿½ï¿½ï¿½ï¿½ï¿½ï¿½ï¿½ï¿½ï¿½ï
    424				     ¿½ï¿½ï¿½ï¿½ï¿½ï¿½ï¿½ï¿½ï¿½ï¿½ï¿½ï¿½ï¿½ï¿½ï¿½ï¿½ï¿½ï¿½ï¿½ï¿½ï¿½ï¿½ï¿½ï¿½ï¿½ï¿½ï¿½ï¿½ï¿½ï¿½ï¿½ï¿½
    425				     ï¿½ï¿½ï¿½ï¿½ï¿½ï¿½ï¿½ï¿½ï¿½ï¿½ï¿½
    426
    427	042D			     lvrender_func_1	     proc    near
    428	042D  A1 A7A0				     mov     ax,ds:data_22e
    429	0430  48				     dec     ax
    430	0431  BB 000E				     mov     bx,0Eh
    431	0434  2B D8				     sub     bx,ax
    432	0436  A3 A7A0				     mov     ds:data_22e,ax
Turbo Assembler	 Version 2.01	     03/22/26 12:48:31	    Page 9
314LVLRD.asm



    433	0439  F5				     cmc			     ; Complement carry
    434	043A  73 01				     jnc     $+3		     ; Jump if carry=0
    435	043C  C3				     retn
    436	043D			     lvrender_func_1	     endp
    437
    438	043D  F8 C3				     db	     0F8h,0C3h
    439
    440				     ;ï¿½ï¿½ï¿½ï¿½ï¿½ï¿½ï¿½ï¿½ï¿½ï¿½ï¿½ï¿½ï¿½ï¿½ï¿½ï¿½ï¿½ï¿½ï¿½ï¿½ï¿½ï¿½ï¿½ï¿½ï¿½ï¿½ï¿½ï¿½ï¿½ï¿½ï¿½ï
    441				     ¿½ï¿½ï¿½ï¿½ï¿½ï¿½ï¿½ï¿½ï¿½ï¿½ï¿½ï¿½ï¿½ï¿½ï¿½ï¿½ï¿½ï¿½ï¿½ï¿½ï¿½ï¿½ï¿½ï¿½ï¿½ï¿½ï¿½ï¿½ï¿½ï¿½ï¿½ï¿½
    442				     ï¿½ï¿½ï¿½ï¿½ï¿½ï¿½ï¿½ï¿½ï¿½ï¿½ï¿½
    443				     ;				    SUBROUTINE
    444				     ;ï¿½ï¿½ï¿½ï¿½ï¿½ï¿½ï¿½ï¿½ï¿½ï¿½ï¿½ï¿½ï¿½ï¿½ï¿½ï¿½ï¿½ï¿½ï¿½ï¿½ï¿½ï¿½ï¿½ï¿½ï¿½ï¿½ï¿½ï¿½ï¿½ï¿½ï¿½ï
    445				     ¿½ï¿½ï¿½ï¿½ï¿½ï¿½ï¿½ï¿½ï¿½ï¿½ï¿½ï¿½ï¿½ï¿½ï¿½ï¿½ï¿½ï¿½ï¿½ï¿½ï¿½ï¿½ï¿½ï¿½ï¿½ï¿½ï¿½ï¿½ï¿½ï¿½ï¿½ï¿½
    446				     ï¿½ï¿½ï¿½ï¿½ï¿½ï¿½ï¿½ï¿½ï¿½ï¿½ï¿½
    447
    448	043F			     lvrender_get_value		     proc    near
    449	043F  A1 A7A0				     mov     ax,ds:data_22e
    450	0442  40				     inc     ax
    451	0443  BB 0032				     mov     bx,32h
    452	0446  2B D8				     sub     bx,ax
    453	0448  73 01				     jnc     $+3		     ; Jump if carry=0
    454	044A  C3				     retn
    455	044B			     lvrender_get_value		     endp
    456
    457	044B  A3 A0 A7 F8 C3			     db	     0A3h,0A0h,0A7h,0F8h,0C3h
    458	0450  0E 07				     db	      0Eh, 07h
    459	0452  BF C9 A7 B9 28 00			     db	     0BFh,0C9h,0A7h,0B9h, 28h, 00h
    460	0458  B8 FF FF F3 AB 8A			     db	     0B8h,0FFh,0FFh,0F3h,0ABh, 8Ah
    461	045E  1E B9 A7 32 FF 03			     db	      1Eh,0B9h,0A7h, 32h,0FFh, 03h
    462	0464  DB 8B B7 C8 A6 8B			     db	     0DBh, 8Bh,0B7h,0C8h,0A6h, 8Bh
    463	046A  AF 44 A7				     db	     0AFh, 44h,0A7h
    464	046D  BF CB A7 B9 08 00			     db	     0BFh,0CBh,0A7h,0B9h, 08h, 00h
    465
    466	0473			     locloop_23:
    467	0473  51				     push    cx
    468	0474  B9 0008				     mov     cx,8
    469
    470	0477			     locloop_24:
    471	0477  3E: D0 46	00			     rol     byte ptr ds:[bp],1	     ; Rotate
    472	047B  73 02				     jnc     loc_25		     ; Jump if carry=0
    473	047D  A4				     movsb			     ; Mov [si]	to es:[di]
    474	047E  4F				     dec     di
    475	047F			     loc_25:
    476	047F  47				     inc     di
    477	0480  E2 F5				     loop    locloop_24		     ; Loop if cx > 0
    478
    479	0482  47				     inc     di
    480	0483  47				     inc     di
    481	0484  45				     inc     bp
    482	0485  59				     pop     cx
    483	0486  E2 EB				     loop    locloop_23		     ; Loop if cx > 0
    484
    485	0488  A0 A7BA				     mov     al,byte ptr ds:[0A7BAh]
    486	048B  02 C0				     add     al,al
Turbo Assembler	 Version 2.01	     03/22/26 12:48:31	    Page 10
314LVLRD.asm



    487	048D  BF A7F1				     mov     di,data_44e
    488	0490  80 3E A7B9 06			     cmp     byte ptr ds:data_28e,6
    489	0495  74 07				     je	     loc_26		     ; Jump if equal
    490	0497  80 3E A7B9 08			     cmp     byte ptr ds:data_28e,8
    491	049C  72 01				     jb	     loc_27		     ; Jump if below
    492	049E			     loc_26:
    493	049E  47				     inc     di
    494	049F			     loc_27:
    495	049F  AA				     stosb			     ; Store al	to es:[di]
    496	04A0  83 C7 13				     add     di,13h
    497	04A3  FE C0				     inc     al
    498	04A5  AA				     stosb			     ; Store al	to es:[di]
    499	04A6  C6 06 A7B6 00			     mov     byte ptr ds:data_25e,0
    500	04AB  A1 A7A0				     mov     ax,ds:data_22e
    501	04AE  8B 36 C010			     mov     si,ds:data_45e
    502	04B2  BF A7C9				     mov     di,0A7C9h
    503	04B5  B9 0008				     mov     cx,8
    504	04B8			     loc_28:
    505	04B8  51				     push    cx
    506	04B9  57				     push    di
    507	04BA  50				     push    ax
    508	04BB  2E: FF 16	6036			     call    word ptr cs:data_10e
    509	04C0  58				     pop     ax
    510	04C1  88 1E A7BC			     mov     ds:data_30e,bl
    511	04C5  72 74				     jc	     loc_32		     ; Jump if carry Set
    512	04C7  32 C9				     xor     cl,cl		     ; Zero register
    513	04C9			     loc_29:
    514	04C9  51				     push    cx
    515	04CA  50				     push    ax
    516	04CB  80 3D FF				     cmp     byte ptr [di],0FFh
    517	04CE  74 61				     je	     loc_31		     ; Jump if equal
    518	04D0  89 04				     mov     [si],ax
    519	04D2  A0 A7A2				     mov     al,ds:data_23e
    520	04D5  02 C1				     add     al,cl
    521	04D7  24 3F				     and     al,3Fh		     ; '?'
    522	04D9  88 44 02				     mov     [si+2],al
    523	04DC  A0 A7BC				     mov     al,ds:data_30e
    524	04DF  88 44 03				     mov     [si+3],al
    525	04E2  8A 05				     mov     al,[di]
    526	04E4  88 44 06				     mov     [si+6],al
    527	04E7  8A E0				     mov     ah,al
    528	04E9  02 C0				     add     al,al
    529	04EB  1A C0				     sbb     al,al
    530	04ED  24 60				     and     al,60h		     ; '`'
    531	04EF  8A DC				     mov     bl,ah
    532	04F1  D0 EB				     shr     bl,1		     ; Shift w/zeros fill
    533	04F3  D0 EB				     shr     bl,1		     ; Shift w/zeros fill
    534	04F5  D0 EB				     shr     bl,1		     ; Shift w/zeros fill
    535	04F7  D0 EB				     shr     bl,1		     ; Shift w/zeros fill
    536	04F9  80 E3 07				     and     bl,7
    537	04FC  0A C3				     or	     al,bl
    538	04FE  88 44 04				     mov     [si+4],al
    539	0501  C6 44 05 00			     mov     byte ptr [si+5],0
    540	0505  F6 06 A7B7 FF			     test    byte ptr ds:data_26e,0FFh
Turbo Assembler	 Version 2.01	     03/22/26 12:48:31	    Page 11
314LVLRD.asm



    541	050A  74 04				     jz	     loc_30		     ; Jump if zero
    542	050C  80 4C 05 20			     or	     byte ptr [si+5],20h     ; ' '
    543	0510			     loc_30:
    544	0510  57				     push    di
    545	0511  8B 44 02				     mov     ax,[si+2]
    546	0514  2E: FF 16	6028			     call    word ptr cs:data_9e
    547	0519  8A 1E A7B6			     mov     bl,ds:data_25e
    548	051D  32 FF				     xor     bh,bh		     ; Zero register
    549	051F  8A C3				     mov     al,bl
    550	0521  0C 80				     or	     al,80h
    551	0523  86 05				     xchg    [di],al
    552	0525  88 87 ED20			     mov     ds:data_46e[bx],al
    553	0529  5F				     pop     di
    554	052A  83 C6 10				     add     si,10h
    555	052D  FE 06 A7B6			     inc     byte ptr ds:data_25e
    556	0531			     loc_31:
    557	0531  47				     inc     di
    558	0532  58				     pop     ax
    559	0533  59				     pop     cx
    560	0534  FE C1				     inc     cl
    561	0536  80 F9 0A				     cmp     cl,0Ah
    562	0539  75 8E				     jne     loc_29		     ; Jump if not equal
    563	053B			     loc_32:
    564	053B  40				     inc     ax
    565	053C  5F				     pop     di
    566	053D  83 C7 0A				     add     di,0Ah
    567	0540  59				     pop     cx
    568	0541  E2 02				     loop    locloop_33		     ; Loop if cx > 0
    569
    570	0543  EB 03				     jmp     short loc_34
    571
    572	0545			     locloop_33:
    573	0545  E9 FF70				     jmp     loc_28
    574	0548			     loc_34:
    575	0548  E8 00B3				     call    lvrender_func_3
    576	054B  C7 04 FFFF			     mov     word ptr [si],0FFFFh
    577	054F  F6 06 A7C2 FF			     test    byte ptr ds:data_36e,0FFh
    578	0554  75 01				     jnz     loc_35		     ; Jump if not zero
    579	0556  C3				     retn
    580	0557			     loc_35:
    581	0557  F6 06 A7C8 FF			     test    byte ptr ds:data_41e,0FFh
    582	055C  75 6C				     jnz     loc_41		     ; Jump if not zero
    583	055E  80 3E A7C3 12			     cmp     byte ptr ds:data_37e,12h
    584	0563  73 10				     jae     loc_36		     ; Jump if above or	=
    585	0565  C6 06 A7C8 FF			     mov     byte ptr ds:data_41e,0FFh
    586	056A  C6 06 A7C6 03			     mov     byte ptr ds:data_39e,3
    587	056F  C6 06 FF75 32			     mov     byte ptr ds:data_50e,32h	     ; '2'
    588	0574  C3				     retn
    589	0575			     loc_36:
    590	0575  8A 1E A7C7			     mov     bl,ds:data_40e
    591	0579  32 FF				     xor     bh,bh		     ; Zero register
    592	057B  03 DB				     add     bx,bx
    593	057D  8A 87 A5D8			     mov     al,ds:data_16e[bx]
    594	0581  00 06 A7C3			     add     ds:data_37e,al
Turbo Assembler	 Version 2.01	     03/22/26 12:48:31	    Page 12
314LVLRD.asm



    595	0585  8A 87 A5D9			     mov     al,ds:data_17e[bx]
    596	0589  00 06 A7C5			     add     ds:data_38e,al
    597	058D  80 3E A7C7 10			     cmp     byte ptr ds:data_40e,10h
    598	0592  80 16 A7C7 00			     adc     byte ptr ds:data_40e,0
    599	0597  A0 A7C6				     mov     al,ds:data_39e
    600	059A  FE C0				     inc     al
    601	059C  3C 03				     cmp     al,3
    602	059E  72 02				     jb	     loc_37		     ; Jump if below
    603	05A0  32 C0				     xor     al,al		     ; Zero register
    604	05A2			     loc_37:
    605	05A2  A2 A7C6				     mov     ds:data_39e,al
    606	05A5  80 3E A7C7 09			     cmp     byte ptr ds:data_40e,9
    607	05AA  75 05				     jne     loc_38		     ; Jump if not equal
    608	05AC  C6 06 FF75 31			     mov     byte ptr ds:data_50e,31h	     ; '1'
    609	05B1			     loc_38:
    610	05B1  80 3E A7C7 0C			     cmp     byte ptr ds:data_40e,0Ch
    611	05B6  75 05				     jne     loc_39		     ; Jump if not equal
    612	05B8  C6 06 FF75 31			     mov     byte ptr ds:data_50e,31h	     ; '1'
    613	05BD			     loc_39:
    614	05BD  80 3E A7C7 0F			     cmp     byte ptr ds:data_40e,0Fh
    615	05C2  75 05				     jne     loc_ret_40		     ; Jump if not equal
    616	05C4  C6 06 FF75 31			     mov     byte ptr ds:data_50e,31h	     ; '1'
    617
    618	05C9			     loc_ret_40:
    619	05C9  C3				     retn
    620	05CA			     loc_41:
    621	05CA  FE 06 A7C6			     inc     byte ptr ds:data_39e
    622	05CE  80 3E A7C6 06			     cmp     byte ptr ds:data_39e,6
    623	05D3  73 01				     jae     loc_42		     ; Jump if above or	=
    624	05D5  C3				     retn
    625	05D6			     loc_42:
    626	05D6  C6 06 A7C2 00			     mov     byte ptr ds:data_36e,0
    627	05DB  C3				     retn
    628	05DC  FF 00 FF 00 FF 01			     db	     0FFh, 00h,0FFh, 00h,0FFh, 01h
    629	05E2  00 02 FF 02 00 02			     db	      00h, 02h,0FFh, 02h, 00h, 02h
    630	05E8  FF 02 FF FE FF 00			     db	     0FFh, 02h,0FFh,0FEh,0FFh, 00h
    631	05EE  FF 02 FF FF FF 00			     db	     0FFh, 02h,0FFh,0FFh,0FFh, 00h
    632	05F4  FF 01 FF 00 FF 00			     db	     0FFh, 01h,0FFh, 00h,0FFh, 00h
    633	05FA  FF 00 FF 00			     db	     0FFh, 00h,0FFh, 00h
    634
    635				     ;ï¿½ï¿½ï¿½ï¿½ï¿½ï¿½ï¿½ï¿½ï¿½ï¿½ï¿½ï¿½ï¿½ï¿½ï¿½ï¿½ï¿½ï¿½ï¿½ï¿½ï¿½ï¿½ï¿½ï¿½ï¿½ï¿½ï¿½ï¿½ï¿½ï¿½ï¿½ï
    636				     ¿½ï¿½ï¿½ï¿½ï¿½ï¿½ï¿½ï¿½ï¿½ï¿½ï¿½ï¿½ï¿½ï¿½ï¿½ï¿½ï¿½ï¿½ï¿½ï¿½ï¿½ï¿½ï¿½ï¿½ï¿½ï¿½ï¿½ï¿½ï¿½ï¿½ï¿½ï¿½
    637				     ï¿½ï¿½ï¿½ï¿½ï¿½ï¿½ï¿½ï¿½ï¿½ï¿½ï¿½
    638				     ;				    SUBROUTINE
    639				     ;ï¿½ï¿½ï¿½ï¿½ï¿½ï¿½ï¿½ï¿½ï¿½ï¿½ï¿½ï¿½ï¿½ï¿½ï¿½ï¿½ï¿½ï¿½ï¿½ï¿½ï¿½ï¿½ï¿½ï¿½ï¿½ï¿½ï¿½ï¿½ï¿½ï¿½ï¿½ï
    640				     ¿½ï¿½ï¿½ï¿½ï¿½ï¿½ï¿½ï¿½ï¿½ï¿½ï¿½ï¿½ï¿½ï¿½ï¿½ï¿½ï¿½ï¿½ï¿½ï¿½ï¿½ï¿½ï¿½ï¿½ï¿½ï¿½ï¿½ï¿½ï¿½ï¿½ï¿½ï¿½
    641				     ï¿½ï¿½ï¿½ï¿½ï¿½ï¿½ï¿½ï¿½ï¿½ï¿½ï¿½
    642
    643	05FE			     lvrender_func_3	     proc    near
    644	05FE  F6 06 A7C2 FF			     test    byte ptr ds:data_36e,0FFh
    645	0603  75 01				     jnz     loc_43		     ; Jump if not zero
    646	0605  C3				     retn
    647	0606			     loc_43:
    648	0606  A1 A7C3				     mov     ax,ds:data_37e
Turbo Assembler	 Version 2.01	     03/22/26 12:48:31	    Page 13
314LVLRD.asm



    649	0609  50				     push    ax
    650	060A  2E: FF 16	6036			     call    word ptr cs:data_10e
    651	060F  58				     pop     ax
    652	0610  73 01				     jnc     loc_44		     ; Jump if carry=0
    653	0612  C3				     retn
    654	0613			     loc_44:
    655	0613  89 04				     mov     [si],ax
    656	0615  A0 A7C5				     mov     al,ds:data_38e
    657	0618  88 44 02				     mov     [si+2],al
    658	061B  88 5C 03				     mov     [si+3],bl
    659	061E  C6 44 04 26			     mov     byte ptr [si+4],26h     ; '&'
    660	0622  C6 44 05 00			     mov     byte ptr [si+5],0
    661	0626  A0 A7C6				     mov     al,ds:data_39e
    662	0629  88 44 06				     mov     [si+6],al
    663	062C  8B 44 02				     mov     ax,[si+2]
    664	062F  2E: FF 16	6028			     call    word ptr cs:data_9e
    665	0634  8A 1E A7B6			     mov     bl,ds:data_25e
    666	0638  32 FF				     xor     bh,bh		     ; Zero register
    667	063A  8A C3				     mov     al,bl
    668	063C  0C 80				     or	     al,80h
    669	063E  86 05				     xchg    [di],al
    670	0640  88 87 ED20			     mov     ds:data_46e[bx],al
    671	0644  83 C6 10				     add     si,10h
    672	0647  C3				     retn
    673	0648			     lvrender_func_3	     endp
    674
    675
    676				     ;ï¿½ï¿½ï¿½ï¿½ï¿½ï¿½ï¿½ï¿½ï¿½ï¿½ï¿½ï¿½ï¿½ï¿½ï¿½ï¿½ï¿½ï¿½ï¿½ï¿½ï¿½ï¿½ï¿½ï¿½ï¿½ï¿½ï¿½ï¿½ï¿½ï¿½ï¿½ï
    677				     ¿½ï¿½ï¿½ï¿½ï¿½ï¿½ï¿½ï¿½ï¿½ï¿½ï¿½ï¿½ï¿½ï¿½ï¿½ï¿½ï¿½ï¿½ï¿½ï¿½ï¿½ï¿½ï¿½ï¿½ï¿½ï¿½ï¿½ï¿½ï¿½ï¿½ï¿½ï¿½
    678				     ï¿½ï¿½ï¿½ï¿½ï¿½ï¿½ï¿½ï¿½ï¿½ï¿½ï¿½
    679				     ;				    SUBROUTINE
    680				     ;ï¿½ï¿½ï¿½ï¿½ï¿½ï¿½ï¿½ï¿½ï¿½ï¿½ï¿½ï¿½ï¿½ï¿½ï¿½ï¿½ï¿½ï¿½ï¿½ï¿½ï¿½ï¿½ï¿½ï¿½ï¿½ï¿½ï¿½ï¿½ï¿½ï¿½ï¿½ï
    681				     ¿½ï¿½ï¿½ï¿½ï¿½ï¿½ï¿½ï¿½ï¿½ï¿½ï¿½ï¿½ï¿½ï¿½ï¿½ï¿½ï¿½ï¿½ï¿½ï¿½ï¿½ï¿½ï¿½ï¿½ï¿½ï¿½ï¿½ï¿½ï¿½ï¿½ï¿½ï¿½
    682				     ï¿½ï¿½ï¿½ï¿½ï¿½ï¿½ï¿½ï¿½ï¿½ï¿½ï¿½
    683
    684	0648			     lvrender_func_4	     proc    near
    685	0648  A1 A7A3				     mov     ax,ds:data_24e
    686	064B  2B C3				     sub     ax,bx
    687	064D  73 02				     jnc     loc_45		     ; Jump if carry=0
    688	064F  33 C0				     xor     ax,ax		     ; Zero register
    689	0651			     loc_45:
    690	0651  A3 A7A3				     mov     ds:data_24e,ax
    691	0654  8B D8				     mov     bx,ax
    692	0656  50				     push    ax
    693	0657  2E: FF 16	200C			     call    word ptr cs:data_8e
    694	065C  58				     pop     ax
    695	065D  0B C0				     or	     ax,ax		     ; Zero ?
    696	065F  74 01				     jz	     loc_46		     ; Jump if zero
    697	0661  C3				     retn
    698	0662			     loc_46:
    699	0662  C6 06 A7B8 00			     mov     byte ptr ds:data_27e,0
    700	0667  C6 06 A7C2 00			     mov     byte ptr ds:data_36e,0
    701	066C  C6 06 FF2E FF			     mov     byte ptr ds:data_47e,0FFh
    702	0671  C3				     retn
Turbo Assembler	 Version 2.01	     03/22/26 12:48:31	    Page 14
314LVLRD.asm



    703	0672			     lvrender_func_4	     endp
    704
    705	0672			     loc_47:
    706	0672  80 3E A7B8 28			     cmp     byte ptr ds:data_27e,28h	     ; '('
    707				     ;*		     jae     loc_50		     ;*Jump if above or	=
    708	0677  73 4D				     db	      73h, 4Dh		     ;	Fixup -	byte match
    709	0679  C6 06 FF2F FF			     mov     byte ptr ds:data_48e,0FFh
    710	067E  FE 06 A7B8			     inc     byte ptr ds:data_27e
    711	0682  80 3E A7B8 0A			     cmp     byte ptr ds:data_27e,0Ah
    712	0687  73 20				     jae     loc_49		     ; Jump if above or	=
    713	0689  A0 A7B8				     mov     al,ds:data_27e
    714	068C  BB A69B				     mov     bx,data_18e
    715	068F  D7				     xlat			     ; al=[al+[bx]] table
    716	0690  A2 A7B9				     mov     ds:data_28e,al
    717	0693  3C 03				     cmp     al,3
    718	0695  72 05				     jb	     loc_48		     ; Jump if below
    719	0697  C6 06 FF75 33			     mov     byte ptr ds:data_50e,33h	     ; '3'
    720	069C			     loc_48:
    721	069C  E9 FD04				     jmp     loc_19
    722	069F  00 01 02 03 06 07			     db	     0,	1, 2, 3, 6, 7
    723	06A5  06 03 02 01			     db	     6,	3, 2, 1
    724	06A9			     loc_49:
    725	06A9  8A 26 A7B8			     mov     ah,ds:data_27e
    726	06AD  B0 06				     mov     al,6
    727	06AF  80 FC 06				     cmp     ah,6
    728	06B2  73 06				     jae     $+8		     ; Jump if above or	=
    729	06B4  8A C4				     mov     al,ah
    730	06B6  BB A6BC				     mov     bx,data_19e
    731	06B9  D7				     xlat			     ; al=[al+[bx]] table
    732	06BA  A2 A7BA				     mov     byte ptr ds:[0A7BAh],al
    733	06BD  E9 FD90				     jmp     $-26Dh
    734										     ;*	No entry point to code
    735	06C0  03 03				     add     ax,[bp+di]
    736	06C2  04 04				     add     al,4
    737	06C4  05 C605				     add     ax,0C605h
    738	06C7  06				     push    es
    739				     ;*		     xor     bh,bh		     ; Zero register
    740	06C8  30 FF				     db	      30h,0FFh		     ;	Fixup -	byte match
    741				     ;*		     inc     bx
    742	06CA  FF C3				     db	     0FFh,0C3h		     ;	Fixup -	byte match
    743	06CC  DC A6 E3 A6 EC A6			     db	     0DCh,0A6h,0E3h,0A6h,0ECh,0A6h
    744	06D2  F6 A6 01 A7 0C A7			     db	     0F6h,0A6h,	01h,0A7h, 0Ch,0A7h
    745	06D8  18 A7 22 A7 2E A7			     db	      18h,0A7h,	22h,0A7h, 2Eh,0A7h
    746	06DE  39 A7 11 10 12 13			     db	      39h,0A7h,	11h, 10h, 12h, 13h
    747	06E4  14 15 16 11 17 19			     db	      14h, 15h,	16h, 11h, 17h, 19h
    748	06EA  10 12 18 1A 1B 1C			     db	      10h, 12h,	18h, 1Ah, 1Bh, 1Ch
    749	06F0  1D 1F 21 23 10 1E			     db	      1Dh, 1Fh,	21h, 23h, 10h, 1Eh
    750	06F6  20 22 24				     db	     ' "$'
    751	06F9  25 29 2A 27 26 28			     db	     '%)*', 27h, '&('
    752	06FF  10 1E				     db	      10h, 1Eh
    753	0701  20 22 24				     db	     ' "$'
    754	0704  25 32 30 2D 31 2B	2E		     db	     '%20-1+.'
    755	070B  10 1E				     db	      10h, 1Eh
    756	070D  20 2C 2F 3D 3A 3C	3B+		     db	     ' ,/=:<;3'
Turbo Assembler	 Version 2.01	     03/22/26 12:48:31	    Page 15
314LVLRD.asm



    757	      33
    758	0715  10				     db	     10h
    759	0716  34 35 36 37 38 39	42+		     db	     '456789BC@D>'
    760	      43 40 44 3E
    761	0721  10				     db	     10h
    762	0722  3F 41 45 46 58 59	5A+		     db	     '?AEFXYZOPRTVQSUW'
    763	      4F 50 52 54 56 51	53+
    764	      55 57
    765	0732  CA 42 47 40 48 3E			     db	     0CAh, 42h,	47h, 40h, 48h, 3Eh
    766	0738  10 3F 41 45 46 CE			     db	      10h, 3Fh,	41h, 45h, 46h,0CEh
    767	073E  42 4D 40 4C 3E 10			     db	      42h, 4Dh,	40h, 4Ch, 3Eh, 10h
    768	0744  3F 41 45 46 58 A7			     db	      3Fh, 41h,	45h, 46h, 58h,0A7h
    769	074A  60 A7 68 A7 70 A7			     db	      60h,0A7h,	68h,0A7h, 70h,0A7h
    770	0750  78 A7 80 A7 88 A7			     db	      78h,0A7h,	80h,0A7h, 88h,0A7h
    771	0756  90 A7 98 A7 98 A7			     db	      90h,0A7h,	98h,0A7h, 98h,0A7h
    772	075C  00 00 00 00 20 AB			     db	      00h, 00h,	00h, 00h, 20h,0ABh
    773	0762  01 00 00 00 00 00			     db	      01h, 00h,	00h, 00h, 00h, 00h
    774	0768  2C AD 01 00 00 00			     db	      2Ch,0ADh,	01h, 00h, 00h, 00h
    775	076E  00 00 2B 80 2B 01			     db	      00h, 00h,	2Bh, 80h, 2Bh, 01h
    776	0774  00 00 05 10 28 80			     db	      00h, 00h,	05h, 10h, 28h, 80h
    777	077A  2B 01 08 04 18 00			     db	      2Bh, 01h,	08h, 04h, 18h, 00h
    778	0780  28 80 2B 00 00 02			     db	      28h, 80h,	2Bh, 00h, 00h, 02h
    779	0786  14 10 20 A8 0C 03			     db	      14h, 10h,	20h,0A8h, 0Ch, 03h
    780	078C  00 00 03 05 10 55			     db	      00h, 00h,	03h, 05h, 10h, 55h
    781	0792  00 01 00 00 00 00			     db	      00h, 01h,	00h, 00h, 00h, 00h
    782	0798  0B AB 53 00 01 00			     db	      0Bh,0ABh,	53h, 00h, 01h, 00h
    783	079E  03 05 10 55 00 01			     db	      03h, 05h,	10h, 55h, 00h, 01h
    784	07A4  26 00 07 80 02 70			     db	      26h, 00h,	07h, 80h, 02h, 70h
    785	07AA  17 08 FF AD A7 DC			     db	      17h, 08h,0FFh,0ADh,0A7h,0DCh
    786	07B0  05 11 BB 02 05			     db	      05h, 11h,0BBh, 02h, 05h
    787	07B5  54 61 72 73 6F			     db	      54h, 61h,	72h, 73h, 6Fh
    788	07BA  63*(00)				     db	     99	dup (0)
    789
    790	081D			     seg_a	     ends
    791
    792
    793
    794						     end     start
Turbo Assembler	 Version 2.01	     03/22/26 12:48:31	    Page 16
Symbol Table




Symbol Name			  Type	 Value

??DATE				  Text	 "03/22/26"
??FILENAME			  Text	 "314LVLRD"
??TIME				  Text	 "12:48:31"
??VERSION			  Number 0201
@CPU				  Text	 0101H
@CURSEG				  Text	 SEG_A
@FILENAME			  Text	 314LVLRD
@WORDSIZE			  Text	 2
DATA_10E			  Number 6036
DATA_11E			  Number 6038
DATA_12E			  Number A3C7
DATA_13E			  Number A41B
DATA_14E			  Number A41F
DATA_15E			  Number A424
DATA_16E			  Number A5D8
DATA_17E			  Number A5D9
DATA_18E			  Number A69B
DATA_19E			  Number A6BC
DATA_20E			  Number A6C8
DATA_21E			  Number A744
DATA_22E			  Number A7A0
DATA_23E			  Number A7A2
DATA_24E			  Number A7A3
DATA_25E			  Number A7B6
DATA_26E			  Number A7B7
DATA_27E			  Number A7B8
DATA_28E			  Number A7B9
DATA_29E			  Number A7BB
DATA_3				  Byte	 SEG_A:001D
DATA_30E			  Number A7BC
DATA_31E			  Number A7BD
DATA_32E			  Number A7BE
DATA_33E			  Number A7BF
DATA_34E			  Number A7C0
DATA_35E			  Number A7C1
DATA_36E			  Number A7C2
DATA_37E			  Number A7C3
DATA_38E			  Number A7C5
DATA_39E			  Number A7C6
DATA_4				  Byte	 SEG_A:00A1
DATA_40E			  Number A7C7
DATA_41E			  Number A7C8
DATA_42E			  Number A7C9
DATA_43E			  Number A7CB
DATA_44E			  Number A7F1
DATA_45E			  Number C010
DATA_46E			  Number ED20
DATA_47E			  Number FF2E
DATA_48E			  Number FF2F
DATA_49E			  Number FF3C
DATA_5				  Word	 SEG_A:00A4
Turbo Assembler	 Version 2.01	     03/22/26 12:48:31	    Page 17
Symbol Table



DATA_50E			  Number FF75
DATA_6				  Word	 SEG_A:011A
DATA_8E				  Number 200C
DATA_9E				  Number 6028
LOCLOOP_23			  Near	 SEG_A:0473
LOCLOOP_24			  Near	 SEG_A:0477
LOCLOOP_33			  Near	 SEG_A:0545
LOC_1				  Near	 SEG_A:0231
LOC_10				  Near	 SEG_A:02CD
LOC_11				  Near	 SEG_A:02DE
LOC_12				  Near	 SEG_A:0318
LOC_13				  Near	 SEG_A:031A
LOC_14				  Near	 SEG_A:0327
LOC_15				  Near	 SEG_A:0330
LOC_16				  Near	 SEG_A:0336
LOC_17				  Near	 SEG_A:035A
LOC_18				  Near	 SEG_A:0363
LOC_19				  Near	 SEG_A:03A3
LOC_20				  Near	 SEG_A:03B9
LOC_25				  Near	 SEG_A:047F
LOC_26				  Near	 SEG_A:049E
LOC_27				  Near	 SEG_A:049F
LOC_28				  Near	 SEG_A:04B8
LOC_29				  Near	 SEG_A:04C9
LOC_30				  Near	 SEG_A:0510
LOC_31				  Near	 SEG_A:0531
LOC_32				  Near	 SEG_A:053B
LOC_34				  Near	 SEG_A:0548
LOC_35				  Near	 SEG_A:0557
LOC_36				  Near	 SEG_A:0575
LOC_37				  Near	 SEG_A:05A2
LOC_38				  Near	 SEG_A:05B1
LOC_39				  Near	 SEG_A:05BD
LOC_4				  Near	 SEG_A:0268
LOC_41				  Near	 SEG_A:05CA
LOC_42				  Near	 SEG_A:05D6
LOC_43				  Near	 SEG_A:0606
LOC_44				  Near	 SEG_A:0613
LOC_45				  Near	 SEG_A:0651
LOC_46				  Near	 SEG_A:0662
LOC_47				  Near	 SEG_A:0672
LOC_48				  Near	 SEG_A:069C
LOC_49				  Near	 SEG_A:06A9
LOC_5				  Near	 SEG_A:0271
LOC_6				  Near	 SEG_A:029A
LOC_7				  Near	 SEG_A:02A0
LOC_8				  Near	 SEG_A:02B9
LOC_9				  Near	 SEG_A:02C3
LOC_RET_40			  Near	 SEG_A:05C9
LVRENDER_FUNC_1			  Near	 SEG_A:042D
LVRENDER_FUNC_3			  Near	 SEG_A:05FE
LVRENDER_FUNC_4			  Near	 SEG_A:0648
LVRENDER_GET_VALUE		  Near	 SEG_A:043F
START				  Near	 SEG_A:0000
Turbo Assembler	 Version 2.01	     03/22/26 12:48:31	    Page 18
Symbol Table



TARGET				  Number 5432
ZR3_14				  Far	 SEG_A:0000

Macro Name

CALLF
CALLFX
CALLS
JMPN
JMPS

Groups & Segments		  Bit Size Align  Combine Class

SEG_A				  16  081D Byte	  Public
