Turbo Assembler	 Version 2.01	     03/22/26 12:38:42	    Page 1
326NPCIT.asm



      1
      2
      3				     ;лллллллллллллллллллллллллллллллллллллллллллллллллллллллллллллллллллллллллл
      4				     ;лл								      лл
      5				     ;лл			     ZR3_26				      лл
      6				     ;лл								      лл
      7				     ;лл      Created:	 16-Feb-26					      лл
      8				     ;лл      Code type: zero start					      лл
      9				     ;лл      Passes:	 9	    Analysis Options on: none		      лл
     10				     ;лл								      лл
     11				     ;лллллллллллллллллллллллллллллллллллллллллллллллллллллллллллллллллллллллллл
     12
     13	      =	5432		     target	     EQU   'T2'			     ; Target assembler: TASM-2.X
     14
     15				     include  srmacros.inc
1    16
1    17				     ; Macros which may	be required for	proper re-assembly
1    18
1    19
1    20
1    21
1    22
1    23				     ;-----------------------------------------------------------------------------
1    24				     ; Some assemblers,	like TASM, check each far call and jump, to see	if it is
1    25				     ; in the same segment.  If	so, rather than	produce	the standard five byte far
1    26				     ; instruction it uses a near jump or call.
1    27
1    28				     calls	     macro   dummy1, dummy2, slocation
1    29						     db	     9Ah		     ; forced call far instruction
1    30						     dw	     offset slocation, seg slocation
1    31				     endm
1    32
1    33				     jmps	     macro   dummy1, dummy2, jlocation
1    34						     db	     0EAh		     ; forced jump far instruction
1    35						     dw	     offset jlocation, seg jlocation
1    36				     endm
1    37
1    38
1    39
1    40
1    41				     ;-----------------------------------------------------------------------------
1    42				     ;	Some compilers and some	assemblers will	code a call that goes to a far
1    43				     ;	subroutine in the same segment as:
1    44				     ;
1    45				     ;		     PUSH    CS
1    46				     ;		     CALL    near
1    47				     ;
1    48				     ;	This saves one byte, and is slightly faster.  If the assembler you are
1    49				     ;	using (i.e. MASM, Optasm) does not do this automatically, the following
1    50				     ;	macros are used	to code	the same information.  In other	words, the binary
1    51				     ;	file has "PUSH CS, CALL	near", and Sourcer ensures the same instructions
1    52				     ;	are used!  (macro CALLF)
1    53				     ;
1    54
Turbo Assembler	 Version 2.01	     03/22/26 12:38:42	    Page 2
326NPCIT.asm



1    55				     callf	     macro   location
1    56						     push    cs
1    57						     call    near ptr location
1    58				     endm
1    59
1    60				     ;	Some compilers generate	an unnecessary DS override on the call instruction
1    61				     ;	when compacting	the CALLF type function.  Macro	CALLFX handles this case.
1    62
1    63				     callfx	     macro   location
1    64						     push    cs
1    65						     db	     3Eh
1    66						     call    near ptr location
1    67				     endm
1    68
1    69
1    70				     ;-----------------------------------------------------------------------------
1    71				     ;	Some compilers and some	assemblers will	code a near call that is the
1    72				     ;	selected assembler will	convert	to a short jump	to save	a byte.	 This
1    73				     ;	reconstructs a near jump for these cases.
1    74
1    75				     jmpn	     macro   location
1    76						     db	     0E9h
1    77						     dw	     offset location-$-2
1    78				     endm
1    79
1    80
1    81
     82
     83
     84				     ; The following equates show data references outside the range of the program.
     85
     86	      =	CCCE		     data_3e	     equ     0CCCEh		     ;*
     87
     88	0000			     seg_a	     segment byte public
     89						     assume  cs:seg_a, ds:seg_a
     90
     91
     92						     org     0
     93
     94	0000			     zr3_26	     proc    far
     95
     96	0000			     start:
     97	0000  AA				     stosb			     ; Store al	to es:[di]
     98	0001  11 00				     adc     [bx+si],ax
     99	0003  00 A3 CCCE			     add     ss:data_3e[bp+di],ah
    100	0007  00 71 CD				     add     [bx+di-33h],dh
    101	000A  79 CD				     jns     $-31h		     ; Jump if not sign
    102	000C  7B CD				     jnp     $-31h		     ; Jump if not parity
    103	000E  84 CD				     test    cl,ch
    104	0010  2E CE 91 CE A8 CE			     db	      2Eh,0CEh,	91h,0CEh,0A8h,0CEh
    105	0016  03 BC 00 15 0A 00			     db	      03h,0BCh,	00h, 15h, 0Ah, 00h
    106	001C  00 71 CD 34 0F D2			     db	      00h, 71h,0CDh, 34h, 0Fh,0D2h
    107	0022  D3 08 0F 0A 0F D2			     db	     0D3h, 08h,	0Fh, 0Ah, 0Fh,0D2h
    108	0028  D3 1B 0F D2 D3 14			     db	     0D3h, 1Bh,	0Fh,0D2h,0D3h, 14h
Turbo Assembler	 Version 2.01	     03/22/26 12:38:42	    Page 3
326NPCIT.asm



    109	002E  0F 3F 10 1A 11 D8			     db	      0Fh, 3Fh,	10h, 1Ah, 11h,0D8h
    110	0034  08 11 D8 0E 11 D8			     db	      08h, 11h,0D8h, 0Eh, 11h,0D8h
    111	003A  09 11 9B D9 02 15			     db	      09h, 11h,	9Bh,0D9h, 02h, 15h
    112	0040  86 D9 01 15 8D D9			     db	      86h,0D9h,	01h, 15h, 8Dh,0D9h
    113	0046  02 15 87 9B 03 15			     db	      02h, 15h,	87h, 9Bh, 03h, 15h
    114	004C  CC 85 02 15 8D 03			     db	     0CCh, 85h,	02h, 15h, 8Dh, 03h
    115	0052  15 87 9B 03 15 86			     db	      15h, 87h,	9Bh, 03h, 15h, 86h
    116	0058  02 15 CC 8C C8 02			     db	      02h, 15h,0CCh, 8Ch,0C8h, 02h
    117	005E  15 87 9B 03 15 86			     db	      15h, 87h,	9Bh, 03h, 15h, 86h
    118	0064  C4 01 15 8D C4 02			     db	     0C4h, 01h,	15h, 8Dh,0C4h, 02h
    119	006A  15 CC 86 C8 8A C9			     db	      15h,0CCh,	86h,0C8h, 8Ah,0C9h
    120	0070  8F C3 02 15 86 C4			     db	      8Fh,0C3h,	02h, 15h, 86h,0C4h
    121	0076  01 15 8D C4 C8 D5			     db	      01h, 15h,	8Dh,0C4h,0C8h,0D5h
    122	007C  DA 87 C4 C8 89 C4			     db	     0DAh, 87h,0C4h,0C8h, 89h,0C4h
    123	0082  C8 8E C4 C8 01 15			     db	     0C8h, 8Eh,0C4h,0C8h, 01h, 15h
    124	0088  CC 85 C4 CA D5 8D			     db	     0CCh, 85h,0C4h,0CAh,0D5h, 8Dh
    125	008E  43 D5 88 43 89 43			     db	      43h,0D5h,	88h, 43h, 89h, 43h
    126	0094  8E 43 C8 D5 86 C4			     db	      8Eh, 43h,0C8h,0D5h, 86h,0C4h
    127	009A  01 15 8D 43 C8 88			     db	      01h, 15h,	8Dh, 43h,0C8h, 88h
    128	00A0  43 89 43 C8 8D C4			     db	      43h, 89h,	43h,0C8h, 8Dh,0C4h
    129	00A6  C9 C4 C8 86 43 C8			     db	     0C9h,0C4h,0C8h, 86h, 43h,0C8h
    130	00AC  8D 43 CA 88 43 C8			     db	      8Dh, 43h,0CAh, 88h, 43h,0C8h
    131	00B2  88 43 C8 8D 43 CA			     db	      88h, 43h,0C8h, 8Dh, 43h,0CAh
    132	00B8  D5 86 43 CA 8D 43			     db	     0D5h, 86h,	43h,0CAh, 8Dh, 43h
    133	00BE  D5 88 53 88 C9 43			     db	     0D5h, 88h,	53h, 88h,0C9h, 43h
    134	00C4  8D 43 01 15 86 43			     db	      8Dh, 43h,	01h, 15h, 86h, 43h
    135	00CA  D5 8D 43 C8 CC 86			     db	     0D5h, 8Dh,	43h,0C8h,0CCh, 86h
    136	00D0  C3 53 88 43 C5 4A			     db	     0C3h, 53h,	88h, 43h,0C5h, 4Ah
    137	00D6  8B 43 C8 DA 86 43			     db	      8Bh, 43h,0C8h,0DAh, 86h, 43h
    138	00DC  C8 8D C9 43 87 C4			     db	     0C8h, 8Dh,0C9h, 43h, 87h,0C4h
    139	00E2  53 88 C4 C5 C4 CA			     db	      53h, 88h,0C4h,0C5h,0C4h,0CAh
    140	00E8  8C 53 87 C9 43 8D			     db	      8Ch, 53h,	87h,0C9h, 43h, 8Dh
    141	00EE  53 C8 86 C4 C9 C4			     db	      53h,0C8h,	86h,0C4h,0C9h,0C4h
    142	00F4  CA 88 53 5A 8A C9			     db	     0CAh, 88h,	53h, 5Ah, 8Ah,0C9h
    143	00FA  C4 C5 4A 85 C4 C9			     db	     0C4h,0C5h,	4Ah, 85h,0C4h,0C9h
    144	0100  43 CA 8B C4 C9 43			     db	      43h,0CAh,	8Bh,0C4h,0C9h, 43h
    145	0106  86 C4 C4 C5 4A 87			     db	      86h,0C4h,0C4h,0C5h, 4Ah, 87h
    146	010C  C9 44 C4 C8 8B 53			     db	     0C9h, 44h,0C4h,0C8h, 8Bh, 53h
    147	0112  C8 86 53 CA 8C 53			     db	     0C8h, 86h,	53h,0CAh, 8Ch, 53h
    148	0118  CA 86 C4 43 C8 88			     db	     0CAh, 86h,0C4h, 43h,0C8h, 88h
    149	011E  53 C5 CA 8B C4 C6			     db	      53h,0C5h,0CAh, 8Bh,0C4h,0C6h
    150	0124  C4 CA 86 43 CA 8D			     db	     0C4h,0CAh,	86h, 43h,0CAh, 8Dh
    151	012A  43 CA CC 86 C4 53			     db	      43h,0CAh,0CCh, 86h,0C4h, 53h
    152	0130  C8 7C 82 43 C5 C4			     db	     0C8h, 7Ch,	82h, 43h,0C5h,0C4h
    153	0136  4A 8A 43 CA 87 C4			     db	      4Ah, 8Ah,	43h,0CAh, 87h,0C4h
    154	013C  44 CB 8C C4 CA D5			     db	      44h,0CBh,	8Ch,0C4h,0CAh,0D5h
    155	0142  87				     db	      87h
    156	0143  63C4		     data_1	     dw	     63C4h		     ; Data table (indexed access)
    157	0145  7D 82 63 C8 8B C4			     db	      7Dh, 82h,	63h,0C8h, 8Bh,0C4h
    158	014B  CA D5 86 C6 43 C8			     db	     0CAh,0D5h,	86h,0C6h, 43h,0C8h
    159	0151  8D C4 01 15 87 C6			     db	      8Dh,0C4h,	01h, 15h, 87h,0C6h
    160	0157  73 05 0F C4 C6 C4			     db	      73h, 05h,	0Fh,0C4h,0C6h,0C4h
    161	015D  49 8B C4 01 15 86			     db	      49h, 8Bh,0C4h, 01h, 15h, 86h
    162	0163  63 CA 8C 43 C8 87			     db	      63h,0CAh,	8Ch, 43h,0C8h, 87h
Turbo Assembler	 Version 2.01	     03/22/26 12:38:42	    Page 4
326NPCIT.asm



    163	0169  C9 73 05 0F 43 C5			     db	     0C9h, 73h,	05h, 0Fh, 43h,0C5h
    164	016F  4A 8B 43 C8 86 53			     db	      4Ah, 8Bh,	43h,0C8h, 86h, 53h
    165	0175  CA 8D 43 44 4A 84			     db	     0CAh, 8Dh,	43h, 44h, 4Ah, 84h
    166	017B  C4 C4 C6 53 05 10			     db	     0C4h,0C4h,0C6h, 53h, 05h, 10h
    167	0181  63 8C 53 C8 CA 84			     db	      63h, 8Ch,	53h,0C8h,0CAh, 84h
    168	0187  43 01 15 8D 53 CA			     db	      43h, 01h,	15h, 8Dh, 53h,0CAh
    169	018D  86 C4 63 06 11 63			     db	      86h,0C4h,	63h, 06h, 11h, 63h
    170	0193  8C C4 C6 C4 CA 85			     db	      8Ch,0C4h,0C6h,0C4h,0CAh, 85h
    171	0199  C9 C4 C8 DA 8D C4			     db	     0C9h,0C4h,0C8h,0DAh, 8Dh,0C4h
    172	019F  CA D5 87 C4 53 CA			     db	     0CAh,0D5h,	87h,0C4h, 53h,0CAh
    173	01A5  87 C9 43 CA 8C 43			     db	      87h,0C9h,	43h,0CAh, 8Ch, 43h
    174	01AB  D5 86 43 44 4A 8B			     db	     0D5h, 86h,	43h, 44h, 4Ah, 8Bh
    175	01B1  C4 01 15 87 C4 53			     db	     0C4h, 01h,	15h, 87h,0C4h, 53h
    176	01B7  88 C4 C9 C4 84 C3			     db	      88h,0C4h,0C9h,0C4h, 84h,0C3h
    177	01BD  88 53 C8 85 43 C6			     db	      88h, 53h,0C8h, 85h, 43h,0C6h
    178	01C3  43 8C 43 D5 87 C4			     db	      43h, 8Ch,	43h,0D5h, 87h,0C4h
    179	01C9  C9 C4 CA 88 53 84			     db	     0C9h,0C4h,0CAh, 88h, 53h, 84h
    180	01CF  C4 88 C9 43 CA 85			     db	     0C4h, 88h,0C9h, 43h,0CAh, 85h
    181	01D5  73 CA 8B 53 CA 86			     db	      73h,0CAh,	8Bh, 53h,0CAh, 86h
    182	01DB  C4 43 4A 87 43 CA			     db	     0C4h, 43h,	4Ah, 87h, 43h,0CAh
    183	01E1  84 C4 C8 87 C4 C9			     db	      84h,0C4h,0C8h, 87h,0C4h,0C9h
    184	01E7  DA 86 53 CA 8D 43			     db	     0DAh, 86h,	53h,0CAh, 8Dh, 43h
    185	01ED  CA 87 C4 43 C8 88			     db	     0CAh, 87h,0C4h, 43h,0C8h, 88h
    186	01F3  C9 C4 85 43 87 43			     db	     0C9h,0C4h,	85h, 43h, 87h, 43h
    187	01F9  C8 86 43 CA 8E C4			     db	     0C8h, 86h,	43h,0CAh, 8Eh,0C4h
    188	01FF  CA DA 87 C6 C4 44			     db	     0CAh,0DAh,	87h,0C6h,0C4h, 44h
    189	0205  4A 86 43 85 43 CA			     db	      4Ah, 86h,	43h, 85h, 43h,0CAh
    190	020B  86 43 CA 86 C9 C4			     db	      86h, 43h,0CAh, 86h,0C9h,0C4h
    191	0211  61 60 C2 C1 C2 50			     db	      61h, 60h,0C2h,0C1h,0C2h, 50h
    192	0217  81 43 89 43 CA 88			     db	      81h, 43h,	89h, 43h,0CAh, 88h
    193	021D  C4 CA 85 C9 C4 D4			     db	     0C4h,0CAh,	85h,0C9h,0C4h,0D4h
    194	0223  86 C4 CA 87 43 8F			     db	      86h,0C4h,0CAh, 87h, 43h, 8Fh
    195	0229  C9 C4 C8 88 C4 CA			     db	     0C9h,0C4h,0C8h, 88h,0C4h,0CAh
    196	022F  89 C4 86 53 86 C4			     db	      89h,0C4h,	86h, 53h, 86h,0C4h
    197	0235  88 43 CA 84 C3 89			     db	      88h, 43h,0CAh, 84h,0C3h, 89h
    198	023B  C6 43 88 CA 8A CA			     db	     0C6h, 43h,	88h,0CAh, 8Ah,0CAh
    199	0241  86 53 C8 85 CA 88			     db	      86h, 53h,0C8h, 85h,0CAh, 88h
    200	0247  43 85 C4 89 53 C8			     db	      43h, 85h,0C4h, 89h, 53h,0C8h
    201	024D  87 92 C4 C6 43 8E			     db	      87h, 92h,0C4h,0C6h, 43h, 8Eh
    202	0253  C4 CA 85 C4 89 C4			     db	     0C4h,0CAh,	85h,0C4h, 89h,0C4h
    203	0259  C6 44 4A 85 06 01			     db	     0C6h, 44h,	4Ah, 85h, 06h, 01h
    204	025F  C2 50 41 50 82 63			     db	     0C2h, 50h,	41h, 50h, 82h, 63h
    205	0265  51 50 C2 40 C2 40			     db	      51h, 50h,0C2h, 40h,0C2h, 40h
    206	026B  82 C4 86 C4 89 C9			     db	      82h,0C4h,	86h,0C4h, 89h,0C9h
    207	0271  53 49 41 40 C2 92			     db	      53h, 49h,	41h, 40h,0C2h, 92h
    208	0277  53 8F C9 85 C3 C4			     db	      53h, 8Fh,0C9h, 85h,0C3h,0C4h
    209	027D  4A 87 C4 D4 C9 CB			     db	      4Ah, 87h,0C4h,0D4h,0C9h,0CBh
    210	0283  87 C4 91 43 D5 8F			     db	      87h,0C4h,	91h, 43h,0D5h, 8Fh
    211	0289  C9 85 43 89 43 CA			     db	     0C9h, 85h,	43h, 89h, 43h,0CAh
    212	028F  88 43 90 C4 01 15			     db	      88h, 43h,	90h,0C4h, 01h, 15h
    213	0295  8F C9 85 43 89 43			     db	      8Fh,0C9h,	85h, 43h, 89h, 43h
    214	029B  89 43 90 C4 C8 D5			     db	      89h, 43h,	90h,0C4h,0C8h,0D5h
    215	02A1  8F CA 84 C3 43 CA			     db	      8Fh,0CAh,	84h,0C3h, 43h,0CAh
    216	02A7  88 43 D4 88 43 90			     db	      88h, 43h,0D4h, 88h, 43h, 90h
Turbo Assembler	 Version 2.01	     03/22/26 12:38:42	    Page 5
326NPCIT.asm



    217	02AD  43 C8 94 43 D5 89			     db	      43h,0C8h,	94h, 43h,0D5h, 89h
    218	02B3  43 D5 88 53 8F C9			     db	      43h,0D5h,	88h, 53h, 8Fh,0C9h
    219	02B9  43 C8 93 C4 C9 C4			     db	      43h,0C8h,	93h,0C4h,0C9h,0C4h
    220	02BF  C8 88 43 D5 88 53			     db	     0C8h, 88h,	43h,0D5h, 88h, 53h
    221	02C5  8F 43 C9 C4 93 63			     db	      8Fh, 43h,0C9h,0C4h, 93h, 63h
    222	02CB  CA 87 43 D5 C8 87			     db	     0CAh, 87h,	43h,0D5h,0C8h, 87h
    223	02D1  63 8E 63 49 41 60			     db	      63h, 8Eh,	63h, 49h, 41h, 60h
    224	02D7  C2 70 C2 50 81 43			     db	     0C2h, 70h,0C2h, 50h, 81h, 43h
    225	02DD  C9 C4 88 C6 C4 D5			     db	     0C9h,0C4h,	88h,0C6h,0C4h,0D5h
    226	02E3  C6 87 63 8E 43 CA			     db	     0C6h, 87h,	63h, 8Eh, 43h,0CAh
    227	02E9  94 C9 43 CA 88 43			     db	      94h,0C9h,	43h,0CAh, 88h, 43h
    228	02EF  D5 C4 87 73 8D 43			     db	     0D5h,0C4h,	87h, 73h, 8Dh, 43h
    229	02F5  47 8B C4 87 43 CA			     db	      47h, 8Bh,0C4h, 87h, 43h,0CAh
    230	02FB  89 63 87 73 8D 43			     db	      89h, 63h,	87h, 73h, 8Dh, 43h
    231	0301  CA D4 8B C4 87 C4			     db	     0CAh,0D4h,	8Bh,0C4h, 87h,0C4h
    232	0307  CA D5 89 C4 C6 C4			     db	     0CAh,0D5h,	89h,0C4h,0C6h,0C4h
    233	030D  D5 D4 86 73 8D 43			     db	     0D5h,0D4h,	86h, 73h, 8Dh, 43h
    234	0313  01 15 8A C6 C4 87			     db	      01h, 15h,	8Ah,0C6h,0C4h, 87h
    235	0319  C4 01 15 CC 88 53			     db	     0C4h, 01h,	15h,0CCh, 88h, 53h
    236	031F  01 15 86 73 8D 43			     db	      01h, 15h,	86h, 73h, 8Dh, 43h
    237	0325  C8 D5 8A 43 87 C4			     db	     0C8h,0D5h,	8Ah, 43h, 87h,0C4h
    238	032B  C8 D5 89 43 02 15			     db	     0C8h,0D5h,	89h, 43h, 02h, 15h
    239	0331  86 73 8D 53 C8 8A			     db	      86h, 73h,	8Dh, 53h,0C8h, 8Ah
    240	0337  43 87 43 C8 89 43			     db	      43h, 87h,	43h,0C8h, 89h, 43h
    241	033D  02 15 86 63 8E 63			     db	      02h, 15h,	86h, 63h, 8Eh, 63h
    242	0343  C8 89 43 87 53 C8			     db	     0C8h, 89h,	43h, 87h, 53h,0C8h
    243	0349  88 43 C8 01 15 86			     db	      88h, 43h,0C8h, 01h, 15h, 86h
    244	034F  63 8E C4 C9 C4 44			     db	      63h, 8Eh,0C4h,0C9h,0C4h, 44h
    245	0355  4A 87 43 C8 86 C4			     db	      4Ah, 87h,	43h,0C8h, 86h,0C4h
    246	035B  C9 C4 CB 88 53 01			     db	     0C9h,0C4h,0CBh, 88h, 53h, 01h
    247	0361  15 86 63 8E 53 CA			     db	      15h, 86h,	63h, 8Eh, 53h,0CAh
    248	0367  8A C4 C9 C4 86 53			     db	      8Ah,0C4h,0C9h,0C4h, 86h, 53h
    249	036D  CA 88 C6 C4 C9 C8			     db	     0CAh, 88h,0C6h,0C4h,0C9h,0C8h
    250	0373  D5 86 53 D5 8E 43			     db	     0D5h, 86h,	53h,0D5h, 8Eh, 43h
    251	0379  CA D5 8A C4 C6 C4			     db	     0CAh,0D5h,	8Ah,0C4h,0C6h,0C4h
    252	037F  CA 85 53 89 53 CA			     db	     0CAh, 85h,	53h, 89h, 53h,0CAh
    253	0385  D5 86 53 D5 8E 43			     db	     0D5h, 86h,	53h,0D5h, 8Eh, 43h
    254	038B  01 15 8A C9 C4 CA			     db	      01h, 15h,	8Ah,0C9h,0C4h,0CAh
    255	0391  86 43 C5 4A 87 43			     db	      86h, 43h,0C5h, 4Ah, 87h, 43h
    256	0397  CA 01 15 86 53 D5			     db	     0CAh, 01h,	15h, 86h, 53h,0D5h
    257	039D  8E C9 C4 01 15 8A			     db	      8Eh,0C9h,0C4h, 01h, 15h, 8Ah
    258	03A3  43 87 C9 43 CA 88			     db	      43h, 87h,0C9h, 43h,0CAh, 88h
    259	03A9  43 02 15 86 53 D5			     db	      43h, 02h,	15h, 86h, 53h,0D5h
    260	03AF  8E C4 CA 01 15 8A			     db	      8Eh,0C4h,0CAh, 01h, 15h, 8Ah
    261	03B5  43 CA 86 43 CA 89			     db	      43h,0CAh,	86h, 43h,0CAh, 89h
    262	03BB  C4 C9 02 15 86 53			     db	     0C4h,0C9h,	02h, 15h, 86h, 53h
    263	03C1  D5 8E C4 02 15 8A			     db	     0D5h, 8Eh,0C4h, 02h, 15h, 8Ah
    264	03C7  C4 CA 87 43 D5 89			     db	     0C4h,0CAh,	87h, 43h,0D5h, 89h
    265	03CD  53 01 15 86 53 D5			     db	      53h, 01h,	15h, 86h, 53h,0D5h
    266	03D3  8E C4 02 15 8A C4			     db	      8Eh,0C4h,	02h, 15h, 8Ah,0C4h
    267	03D9  D5 87 C4 CA D5 89			     db	     0D5h, 87h,0C4h,0CAh,0D5h, 89h
    268	03DF  53 CA D5 86 43 01			     db	      53h,0CAh,0D5h, 86h, 43h, 01h
    269	03E5  15 8E C4 02 15 8A			     db	      15h, 8Eh,0C4h, 02h, 15h, 8Ah
    270	03EB  C4 D5 87 C4 01 15			     db	     0C4h,0D5h,	87h,0C4h, 01h, 15h
Turbo Assembler	 Version 2.01	     03/22/26 12:38:42	    Page 6
326NPCIT.asm



    271	03F1  89 43 54 CB 85 43			     db	      89h, 43h,	54h,0CBh, 85h, 43h
    272	03F7  01 15 8E C6 02 15			     db	      01h, 15h,	8Eh,0C6h, 02h, 15h
    273	03FD  8A CA D5 CC 86 C4			     db	      8Ah,0CAh,0D5h,0CCh, 86h,0C4h
    274	0403  01 15 89 C4 D5 CA			     db	      01h, 15h,	89h,0C4h,0D5h,0CAh
    275	0409  01 15 86 C4 02 15			     db	      01h, 15h,	86h,0C4h, 02h, 15h
    276	040F  8E 03 15 8A 01 15			     db	      8Eh, 03h,	15h, 8Ah, 01h, 15h
    277	0415  87 CA 01 15 89 C4			     db	      87h,0CAh,	01h, 15h, 89h,0C4h
    278	041B  03 15 86 C4 02 15			     db	      03h, 15h,	86h,0C4h, 02h, 15h
    279	0421  8E 03 15 8A 01 15			     db	      8Eh, 03h,	15h, 8Ah, 01h, 15h
    280	0427  87 02 15 CC 88 CA			     db	      87h, 02h,	15h,0CCh, 88h,0CAh
    281	042D  03 15 86 81 02 15			     db	      03h, 15h,	86h, 81h, 02h, 15h
    282	0433  8E 03 15 8A 01 15			     db	      8Eh, 03h,	15h, 8Ah, 01h, 15h
    283	0439  87 02 15 89 04 15			     db	      87h, 02h,	15h, 89h, 04h, 15h
    284	043F  86 81 D6 01 15 8E			     db	      86h, 81h,0D6h, 01h, 15h, 8Eh
    285	0445  D6 02 15 8A D6 D5			     db	     0D6h, 02h,	15h, 8Ah,0D6h,0D5h
    286	044B  87 D6 01 15 89 D6			     db	      87h,0D6h,	01h, 15h, 89h,0D6h
    287	0451  03 15 86 CD D7 0F			     db	      03h, 15h,	86h,0CDh,0D7h, 0Fh
    288	0457  0D D7 0C 0D D7 07			     db	      0Dh,0D7h,	0Ch, 0Dh,0D7h, 07h
    289	045D  0D D7 08 0D 82 D7			     db	      0Dh,0D7h,	08h, 0Dh, 82h,0D7h
    290	0463  08 0D D1 D0 31 0E			     db	      08h, 0Dh,0D1h,0D0h, 31h, 0Eh
    291	0469  82 0A 0E 16 0F D2			     db	      82h, 0Ah,	0Eh, 16h, 0Fh,0D2h
    292	046F  D3 26 0F 3F 0F 07			     db	     0D3h, 26h,	0Fh, 3Fh, 0Fh, 07h
    293	0475  0F D2 D3 24 0F D2			     db	      0Fh,0D2h,0D3h, 24h, 0Fh,0D2h
    294	047B  D3 0E 0F 3F 10 09			     db	     0D3h, 0Eh,	0Fh, 3Fh, 10h, 09h
    295	0481  11 D8 0F 11 D8 16			     db	      11h,0D8h,	0Fh, 11h,0D8h, 16h
    296	0487  11 D8 0B 11 8A D9			     db	      11h,0D8h,	0Bh, 11h, 8Ah,0D9h
    297	048D  02 15 8D D9 03 15			     db	      02h, 15h,	8Dh,0D9h, 03h, 15h
    298	0493  93 D9 01 15 8A 8A			     db	      93h,0D9h,	01h, 15h, 8Ah, 8Ah
    299	0499  03 15 8D 04 15 93			     db	      03h, 15h,	8Dh, 04h, 15h, 93h
    300	049F  02 15 8A 8A 03 15			     db	      02h, 15h,	8Ah, 8Ah, 03h, 15h
    301	04A5  8D C3 03 15 93 02			     db	      8Dh,0C3h,	03h, 15h, 93h, 02h
    302	04AB  15 8A 60 41 50 81			     db	      15h, 8Ah,	60h, 41h, 50h, 81h
    303	04B1  01 15 C6 C5 41 40			     db	      01h, 15h,0C6h,0C5h, 41h, 40h
    304	04B7  C2 05 01 82 43 C8			     db	     0C2h, 05h,	01h, 82h, 43h,0C8h
    305	04BD  01 15 93 C3 C6 C5			     db	      01h, 15h,	93h,0C3h,0C6h,0C5h
    306	04C3  51 50 C2 50 8A 03			     db	      51h, 50h,0C2h, 50h, 8Ah, 03h
    307	04C9  15 8D 63 CA 41 50			     db	      15h, 8Dh,	63h,0CAh, 41h, 50h
    308	04CF  C2 06 01 41 50 81			     db	     0C2h, 06h,	01h, 41h, 50h, 81h
    309	04D5  C4 01 15 8A 8A C3			     db	     0C4h, 01h,	15h, 8Ah, 8Ah,0C3h
    310	04DB  02 15 85 C3 87 53			     db	      02h, 15h,	85h,0C3h, 87h, 53h
    311	04E1  CA D5 93 43 D5 87			     db	     0CAh,0D5h,	93h, 43h,0D5h, 87h
    312	04E7  C4 82 8A C4 02 15			     db	     0C4h, 82h,	8Ah,0C4h, 02h, 15h
    313	04ED  85 43 86 53 01 15			     db	      85h, 43h,	86h, 53h, 01h, 15h
    314	04F3  8A C3 C4 87 C4 C9			     db	      8Ah,0C3h,0C4h, 87h,0C4h,0C9h
    315	04F9  D5 87 C4 82 8A C4			     db	     0D5h, 87h,0C4h, 82h, 8Ah,0C4h
    316	04FF  01 15 DA 85 43 D4			     db	      01h, 15h,0DAh, 85h, 43h,0D4h
    317	0505  85 C9 C4 CA 01 15			     db	      85h,0C9h,0C4h,0CAh, 01h, 15h
    318	050B  8A 43 C5 C9 CB 84			     db	      8Ah, 43h,0C5h,0C9h,0CBh, 84h
    319	0511  43 D5 87 C4 82 8A			     db	      43h,0D5h,	87h,0C4h, 82h, 8Ah
    320	0517  C4 C8 D5 86 43 C8			     db	     0C4h,0C8h,0D5h, 86h, 43h,0C8h
    321	051D  85 43 01 15 4A 89			     db	      85h, 43h,	01h, 15h, 4Ah, 89h
    322	0523  43 CA 86 C9 43 87			     db	      43h,0CAh,	86h,0C9h, 43h, 87h
    323	0529  43 81 8A 43 D5 86			     db	      43h, 81h,	8Ah, 43h,0D5h, 86h
    324	052F  43 CA 85 43 C8 01			     db	      43h,0CAh,	85h, 43h,0C8h, 01h
Turbo Assembler	 Version 2.01	     03/22/26 12:38:42	    Page 7
326NPCIT.asm



    325	0535  15 8A C4 D4 87 C4			     db	      15h, 8Ah,0C4h,0D4h, 87h,0C4h
    326	053B  C5 4A 86 43 81 8A			     db	     0C5h, 4Ah,	86h, 43h, 81h, 8Ah
    327	0541  C9 C4 C8 86 C4 C6			     db	     0C9h,0C4h,0C8h, 86h,0C4h,0C6h
    328	0547  D5 85 53 01 15 8A			     db	     0D5h, 85h,	53h, 01h, 15h, 8Ah
    329	054D  43 C8 86 53 CA 86			     db	      43h,0C8h,	86h, 53h,0CAh, 86h
    330	0553  43 81 8A C4 C9 C5			     db	      43h, 81h,	8Ah,0C4h,0C9h,0C5h
    331	0559  4A 84 43 C5 4A 83			     db	      4Ah, 84h,	43h,0C5h, 4Ah, 83h
    332	055F  53 01 15 8A C9 43			     db	      53h, 01h,	15h, 8Ah,0C9h, 43h
    333	0565  86 43 CA 87 C9 C4			     db	      86h, 43h,0CAh, 87h,0C9h,0C4h
    334	056B  D4 8A 53 86 53 C8			     db	     0D4h, 8Ah,	53h, 86h, 53h,0C8h
    335	0571  84 CA 43 C8 D5 8A			     db	      84h,0CAh,	43h,0C8h,0D5h, 8Ah
    336	0577  C4 C9 C5 C8 85 C4			     db	     0C4h,0C9h,0C5h,0C8h, 85h,0C4h
    337	057D  01 15 87 43 D5 C8			     db	      01h, 15h,	87h, 43h,0D5h,0C8h
    338	0583  89 53 CA 85 43 DA			     db	      89h, 53h,0CAh, 85h, 43h,0DAh
    339	0589  C4 83 DD DF C4 C9			     db	     0C4h, 83h,0DDh,0DFh,0C4h,0C9h
    340	058F  C4 D5 8A 53 CA 85			     db	     0C4h,0D5h,	8Ah, 53h,0CAh, 85h
    341	0595  43 D5 87 53 4A 88			     db	      43h,0D5h,	87h, 53h, 4Ah, 88h
    342	059B  C4 CA D5 86 53 CA			     db	     0C4h,0CAh,0D5h, 86h, 53h,0CAh
    343	05A1  83 DD DF 53 C8 8A			     db	      83h,0DDh,0DFh, 53h,0C8h, 8Ah
    344	05A7  53 86 53 C8 86 53			     db	      53h, 86h,	53h,0C8h, 86h, 53h
    345	05AD  C8 89 C4 01 15 86			     db	     0C8h, 89h,0C4h, 01h, 15h, 86h
    346	05B3  C4 C6 C4 CB 83 DD			     db	     0C4h,0C6h,0C4h,0CBh, 83h,0DDh
    347	05B9  DF 43 C5 C6 8A C4			     db	     0DFh, 43h,0C5h,0C6h, 8Ah,0C4h
    348	05BF  C9 C4 C8 85 53 C5			     db	     0C9h,0C4h,0C8h, 85h, 53h,0C5h
    349	05C5  CB 85 C4 44 CA 89			     db	     0CBh, 85h,0C4h, 44h,0CAh, 89h
    350	05CB  43 C8 86 43 CA CB			     db	      43h,0C8h,	86h, 43h,0CAh,0CBh
    351	05D1  83 DD DF C4 C6 C4			     db	      83h,0DDh,0DFh,0C4h,0C6h,0C4h
    352	05D7  C9 CB 89 63 85 C4			     db	     0C9h,0CBh,	89h, 63h, 85h,0C4h
    353	05DD  C9 C5 C4 6C 82 53			     db	     0C9h,0C5h,0C4h, 6Ch, 82h, 53h
    354	05E3  6A 86 43 C5 CB 85			     db	      6Ah, 86h,	43h,0C5h,0CBh, 85h
    355	05E9  C6 C4 D5 CC 83 DD			     db	     0C6h,0C4h,0D5h,0CCh, 83h,0DDh
    356	05EF  DF 63 8A 43 DA CA			     db	     0DFh, 63h,	8Ah, 43h,0DAh,0CAh
    357	05F5  85 63 6D 82 43 C5			     db	      85h, 63h,	6Dh, 82h, 43h,0C5h
    358	05FB  C4 C8 88 53 C8 85			     db	     0C4h,0C8h,	88h, 53h,0C8h, 85h
    359	0601  43 D5 84 DD DF 53			     db	      43h,0D5h,	84h,0DDh,0DFh, 53h
    360	0607  C5 4A 88 43 C8 86			     db	     0C5h, 4Ah,	88h, 43h,0C8h, 86h
    361	060D  43 C9 C4 05 0F C4			     db	      43h,0C9h,0C4h, 05h, 0Fh,0C4h
    362	0613  C9 C4 43 CA 87 C4			     db	     0C9h,0C4h,	43h,0CAh, 87h,0C4h
    363	0619  C6 43 85 43 DA 84			     db	     0C6h, 43h,	85h, 43h,0DAh, 84h
    364	061F  DD DF 53 CA 8A 43			     db	     0DDh,0DFh,	53h,0CAh, 8Ah, 43h
    365	0625  CA 86 63 05 10 43			     db	     0CAh, 86h,	63h, 05h, 10h, 43h
    366	062B  D5 C4 CA 88 53 CA			     db	     0D5h,0C4h,0CAh, 88h, 53h,0CAh
    367	0631  85 C4 CA 85 DD DF			     db	      85h,0C4h,0CAh, 85h,0DDh,0DFh
    368	0637  53 D5 8A CA DA 87			     db	      53h,0D5h,	8Ah,0CAh,0DAh, 87h
    369	063D  63 05 11 C4 C5 C4			     db	      63h, 05h,	11h,0C4h,0C5h,0C4h
    370	0643  C5 4A 87 43 CA CC			     db	     0C5h, 4Ah,	87h, 43h,0CAh,0CCh
    371	0649  85 C4 87 C6 C9 C4			     db	      85h,0C4h,	87h,0C6h,0C9h,0C4h
    372	064F  CA D5 91 DD DE DF			     db	     0CAh,0D5h,	91h,0DDh,0DEh,0DFh
    373	0655  C4 C5 4A 85 43 C5			     db	     0C4h,0C5h,	4Ah, 85h, 43h,0C5h
    374	065B  43 88 43 DA 86 C4			     db	      43h, 88h,	43h,0DAh, 86h,0C4h
    375	0661  87 53 D5 DA 91 DD			     db	      87h, 53h,0D5h,0DAh, 91h,0DDh
    376	0667  DE DF C5 43 86 53			     db	     0DEh,0DFh,0C5h, 43h, 86h, 53h
    377	066D  4A 88 53 CA 85 C6			     db	      4Ah, 88h,	53h,0CAh, 85h,0C6h
    378	0673  87 53 D5 92 DD DE			     db	      87h, 53h,0D5h, 92h,0DDh,0DEh
Turbo Assembler	 Version 2.01	     03/22/26 12:38:42	    Page 8
326NPCIT.asm



    379	0679  DF 43 CB 86 C9 43			     db	     0DFh, 43h,0CBh, 86h,0C9h, 43h
    380	067F  C4 CA 88 C4 C6 C4			     db	     0C4h,0CAh,	88h,0C4h,0C6h,0C4h
    381	0685  8E 53 C8 92 DD DE			     db	      8Eh, 53h,0C8h, 92h,0DDh,0DEh
    382	068B  DF 43 CA 86 C4 C9			     db	     0DFh, 43h,0CAh, 86h,0C4h,0C9h
    383	0691  C4 D5 89 43 CA 51			     db	     0C4h,0D5h,	89h, 43h,0CAh, 51h
    384	0697  50 C2 40 C2 50 81			     db	      50h,0C2h,	40h,0C2h, 50h, 81h
    385	069D  C4 C6 C4 CA 92 DD			     db	     0C4h,0C6h,0C4h,0CAh, 92h,0DDh
    386	06A3  DE DF 43 87 43 D5			     db	     0DEh,0DFh,	43h, 87h, 43h,0D5h
    387	06A9  D5 89 C9 C4 8F 53			     db	     0D5h, 89h,0C9h,0C4h, 8Fh, 53h
    388	06AF  DA 94 48 C4 87 43			     db	     0DAh, 94h,	48h,0C4h, 87h, 43h
    389	06B5  CA D5 89 43 8F C9			     db	     0CAh,0D5h,	89h, 43h, 8Fh,0C9h
    390	06BB  43 95 43 CA 87 C4			     db	      43h, 95h,	43h,0CAh, 87h,0C4h
    391	06C1  01 15 D5 89 C4 DA			     db	      01h, 15h,0D5h, 89h,0C4h,0DAh
    392	06C7  8F 53 95 C4 CA 88			     db	      8Fh, 53h,	95h,0C4h,0CAh, 88h
    393	06CD  C4 01 15 D5 89 E0			     db	     0C4h, 01h,	15h,0D5h, 89h,0E0h
    394	06D3  90 C4 C6 CA 95 C4			     db	      90h,0C4h,0C6h,0CAh, 95h,0C4h
    395	06D9  89 C4 C8 D5 D5 89			     db	      89h,0C4h,0C8h,0D5h,0D5h, 89h
    396	06DF  C4 90 43 8D C3 88			     db	     0C4h, 90h,	43h, 8Dh,0C3h, 88h
    397	06E5  CA 89 43 C8 CA 89			     db	     0CAh, 89h,	43h,0C8h,0CAh, 89h
    398	06EB  E0 90 43 41 50 C2			     db	     0E0h, 90h,	43h, 41h, 50h,0C2h
    399	06F1  C1 C2 60 81 C4 C8			     db	     0C1h,0C2h,	60h, 81h,0C4h,0C8h
    400	06F7  91 C6 43 D5 89 C4			     db	      91h,0C6h,	43h,0D5h, 89h,0C4h
    401	06FD  90 C4 CA 8D 43 51			     db	      90h,0C4h,0CAh, 8Dh, 43h, 51h
    402	0703  50 C2 60 41 50 81			     db	      50h,0C2h,	60h, 41h, 50h, 81h
    403	0709  53 CA 89 E0 89 C3			     db	      53h,0CAh,	89h,0E0h, 89h,0C3h
    404	070F  86 C4 85 C8 88 43			     db	      86h,0C4h,	85h,0C8h, 88h, 43h
    405	0715  C8 90 53 D5 89 C4			     db	     0C8h, 90h,	53h,0D5h, 89h,0C4h
    406	071B  CA 88 C4 86 CA 84			     db	     0CAh, 88h,0C4h, 86h,0CAh, 84h
    407	0721  C3 C4 88 C4 C6 C4			     db	     0C3h,0C4h,	88h,0C4h,0C6h,0C4h
    408	0727  90 43 CA D5 89 C4			     db	      90h, 43h,0CAh,0D5h, 89h,0C4h
    409	072D  D4 88 C4 8B 43 C8			     db	     0D4h, 88h,0C4h, 8Bh, 43h,0C8h
    410	0733  87 53 90 CA C4 D5			     db	      87h, 53h,	90h,0CAh,0C4h,0D5h
    411	0739  D5 D4 88 C4 CA CB			     db	     0D5h,0D4h,	88h,0C4h,0CAh,0CBh
    412	073F  87 C4 51 60 C2 40			     db	      87h,0C4h,	51h, 60h,0C2h, 40h
    413	0745  81 43 CA 87 53 90			     db	      81h, 43h,0CAh, 87h, 53h, 90h
    414	074B  C6 C4 C9 C4 D5 88			     db	     0C6h,0C4h,0C9h,0C4h,0D5h, 88h
    415	0751  43 CA 87 C4 C8 8A			     db	      43h,0CAh,	87h,0C4h,0C8h, 8Ah
    416	0757  C4 CA 88 C9 43 C8			     db	     0C4h,0CAh,	88h,0C9h, 43h,0C8h
    417	075D  8F 53 C4 C8 C5 CB			     db	      8Fh, 53h,0C4h,0C8h,0C5h,0CBh
    418	0763  86 C4 44 CB 86 43			     db	      86h,0C4h,	44h,0CBh, 86h, 43h
    419	0769  8A C4 D5 D4 87 53			     db	      8Ah,0C4h,0D5h,0D4h, 87h, 53h
    420	076F  CA 8F 53 43 88 53			     db	     0CAh, 8Fh,	53h, 43h, 88h, 53h
    421	0775  87 43 8A C4 C8 D5			     db	      87h, 43h,	8Ah,0C4h,0C8h,0D5h
    422	077B  87 43 CA 90 43 C6			     db	      87h, 43h,0CAh, 90h, 43h,0C6h
    423	0781  43 88 C9 43 C8 86			     db	      43h, 88h,0C9h, 43h,0C8h, 86h
    424	0787  43 C8 89 43 C8 87			     db	      43h,0C8h,	89h, 43h,0C8h, 87h
    425	078D  43 D5 90 53 01 15			     db	      43h,0D5h,	90h, 53h, 01h, 15h
    426	0793  88 43 C6 C4 86 C4			     db	      88h, 43h,0C6h,0C4h, 86h,0C4h
    427	0799  C9 C4 89 C4 C6 C4			     db	     0C9h,0C4h,	89h,0C4h,0C6h,0C4h
    428	079F  CA 86 C4 C9 D5 90			     db	     0CAh, 86h,0C4h,0C9h,0D5h, 90h
    429	07A5  53 01 15 88 43 CA			     db	      53h, 01h,	15h, 88h, 43h,0CAh
    430	07AB  87 53 CA 88 C6 C4			     db	      87h, 53h,0CAh, 88h,0C6h,0C4h
    431	07B1  CA 87 43 C8 90 43			     db	     0CAh, 87h,	43h,0C8h, 90h, 43h
    432	07B7  D5 01 15 88 C4 CA			     db	     0D5h, 01h,	15h, 88h,0C4h,0CAh
Turbo Assembler	 Version 2.01	     03/22/26 12:38:42	    Page 9
326NPCIT.asm



    433	07BD  88 53 89 43 C9 87			     db	      88h, 53h,	89h, 43h,0C9h, 87h
    434	07C3  53 C8 4A 8D 53 43			     db	      53h,0C8h,	4Ah, 8Dh, 53h, 43h
    435	07C9  C8 87 C4 D5 88 43			     db	     0C8h, 87h,0C4h,0D5h, 88h, 43h
    436	07CF  CA 89 53 87 63 8F			     db	     0CAh, 89h,	53h, 87h, 63h, 8Fh
    437	07D5  53 C4 CA 88 C4 C8			     db	      53h,0C4h,0CAh, 88h,0C4h,0C8h
    438	07DB  88 C4 C6 C5 CB 88			     db	      88h,0C4h,0C6h,0C5h,0CBh, 88h
    439	07E1  43 44 4A 84 53 CA			     db	      43h, 44h,	4Ah, 84h, 53h,0CAh
    440	07E7  8F 43 C9 C4 D5 88			     db	      8Fh, 43h,0C9h,0C4h,0D5h, 88h
    441	07ED  53 CA 86 C9 C4 C8			     db	      53h,0CAh,	86h,0C9h,0C4h,0C8h
    442	07F3  89 53 C8 86 53 90			     db	      89h, 53h,0C8h, 86h, 53h, 90h
    443	07F9  C6 43 C4 D5 88 C4			     db	     0C6h, 43h,0C4h,0D5h, 88h,0C4h
    444	07FF  C6 C4 87 43 CA 89			     db	     0C6h,0C4h,	87h, 43h,0CAh, 89h
    445	0805  C4 C6 C4 CA 86 C6			     db	     0C4h,0C6h,0C4h,0CAh, 86h,0C6h
    446	080B  43 90 C9 43 CA D5			     db	      43h, 90h,0C9h, 43h,0CAh,0D5h
    447	0811  88 C9 C4 CA 87 C4			     db	      88h,0C9h,0C4h,0CAh, 87h,0C4h
    448	0817  CA D5 CC 88 43 D5			     db	     0CAh,0D5h,0CCh, 88h, 43h,0D5h
    449	081D  87 43 44 4A 8D 53			     db	      87h, 43h,	44h, 4Ah, 8Dh, 53h
    450	0823  01 15 CC 87 43 88			     db	      01h, 15h,0CCh, 87h, 43h, 88h
    451	0829  C4 01 15 89 43 C8			     db	     0C4h, 01h,	15h, 89h, 43h,0C8h
    452	082F  87 53 90 43 D5 D5			     db	      87h, 53h,	90h, 43h,0D5h,0D5h
    453	0835  CB 88 C4 CA 88 43			     db	     0CBh, 88h,0C4h,0CAh, 88h, 43h
    454	083B  C8 89 C4 C9 C5 C8			     db	     0C8h, 89h,0C4h,0C9h,0C5h,0C8h
    455	0841  CB 85 43 D5 90 43			     db	     0CBh, 85h,	43h,0D5h, 90h, 43h
    456	0847  C8 01 15 88 C4 89			     db	     0C8h, 01h,	15h, 88h,0C4h, 89h
    457	084D  C9 43 CA 88 53 CA			     db	     0C9h, 43h,0CAh, 88h, 53h,0CAh
    458	0853  86 43 D5 90 53 C8			     db	      86h, 43h,0D5h, 90h, 53h,0C8h
    459	0859  D5 88 CA 89 43 CA			     db	     0D5h, 88h,0CAh, 89h, 43h,0CAh
    460	085F  89 53 87 C4 01 15			     db	      89h, 53h,	87h,0C4h, 01h, 15h
    461	0865  D4 8F C4 C6 C4 44			     db	     0D4h, 8Fh,0C4h,0C6h,0C4h, 44h
    462	086B  4A 90 C4 C5 4A 88			     db	      4Ah, 90h,0C4h,0C5h, 4Ah, 88h
    463	0871  C9 C4 CA 87 C4 02			     db	     0C9h,0C4h,0CAh, 87h,0C4h, 02h
    464	0877  15 8F 53 CA C9 C5			     db	      15h, 8Fh,	53h,0CAh,0C9h,0C5h
    465	087D  61 40 C2 07 01 82			     db	      61h, 40h,0C2h, 07h, 01h, 82h
    466	0883  C4 CA D5 89 43 D5			     db	     0C4h,0CAh,0D5h, 89h, 43h,0D5h
    467	0889  87 C6 02 15 8F 53			     db	      87h,0C6h,	02h, 15h, 8Fh, 53h
    468	088F  01 15 92 C4 01 15			     db	      01h, 15h,	92h,0C4h, 01h, 15h
    469	0895  89 43 D5 87 03 15			     db	      89h, 43h,0D5h, 87h, 03h, 15h
    470	089B  8F C4 CA D5 01 15			     db	      8Fh,0C4h,0CAh,0D5h, 01h, 15h
    471	08A1  92 C4 01 15 89 C4			     db	      92h,0C4h,	01h, 15h, 89h,0C4h
    472	08A7  CA D5 87 03 15 8F			     db	     0CAh,0D5h,	87h, 03h, 15h, 8Fh
    473	08AD  C4 01 15 01 15 CC			     db	     0C4h, 01h,	15h, 01h, 15h,0CCh
    474	08B3  91 CA 01 15 CC 88			     db	      91h,0CAh,	01h, 15h,0CCh, 88h
    475	08B9  C4 01 15 87 03 15			     db	     0C4h, 01h,	15h, 87h, 03h, 15h
    476	08BF  8F CA 01 15 01 15			     db	      8Fh,0CAh,	01h, 15h, 01h, 15h
    477	08C5  CC 91 02 15 89 CA			     db	     0CCh, 91h,	02h, 15h, 89h,0CAh
    478	08CB  01 15 87 03 15 8F			     db	      01h, 15h,	87h, 03h, 15h, 8Fh
    479	08D1  02 15 01 15 92 02			     db	      02h, 15h,	01h, 15h, 92h, 02h
    480	08D7  15 89 02 15 87 03			     db	      15h, 89h,	02h, 15h, 87h, 03h
    481	08DD  15 8F 02 15 01 15			     db	      15h, 8Fh,	02h, 15h, 01h, 15h
    482	08E3  CC 91 D6 01 15 89			     db	     0CCh, 91h,0D6h, 01h, 15h, 89h
    483	08E9  D6 01 15 87 D6 02			     db	     0D6h, 01h,	15h, 87h,0D6h, 02h
    484	08EF  15 8F D6 01 15 13			     db	      15h, 8Fh,0D6h, 01h, 15h, 13h
    485	08F5  0D D7 08 0D 82 D7			     db	      0Dh,0D7h,	08h, 0Dh, 82h,0D7h
    486	08FB  08 0D D7 11 0D D7			     db	      08h, 0Dh,0D7h, 11h, 0Dh,0D7h
Turbo Assembler	 Version 2.01	     03/22/26 12:38:42	    Page 10
326NPCIT.asm



    487	0901  4C 1D 0E 82 1F 0E			     db	      4Ch, 1Dh,	0Eh, 82h, 1Fh, 0Eh
    488	0907  1E 0F D2 D3 1E 0F			     db	      1Eh, 0Fh,0D2h,0D3h, 1Eh, 0Fh
    489	090D  2D 0F D2 D3 0F 0F			     db	      2Dh, 0Fh,0D2h,0D3h, 0Fh, 0Fh
    490	0913  08 0F D2 D3 10 0F			     db	      08h, 0Fh,0D2h,0D3h, 10h, 0Fh
    491	0919  D2 D3 21 0F 3F 10			     db	     0D2h,0D3h,	21h, 0Fh, 3Fh, 10h
    492	091F  10 11 D8 0C 11 D8			     db	      10h, 11h,0D8h, 0Ch, 11h,0D8h
    493	0925  0E 11 D8 09 11 D8			     db	      0Eh, 11h,0D8h, 09h, 11h,0D8h
    494	092B  04 11 91 D9 02 15			     db	      04h, 11h,	91h,0D9h, 02h, 15h
    495	0931  8A D9 02 15 8C D9			     db	      8Ah,0D9h,	02h, 15h, 8Ch,0D9h
    496	0937  02 15 87 D9 02 15			     db	      02h, 15h,	87h,0D9h, 02h, 15h
    497	093D  82 91 03 15 8A 03			     db	      82h, 91h,	03h, 15h, 8Ah, 03h
    498	0943  15 8C 03 15 87 03			     db	      15h, 8Ch,	03h, 15h, 87h, 03h
    499	0949  15 CC 81 91 03 15			     db	      15h,0CCh,	81h, 91h, 03h, 15h
    500	094F  8A 03 15 8C 03 15			     db	      8Ah, 03h,	15h, 8Ch, 03h, 15h
    501	0955  87 03 15 82 91 C3			     db	      87h, 03h,	15h, 82h, 91h,0C3h
    502	095B  02 15 8A 03 15 8C			     db	      02h, 15h,	8Ah, 03h, 15h, 8Ch
    503	0961  03 15 87 03 15 82			     db	      03h, 15h,	87h, 03h, 15h, 82h
    504	0967  91 C4 02 15 8A 03			     db	      91h,0C4h,	02h, 15h, 8Ah, 03h
    505	096D  15 8C C3 02 15 87			     db	      15h, 8Ch,0C3h, 02h, 15h, 87h
    506	0973  C3 02 15 CC 81 91			     db	     0C3h, 02h,	15h,0CCh, 81h, 91h
    507	0979  C4 C8 01 15 8A C3			     db	     0C4h,0C8h,	01h, 15h, 8Ah,0C3h
    508	097F  02 15 8C C4 02 15			     db	      02h, 15h,	8Ch,0C4h, 02h, 15h
    509	0985  87 C4 02 15 82 91			     db	      87h,0C4h,	02h, 15h, 82h, 91h
    510	098B  43 01 15 8A C4 02			     db	      43h, 01h,	15h, 8Ah,0C4h, 02h
    511	0991  15 8C C4 02 15 87			     db	      15h, 8Ch,0C4h, 02h, 15h, 87h
    512	0997  C4 02 15 82 91 43			     db	     0C4h, 02h,	15h, 82h, 91h, 43h
    513	099D  01 15 8A C4 C5 5A			     db	      01h, 15h,	8Ah,0C4h,0C5h, 5Ah
    514	09A3  8B C4 01 15 DA 87			     db	      8Bh,0C4h,	01h, 15h,0DAh, 87h
    515	09A9  C4 C8 01 15 82 8C			     db	     0C4h,0C8h,	01h, 15h, 82h, 8Ch
    516	09AF  E2 84 43 C8 D5 8A			     db	     0E2h, 84h,	43h,0C8h,0D5h, 8Ah
    517	09B5  43 D5 8D C4 C8 D5			     db	      43h,0D5h,	8Dh,0C4h,0C8h,0D5h
    518	09BB  88 43 C8 D5 82 8C			     db	      88h, 43h,0C8h,0D5h, 82h, 8Ch
    519	09C1  E3 84 C4 C9 C4 DA			     db	     0E3h, 84h,0C4h,0C9h,0C4h,0DAh
    520	09C7  8A 43 D5 8D C9 C4			     db	      8Ah, 43h,0D5h, 8Dh,0C9h,0C4h
    521	09CD  C8 88 53 D5 82 8C			     db	     0C8h, 88h,	53h,0D5h, 82h, 8Ch
    522	09D3  E4 84 53 8B C4 C9			     db	     0E4h, 84h,	53h, 8Bh,0C4h,0C9h
    523	09D9  D5 8D 53 C8 87 53			     db	     0D5h, 8Dh,	53h,0C8h, 87h, 53h
    524	09DF  D5 82 8C E5 84 C9			     db	     0D5h, 82h,	8Ch,0E5h, 84h,0C9h
    525	09E5  43 C8 8A 53 D4 8C			     db	      43h,0C8h,	8Ah, 53h,0D4h, 8Ch
    526	09EB  63 C8 86 53 C8 82			     db	      63h,0C8h,	86h, 53h,0C8h, 82h
    527	09F1  8C E6 84 53 CA 8A			     db	      8Ch,0E6h,	84h, 53h,0CAh, 8Ah
    528	09F7  43 CA D5 8C 43 C9			     db	      43h,0CAh,0D5h, 8Ch, 43h,0C9h
    529	09FD  CA 87 C4 C6 43 82			     db	     0CAh, 87h,0C4h,0C6h, 43h, 82h
    530	0A03  91 C4 CA D5 8B C9			     db	      91h,0C4h,0CAh,0D5h, 8Bh,0C9h
    531	0A09  43 D5 8C C4 C9 CA			     db	      43h,0D5h,	8Ch,0C4h,0C9h,0CAh
    532	0A0F  88 63 82 CB 90 C4			     db	      88h, 63h,	82h,0CBh, 90h,0C4h
    533	0A15  01 15 8B 53 D5 8C			     db	      01h, 15h,	8Bh, 53h,0D5h, 8Ch
    534	0A1B  43 D5 88 53 44 CB			     db	      43h,0D5h,	88h, 53h, 44h,0CBh
    535	0A21  91 43 C8 8B C4 C9			     db	      91h, 43h,0C8h, 8Bh,0C4h,0C9h
    536	0A27  43 CA 8B 53 CA 87			     db	      43h,0CAh,	8Bh, 53h,0CAh, 87h
    537	0A2D  73 81 91 53 8B 53			     db	      73h, 81h,	91h, 53h, 8Bh, 53h
    538	0A33  CA 8C 43 CA 88 C6			     db	     0CAh, 8Ch,	43h,0CAh, 88h,0C6h
    539	0A39  53 CA 81 91 C4 C6			     db	      53h,0CAh,	81h, 91h,0C4h,0C6h
    540	0A3F  C4 C8 8A 53 D5 8C			     db	     0C4h,0C8h,	8Ah, 53h,0D5h, 8Ch
Turbo Assembler	 Version 2.01	     03/22/26 12:38:42	    Page 11
326NPCIT.asm



    541	0A45  C4 CA D6 88 53 CA			     db	     0C4h,0CAh,0D6h, 88h, 53h,0CAh
    542	0A4B  82 91 C9 53 CA 89			     db	      82h, 91h,0C9h, 53h,0CAh, 89h
    543	0A51  53 D5 8C C4 01 15			     db	      53h,0D5h,	8Ch,0C4h, 01h, 15h
    544	0A57  88 53 D5 82 91 43			     db	      88h, 53h,0D5h, 82h, 91h, 43h
    545	0A5D  C9 CA 8A 53 C8 8C			     db	     0C9h,0CAh,	8Ah, 53h,0C8h, 8Ch
    546	0A63  C9 C8 D5 88 53 C8			     db	     0C9h,0C8h,0D5h, 88h, 53h,0C8h
    547	0A69  82 91 43 44 4A 88			     db	      82h, 91h,	43h, 44h, 4Ah, 88h
    548	0A6F  63 C8 8B 53 C8 87			     db	      63h,0C8h,	8Bh, 53h,0C8h, 87h
    549	0A75  43 C6 C4 82 91 C4			     db	      43h,0C6h,0C4h, 82h, 91h,0C4h
    550	0A7B  C9 C4 8B C6 53 49			     db	     0C9h,0C4h,	8Bh,0C6h, 53h, 49h
    551	0A81  8A C4 C6 C4 CA 87			     db	      8Ah,0C4h,0C6h,0C4h,0CAh, 87h
    552	0A87  63 CA 81 91 43 CA			     db	      63h,0CAh,	81h, 91h, 43h,0CAh
    553	0A8D  8B 53 CA 8C 43 CA			     db	      8Bh, 53h,0CAh, 8Ch, 43h,0CAh
    554	0A93  88 53 CA 82 91 43			     db	      88h, 53h,0CAh, 82h, 91h, 43h
    555	0A99  D5 8B 43 CA D5 8C			     db	     0D5h, 8Bh,	43h,0CAh,0D5h, 8Ch
    556	0A9F  43 D5 88 43 CA D5			     db	      43h,0D5h,	88h, 43h,0CAh,0D5h
    557	0AA5  82 91 43 D5 8B 43			     db	      82h, 91h,	43h,0D5h, 8Bh, 43h
    558	0AAB  01 15 8C 43 C8 88			     db	      01h, 15h,	8Ch, 43h,0C8h, 88h
    559	0AB1  43 01 15 82 91 C6			     db	      43h, 01h,	15h, 82h, 91h,0C6h
    560	0AB7  C4 D5 8B 43 C8 D5			     db	     0C4h,0D5h,	8Bh, 43h,0C8h,0D5h
    561	0ABD  8C C4 C9 43 C8 86			     db	      8Ch,0C4h,0C9h, 43h,0C8h, 86h
    562	0AC3  63 82 88 C3 88 43			     db	      63h, 82h,	88h,0C3h, 88h, 43h
    563	0AC9  DA 8B 53 D5 8C 53			     db	     0DAh, 8Bh,	53h,0D5h, 8Ch, 53h
    564	0ACF  5A 85 73 81 88 C4			     db	      5Ah, 85h,	73h, 81h, 88h,0C4h
    565	0AD5  88 C4 C5 4A 8A 53			     db	      88h,0C4h,0C5h, 4Ah, 8Ah, 53h
    566	0ADB  C8 8C DC C5 43 CA			     db	     0C8h, 8Ch,0DCh,0C5h, 43h,0CAh
    567	0AE1  86 C6 C4 C6 C4 C9			     db	      86h,0C6h,0C4h,0C6h,0C4h,0C9h
    568	0AE7  CA 88 C4 88 C4 C9			     db	     0CAh, 88h,0C4h, 88h,0C4h,0C9h
    569	0AED  C4 8B 63 CA 8C DC			     db	     0C4h, 8Bh,	63h,0CAh, 8Ch,0DCh
    570	0AF3  C5 C4 CB 86 53 CA			     db	     0C5h,0C4h,0CBh, 86h, 53h,0CAh
    571	0AF9  82 88 C4 C8 87 43			     db	      82h, 88h,0C4h,0C8h, 87h, 43h
    572	0AFF  CA 8B C4 C6 43 8F			     db	     0CAh, 8Bh,0C4h,0C6h, 43h, 8Fh
    573	0B05  C4 C8 86 43 CA D5			     db	     0C4h,0C8h,	86h, 43h,0CAh,0D5h
    574	0B0B  82 88 C9 C4 C8 86			     db	      82h, 88h,0C9h,0C4h,0C8h, 86h
    575	0B11  C9 C4 85 C8 86 63			     db	     0C9h,0C4h,	85h,0C8h, 86h, 63h
    576	0B17  8F 43 86 43 01 15			     db	      8Fh, 43h,	86h, 43h, 01h, 15h
    577	0B1D  82 88 43 CA 86 43			     db	      82h, 88h,	43h,0CAh, 86h, 43h
    578	0B23  85 C4 86 53 CA 8F			     db	      85h,0C4h,	86h, 53h,0CAh, 8Fh
    579	0B29  C4 C9 CC 85 43 01			     db	     0C4h,0C9h,0CCh, 85h, 43h, 01h
    580	0B2F  15 82 88 C4 C5 4A			     db	      15h, 82h,	88h,0C4h,0C5h, 4Ah
    581	0B35  85 C4 CA 85 C4 C8			     db	      85h,0C4h,0CAh, 85h,0C4h,0C8h
    582	0B3B  85 43 CA D5 8F 43			     db	      85h, 43h,0CAh,0D5h, 8Fh, 43h
    583	0B41  86 53 C8 82 88 43			     db	      86h, 53h,0C8h, 82h, 88h, 43h
    584	0B47  C8 86 C4 86 C4 CA			     db	     0C8h, 86h,0C4h, 86h,0C4h,0CAh
    585	0B4D  85 C9 C4 01 15 84			     db	      85h,0C9h,0C4h, 01h, 15h, 84h
    586	0B53  C3 8A C4 CA 86 63			     db	     0C3h, 8Ah,0C4h,0CAh, 86h, 63h
    587	0B59  C8 81 88 53 C8 85			     db	     0C8h, 81h,	88h, 53h,0C8h, 85h
    588	0B5F  C4 86 C4 D4 85 43			     db	     0C4h, 86h,0C4h,0D4h, 85h, 43h
    589	0B65  CA D5 84 C4 8A CA			     db	     0CAh,0D5h,	84h,0C4h, 8Ah,0CAh
    590	0B6B  87 43 C9 C4 CA 81			     db	      87h, 43h,0C9h,0C4h,0CAh, 81h
    591	0B71  88 C4 C6 43 C8 84			     db	      88h,0C4h,0C6h, 43h,0C8h, 84h
    592	0B77  CA 86 C4 C8 85 43			     db	     0CAh, 86h,0C4h,0C8h, 85h, 43h
    593	0B7D  01 15 CC 83 C4 C8			     db	      01h, 15h,0CCh, 83h,0C4h,0C8h
    594	0B83  91 63 82 88 63 8C			     db	      91h, 63h,	82h, 88h, 63h, 8Ch
Turbo Assembler	 Version 2.01	     03/22/26 12:38:42	    Page 12
326NPCIT.asm



    595	0B89  43 85 43 01 15 84			     db	      43h, 85h,	43h, 01h, 15h, 84h
    596	0B8F  43 41 60 C2 C1 41			     db	      43h, 41h,	60h,0C2h,0C1h, 41h
    597	0B95  40 C2 50 81 63 82			     db	      40h,0C2h,	50h, 81h, 63h, 82h
    598	0B9B  88 63 8C 43 85 43			     db	      88h, 63h,	8Ch, 43h, 85h, 43h
    599	0BA1  C8 D5 84 43 91 C6			     db	     0C8h,0D5h,	84h, 43h, 91h,0C6h
    600	0BA7  43 CA 82 88 C6 43			     db	      43h,0CAh,	82h, 88h,0C6h, 43h
    601	0BAD  8D 43 D4 84 53 D5			     db	      8Dh, 43h,0D4h, 84h, 53h,0D5h
    602	0BB3  CC 83 43 C8 88 C3			     db	     0CCh, 83h,	43h,0C8h, 88h,0C3h
    603	0BB9  C8 86 53 D5 82 88			     db	     0C8h, 86h,	53h,0D5h, 82h, 88h
    604	0BBF  43 D5 8D C4 C9 D5			     db	      43h,0D5h,	8Dh,0C4h,0C9h,0D5h
    605	0BC5  84 43 CA D5 84 53			     db	      84h, 43h,0CAh,0D5h, 84h, 53h
    606	0BCB  88 43 86 53 D5 82			     db	      88h, 43h,	86h, 53h,0D5h, 82h
    607	0BD1  88 53 C8 8C 43 D5			     db	      88h, 53h,0C8h, 8Ch, 43h,0D5h
    608	0BD7  84 43 01 15 84 C3			     db	      84h, 43h,	01h, 15h, 84h,0C3h
    609	0BDD  C4 CA 88 53 C8 84			     db	     0C4h,0CAh,	88h, 53h,0C8h, 84h
    610	0BE3  53 DA 82 88 63 C8			     db	      53h,0DAh,	82h, 88h, 63h,0C8h
    611	0BE9  8B 43 C8 84 43 01			     db	      8Bh, 43h,0C8h, 84h, 43h, 01h
    612	0BEF  15 84 43 D4 88 C4			     db	      15h, 84h,	43h,0D4h, 88h,0C4h
    613	0BF5  C6 C4 CA 84 53 83			     db	     0C6h,0C4h,0CAh, 84h, 53h, 83h
    614	0BFB  88 43 C6 C5 CB 8B			     db	      88h, 43h,0C6h,0C5h,0CBh, 8Bh
    615	0C01  53 84 43 C8 D5 84			     db	      53h, 84h,	43h,0C8h,0D5h, 84h
    616	0C07  43 D5 88 C9 43 84			     db	      43h,0D5h,	88h,0C9h, 43h, 84h
    617	0C0D  C3 43 C5 CB 82 88			     db	     0C3h, 43h,0C5h,0CBh, 82h, 88h
    618	0C13  63 CA 8B C9 C4 C9			     db	      63h,0CAh,	8Bh,0C9h,0C4h,0C9h
    619	0C19  84 43 CA D5 84 C4			     db	      84h, 43h,0CAh,0D5h, 84h,0C4h
    620	0C1F  C6 D5 88 53 C5 CC			     db	     0C6h,0D5h,	88h, 53h,0C5h,0CCh
    621	0C25  81 C3 43 C5 C8 83			     db	      81h,0C3h,	43h,0C5h,0C8h, 83h
    622	0C2B  88 C9 C4 CA D4 8C			     db	      88h,0C9h,0C4h,0CAh,0D4h, 8Ch
    623	0C31  53 84 43 D5 DA 84			     db	      53h, 84h,	43h,0D5h,0DAh, 84h
    624	0C37  43 C8 88 53 C9 C8			     db	      43h,0C8h,	88h, 53h,0C9h,0C8h
    625	0C3D  CB C4 C9 43 49 82			     db	     0CBh,0C4h,0C9h, 43h, 49h, 82h
    626	0C43  88 C4 02 15 8C 53			     db	      88h,0C4h,	02h, 15h, 8Ch, 53h
    627	0C49  84 43 CA 85 43 C5			     db	      84h, 43h,0CAh, 85h, 43h,0C5h
    628	0C4F  CB 87 63 CA C6 CA			     db	     0CBh, 87h,	63h,0CAh,0C6h,0CAh
    629	0C55  C4 C5 4A 83 88 C4			     db	     0C4h,0C5h,	4Ah, 83h, 88h,0C4h
    630	0C5B  C8 01 15 8C 43 C5			     db	     0C8h, 01h,	15h, 8Ch, 43h,0C5h
    631	0C61  CB 83 44 4A 84 C9			     db	     0CBh, 83h,	44h, 4Ah, 84h,0C9h
    632	0C67  43 CA 87 43 44 5A			     db	      43h,0CAh,	87h, 43h, 44h, 5Ah
    633	0C6D  43 CA 84 88 73 8B			     db	      43h,0CAh,	84h, 88h, 73h, 8Bh
    634	0C73  C4 C9 CA 84 DC C5			     db	     0C4h,0C9h,0CAh, 84h,0DCh,0C5h
    635	0C79  C8 85 53 88 63 CA			     db	     0C8h, 85h,	53h, 88h, 63h,0CAh
    636	0C7F  82 CA C5 CB 84 88			     db	      82h,0CAh,0C5h,0CBh, 84h, 88h
    637	0C85  63 CA 8B 43 D5 85			     db	      63h,0CAh,	8Bh, 43h,0D5h, 85h
    638	0C8B  43 85 43 D5 88 43			     db	      43h, 85h,	43h,0D5h, 88h, 43h
    639	0C91  44 4A 82 CA 85 88			     db	      44h, 4Ah,	82h,0CAh, 85h, 88h
    640	0C97  43 C9 C5 4A 8A 43			     db	      43h,0C9h,0C5h, 4Ah, 8Ah, 43h
    641	0C9D  D5 85 43 85 43 C8			     db	     0D5h, 85h,	43h, 85h, 43h,0C8h
    642	0CA3  88 43 49 8A 88 C9			     db	      88h, 43h,	49h, 8Ah, 88h,0C9h
    643	0CA9  43 CA 8C 43 C8 85			     db	      43h,0CAh,	8Ch, 43h,0C8h, 85h
    644	0CAF  CA C4 85 C4 C6 C4			     db	     0CAh,0C4h,	85h,0C4h,0C6h,0C4h
    645	0CB5  CA 87 C4 C5 CB 8B			     db	     0CAh, 87h,0C4h,0C5h,0CBh, 8Bh
    646	0CBB  88 C4 C6 C4 D5 8C			     db	      88h,0C4h,0C6h,0C4h,0D5h, 8Ch
    647	0CC1  53 86 C4 85 43 D5			     db	      53h, 86h,0C4h, 85h, 43h,0D5h
    648	0CC7  88 43 CA 8B 88 43			     db	      88h, 43h,0CAh, 8Bh, 88h, 43h
Turbo Assembler	 Version 2.01	     03/22/26 12:38:42	    Page 13
326NPCIT.asm



    649	0CCD  CA D5 8C C9 C4 CA			     db	     0CAh,0D5h,	8Ch,0C9h,0C4h,0CAh
    650	0CD3  86 CA 85 43 C8 88			     db	      86h,0CAh,	85h, 43h,0C8h, 88h
    651	0CD9  C4 CA D5 8B 88 43			     db	     0C4h,0CAh,0D5h, 8Bh, 88h, 43h
    652	0CDF  01 15 8C 43 D5 8C			     db	      01h, 15h,	8Ch, 43h,0D5h, 8Ch
    653	0CE5  43 CA 88 C4 01 15			     db	      43h,0CAh,	88h,0C4h, 01h, 15h
    654	0CEB  8B 88 43 01 15 8C			     db	      8Bh, 88h,	43h, 01h, 15h, 8Ch
    655	0CF1  C4 CA D5 41 40 C2			     db	     0C4h,0CAh,0D5h, 41h, 40h,0C2h
    656	0CF7  50 C2 40 81 43 D5			     db	      50h,0C2h,	40h, 81h, 43h,0D5h
    657	0CFD  88 C4 CA D5 8B 88			     db	      88h,0C4h,0CAh,0D5h, 8Bh, 88h
    658	0D03  C4 CA 01 15 8C C4			     db	     0C4h,0CAh,	01h, 15h, 8Ch,0C4h
    659	0D09  01 15 8C C4 CA D5			     db	      01h, 15h,	8Ch,0C4h,0CAh,0D5h
    660	0D0F  88 C4 01 15 CC 8A			     db	      88h,0C4h,	01h, 15h,0CCh, 8Ah
    661	0D15  88 C4 02 15 8C C4			     db	      88h,0C4h,	02h, 15h, 8Ch,0C4h
    662	0D1B  01 15 8C CA 01 15			     db	      01h, 15h,	8Ch,0CAh, 01h, 15h
    663	0D21  88 CA 01 15 8B 88			     db	      88h,0CAh,	01h, 15h, 8Bh, 88h
    664	0D27  C4 02 15 8C CA 01			     db	     0C4h, 02h,	15h, 8Ch,0CAh, 01h
    665	0D2D  15 8C 02 15 88 02			     db	      15h, 8Ch,	02h, 15h, 88h, 02h
    666	0D33  15 8B 88 CA 02 15			     db	      15h, 8Bh,	88h,0CAh, 02h, 15h
    667	0D39  8C 02 15 8C 02 15			     db	      8Ch, 02h,	15h, 8Ch, 02h, 15h
    668	0D3F  88 02 15 CC 8A 88			     db	      88h, 02h,	15h,0CCh, 8Ah, 88h
    669	0D45  03 15 8C 02 15 8C			     db	      03h, 15h,	8Ch, 02h, 15h, 8Ch
    670	0D4B  02 15 88 02 15 CC			     db	      02h, 15h,	88h, 02h, 15h,0CCh
    671	0D51  8A 88 D6 02 15 8C			     db	      8Ah, 88h,0D6h, 02h, 15h, 8Ch
    672	0D57  D6 01 15 8C D6 01			     db	     0D6h, 01h,	15h, 8Ch,0D6h, 01h
    673	0D5D  15 88 D6 01 15 8B			     db	      15h, 88h,0D6h, 01h, 15h, 8Bh
    674	0D63  07 0D D7 0E 0D D7			     db	      07h, 0Dh,0D7h, 0Eh, 0Dh,0D7h
    675	0D69  0D 0D D7 09 0D D7			     db	      0Dh, 0Dh,0D7h, 09h, 0Dh,0D7h
    676	0D6F  0C 0D 3F 0E 3F 0F			     db	      0Ch, 0Dh,	3Fh, 0Eh, 3Fh, 0Fh
    677	0D75  05 00 1A A9 00 31			     db	      05h, 00h,	1Ah,0A9h, 00h, 31h
    678	0D7B  FF FF FF FF 60 40			     db	     0FFh,0FFh,0FFh,0FFh, 60h, 40h
    679	0D81  AA 5D 00 63 00 FF			     db	     0AAh, 5Dh,	00h, 63h, 00h,0FFh
    680	0D87  FF 13 00 31 C1 05			     db	     0FFh, 13h,	00h, 31h,0C1h, 05h
    681	0D8D  13 00 31 00 FF FF			     db	      13h, 00h,	31h, 00h,0FFh,0FFh
    682	0D93  FF 16 00 17 C3 05			     db	     0FFh, 16h,	00h, 17h,0C3h, 05h
    683	0D99  16 00 17 00 FF FF			     db	      16h, 00h,	17h, 00h,0FFh,0FFh
    684	0D9F  FF 2F 00 0E C1 05			     db	     0FFh, 2Fh,	00h, 0Eh,0C1h, 05h
    685	0DA5  2F 00 0E 00 FF FF			     db	      2Fh, 00h,	0Eh, 00h,0FFh,0FFh
    686	0DAB  FF 34 00 25 C2 05			     db	     0FFh, 34h,	00h, 25h,0C2h, 05h
    687	0DB1  34 00 25 00 FF FF			     db	      34h, 00h,	25h, 00h,0FFh,0FFh
    688	0DB7  FF 56 00 2F C4 05			     db	     0FFh, 56h,	00h, 2Fh,0C4h, 05h
    689	0DBD  56 00 2F 00 FF FF			     db	      56h, 00h,	2Fh, 00h,0FFh,0FFh
    690	0DC3  FF 58 00 06 C3 05			     db	     0FFh, 58h,	00h, 06h,0C3h, 05h
    691	0DC9  58 00 06 00 FF FF			     db	      58h, 00h,	06h, 00h,0FFh,0FFh
    692	0DCF  FF 72 00 06 C3 05			     db	     0FFh, 72h,	00h, 06h,0C3h, 05h
    693	0DD5  72 00 06 00 FF FF			     db	      72h, 00h,	06h, 00h,0FFh,0FFh
    694	0DDB  FF 76 00 1C C4 05			     db	     0FFh, 76h,	00h, 1Ch,0C4h, 05h
    695	0DE1  76 00 1C 00 FF FF			     db	      76h, 00h,	1Ch, 00h,0FFh,0FFh
    696	0DE7  FF 95 00 0D 80 03			     db	     0FFh, 95h,	00h, 0Dh, 80h, 03h
    697	0DED  07 00 FF 00 FF FF			     db	      07h, 00h,0FFh, 00h,0FFh,0FFh
    698	0DF3  FF 99 00 2B C2 05			     db	     0FFh, 99h,	00h, 2Bh,0C2h, 05h
    699	0DF9  99 00 2B 00 FF FF			     db	      99h, 00h,	2Bh, 00h,0FFh,0FFh
    700	0DFF  FF AE 00 04 C2 07			     db	     0FFh,0AEh,	00h, 04h,0C2h, 07h
    701	0E05  34 00 15 00 FF FF			     db	      34h, 00h,	15h, 00h,0FFh,0FFh
    702	0E0B  FF BA 00 2E C2 05			     db	     0FFh,0BAh,	00h, 2Eh,0C2h, 05h
Turbo Assembler	 Version 2.01	     03/22/26 12:38:42	    Page 14
326NPCIT.asm



    703	0E11  BA 00 2E 00 FF FF			     db	     0BAh, 00h,	2Eh, 00h,0FFh,0FFh
    704	0E17  FF BC 00 14 01 07			     db	     0FFh,0BCh,	00h, 14h, 01h, 07h
    705	0E1D  11 00 15 00 13 00			     db	      11h, 00h,	15h, 00h, 13h, 00h
    706	0E23  08 C0 00 04 40 09			     db	      08h,0C0h,	00h, 04h, 40h, 09h
    707	0E29  63 00 35 00 13 00			     db	      63h, 00h,	35h, 00h, 13h, 00h
    708	0E2F  01 FF FF 10 00 FF			     db	      01h,0FFh,0FFh, 10h, 00h,0FFh
    709	0E35  13 C0 FF FF FF FF			     db	      13h,0C0h,0FFh,0FFh,0FFh,0FFh
    710	0E3B  12 00 02 A8 CE 00			     db	      12h, 00h,	02h,0A8h,0CEh, 00h
    711	0E41  FF B1 CE FF FF FF			     db	     0FFh,0B1h,0CEh,0FFh,0FFh,0FFh
    712	0E47  FF 12 00 01 F1 CE			     db	     0FFh, 12h,	00h, 01h,0F1h,0CEh
    713	0E4D  00 00 FF FF 13 00			     db	      00h, 00h,0FFh,0FFh, 13h, 00h
    714	0E53  80 F1 CF 00 00 FF			     db	      80h,0F1h,0CFh, 00h, 00h,0FFh
    715	0E59  FF 13 00 40 F8 CF			     db	     0FFh, 13h,	00h, 40h,0F8h,0CFh
    716	0E5F  00 FF 01 D0 FF FF			     db	      00h,0FFh,	01h,0D0h,0FFh,0FFh
    717	0E65  FF FF 13 00 20 C8			     db	     0FFh,0FFh,	13h, 00h, 20h,0C8h
    718	0E6B  D0 00 FF D3 D0 FF			     db	     0D0h, 00h,0FFh,0D3h,0D0h,0FFh
    719	0E71  FF FF FF 13 00 10			     db	     0FFh,0FFh,0FFh, 13h, 00h, 10h
    720	0E77  08 D1 00 FF 13 D1			     db	      08h,0D1h,	00h,0FFh, 13h,0D1h
    721	0E7D  FF FF FF FF 13 00			     db	     0FFh,0FFh,0FFh,0FFh, 13h, 00h
    722	0E83  08 17 CE 81 07 FF			     db	      08h, 17h,0CEh, 81h, 07h,0FFh
    723	0E89  FF 13 00 01 23 CE			     db	     0FFh, 13h,	00h, 01h, 23h,0CEh
    724	0E8F  C0 09 FF FF FF FF			     db	     0C0h, 09h,0FFh,0FFh,0FFh,0FFh
    725	0E95  18 AF 00 0E			     db	      18h,0AFh,	00h, 0Eh
    726	0E99  43 61 76 65 72 6E	20+		     db	     'Cavern of	Riza', 0Dh
    727	      6F 66 20 52 69 7A	61+
    728	      0D
    729	0EA8  00 02 04 04 04 00			     db	      00h, 02h,	04h, 04h, 04h, 00h
    730	0EAE  23 FF 73 00 00 20			     db	      23h,0FFh,	73h, 00h, 00h, 20h
    731	0EB4  00 19 00 12 00 02			     db	      00h, 19h,	00h, 12h, 00h, 02h
    732	0EBA  0F 00 04 00 33 FF			     db	      0Fh, 00h,	04h, 00h, 33h,0FFh
    733	0EC0  03 00 00 00 00 00			     db	      03h, 00h,	00h, 00h, 00h, 00h
    734	0EC6  00 04 00 33 03 00			     db	      00h, 04h,	00h, 33h, 03h, 00h
    735	0ECC  07 00 23 FF 03 00			     db	      07h, 00h,	23h,0FFh, 03h, 00h
    736	0ED2  00 00 00 00 00 07			     db	      00h, 00h,	00h, 00h, 00h, 07h
    737	0ED8  00 23 03 00 0D 00			     db	      00h, 23h,	03h, 00h, 0Dh, 00h
    738	0EDE  09 FF 02 00 00 00			     db	      09h,0FFh,	02h, 00h, 00h, 00h
    739	0EE4  00 00 00 0D 00 09			     db	      00h, 00h,	00h, 0Dh, 00h, 09h
    740	0EEA  02 00 13 00 09 FF			     db	      02h, 00h,	13h, 00h, 09h,0FFh
    741	0EF0  D0 00 00 20 00 18			     db	     0D0h, 00h,	00h, 20h, 00h, 18h
    742	0EF6  00 12 00 01 00 00			     db	      00h, 12h,	00h, 01h, 00h, 00h
    743	0EFC  13 00 3D FF 02 00			     db	      13h, 00h,	3Dh,0FFh, 02h, 00h
    744	0F02  00 00 00 00 00 13			     db	      00h, 00h,	00h, 00h, 00h, 13h
    745	0F08  00 3D 02 00 21 00			     db	      00h, 3Dh,	02h, 00h, 21h, 00h
    746	0F0E  10 FF 02 00 00 00			     db	      10h,0FFh,	02h, 00h, 00h, 00h
    747	0F14  00 00 00 21 00 10			     db	      00h, 00h,	00h, 21h, 00h, 10h
    748	0F1A  02 00 2D 00 33 FF			     db	      02h, 00h,	2Dh, 00h, 33h,0FFh
    749	0F20  01 00 00 00 00 00			     db	      01h, 00h,	00h, 00h, 00h, 00h
    750	0F26  00 2D 00 33 01 00			     db	      00h, 2Dh,	00h, 33h, 01h, 00h
    751	0F2C  30 00 1E FF 01 00			     db	      30h, 00h,	1Eh,0FFh, 01h, 00h
    752	0F32  00 00 00 00 00 30			     db	      00h, 00h,	00h, 00h, 00h, 30h
    753	0F38  00 1E 01 00 35 00			     db	      00h, 1Eh,	01h, 00h, 35h, 00h
    754	0F3E  1E FF 02 00 00 00			     db	      1Eh,0FFh,	02h, 00h, 00h, 00h
    755	0F44  00 00 00 35 00 1E			     db	      00h, 00h,	00h, 35h, 00h, 1Eh
    756	0F4A  02 00 37 00 3A FF			     db	      02h, 00h,	37h, 00h, 3Ah,0FFh
Turbo Assembler	 Version 2.01	     03/22/26 12:38:42	    Page 15
326NPCIT.asm



    757	0F50  00 00 00 00 00 00			     db	      00h, 00h,	00h, 00h, 00h, 00h
    758	0F56  00 37 00 3A 00 00			     db	      00h, 37h,	00h, 3Ah, 00h, 00h
    759	0F5C  3E 00 33 FF 03 00			     db	      3Eh, 00h,	33h,0FFh, 03h, 00h
    760	0F62  00 00 00 00 00 3E			     db	      00h, 00h,	00h, 00h, 00h, 3Eh
    761	0F68  00 33 03 00 3F 00			     db	      00h, 33h,	03h, 00h, 3Fh, 00h
    762	0F6E  10 FF 03 00 00 00			     db	      10h,0FFh,	03h, 00h, 00h, 00h
    763	0F74  00 00 00 3F 00 10			     db	      00h, 00h,	00h, 3Fh, 00h, 10h
    764	0F7A  03 00 3F 00 3F FF			     db	      03h, 00h,	3Fh, 00h, 3Fh,0FFh
    765	0F80  03 00 00 00 00 00			     db	      03h, 00h,	00h, 00h, 00h, 00h
    766	0F86  00 3F 00 3F 03 00			     db	      00h, 3Fh,	00h, 3Fh, 03h, 00h
    767	0F8C  41 00 33 FF D0 00			     db	      41h, 00h,	33h,0FFh,0D0h, 00h
    768	0F92  00 00 00 00 00 FF			     db	      00h, 00h,	00h, 00h, 00h,0FFh
    769	0F98  FF FF 0F 00 48 00			     db	     0FFh,0FFh,	0Fh, 00h, 48h, 00h
    770	0F9E  08 FF 03 00 00 00			     db	      08h,0FFh,	03h, 00h, 00h, 00h
    771	0FA4  00 00 00 48 00 08			     db	      00h, 00h,	00h, 48h, 00h, 08h
    772	0FAA  03 00 48 00 19 FF			     db	      03h, 00h,	48h, 00h, 19h,0FFh
    773	0FB0  03 00 00 00 00 00			     db	      03h, 00h,	00h, 00h, 00h, 00h
    774	0FB6  00 48 00 19 03 00			     db	      00h, 48h,	00h, 19h, 03h, 00h
    775	0FBC  52 00 11 FF 02 00			     db	      52h, 00h,	11h,0FFh, 02h, 00h
    776	0FC2  00 00 00 00 00 52			     db	      00h, 00h,	00h, 00h, 00h, 52h
    777	0FC8  00 11 02 00 52 00			     db	      00h, 11h,	02h, 00h, 52h, 00h
    778	0FCE  28 FF 02 00 00 00			     db	      28h,0FFh,	02h, 00h, 00h, 00h
    779	0FD4  00 00 00 52 00 28			     db	      00h, 00h,	00h, 52h, 00h, 28h
    780	0FDA  02 00 53 00 3B FF			     db	      02h, 00h,	53h, 00h, 3Bh,0FFh
    781	0FE0  02 00 00 00 00 00			     db	      02h, 00h,	00h, 00h, 00h, 00h
    782	0FE6  00 53 00 3B 02 00			     db	      00h, 53h,	00h, 3Bh, 02h, 00h
    783	0FEC  58 00 3B FF D0 00			     db	      58h, 00h,	3Bh,0FFh,0D0h, 00h
    784	0FF2  00 20 00 18 00 13			     db	      00h, 20h,	00h, 18h, 00h, 13h
    785	0FF8  00 80 00 00 5D 00			     db	      00h, 80h,	00h, 00h, 5Dh, 00h
    786	0FFE  3B FF 73 00 00 20			     db	      3Bh,0FFh,	73h, 00h, 00h, 20h
    787	1004  00 19 00 13 00 40			     db	      00h, 19h,	00h, 13h, 00h, 40h
    788	100A  00 00 5F 00 3B FF			     db	      00h, 00h,	5Fh, 00h, 3Bh,0FFh
    789	1010  03 00 00 00 00 00			     db	      03h, 00h,	00h, 00h, 00h, 00h
    790	1016  00 5F 00 3B 03 00			     db	      00h, 5Fh,	00h, 3Bh, 03h, 00h
    791	101C  67 00 01 FF			     db	      67h, 00h,	01h,0FFh
    792	1020  07*(00)				     db	     7 dup (0)
    793	1027  67 00 01 00 00 67			     db	      67h, 00h,	01h, 00h, 00h, 67h
    794	102D  00 08 FF 02 00 00			     db	      00h, 08h,0FFh, 02h, 00h, 00h
    795	1033  00 00 00 00 67 00			     db	      00h, 00h,	00h, 00h, 67h, 00h
    796	1039  08 02 00 6E 00 28			     db	      08h, 02h,	00h, 6Eh, 00h, 28h
    797	103F  FF 02 00 00 00 00			     db	     0FFh, 02h,	00h, 00h, 00h, 00h
    798	1045  00 00 6E 00 28 02			     db	      00h, 00h,	6Eh, 00h, 28h, 02h
    799	104B  00 6F 00 12 FF 02			     db	      00h, 6Fh,	00h, 12h,0FFh, 02h
    800	1051  00 00 00 00 00 00			     db	      00h, 00h,	00h, 00h, 00h, 00h
    801	1057  6F 00 12 02 00 76			     db	      6Fh, 00h,	12h, 02h, 00h, 76h
    802	105D  00 3B FF 02 00 00			     db	      00h, 3Bh,0FFh, 02h, 00h, 00h
    803	1063  00 00 00 00 76 00			     db	      00h, 00h,	00h, 00h, 76h, 00h
    804	1069  3B 02 00 7D 00 3B			     db	      3Bh, 02h,	00h, 7Dh, 00h, 3Bh
    805	106F  FF 01 00 00 00 00			     db	     0FFh, 01h,	00h, 00h, 00h, 00h
    806	1075  00 00 7D 00 3B 01			     db	      00h, 00h,	7Dh, 00h, 3Bh, 01h
    807	107B  00 80 00 23 FF 00			     db	      00h, 80h,	00h, 23h,0FFh, 00h
    808	1081  00 00 00 00 00 00			     db	      00h, 00h,	00h, 00h, 00h, 00h
    809	1087  80 00 23 00 00 82			     db	      80h, 00h,	23h, 00h, 00h, 82h
    810	108D  00 17 FF 00 00 00			     db	      00h, 17h,0FFh, 00h, 00h, 00h
Turbo Assembler	 Version 2.01	     03/22/26 12:38:42	    Page 16
326NPCIT.asm



    811	1093  00 00 00 00 82 00			     db	      00h, 00h,	00h, 00h, 82h, 00h
    812	1099  17 00 00 82 00 2E			     db	      17h, 00h,	00h, 82h, 00h, 2Eh
    813	109F  FF 00 00 00 00 00			     db	     0FFh, 00h,	00h, 00h, 00h, 00h
    814	10A5  00 00 82 00 2E 00			     db	      00h, 00h,	82h, 00h, 2Eh, 00h
    815	10AB  00 83 00 02 FF 00			     db	      00h, 83h,	00h, 02h,0FFh, 00h
    816	10B1  00 00 00 00 00 00			     db	      00h, 00h,	00h, 00h, 00h, 00h
    817	10B7  83 00 02 00 00 83			     db	      83h, 00h,	02h, 00h, 00h, 83h
    818	10BD  00 12 FF 03 00 00			     db	      00h, 12h,0FFh, 03h, 00h, 00h
    819	10C3  00 00 00 00 83 00			     db	      00h, 00h,	00h, 00h, 83h, 00h
    820	10C9  12 03 00 83 00 28			     db	      12h, 03h,	00h, 83h, 00h, 28h
    821	10CF  FF 73 00 03 20 00			     db	     0FFh, 73h,	00h, 03h, 20h, 00h
    822	10D5  00 00 13 00 20 00			     db	      00h, 00h,	13h, 00h, 20h, 00h
    823	10DB  00 85 00 1E FF D0			     db	      00h, 85h,	00h, 1Eh,0FFh,0D0h
    824	10E1  00 00 00 00 00 00			     db	      00h, 00h,	00h, 00h, 00h, 00h
    825	10E7  FF FF FF 00 00 8C			     db	     0FFh,0FFh,0FFh, 00h, 00h, 8Ch
    826	10ED  00 1D FF 01 00 00			     db	      00h, 1Dh,0FFh, 01h, 00h, 00h
    827	10F3  00 00 00 00 8C 00			     db	      00h, 00h,	00h, 00h, 8Ch, 00h
    828	10F9  1D 01 00 8C 00 2D			     db	      1Dh, 01h,	00h, 8Ch, 00h, 2Dh
    829	10FF  FF 03 00 00 00 00			     db	     0FFh, 03h,	00h, 00h, 00h, 00h
    830	1105  00 00 8C 00 2D 03			     db	      00h, 00h,	8Ch, 00h, 2Dh, 03h
    831	110B  00 8C 00 38 FF 73			     db	      00h, 8Ch,	00h, 38h,0FFh, 73h
    832	1111  00 02 20 00 00 00			     db	      00h, 02h,	20h, 00h, 00h, 00h
    833	1117  13 00 10 00 00 8E			     db	      13h, 00h,	10h, 00h, 00h, 8Eh
    834	111D  00 38 FF 03 00 00			     db	      00h, 38h,0FFh, 03h, 00h, 00h
    835	1123  00 00 00 00 8E 00			     db	      00h, 00h,	00h, 00h, 8Eh, 00h
    836	1129  38 03 00 95 00 38			     db	      38h, 03h,	00h, 95h, 00h, 38h
    837	112F  FF 02 00 00 00 00			     db	     0FFh, 02h,	00h, 00h, 00h, 00h
    838	1135  00 00 95 00 38 02			     db	      00h, 00h,	95h, 00h, 38h, 02h
    839	113B  00 A0 00 1D FF 02			     db	      00h,0A0h,	00h, 1Dh,0FFh, 02h
    840	1141  00 00 00 00 00 00			     db	      00h, 00h,	00h, 00h, 00h, 00h
    841	1147  A0 00 1D 02 00 A1			     db	     0A0h, 00h,	1Dh, 02h, 00h,0A1h
    842	114D  00 38 FF 01 00 00			     db	      00h, 38h,0FFh, 01h, 00h, 00h
    843	1153  00 00 00 00 A1 00			     db	      00h, 00h,	00h, 00h,0A1h, 00h
    844	1159  38 01 00 A4 00 0F			     db	      38h, 01h,	00h,0A4h, 00h, 0Fh
    845	115F  FF 02 00 00 00 00			     db	     0FFh, 02h,	00h, 00h, 00h, 00h
    846	1165  00 00 A4 00 0F 02			     db	      00h, 00h,0A4h, 00h, 0Fh, 02h
    847	116B  00 B3 00 16 FF 02			     db	      00h,0B3h,	00h, 16h,0FFh, 02h
    848	1171  00 00 00 00 00 00			     db	      00h, 00h,	00h, 00h, 00h, 00h
    849	1177  B3 00 16 02 00 B3			     db	     0B3h, 00h,	16h, 02h, 00h,0B3h
    850	117D  00 25 FF 02 00 00			     db	      00h, 25h,0FFh, 02h, 00h, 00h
    851	1183  00 00 00 00 B3 00			     db	      00h, 00h,	00h, 00h,0B3h, 00h
    852	1189  25 02 00 C3 00 30			     db	      25h, 02h,	00h,0C3h, 00h, 30h
    853	118F  FF 02 00 00 00 00			     db	     0FFh, 02h,	00h, 00h, 00h, 00h
    854	1195  00 00 C3 00 30 02			     db	      00h, 00h,0C3h, 00h, 30h, 02h
    855	119B  00 C7 00 25 FF 03			     db	      00h,0C7h,	00h, 25h,0FFh, 03h
    856	11A1  00 00 00 00 00 00			     db	      00h, 00h,	00h, 00h, 00h, 00h
    857	11A7  C7 00 25 03 00 FF			     db	     0C7h, 00h,	25h, 03h, 00h,0FFh
    858	11AD  FF				     db	     0FFh
    859
    860	11AE			     zr3_26	     endp
    861
    862	11AE			     seg_a	     ends
    863
    864
Turbo Assembler	 Version 2.01	     03/22/26 12:38:42	    Page 17
326NPCIT.asm



    865
    866						     end     start
Turbo Assembler	 Version 2.01	     03/22/26 12:38:42	    Page 18
Symbol Table




Symbol Name			  Type	 Value

??DATE				  Text	 "03/22/26"
??FILENAME			  Text	 "326NPCIT"
??TIME				  Text	 "12:38:41"
??VERSION			  Number 0201
@CPU				  Text	 0101H
@CURSEG				  Text	 SEG_A
@FILENAME			  Text	 326NPCIT
@WORDSIZE			  Text	 2
DATA_1				  Word	 SEG_A:0143
DATA_3E				  Number CCCE
START				  Near	 SEG_A:0000
TARGET				  Number 5432
ZR3_26				  Far	 SEG_A:0000

Macro Name

CALLF
CALLFX
CALLS
JMPN
JMPS

Groups & Segments		  Bit Size Align  Combine Class

SEG_A				  16  11AE Byte	  Public
