Turbo Assembler	 Version 2.01	     03/22/26 12:39:10	    Page 1
335BOSPT.asm



      1
      2
      3				     ;лллллллллллллллллллллллллллллллллллллллллллллллллллллллллллллллллллллллллл
      4				     ;лл								      лл
      5				     ;лл			     ZR3_35				      лл
      6				     ;лл								      лл
      7				     ;лл      Created:	 16-Feb-26					      лл
      8				     ;лл      Code type: zero start					      лл
      9				     ;лл      Passes:	 9	    Analysis Options on: none		      лл
     10				     ;лл								      лл
     11				     ;лллллллллллллллллллллллллллллллллллллллллллллллллллллллллллллллллллллллллл
     12
     13	      =	5432		     target	     EQU   'T2'			     ; Target assembler: TASM-2.X
     14
     15				     include  srmacros.inc
1    16
1    17				     ; Macros which may	be required for	proper re-assembly
1    18
1    19
1    20
1    21
1    22
1    23				     ;-----------------------------------------------------------------------------
1    24				     ; Some assemblers,	like TASM, check each far call and jump, to see	if it is
1    25				     ; in the same segment.  If	so, rather than	produce	the standard five byte far
1    26				     ; instruction it uses a near jump or call.
1    27
1    28				     calls	     macro   dummy1, dummy2, slocation
1    29						     db	     9Ah		     ; forced call far instruction
1    30						     dw	     offset slocation, seg slocation
1    31				     endm
1    32
1    33				     jmps	     macro   dummy1, dummy2, jlocation
1    34						     db	     0EAh		     ; forced jump far instruction
1    35						     dw	     offset jlocation, seg jlocation
1    36				     endm
1    37
1    38
1    39
1    40
1    41				     ;-----------------------------------------------------------------------------
1    42				     ;	Some compilers and some	assemblers will	code a call that goes to a far
1    43				     ;	subroutine in the same segment as:
1    44				     ;
1    45				     ;		     PUSH    CS
1    46				     ;		     CALL    near
1    47				     ;
1    48				     ;	This saves one byte, and is slightly faster.  If the assembler you are
1    49				     ;	using (i.e. MASM, Optasm) does not do this automatically, the following
1    50				     ;	macros are used	to code	the same information.  In other	words, the binary
1    51				     ;	file has "PUSH CS, CALL	near", and Sourcer ensures the same instructions
1    52				     ;	are used!  (macro CALLF)
1    53				     ;
1    54
Turbo Assembler	 Version 2.01	     03/22/26 12:39:10	    Page 2
335BOSPT.asm



1    55				     callf	     macro   location
1    56						     push    cs
1    57						     call    near ptr location
1    58				     endm
1    59
1    60				     ;	Some compilers generate	an unnecessary DS override on the call instruction
1    61				     ;	when compacting	the CALLF type function.  Macro	CALLFX handles this case.
1    62
1    63				     callfx	     macro   location
1    64						     push    cs
1    65						     db	     3Eh
1    66						     call    near ptr location
1    67				     endm
1    68
1    69
1    70				     ;-----------------------------------------------------------------------------
1    71				     ;	Some compilers and some	assemblers will	code a near call that is the
1    72				     ;	selected assembler will	convert	to a short jump	to save	a byte.	 This
1    73				     ;	reconstructs a near jump for these cases.
1    74
1    75				     jmpn	     macro   location
1    76						     db	     0E9h
1    77						     dw	     offset location-$-2
1    78				     endm
1    79
1    80
1    81
     82
     83
     84				     ; The following equates show data references outside the range of the program.
     85
     86	      =	C4C3		     data_1e	     equ     0C4C3h		     ;*
     87	      =	1CD3		     data_7e	     equ     1CD3h		     ;*
     88	      =	43C3		     data_8e	     equ     43C3h		     ;*
     89	      =	53C3		     data_9e	     equ     53C3h		     ;*
     90	      =	73C3		     data_10e	     equ     73C3h		     ;*
     91	      =	84C3		     data_11e	     equ     84C3h		     ;*
     92	      =	A1D3		     data_12e	     equ     0A1D3h		     ;*
     93	      =	C4C3		     data_13e	     equ     0C4C3h		     ;*
     94	      =	C5C3		     data_14e	     equ     0C5C3h		     ;*
     95	      =	DDC3		     data_15e	     equ     0DDC3h		     ;*
     96	      =	E004		     data_16e	     equ     0E004h		     ;*
     97
     98	0000			     seg_a	     segment byte public
     99						     assume  cs:seg_a, ds:seg_a
    100
    101
    102						     org     0
    103
    104	0000			     zr3_35	     proc    far
    105
    106	0000			     start:
    107	0000  EC				     in	     al,dx		     ; port 0, DMA-1 bas&add ch	0
    108	0001  18 00				     sbb     [bx+si],al
Turbo Assembler	 Version 2.01	     03/22/26 12:39:10	    Page 3
335BOSPT.asm



    109	0003  00 25				     add     [di],ah
    110				     ;*		     aad     0			     ; undocumented inst
    111	0005  D5 00				     db	     0D5h, 00h		     ;	Fixup -	byte match
    112	0007  01 81 A1D3			     add     ds:data_12e[bx+di],ax
    113	000B  D3 A3 1CD3			     shl     word ptr ss:data_7e[bp+di],cl   ; Shift w/zeros fill
    114				     ;*		     aam     0D2h		     ; undocumented inst
    115	000F  D4 D2				     db	     0D4h,0D2h		     ;	Fixup -	byte match
    116				     ;*		     aam     12h		     ; undocumented inst
    117	0011  D4 12				     db	     0D4h, 12h		     ;	Fixup -	byte match
    118				     ;*		     aad     2Ah		     ; '*' undocumented	inst
    119	0013  D5 2A				     db	     0D5h, 2Ah		     ;	Fixup -	byte match
    120				     ;*		     aad     6			     ; undocumented inst
    121	0015  D5 06				     db	     0D5h, 06h		     ;	Fixup -	byte match
    122	0017  FF FF FF 0A 00 00			     db	     0FFh,0FFh,0FFh, 0Ah, 00h, 00h
    123	001D  81 D3 63 01 1D 53			     db	      81h,0D3h,	63h, 01h, 1Dh, 53h
    124	0023  48 C8 C9 49 CB 83			     db	      48h,0C8h,0C9h, 49h,0CBh, 83h
    125	0029  C3 05 04 91 C3 09			     db	     0C3h, 05h,	04h, 91h,0C3h, 09h
    126	002F  04 E0 82 06 04 07			     db	      04h,0E0h,	82h, 06h, 04h, 07h
    127	0035  04 C7 C9 C8 C4 C7			     db	      04h,0C7h,0C9h,0C8h,0C4h,0C7h
    128	003B  C9 49 CB 82 C3 05			     db	     0C9h, 49h,0CBh, 82h,0C3h, 05h
    129	0041  04 91 C3 0A 04 82			     db	      04h, 91h,0C3h, 0Ah, 04h, 82h
    130	0047  06 04 C4 01 20 05			     db	      06h, 04h,0C4h, 01h, 20h, 05h
    131	004D  04 C7 C4 C7 58 CA			     db	      04h,0C7h,0C4h,0C7h, 58h,0CAh
    132	0053  C8 E0 07 04 91 C3			     db	     0C8h,0E0h,	07h, 04h, 91h,0C3h
    133	0059  0A 04 E0 43 E0 73			     db	      0Ah, 04h,0E0h, 43h,0E0h, 73h
    134	005F  88 C3 46 68 C8 09			     db	      88h,0C3h,	46h, 68h,0C8h, 09h
    135	0065  04 91 C3 C4 87 C3			     db	      04h, 91h,0C3h,0C4h, 87h,0C3h
    136	006B  43 89 C2 40 41 40			     db	      43h, 89h,0C2h, 40h, 41h, 40h
    137	0071  81 C3 CD C7 48 C8			     db	      81h,0C3h,0CDh,0C7h, 48h,0C8h
    138	0077  0B 04 40 51 50 41			     db	      0Bh, 04h,	40h, 51h, 50h, 41h
    139	007D  87 C3 C4 40 51 C1			     db	      87h,0C3h,0C4h, 40h, 51h,0C1h
    140	0083  81 C3 43 C2 C1 41			     db	      81h,0C3h,	43h,0C2h,0C1h, 41h
    141	0089  40 C2 40 88 C3 D8			     db	      40h,0C2h,	40h, 88h,0C3h,0D8h
    142	008F  CD C9 C8 73 DD 06			     db	     0CDh,0C9h,0C8h, 73h,0DDh, 06h
    143	0095  04 91 C3 C4 87 C3			     db	      04h, 91h,0C3h,0C4h, 87h,0C3h
    144	009B  43 89 63 86 D8 CD			     db	      43h, 89h,	63h, 86h,0D8h,0CDh
    145	00A1  C8 05 04 85 C3 C4			     db	     0C8h, 05h,	04h, 85h,0C3h,0C4h
    146	00A7  85 C3 07 04 83 C3			     db	      85h,0C3h,	07h, 04h, 83h,0C3h
    147	00AD  C4 8F C3 43 E0 63			     db	     0C4h, 8Fh,0C3h, 43h,0E0h, 63h
    148	00B3  87 D8 CD 05 04 85			     db	      87h,0D8h,0CDh, 05h, 04h, 85h
    149	00B9  C3 C4 85 C3 C4 DD			     db	     0C3h,0C4h,	85h,0C3h,0C4h,0DDh
    150	00BF  05 04 83 C3 C4 8F			     db	      05h, 04h,	83h,0C3h,0C4h, 8Fh
    151	00C5  C3 53 63 88 D8 C4			     db	     0C3h, 53h,	63h, 88h,0D8h,0C4h
    152
    153	00CB			     locloop_1:
    154	00CB  01 1D				     add     [di],bx
    155	00CD  53				     push    bx
    156	00CE  85 C3				     test    ax,bx
    157	00D0  C4 85 07C3r			     les     ax,dword ptr data_5[di] ; Load seg:offset ptr
    158	00D4  04 94				     add     al,94h
    159	00D6  C3				     retn
    160										     ;*	No entry point to code
    161	00D7  53				     push    bx
    162	00D8  63 89 D6 E1 DD 53			     db	      63h, 89h,0D6h,0E1h,0DDh, 53h
Turbo Assembler	 Version 2.01	     03/22/26 12:39:10	    Page 4
335BOSPT.asm



    163	00DE  85 C3 C4 85 C3 07			     db	      85h,0C3h,0C4h, 85h,0C3h, 07h
    164	00E4  04 94 C3 53 DD 53			     db	      04h, 94h,0C3h, 53h,0DDh, 53h
    165	00EA  89 D6 E1 DD 53 85			     db	      89h,0D6h,0E1h,0DDh, 53h, 85h
    166	00F0  C3 C4 85 C3 63 E0			     db	     0C3h,0C4h,	85h,0C3h, 63h,0E0h
    167	00F6  53 94 C3 53 DD 53			     db	      53h, 94h,0C3h, 53h,0DDh, 53h
    168	00FC  89 D6 E1 DD 53 85			     db	      89h,0D6h,0E1h,0DDh, 53h, 85h
    169	0102  C3 C4 85 C3 43 9A			     db	     0C3h,0C4h,	85h,0C3h, 43h, 9Ah
    170	0108  C3 53 63 89 D6 E1			     db	     0C3h, 53h,	63h, 89h,0D6h,0E1h
    171	010E  DD 53 85 C3 C4 85			     db	     0DDh, 53h,	85h,0C3h,0C4h, 85h
    172	0114  C3 C4 DD 9A C3 53			     db	     0C3h,0C4h,0DDh, 9Ah,0C3h, 53h
    173	011A  63 85 C3 83 D6 E1			     db	      63h, 85h,0C3h, 83h,0D6h,0E1h
    174	0120  DD 53 85 C3 C4 85			     db	     0DDh, 53h,	85h,0C3h,0C4h, 85h
    175	0126  C3 43 9A C3 53 53			     db	     0C3h, 43h,	9Ah,0C3h, 53h, 53h
    176	012C  DD 85 C3 83 C3 01			     db	     0DDh, 85h,0C3h, 83h,0C3h, 01h
    177	0132  1D 53 85 C3 C4 85			     db	      1Dh, 53h,	85h,0C3h,0C4h, 85h
    178	0138  C3 43 92 C3 C4 86			     db	     0C3h, 43h,	92h,0C3h,0C4h, 86h
    179	013E  C3 53 82 C3 C4 89			     db	     0C3h, 53h,	82h,0C3h,0C4h, 89h
    180	0144  C3 73 85 C3 C4 85			     db	     0C3h, 73h,	85h,0C3h,0C4h, 85h
    181
    182	014A			     locloop_2:
    183	014A  C3				     retn
    184										     ;*	No entry point to code
    185	014B  43				     inc     bx
    186				     ;*		     mov     bh,al
    187	014C  88 C7				     db	      88h,0C7h		     ;	Fixup -	byte match
    188	014E  CD 49				     int     49h		     ; ??INT Non-standard interrupt
    189	0150  CB				     retf			     ; Return far
    190	0151  91 82 C3 C4 8C C3			     db	      91h, 82h,0C3h,0C4h, 8Ch,0C3h
    191	0157  C4 DD 85 C3 C4 85			     db	     0C4h,0DDh,	85h,0C3h,0C4h, 85h
    192	015D  C3 43 88 D8 CC C9			     db	     0C3h, 43h,	88h,0D8h,0CCh,0C9h
    193	0163  CA 81 CB 90 82 C3			     db	     0CAh, 81h,0CBh, 90h, 82h,0C3h
    194	0169  C4 8C C3 43 85 C3			     db	     0C4h, 8Ch,0C3h, 43h, 85h,0C3h
    195	016F  C4 85 C3 43 89 D8			     db	     0C4h, 85h,0C3h, 43h, 89h,0D8h
    196	0175  CC CD CA 91 82 C3			     db	     0CCh,0CDh,0CAh, 91h, 82h,0C3h
    197	017B  C4 8C C3 43 85 C3			     db	     0C4h, 8Ch,0C3h, 43h, 85h,0C3h
    198	0181  C4 85 C3 43 8A D8			     db	     0C4h, 85h,0C3h, 43h, 8Ah,0D8h
    199	0187  CC 92 82 C3 C4 8C			     db	     0CCh, 92h,	82h,0C3h,0C4h, 8Ch
    200	018D  C3 43 85 C3 C4 85			     db	     0C3h, 43h,	85h,0C3h,0C4h, 85h
    201	0193  C3 43 9E 82 C3 C4			     db	     0C3h, 43h,	9Eh, 82h,0C3h,0C4h
    202	0199  8C C3 43 85 C3 C4			     db	      8Ch,0C3h,	43h, 85h,0C3h,0C4h
    203	019F  85 C3 C4 DD 9E 82			     db	      85h,0C3h,0C4h,0DDh, 9Eh, 82h
    204	01A5  C3 C4 8C C3 DD C4			     db	     0C3h,0C4h,	8Ch,0C3h,0DDh,0C4h
    205	01AB  85 C3 43 E0 05 04			     db	      85h,0C3h,	43h,0E0h, 05h, 04h
    206	01B1  9E 89 C3 43 84 C3			     db	      9Eh, 89h,0C3h, 43h, 84h,0C3h
    207	01B7  43 85 C3 08 04 9E			     db	      43h, 85h,0C3h, 08h, 04h, 9Eh
    208	01BD  89 C3 43 84 C3 43			     db	      89h,0C3h,	43h, 84h,0C3h, 43h
    209	01C3  85 C3 73 01			     db	      85h,0C3h,	73h, 01h
    210	01C7  20				     db	     20h
    211	01C8			     loc_3:
    212	01C8  43				     inc     bx
    213	01C9  85 C3				     test    ax,bx
    214	01CB  84 C3				     test    al,bl
    215	01CD  43				     inc     bx
    216	01CE  85 C3				     test    ax,bx
Turbo Assembler	 Version 2.01	     03/22/26 12:39:10	    Page 5
335BOSPT.asm



    217	01D0  53				     push    bx
    218	01D1  88 89 DDC3			     mov     ds:data_15e[bx+di],cl
    219	01D5  C4 84 43C3			     les     ax,dword ptr ds:data_8e[si]     ; Load seg:offset ptr
    220	01D9  85 C3				     test    ax,bx
    221	01DB  43				     inc     bx
    222	01DC  85 C3				     test    ax,bx
    223	01DE  C4 85 84C3			     les     ax,dword ptr ds:data_11e[di]    ; Load seg:offset ptr
    224	01E2  C3				     retn
    225	01E3  43 85 C3 53 88 89			     db	      43h, 85h,0C3h, 53h, 88h, 89h
    226	01E9  C3 43 84 C3 43 85			     db	     0C3h, 43h,	84h,0C3h, 43h, 85h
    227	01EF  C3 43 85 C3 C4 85			     db	     0C3h, 43h,	85h,0C3h,0C4h, 85h
    228	01F5  C3 84 C3 43 91 89			     db	     0C3h, 84h,0C3h, 43h, 91h, 89h
    229	01FB  C3 43 84 C3 43 85			     db	     0C3h, 43h,	84h,0C3h, 43h, 85h
    230	0201  C3 43 85 C3 DD 85			     db	     0C3h, 43h,	85h,0C3h,0DDh, 85h
    231	0207  C3 84 C3 DD C4 40			     db	     0C3h, 84h,0C3h,0DDh,0C4h, 40h
    232	020D  61 60 C2 C1 C2 C1			     db	      61h, 60h,0C2h,0C1h,0C2h,0C1h
    233	0213  83 89 C3 43 84 C3			     db	      83h, 89h,0C3h, 43h, 84h,0C3h
    234	0219  43 85 C3 43 85 C3			     db	      43h, 85h,0C3h, 43h, 85h,0C3h
    235	021F  C4 8A C3 43 91 C8			     db	     0C4h, 8Ah,0C3h, 43h, 91h,0C8h
    236	0225  C7 43 85 C3 43 84			     db	     0C7h, 43h,	85h,0C3h, 43h, 84h
    237	022B  C3 43 85 C3 43 85			     db	     0C3h, 43h,	85h,0C3h, 43h, 85h
    238	0231  C3 C4 C2 60 C2 40			     db	     0C3h,0C4h,0C2h, 60h,0C2h, 40h
    239	0237  C2 81 C3 43 85 C3			     db	     0C2h, 81h,0C3h, 43h, 85h,0C3h
    240	023D  43 E0 84 C3 C7 48			     db	      43h,0E0h,	84h,0C3h,0C7h, 48h
    241	0243  C9 C8 43 85 C3 C4			     db	     0C9h,0C8h,	43h, 85h,0C3h,0C4h
    242	0249  DD 84 C3 87 C3 DD			     db	     0DDh, 84h,0C3h, 87h,0C3h,0DDh
    243	024F  C4 85 C3 C4 8A C3			     db	     0C4h, 85h,0C3h,0C4h, 8Ah,0C3h
    244	0255  43 85 C3 53 84 C3			     db	      43h, 85h,0C3h, 53h, 84h,0C3h
    245	025B  C7 CD C9 48 43 DA			     db	     0C7h,0CDh,0C9h, 48h, 43h,0DAh
    246	0261  84 C3 43 84 C3 87			     db	      84h,0C3h,	43h, 84h,0C3h, 87h
    247	0267  C3 43 85 C3 53 E0			     db	     0C3h, 43h,	85h,0C3h, 53h,0E0h
    248	026D  87 C3 C4 DD 43 E0			     db	      87h,0C3h,0C4h,0DDh, 43h,0E0h
    249	0273  05 04 84 D8 C8 C9			     db	      05h, 04h,	84h,0D8h,0C8h,0C9h
    250	0279  CD C8 53 DB 84 C3			     db	     0CDh,0C8h,	53h,0DBh, 84h,0C3h
    251	027F  43 84 C3 43 85 C3			     db	      43h, 84h,0C3h, 43h, 85h,0C3h
    252	0285  43 85 C3 63 87 C3			     db	      43h, 85h,0C3h, 63h, 87h,0C3h
    253	028B  0A 04 85 D8 CD C9			     db	      0Ah, 04h,	85h,0D8h,0CDh,0C9h
    254	0291  C8 53 DC 84 C3 43			     db	     0C8h, 53h,0DCh, 84h,0C3h, 43h
    255	0297  84 C3 43 85 C3 43			     db	      84h,0C3h,	43h, 85h,0C3h, 43h
    256	029D  85 C3 63 87 C3 07			     db	      85h,0C3h,	63h, 87h,0C3h, 07h
    257	02A3  04 DD 43 86 D8 CD			     db	      04h,0DDh,	43h, 86h,0D8h,0CDh
    258	02A9  C3 53 D7 84 C3 43			     db	     0C3h, 53h,0D7h, 84h,0C3h, 43h
    259	02AF  84 C3 43 85 C3 43			     db	      84h,0C3h,	43h, 85h,0C3h, 43h
    260	02B5  85 C3 C4 DD 43 87			     db	      85h,0C3h,0C4h,0DDh, 43h, 87h
    261	02BB  C3 73 E0 73 87 D8			     db	     0C3h, 73h,0E0h, 73h, 87h,0D8h
    262	02C1  C3 53 C6 84 C3 43			     db	     0C3h, 53h,0C6h, 84h,0C3h, 43h
    263	02C7  84 C3 43 85 C3 43			     db	      84h,0C3h,	43h, 85h,0C3h, 43h
    264	02CD  85 C3 63 87 C3 43			     db	      85h,0C3h,	63h, 87h,0C3h, 43h
    265	02D3  85 C3 53 88 C3 53			     db	      85h,0C3h,	53h, 88h,0C3h, 53h
    266	02D9  85 C3 43 84 C3 43			     db	      85h,0C3h,	43h, 84h,0C3h, 43h
    267	02DF  85 C3 43 85 C3 63			     db	      85h,0C3h,	43h, 85h,0C3h, 63h
    268	02E5  87 C3 43 85 C3 43			     db	      87h,0C3h,	43h, 85h,0C3h, 43h
    269	02EB  DD 88 C3 53 85 C3			     db	     0DDh, 88h,0C3h, 53h, 85h,0C3h
    270	02F1  43 84 C3 43 85 C3			     db	      43h, 84h,0C3h, 43h, 85h,0C3h
Turbo Assembler	 Version 2.01	     03/22/26 12:39:10	    Page 6
335BOSPT.asm



    271	02F7  43 85 C3 63 87 C3			     db	      43h, 85h,0C3h, 63h, 87h,0C3h
    272	02FD  43 85 C3 53 88 C3			     db	      43h, 85h,0C3h, 53h, 88h,0C3h
    273	0303  53 85 C3 43 84 C3			     db	      53h, 85h,0C3h, 43h, 84h,0C3h
    274	0309  43 85 C3 43 85 C3			     db	      43h, 85h,0C3h, 43h, 85h,0C3h
    275	030F  63 87 C3 43 85 C3			     db	      63h, 87h,0C3h, 43h, 85h,0C3h
    276	0315  53 88 C3 53 85 C3			     db	      53h, 88h,0C3h, 53h, 85h,0C3h
    277	031B  43 84 C3 43 85 C3			     db	      43h, 84h,0C3h, 43h, 85h,0C3h
    278	0321  43 85 C3 43 89 C3			     db	      43h, 85h,0C3h, 43h, 89h,0C3h
    279	0327  43 85 C3 53 88 C3			     db	      43h, 85h,0C3h, 53h, 88h,0C3h
    280	032D  43 E0 85 C3 DD C4			     db	      43h,0E0h,	85h,0C3h,0DDh,0C4h
    281	0333  84 C3 43 85 C3 DD			     db	      84h,0C3h,	43h, 85h,0C3h,0DDh
    282	0339  C4 85 C3 43 89 C3			     db	     0C4h, 85h,0C3h, 43h, 89h,0C3h
    283	033F  C4 DD 85 C3 53 88			     db	     0C4h,0DDh,	85h,0C3h, 53h, 88h
    284	0345  C3 C4 01 20 85 C3			     db	     0C3h,0C4h,	01h, 20h, 85h,0C3h
    285	034B  DD C4 84 C3 43 85			     db	     0DDh,0C4h,	84h,0C3h, 43h, 85h
    286	0351  C3 43 85 D6 E1 53			     db	     0C3h, 43h,	85h,0D6h,0E1h, 53h
    287	0357  87 C3 43 85 C3 53			     db	      87h,0C3h,	43h, 85h,0C3h, 53h
    288	035D  88 C3 53 85 C3 43			     db	      88h,0C3h,	53h, 85h,0C3h, 43h
    289	0363  84 C3 43 85 C3 43			     db	      84h,0C3h,	43h, 85h,0C3h, 43h
    290	0369  85 D6 E1 43 DD 87			     db	      85h,0D6h,0E1h, 43h,0DDh, 87h
    291	036F  C3 43 85 E0 53 88			     db	     0C3h, 43h,	85h,0E0h, 53h, 88h
    292	0375  89 C3 43 84 C3 43			     db	      89h,0C3h,	43h, 84h,0C3h, 43h
    293	037B  85 C3 43 85 D6 E1			     db	      85h,0C3h,	43h, 85h,0D6h,0E1h
    294	0381  53 87 C3 43 91 50			     db	      53h, 87h,0C3h, 43h, 91h, 50h
    295	0387  86 C3 43 84 C3 43			     db	      86h,0C3h,	43h, 84h,0C3h, 43h
    296	038D  85 C3 43 85 D6 E1			     db	      85h,0C3h,	43h, 85h,0D6h,0E1h
    297	0393  53 87 C3 43 41 06			     db	      53h, 87h,0C3h, 43h, 41h, 06h
    298	0399  01 C2 40 41 C1 C2			     db	      01h,0C2h,	40h, 41h,0C1h,0C2h
    299	039F  C1 89 C3 43 84 C3			     db	     0C1h, 89h,0C3h, 43h, 84h,0C3h
    300	03A5  87 C3 C4 DD 85 D6			     db	      87h,0C3h,0C4h,0DDh, 85h,0D6h
    301	03AB  E1 53 87 C3 43 91			     db	     0E1h, 53h,	87h,0C3h, 43h, 91h
    302	03B1  63 85 E0 43 84 C3			     db	      63h, 85h,0E0h, 43h, 84h,0C3h
    303	03B7  87 C3 43 85 D6 E1			     db	      87h,0C3h,	43h, 85h,0D6h,0E1h
    304	03BD  53 87 C3 43 85 E0			     db	      53h, 87h,0C3h, 43h, 85h,0E0h
    305	03C3  C4 C7 C9 49 CB C8			     db	     0C4h,0C7h,0C9h, 49h,0CBh,0C8h
    306	03C9  43 E0 C4 53 E0 8C			     db	      43h,0E0h,0C4h, 53h,0E0h, 8Ch
    307	03CF  C3 43 85 C3 43 85			     db	     0C3h, 43h,	85h,0C3h, 43h, 85h
    308	03D5  D6 E1 53 87 C3 C4			     db	     0D6h,0E1h,	53h, 87h,0C3h,0C4h
    309	03DB  C7 87 D8 CD 58 C8			     db	     0C7h, 87h,0D8h,0CDh, 58h,0C8h
    310	03E1  C7 C8 43 DD C4 01			     db	     0C7h,0C8h,	43h,0DDh,0C4h, 01h
    311	03E7  20 C1 51 C1 C2 40			     db	      20h,0C1h,	51h,0C1h,0C2h, 40h
    312	03ED  51 81 C3 43 85 C3			     db	      51h, 81h,0C3h, 43h, 85h,0C3h
    313	03F3  43 85 D6 E1 53 87			     db	      43h, 85h,0D6h,0E1h, 53h, 87h
    314	03F9  C3 C4 C9 CA 87 D8			     db	     0C3h,0C4h,0C9h,0CAh, 87h,0D8h
    315	03FF  CD 58 C8 53 C4 02			     db	     0CDh, 58h,0C8h, 53h,0C4h, 02h
    316	0405  20 8C C3 DD C4 8D			     db	      20h, 8Ch,0C3h,0DDh,0C4h, 8Dh
    317	040B  C3 63 87 C3 C4 48			     db	     0C3h, 63h,	87h,0C3h,0C4h, 48h
    318	0411  CA CB 86 D8 CD 68			     db	     0CAh,0CBh,	86h,0D8h,0CDh, 68h
    319	0417  CA C8 C4 02 20 8C			     db	     0CAh,0C8h,0C4h, 02h, 20h, 8Ch
    320	041D  C3 43 C2 C1 51 50			     db	     0C3h, 43h,0C2h,0C1h, 51h, 50h
    321	0423  C2 C1 C2 C1 81 C3			     db	     0C2h,0C1h,0C2h,0C1h, 81h,0C3h
    322	0429  43 DD C4 87 C3 C4			     db	      43h,0DDh,0C4h, 87h,0C3h,0C4h
    323	042F  C7 C9 C8 C4 87 D8			     db	     0C7h,0C9h,0C8h,0C4h, 87h,0D8h
    324	0435  CD 48 CA CB C8 90			     db	     0CDh, 48h,0CAh,0CBh,0C8h, 90h
Turbo Assembler	 Version 2.01	     03/22/26 12:39:10	    Page 7
335BOSPT.asm



    325	043B  C3 43 8D C3 63 9B			     db	     0C3h, 43h,	8Dh,0C3h, 63h, 9Bh
    326	0441  90 C3 43 85 C3 43			     db	      90h,0C3h,	43h, 85h,0C3h, 43h
    327	0447  85 C3 53 E0 41 50			     db	      85h,0C3h,	53h,0E0h, 41h, 50h
    328	044D  41 40 41 90 90 C3			     db	      41h, 40h,	41h, 90h, 90h,0C3h
    329	0453  43 85 C3 43 85 C3			     db	      43h, 85h,0C3h, 43h, 85h,0C3h
    330	0459  43 01 20 9B C9 CA			     db	      43h, 01h,	20h, 9Bh,0C9h,0CAh
    331	045F  CB 81 C8 73 01 20			     db	     0CBh, 81h,0C8h, 73h, 01h, 20h
    332	0465  C4 E0 73 85 C3 C4			     db	     0C4h,0E0h,	73h, 85h,0C3h,0C4h
    333	046B  DD 85 C3 C4			     db	     0DDh, 85h,0C3h,0C4h
    334	046F			     loc_4:
    335	046F  01 20				     add     [bx+si],sp
    336	0471			     loc_5:
    337	0471  09 04				     or	     [si],ax
    338	0473  8B D9				     mov     bx,cx
    339	0475  CC				     int     3			     ; Debug breakpoint
    340	0476  78 68				     js	     $+6Ah		     ; Jump if sign=1
    341	0478  73 01				     jnc     $+3		     ; Jump if carry=0
    342				     ;*		     and     ah,al
    343	047A  20 C4				     db	      20h,0C4h		     ;	Fixup -	byte match
    344	047C  E0 05				     loopnz  $+7		     ; Loop if zf=0, cx>0
    345
    346	047E  04 85				     add     al,85h
    347	0480  C3				     retn
    348										     ;*	No entry point to code
    349	0481  43				     inc     bx
    350	0482  85 C3				     test    ax,bx
    351	0484  07				     pop     es
    352	0485  04 DD				     add     al,0DDh
    353	0487  63 8A D9 CC 05 09			     db	      63h, 8Ah,0D9h,0CCh, 05h, 09h
    354	048D  CA 48 C8 73 DD 73			     db	     0CAh, 48h,0C8h, 73h,0DDh, 73h
    355	0493  DD 53 85 C3 43 85			     db	     0DDh, 53h,	85h,0C3h, 43h, 85h
    356	0499  C3 05 04 DD 53 DD			     db	     0C3h, 05h,	04h,0DDh, 53h,0DDh
    357	049F  43 89 D9 CC C9 C8			     db	      43h, 89h,0D9h,0CCh,0C9h,0C8h
    358	04A5  C7 48 CA C8 C9 C8			     db	     0C7h, 48h,0CAh,0C8h,0C9h,0C8h
    359	04AB  63 DD 07 04 DD 53			     db	      63h,0DDh,	07h, 04h,0DDh, 53h
    360	04B1  85 C3 43 85 C3 0C			     db	      85h,0C3h,	43h, 85h,0C3h, 0Ch
    361	04B7  04 88 D9 CC C9 C8			     db	      04h, 88h,0D9h,0CCh,0C9h,0C8h
    362	04BD  C7 C9 C8 48 C4 0F			     db	     0C7h,0C9h,0C8h, 48h,0C4h, 0Fh
    363	04C3  04 88 C3 43 8F C3			     db	      04h, 88h,0C3h, 43h, 8Fh,0C3h
    364	04C9  C4 DD 73 84 C3 C4			     db	     0C4h,0DDh,	73h, 84h,0C3h,0C4h
    365	04CF  C7 58 63 DD 0E 04			     db	     0C7h, 58h,	63h,0DDh, 0Eh, 04h
    366	04D5  88 C3 43 41 40 51			     db	      88h,0C3h,	43h, 41h, 40h, 51h
    367	04DB  40 C2 C1 41 C1			     db	      40h,0C2h,0C1h, 41h,0C1h
    368	04E0  81 C3 06 04 84 63			     db	      81h,0C3h,	06h, 04h, 84h, 63h
    369	04E6  C9 C8 63 53 E0 53			     db	     0C9h,0C8h,	63h, 53h,0E0h, 53h
    370	04EC  DD 63 E0 53 88 C3			     db	     0DDh, 63h,0E0h, 53h, 88h,0C3h
    371	04F2  C4 DD 8F C3 43 DD			     db	     0C4h,0DDh,	8Fh,0C3h, 43h,0DDh
    372	04F8  63 84 63 C8 63 E0			     db	      63h, 84h,	63h,0C8h, 63h,0E0h
    373	04FE  84 C3 53 90 C3 43			     db	      84h,0C3h,	53h, 90h,0C3h, 43h
    374	0504  8F C3 06 04 84 43			     db	      8Fh,0C3h,	06h, 04h, 84h, 43h
    375	050A  DD 73 82 84 C3 53			     db	     0DDh, 73h,	82h, 84h,0C3h, 53h
    376	0510  90 C3 43 85 C3 43			     db	      90h,0C3h,	43h, 85h,0C3h, 43h
    377	0516  87 C3 73 DD C4			     db	      87h,0C3h,	73h,0DDh,0C4h
    378	051B			     loc_8:
Turbo Assembler	 Version 2.01	     03/22/26 12:39:10	    Page 8
335BOSPT.asm



    379	051B  84 07				     test    al,[bx]
    380	051D  04 82				     add     al,82h
    381	051F  84 C3				     test    al,bl
    382	0521  53				     push    bx
    383	0522  90				     nop
    384	0523  C3				     retn
    385										     ;*	No entry point to code
    386	0524  43				     inc     bx
    387	0525  85 C3				     test    ax,bx
    388				     ;*		     ffree   st(4)		     ; Set tag to empty
    389	0527  DD C4				     db	     0DDh,0C4h		     ;	Fixup -	byte match
    390				     ;*		     xchg    ax,bx
    391	0529  87 C3				     db	      87h,0C3h		     ;	Fixup -	byte match
    392	052B  06				     push    es
    393	052C  04 84				     add     al,84h
    394	052E  06				     push    es
    395	052F  04 DD				     add     al,0DDh
    396				     ;*		     add     byte ptr ds:data_13e[si],0DDh
    397	0531  82 84 C3 C4 DD			     db	      82h, 84h,0C3h,0C4h,0DDh	     ;	Fixup -	byte match
    398	0536  C4 90 43C3			     les     dx,dword ptr ds:data_8e[bx+si]  ; Load seg:offset ptr
    399	053A  85 C3				     test    ax,bx
    400	053C  43				     inc     bx
    401				     ;*		     xchg    ax,bx
    402	053D  87 C3				     db	      87h,0C3h		     ;	Fixup -	byte match
    403				     ;*		     fld     qword ptr ds:data_16e   ; Push onto stack
    404	053F  DD 06 04 E0			     db	     0DDh, 06h,	04h,0E0h     ;	Fixup -	byte match
    405	0543  09 04				     or	     [si],ax
    406				     ;*		     add     byte ptr ds:data_9e[si],90h
    407	0545  82 84 C3 53 90			     db	      82h, 84h,0C3h, 53h, 90h	     ;	Fixup -	byte match
    408	054A  C3				     retn
    409										     ;*	No entry point to code
    410	054B  43				     inc     bx
    411	054C  85 C3				     test    ax,bx
    412	054E  43				     inc     bx
    413				     ;*		     xchg    ax,bx
    414	054F  87 C3				     db	      87h,0C3h		     ;	Fixup -	byte match
    415	0551  12 04				     adc     al,[si]
    416				     ;*		     add     byte ptr ds:data_9e[si],90h
    417	0553  82 84 C3 53 90			     db	      82h, 84h,0C3h, 53h, 90h	     ;	Fixup -	byte match
    418	0558  C3				     retn
    419										     ;*	No entry point to code
    420	0559  43				     inc     bx
    421	055A  85 C3				     test    ax,bx
    422	055C  43				     inc     bx
    423				     ;*		     xchg    ax,bx
    424	055D  87 C3				     db	      87h,0C3h		     ;	Fixup -	byte match
    425	055F  43				     inc     bx
    426				     ;*		     db	     0DDh, 08h,	04h,0E0h, 53h,0E0h
    427	0560  DD 08 04 E0 53 E0			     db	     0DDh, 08h,	04h,0E0h, 53h,0E0h   ;	Fixup -	byte match
    428	0566  43 82 98 C3 C4 DD			     db	      43h, 82h,	98h,0C3h,0C4h,0DDh
    429	056C  85 C3 43 84 C3 0B			     db	      85h,0C3h,	43h, 84h,0C3h, 0Bh
    430	0572  04 8C 98 C3 C4 DD			     db	      04h, 8Ch,	98h,0C3h,0C4h,0DDh
    431	0578  85 C3 43 84 C3 C4			     db	      85h,0C3h,	43h, 84h,0C3h,0C4h
    432	057E  DD 09 04 8C 98 C3			     db	     0DDh, 09h,	04h, 8Ch, 98h,0C3h
Turbo Assembler	 Version 2.01	     03/22/26 12:39:10	    Page 9
335BOSPT.asm



    433	0584  43				     db	     43h
    434	0585			     loc_9:
    435	0585  85 C3				     test    ax,bx
    436	0587  43				     inc     bx
    437	0588  84 C3				     test    al,bl
    438	058A  05 DD04				     add     ax,0DD04h
    439	058D  73 8C				     jnc     loc_8		     ; Jump if carry=0
    440	058F  90				     nop
    441	0590  C3				     retn
    442	0591  C4 DD 8D C3 DD C4			     db	     0C4h,0DDh,	8Dh,0C3h,0DDh,0C4h
    443	0597  84 C3 0A 04 DD 86			     db	      84h,0C3h,	0Ah, 04h,0DDh, 86h
    444	059D  C3 E0 43 82 90 C3			     db	     0C3h,0E0h,	43h, 82h, 90h,0C3h
    445	05A3  43 8D C3 43 84 C3			     db	      43h, 8Dh,0C3h, 43h, 84h,0C3h
    446	05A9  43 E0 53 E0 43 E0			     db	      43h,0E0h,	53h,0E0h, 43h,0E0h
    447	05AF  43 86 C3 53 82 90			     db	      43h, 86h,0C3h, 53h, 82h, 90h
    448	05B5  C3 63 8B C3 43 8F			     db	     0C3h, 63h,	8Bh,0C3h, 43h, 8Fh
    449	05BB  C3 C4 86 C3 43 DD			     db	     0C3h,0C4h,	86h,0C3h, 43h,0DDh
    450	05C1  82 90				     db	      82h, 90h
    451	05C3  63C3 C38B	C4DD	     data_3	     dw	     63C3h, 0C38Bh, 0C4DDh   ; Data table (indexed access)
    452	05C9  61C1				     dw	     61C1h
    453	05CB  C1 41 60 41 81 C3			     db	     0C1h, 41h,	60h, 41h, 81h,0C3h
    454	05D1  C4 86 C3 53 82 90			     db	     0C4h, 86h,0C3h, 53h, 82h, 90h
    455	05D7  C3 05 04 89 C3 43			     db	     0C3h, 05h,	04h, 89h,0C3h, 43h
    456	05DD  8F C3 DD 86 C3 53			     db	      8Fh,0C3h,0DDh, 86h,0C3h, 53h
    457	05E3  82 90 C3 05 04 89			     db	      82h, 90h,0C3h, 05h, 04h, 89h
    458	05E9  C3 0B 04 85 C3 C4			     db	     0C3h, 0Bh,	04h, 85h,0C3h,0C4h
    459	05EF  86 C3				     db	      86h,0C3h
    460
    461	05F1			     locloop_10:
    462	05F1  53				     push    bx
    463				     ;*		     or	     byte ptr ds:data_14e[bx+si],0C4h
    464	05F2  82 88 C3 C5 C4			     db	      82h, 88h,0C3h,0C5h,0C4h	     ;	Fixup -	byte match
    465	05F7  85 C3				     test    ax,bx
    466	05F9  73 8A				     jnc     loc_9		     ; Jump if carry=0
    467	05FB  C3				     retn
    468	05FC  73 DD 05				     db	      73h,0DDh,	05h
    469
    470	05FF			     locloop_12:
    471	05FF  04 8D				     add     al,8Dh
    472	0601  C3				     retn
    473										     ;*	No entry point to code
    474	0602  53				     push    bx
    475				     ;*		     or	     byte ptr ds:data_8e[bx+si],85h
    476	0603  82 88 C3 43 85			     db	      82h, 88h,0C3h, 43h, 85h	     ;	Fixup -	byte match
    477	0608  C3				     retn
    478	0609  C4 C5 53 8A C3 53			     db	     0C4h,0C5h,	53h, 8Ah,0C3h, 53h
    479	060F  DD 06 04 DD 8D C3			     db	     0DDh, 06h,	04h,0DDh, 8Dh,0C3h
    480	0615  53 82 88 C3 01 1D			     db	      53h, 82h,	88h,0C3h, 01h, 1Dh
    481	061B  88 C3 43 8A C3 0B			     db	      88h,0C3h,	43h, 8Ah,0C3h, 0Bh
    482	0621  04 8D C3 43 DD 82			     db	      04h, 8Dh,0C3h, 43h,0DDh, 82h
    483	0627  88 C3 43 88 C3 43			     db	      88h,0C3h,	43h, 88h,0C3h, 43h
    484	062D  8A C3 0B 04 85 C3			     db	      8Ah,0C3h,	0Bh, 04h, 85h,0C3h
    485	0633  C4 86 C3 C4 84 88			     db	     0C4h, 86h,0C3h,0C4h, 84h, 88h
    486	0639  C3 43 88 C3 8C C3			     db	     0C3h, 43h,	88h,0C3h, 8Ch,0C3h
Turbo Assembler	 Version 2.01	     03/22/26 12:39:10	    Page 10
335BOSPT.asm



    487	063F  08 04 DD 43 85 C3			     db	      08h, 04h,0DDh, 43h, 85h,0C3h
    488	0645  C4 86 C3 DD 84 88			     db	     0C4h, 86h,0C3h,0DDh, 84h, 88h
    489	064B  C3 43 88 C3 8C C3			     db	     0C3h, 43h,	88h,0C3h, 8Ch,0C3h
    490	0651  DD C4 E0 43 E0 63			     db	     0DDh,0C4h,0E0h, 43h,0E0h, 63h
    491	0657  E0 C4 85 C3 C4 86			     db	     0E0h,0C4h,	85h,0C3h,0C4h, 86h
    492	065D  C3 53 82 88 C3 C4			     db	     0C3h, 53h,	82h, 88h,0C3h,0C4h
    493	0663  DD 88 C3 84 C3 87			     db	     0DDh, 88h,0C3h, 84h,0C3h, 87h
    494	0669  C3 DD C4 8F C3 C4			     db	     0C3h,0DDh,0C4h, 8Fh,0C3h,0C4h
    495	066F  CB 85 C3 53 82 88			     db	     0CBh, 85h,0C3h, 53h, 82h, 88h
    496	0675  C3 43 88 C3 84 C3			     db	     0C3h, 43h,	88h,0C3h, 84h,0C3h
    497	067B  87 C3 43 40 C2 60			     db	      87h,0C3h,	43h, 40h,0C2h, 60h
    498	0681  41 40 C2 40 81 C3			     db	      41h, 40h,0C2h, 40h, 81h,0C3h
    499	0687  DD 49 CB 83 C3 C4			     db	     0DDh, 49h,0CBh, 83h,0C3h,0C4h
    500	068D  C7 CB 82 CB 87 C3			     db	     0C7h,0CBh,	82h,0CBh, 87h,0C3h
    501	0693  C4 DD 88 C3 C4 8B			     db	     0C4h,0DDh,	88h,0C3h,0C4h, 8Bh
    502	0699  C3 43 8F C3 C4 C9			     db	     0C3h, 43h,	8Fh,0C3h,0C4h,0C9h
    503	069F  49 CB 82 C3 53 C9			     db	      49h,0CBh,	82h,0C3h, 53h,0C9h
    504	06A5  CA CA CB 86 C3 43			     db	     0CAh,0CAh,0CBh, 86h,0C3h, 43h
    505	06AB  88 C3 C4 8B C3 43			     db	      88h,0C3h,0C4h, 8Bh,0C3h, 43h
    506	06B1  86 C3 C4 01 20 85			     db	      86h,0C3h,0C4h, 01h, 20h, 85h
    507	06B7  C3 43 C9 CA CB 82			     db	     0C3h, 43h,0C9h,0CAh,0CBh, 82h
    508	06BD  C3 C4 DD C8 C7 C9			     db	     0C3h,0C4h,0DDh,0C8h,0C7h,0C9h
    509	06C3  CAC9 85CB		     data_4	     dw	     0CAC9h, 85CBh	     ; Data table (indexed access)
    510	06C7  C5 43 88 C3 53 89			     db	     0C5h, 43h,	88h,0C3h, 53h, 89h
    511	06CD  C3 43 86 C3 53 85			     db	     0C3h, 43h,	86h,0C3h, 53h, 85h
    512	06D3  C3 C4 C7 58 82 C3			     db	     0C3h,0C4h,0C7h, 58h, 82h,0C3h
    513	06D9  C7 C9 43 C7 C7 C9			     db	     0C7h,0C9h,	43h,0C7h,0C7h,0C9h
    514	06DF  91 C3 53 89 C3 43			     db	      91h,0C3h,	53h, 89h,0C3h, 43h
    515	06E5  86 C3 53 85 C3 C4			     db	      86h,0C3h,	53h, 85h,0C3h,0C4h
    516	06EB  C7 58 C8 43 48 C8			     db	     0C7h, 58h,0C8h, 43h, 48h,0C8h
    517	06F1  43 40 C2 50 41 40			     db	      43h, 40h,0C2h, 50h, 41h, 40h
    518	06F7  C2 C1 C2 86 C3 43			     db	     0C2h,0C1h,0C2h, 86h,0C3h, 43h
    519	06FD  8A C3 C4 DD 86 C3			     db	      8Ah,0C3h,0C4h,0DDh, 86h,0C3h
    520	0703  53 85 C3 C7 48 CA			     db	      53h, 85h,0C3h,0C7h, 48h,0CAh
    521	0709  C8 C4 C5 C4 68 C8			     db	     0C8h,0C4h,0C5h,0C4h, 68h,0C8h
    522	070F  93 C3 43 8A C3 43			     db	      93h,0C3h,	43h, 8Ah,0C3h, 43h
    523	0715  86 C3 DD 43 85 68			     db	      86h,0C3h,0DDh, 43h, 85h, 68h
    524	071B  47 C7 CA 68 CA CB			     db	      47h,0C7h,0CAh, 68h,0CAh,0CBh
    525	0721  86 C3 C4 8B C3 8C			     db	      86h,0C3h,0C4h, 8Bh,0C3h, 8Ch
    526	0727  C3 43 86 C3 53 85			     db	     0C3h, 43h,	86h,0C3h, 53h, 85h
    527	072D  D8 09 09 CA 4A 86			     db	     0D8h, 09h,	09h,0CAh, 4Ah, 86h
    528	0733  C3 C4 8B C3 8C C3			     db	     0C3h,0C4h,	8Bh,0C3h, 8Ch,0C3h
    529	0739  43 86 C3 43 DD 86			     db	      43h, 86h,0C3h, 43h,0DDh, 86h
    530	073F  D8 58 C8 C7 58 CA			     db	     0D8h, 58h,0C8h,0C7h, 58h,0CAh
    531	0745  CB 82 86 C3 53 44			     db	     0CBh, 82h,	86h,0C3h, 53h, 44h
    532	074B  53 C5 88 C3 87 C3			     db	      53h,0C5h,	88h,0C3h, 87h,0C3h
    533	0751  43 86 C3 53 87 D8			     db	      43h, 86h,0C3h, 53h, 87h,0D8h
    534	0757  68 C8 C4 C7 C9 CA			     db	      68h,0C8h,0C4h,0C7h,0C9h,0CAh
    535	075D  CB 81 86 C3 08 04			     db	     0CBh, 81h,	86h,0C3h, 08h, 04h
    536	0763  88 C3 87 C3 43 86			     db	      88h,0C3h,	87h,0C3h, 43h, 86h
    537	0769  C3 53 88 D8 58 C8			     db	     0C3h, 53h,	88h,0D8h, 58h,0C8h
    538	076F  C7 58 CA CB 86 C3			     db	     0C7h, 58h,0CAh,0CBh, 86h,0C3h
    539	0775  43 DD 05 04 90 C3			     db	      43h,0DDh,	05h, 04h, 90h,0C3h
    540	077B  43 86 C3 53 89 D8			     db	      43h, 86h,0C3h, 53h, 89h,0D8h
Turbo Assembler	 Version 2.01	     03/22/26 12:39:10	    Page 11
335BOSPT.asm



    541	0781  05 09 CA 82 86 C3			     db	      05h, 09h,0CAh, 82h, 86h,0C3h
    542	0787  63 C5 43 C5 C4 90			     db	      63h,0C5h,	43h,0C5h,0C4h, 90h
    543	078D  C3 43 86 C3 53 8A			     db	     0C3h, 43h,	86h,0C3h, 53h, 8Ah
    544	0793  C3 68 CA CB 82 86			     db	     0C3h, 68h,0CAh,0CBh, 82h, 86h
    545	0799  C3 C4 8F C3 05 04			     db	     0C3h,0C4h,	8Fh,0C3h, 05h, 04h
    546	079F  82 53 86 C3 53 8A			     db	      82h, 53h,	86h,0C3h, 53h, 8Ah
    547	07A5  C3 C7 68 CA CB 81			     db	     0C3h,0C7h,	68h,0CAh,0CBh, 81h
    548	07AB  86 C5 C4 8F C3 05			     db	      86h,0C5h,0C4h, 8Fh,0C3h, 05h
    549	07B1  04 82 53 86 C3 53			     db	      04h, 82h,	53h, 86h,0C3h, 53h
    550	07B7  8A C3 C7 78 CA CB			     db	      8Ah,0C3h,0C7h, 78h,0CAh,0CBh
    551	07BD  97 C3 0A 04 86 C3			     db	      97h,0C3h,	0Ah, 04h, 86h,0C3h
    552	07C3  8A53 C4C3		     data_5	     dw	     8A53h, 0C4C3h	     ; Data table (indexed access)
    553	07C7  C8 C7 58 CA CB 8E			     db	     0C8h,0C7h,	58h,0CAh,0CBh, 8Eh
    554	07CD  C3 C5 C4 86 C3 06			     db	     0C3h,0C5h,0C4h, 86h,0C3h, 06h
    555	07D3  04 DD 0B 04 DD 8A			     db	      04h,0DDh,	0Bh, 04h,0DDh, 8Ah
    556	07D9  C3 DD 68 CA CB 81			     db	     0C3h,0DDh,	68h,0CAh,0CBh, 81h
    557	07DF  8E C3 43 86 C3 63			     db	      8Eh,0C3h,	43h, 86h,0C3h, 63h
    558	07E5  DD 06 04 DD 53 DD			     db	     0DDh, 06h,	04h,0DDh, 53h,0DDh
    559	07EB  63 8A C3 C4 58 CA			     db	      63h, 8Ah,0C3h,0C4h, 58h,0CAh
    560	07F1  CB 82 82 C3 43 89			     db	     0CBh, 82h,	82h,0C3h, 43h, 89h
    561	07F7  C3 43 86 C3 14 04			     db	     0C3h, 43h,	86h,0C3h, 14h, 04h
    562	07FD  8A C3 C4 58 CA CB			     db	      8Ah,0C3h,0C4h, 58h,0CAh,0CBh
    563	0803  82 82 DD 43 89 DD			     db	      82h, 82h,0DDh, 43h, 89h,0DDh
    564	0809  43 86 C3 C4 C5 07			     db	      43h, 86h,0C3h,0C4h,0C5h, 07h
    565	080F  04 E0 63 E0 73 8A			     db	      04h,0E0h,	63h,0E0h, 73h, 8Ah
    566	0815  C3 C4 C7 C9 CA CB			     db	     0C3h,0C4h,0C7h,0C9h,0CAh,0CBh
    567	081B  83 8E C3 C4 DD 43			     db	      83h, 8Eh,0C3h,0C4h,0DDh, 43h
    568	0821  8A C3 C4 98 C3 C4			     db	      8Ah,0C3h,0C4h, 98h,0C3h,0C4h
    569	0827  DD C9 CA CB 83 82			     db	     0DDh,0C9h,0CAh,0CBh, 83h, 82h
    570	082D  C3 43 89 C3 63 50			     db	     0C3h, 43h,	89h,0C3h, 63h, 50h
    571	0833  41 60 81 C3 C4 C1			     db	      41h, 60h,	81h,0C3h,0C4h,0C1h
    572	0839  51 50 41				     db	      51h, 50h,	41h
    573	083C			     loc_13:
    574	083C  40				     inc     ax
    575	083D  71 40				     jno     $+42h		     ; Jump if not overflw
    576	083F  41				     inc     cx
    577	0840  40				     inc     ax
    578				     ;*		     add     bl,0C8h
    579	0841  82 C3 C8				     db	      82h,0C3h,0C8h	     ;	Fixup -	byte match
    580	0844  C9 CA CB 84 82 DD			     db	     0C9h,0CAh,0CBh, 84h, 82h,0DDh
    581	084A  43 89 C3 63 8A C3			     db	      43h, 89h,0C3h, 63h, 8Ah,0C3h
    582	0850  C4				     db	     0C4h
    583	0851			     loc_14:
    584	0851  98				     cbw			     ; Convrt byte to word
    585	0852  C3				     retn
    586	0853  C7 C9 CA CB 84 8E			     db	     0C7h,0C9h,0CAh,0CBh, 84h, 8Eh
    587	0859  C3 05 04 8E C3 C4			     db	     0C3h, 05h,	04h, 8Eh,0C3h,0C4h
    588	085F  E0 43 85 C3 43 86			     db	     0E0h, 43h,	85h,0C3h, 43h, 86h
    589	0865  D9 CC 48 CA 85 82			     db	     0D9h,0CCh,	48h,0CAh, 85h, 82h
    590	086B  C3 43 89 C3 C4 DD			     db	     0C3h, 43h,	89h,0C3h,0C4h,0DDh
    591	0871  63 8E C3 63 85 C3			     db	      63h, 8Eh,0C3h, 63h, 85h,0C3h
    592	0877  43 85 D9 CC 58 86			     db	      43h, 85h,0D9h,0CCh, 58h, 86h
    593	087D  82 DD 43 89 C3 43			     db	      82h,0DDh,	43h, 89h,0C3h, 43h
    594	0883  DD 53 8E C3 63 85			     db	     0DDh, 53h,	8Eh,0C3h, 63h, 85h
Turbo Assembler	 Version 2.01	     03/22/26 12:39:10	    Page 12
335BOSPT.asm



    595	0889  C3 DD C4 84 D9 CC			     db	     0C3h,0DDh,0C4h, 84h,0D9h,0CCh
    596	088F  C9 C7 C8 C9 86 8E			     db	     0C9h,0C7h,0C8h,0C9h, 86h, 8Eh
    597	0895  C3 43 DD 53 8E C3			     db	     0C3h, 43h,0DDh, 53h, 8Eh,0C3h
    598	089B  43 87 C3 43 84 C3			     db	      43h, 87h,0C3h, 43h, 84h,0C3h
    599	08A1  C4 C8				     db	     0C4h,0C8h
    600	08A3  53				     db	     53h
    601
    602	08A4			     locloop_15:
    603	08A4  86 82 43C3			     xchg    ss:data_8e[bp+si],al
    604				     ;*		     mov     bx,ax
    605	08A8  89 C3				     db	      89h,0C3h		     ;	Fixup -	byte match
    606	08AA  05 8E04				     add     ax,8E04h
    607	08AD  C3				     retn
    608										     ;*	No entry point to code
    609	08AE  43				     inc     bx
    610				     ;*		     xchg    ax,bx
    611	08AF  87 C3				     db	      87h,0C3h		     ;	Fixup -	byte match
    612	08B1  43				     inc     bx
    613	08B2  84 C3				     test    al,bl
    614	08B4  73 86				     jnc     loc_13		     ; Jump if carry=0
    615				     ;*		     sbb     ch,43h		     ; 'C'
    616	08B6  82 DD 43				     db	      82h,0DDh,	43h	     ;	Fixup -	byte match
    617				     ;*		     mov     bx,ax
    618	08B9  89 C3				     db	      89h,0C3h		     ;	Fixup -	byte match
    619	08BB  53				     push    bx
    620				     ;*		     fld     qword ptr [bp+di-72h]   ; Push onto stack
    621	08BC  DD 43 8E				     db	     0DDh, 43h,	8Eh	     ;	Fixup -	byte match
    622	08BF  C3				     retn
    623										     ;*	No entry point to code
    624				     ;*		     ffree   st(4)		     ; Set tag to empty
    625	08C0  DD C4				     db	     0DDh,0C4h		     ;	Fixup -	byte match
    626				     ;*		     ffree   st(4)		     ; Set tag to empty
    627	08C2  DD C4				     db	     0DDh,0C4h		     ;	Fixup -	byte match
    628	08C4  85 C3				     test    ax,bx
    629	08C6  43				     inc     bx
    630	08C7  84 C3				     test    al,bl
    631	08C9  73 86				     jnc     loc_14		     ; Jump if carry=0
    632	08CB  8E C3				     mov     es,bx
    633				     ;*		     jnc     loc_16		     ;*Jump if carry=0
    634	08CD  73 DD				     db	      73h,0DDh		     ;	Fixup -	byte match
    635	08CF  8E C3				     mov     es,bx
    636	08D1  63 85 C3 43 84 C3			     db	      63h, 85h,0C3h, 43h, 84h,0C3h
    637	08D7  73 86 82 C3 43 89			     db	      73h, 86h,	82h,0C3h, 43h, 89h
    638	08DD  C3 05 04 8E C3 63			     db	     0C3h, 05h,	04h, 8Eh,0C3h, 63h
    639	08E3  85 C3 C5 C4 84 C3			     db	      85h,0C3h,0C5h,0C4h, 84h,0C3h
    640	08E9  73 86 82 DD 43 89			     db	      73h, 86h,	82h,0DDh, 43h, 89h
    641	08EF  C3 05 04 8E C3 63			     db	     0C3h, 05h,	04h, 8Eh,0C3h, 63h
    642	08F5  8D C3 43 DD C4 86			     db	      8Dh,0C3h,	43h,0DDh,0C4h, 86h
    643	08FB  8E C3 53 DD 43 8E			     db	      8Eh,0C3h,	53h,0DDh, 43h, 8Eh
    644	0901  C3 63 8D C3 63 86			     db	     0C3h, 63h,	8Dh,0C3h, 63h, 86h
    645	0907  82 C3 43 E0 43 86			     db	      82h,0C3h,	43h,0E0h, 43h, 86h
    646	090D  C3 C4 DD 63 8C C3			     db	     0C3h,0C4h,0DDh, 63h, 8Ch,0C3h
    647	0913  43 DD 53 8D C3 53			     db	      43h,0DDh,	53h, 8Dh,0C3h, 53h
    648	0919  DD 86 82 C3 73 86			     db	     0DDh, 86h,	82h,0C3h, 73h, 86h
Turbo Assembler	 Version 2.01	     03/22/26 12:39:10	    Page 13
335BOSPT.asm



    649	091F  C3 05 04 8C C3 05			     db	     0C3h, 05h,	04h, 8Ch,0C3h, 05h
    650	0925  04 8D C3 63 86 84			     db	      04h, 8Dh,0C3h, 63h, 86h, 84h
    651	092B  C3 53 86 C3 C4 DD			     db	     0C3h, 53h,	86h,0C3h,0C4h,0DDh
    652	0931  63 8A C3 07 04 8D			     db	      63h, 8Ah,0C3h, 07h, 04h, 8Dh
    653	0937  C3 63 86 84 C3 43			     db	     0C3h, 63h,	86h, 84h,0C3h, 43h
    654	093D  DD 86 02 20 63 8A			     db	     0DDh, 86h,	02h, 20h, 63h, 8Ah
    655	0943  C3 07 04 8D C3 63			     db	     0C3h, 07h,	04h, 8Dh,0C3h, 63h
    656	0949  86 84 C3 53 95 C3			     db	      86h, 84h,0C3h, 53h, 95h,0C3h
    657	094F  09 04 8D C3 63 86			     db	      09h, 04h,	8Dh,0C3h, 63h, 86h
    658	0955  84 C3 53 C2 40 C2			     db	      84h,0C3h,	53h,0C2h, 40h,0C2h
    659	095B  40 51 50 C2 40 C2			     db	      40h, 51h,	50h,0C2h, 40h,0C2h
    660	0961  60 81 C3 09 04 8D			     db	      60h, 81h,0C3h, 09h, 04h, 8Dh
    661	0967  C3 63 86 84 C3 DD			     db	     0C3h, 63h,	86h, 84h,0C3h,0DDh
    662	096D  43 95 C3 C4 8E C3			     db	      43h, 95h,0C3h,0C4h, 8Eh,0C3h
    663	0973  43 85 C3 63 86 84			     db	      43h, 85h,0C3h, 63h, 86h, 84h
    664	0979  C3 53 86 05 20 0A			     db	     0C3h, 53h,	86h, 05h, 20h, 0Ah
    665	097F  04 8E C3 C4 DD 85			     db	      04h, 8Eh,0C3h,0C4h,0DDh, 85h
    666	0985  C3 63 86 84 C3 C4			     db	     0C3h, 63h,	86h, 84h,0C3h,0C4h
    667	098B  DD C4 86 C3 0F 04			     db	     0DDh,0C4h,	86h,0C3h, 0Fh, 04h
    668	0991  8E C3 43 85 C3 63			     db	      8Eh,0C3h,	43h, 85h,0C3h, 63h
    669	0997  86 84 C3 C4 DD C4			     db	      86h, 84h,0C3h,0C4h,0DDh,0C4h
    670	099D  86 C3 0A 04 DD 63			     db	      86h,0C3h,	0Ah, 04h,0DDh, 63h
    671	09A3  85 C5 53 85 C3 43			     db	      85h,0C5h,	53h, 85h,0C3h, 43h
    672	09A9  85 C3 63 86 84 C3			     db	      85h,0C3h,	63h, 86h, 84h,0C3h
    673	09AF  53 86 C3 0F 04 85			     db	      53h, 86h,0C3h, 0Fh, 04h, 85h
    674	09B5  C5 53 85 C3 43 85			     db	     0C5h, 53h,	85h,0C3h, 43h, 85h
    675	09BB  C3 53 DD 86 84 C3			     db	     0C3h, 53h,0DDh, 86h, 84h,0C3h
    676	09C1  53 86 C3 53 DD 73			     db	      53h, 86h,0C3h, 53h,0DDh, 73h
    677	09C7  01 20 43 E0 43 85			     db	      01h, 20h,	43h,0E0h, 43h, 85h
    678	09CD  C3 53 85 C3 43 85			     db	     0C3h, 53h,	85h,0C3h, 43h, 85h
    679	09D3  C3 63 86 84 C3 C4			     db	     0C3h, 63h,	86h, 84h,0C3h,0C4h
    680	09D9  DD C4 86 C3 63 91			     db	     0DDh,0C4h,	86h,0C3h, 63h, 91h
    681	09DF  C3 53 85 C3 DD C4			     db	     0C3h, 53h,	85h,0C3h,0DDh,0C4h
    682	09E5  85 C3 DD 53 86 84			     db	      85h,0C3h,0DDh, 53h, 86h, 84h
    683	09EB  C3 53 86 C3 63 40			     db	     0C3h, 53h,	86h,0C3h, 63h, 40h
    684	09F1  61 70 71 81 C3 53			     db	      61h, 70h,	71h, 81h,0C3h, 53h
    685	09F7  85 C3 DD C4 85 C3			     db	      85h,0C3h,0DDh,0C4h, 85h,0C3h
    686	09FD  63 86 84 C3 53 86			     db	      63h, 86h,	84h,0C3h, 53h, 86h
    687	0A03  C3 63 91 C3 53 85			     db	     0C3h, 63h,	91h,0C3h, 53h, 85h
    688	0A09  C3 43 85 C3 53 DD			     db	     0C3h, 43h,	85h,0C3h, 53h,0DDh
    689	0A0F  86 84 C3 53 86 C3			     db	      86h, 84h,0C3h, 53h, 86h,0C3h
    690	0A15  C4 DD 43 85 C3 05			     db	     0C4h,0DDh,	43h, 85h,0C3h, 05h
    691	0A1B  04 85 C3 C4 87 C3			     db	      04h, 85h,0C3h,0C4h, 87h,0C3h
    692	0A21  43 85 C3 63 86 84			     db	      43h, 85h,0C3h, 63h, 86h, 84h
    693	0A27  C3 53 86 C3 63 85			     db	     0C3h, 53h,	86h,0C3h, 63h, 85h
    694	0A2D  C3 05 04 85 C3 DD			     db	     0C3h, 05h,	04h, 85h,0C3h,0DDh
    695	0A33  87 C3 43 85 C3 63			     db	      87h,0C3h,	43h, 85h,0C3h, 63h
    696	0A39  86 84 C3 53 86 C3			     db	      86h, 84h,0C3h, 53h, 86h,0C3h
    697	0A3F  43 87 C3 53 DD 43			     db	      43h, 87h,0C3h, 53h,0DDh, 43h
    698	0A45  85 C3 53 85 C3 C4			     db	      85h,0C3h,	53h, 85h,0C3h,0C4h
    699	0A4B  DD 85 C3 63 86 84			     db	     0DDh, 85h,0C3h, 63h, 86h, 84h
    700	0A51  C3 53 86 C3 43 87			     db	     0C3h, 53h,	86h,0C3h, 43h, 87h
    701	0A57  C3 43 01 1D 43 85			     db	     0C3h, 43h,	01h, 1Dh, 43h, 85h
    702	0A5D  C3 53 85 C3 43 85			     db	     0C3h, 53h,	85h,0C3h, 43h, 85h
Turbo Assembler	 Version 2.01	     03/22/26 12:39:10	    Page 14
335BOSPT.asm



    703	0A63  C3 C4 DD 43 86 84			     db	     0C3h,0C4h,0DDh, 43h, 86h, 84h
    704	0A69  C3 53 86 C3 63 85			     db	     0C3h, 53h,	86h,0C3h, 63h, 85h
    705	0A6F  C3 05 04 85 C3 53			     db	     0C3h, 05h,	04h, 85h,0C3h, 53h
    706	0A75  85 C3 43 85 C3 53			     db	      85h,0C3h,	43h, 85h,0C3h, 53h
    707	0A7B  DD 86 84 C3 53 86			     db	     0DDh, 86h,	84h,0C3h, 53h, 86h
    708	0A81  C3 63 85 C3 63 DD			     db	     0C3h, 63h,	85h,0C3h, 63h,0DDh
    709	0A87  C4 85 C3 53 85 C3			     db	     0C4h, 85h,0C3h, 53h, 85h,0C3h
    710	0A8D  43 85 C3 63 86 82			     db	      43h, 85h,0C3h, 63h, 86h, 82h
    711	0A93  C3 08 04 82 73 85			     db	     0C3h, 08h,	04h, 82h, 73h, 85h
    712	0A99  C3 06 04 E0 53 DD			     db	     0C3h, 06h,	04h,0E0h, 53h,0DDh
    713	0A9F  16 04 84 82 C3 07			     db	      16h, 04h,	84h, 82h,0C3h, 07h
    714	0AA5  04 DD 82 73 85 C3			     db	      04h,0DDh,	82h, 73h, 85h,0C3h
    715	0AAB  22 04 84 82 C3 0F			     db	      22h, 04h,	84h, 82h,0C3h, 0Fh
    716	0AB1  04 85 C3 0E 04 E0			     db	      04h, 85h,0C3h, 0Eh, 04h,0E0h
    717	0AB7  63 E0 73 E0 07 04			     db	      63h,0E0h,	73h,0E0h, 07h, 04h
    718	0ABD  84 82 C3 43 DD			     db	      84h, 82h,0C3h, 43h,0DDh
    719	0AC2  43				     db	     43h
    720	0AC3  C386 8C63		     data_6	     dw	     0C386h, 8C63h	     ; Data table (indexed access)
    721	0AC7  C3 DD 53 94 C3 53			     db	     0C3h,0DDh,	53h, 94h,0C3h, 53h
    722	0ACD  84 82 C3 73 86 C3			     db	      84h, 82h,0C3h, 73h, 86h,0C3h
    723	0AD3  63 8C C3 53 DD C1			     db	      63h, 8Ch,0C3h, 53h,0DDh,0C1h
    724	0AD9  C2 40 51 60 41 C1			     db	     0C2h, 40h,	51h, 60h, 41h,0C1h
    725	0ADF  86 C3 53 84 82 C3			     db	      86h,0C3h,	53h, 84h, 82h,0C3h
    726	0AE5  73 86 C3 63 8D C3			     db	      73h, 86h,0C3h, 63h, 8Dh,0C3h
    727	0AEB  53 94 C3 53 84 82			     db	      53h, 94h,0C3h, 53h, 84h, 82h
    728	0AF1  C3 73 86 C3 63 8D			     db	     0C3h, 73h,	86h,0C3h, 63h, 8Dh
    729	0AF7  C3 53 85 C3 C4 C1			     db	     0C3h, 53h,	85h,0C3h,0C4h,0C1h
    730	0AFD  C2 C1 C2 40 41 40			     db	     0C2h,0C1h,0C2h, 40h, 41h, 40h
    731	0B03  83 C3 53 84 82 C3			     db	      83h,0C3h,	53h, 84h, 82h,0C3h
    732	0B09  DD 63 86 C3 C4 DD			     db	     0DDh, 63h,	86h,0C3h,0C4h,0DDh
    733	0B0F  43 8E C3 43 85 C3			     db	      43h, 8Eh,0C3h, 43h, 85h,0C3h
    734	0B15  C4 E0 C4 8B C3 53			     db	     0C4h,0E0h,0C4h, 8Bh,0C3h, 53h
    735	0B1B  84 82 C3 73 86 C3			     db	      84h, 82h,0C3h, 73h, 86h,0C3h
    736	0B21  63 8E C3 43 85 C3			     db	      63h, 8Eh,0C3h, 43h, 85h,0C3h
    737	0B27  05 04 01 20 43 84			     db	      05h, 04h,	01h, 20h, 43h, 84h
    738	0B2D  C3 DD 86 82 C3 73			     db	     0C3h,0DDh,	86h, 82h,0C3h, 73h
    739	0B33  86 C3 63 8F C3 C4			     db	      86h,0C3h,	63h, 8Fh,0C3h,0C4h
    740	0B39  85 C3 09 04 84 C3			     db	      85h,0C3h,	09h, 04h, 84h,0C3h
    741	0B3F  C4 86 82 C3 73 86			     db	     0C4h, 86h,	82h,0C3h, 73h, 86h
    742	0B45  C3 63 8F C3 C4 85			     db	     0C3h, 63h,	8Fh,0C3h,0C4h, 85h
    743	0B4B  C3 09 04 84 C3 43			     db	     0C3h, 09h,	04h, 84h,0C3h, 43h
    744	0B51  DD 84 82 C3 53 DD			     db	     0DDh, 84h,	82h,0C3h, 53h,0DDh
    745	0B57  C4 86 C3 63 8F C3			     db	     0C4h, 86h,0C3h, 63h, 8Fh,0C3h
    746	0B5D  C4 85 C3 73 DD 88			     db	     0C4h, 85h,0C3h, 73h,0DDh, 88h
    747	0B63  C3 53 84 82 C3 73			     db	     0C3h, 53h,	84h, 82h,0C3h, 73h
    748	0B69  86 C3 63 8F C3 C4			     db	      86h,0C3h,	63h, 8Fh,0C3h,0C4h
    749	0B6F  85 C3 43 E0 53 88			     db	      85h,0C3h,	43h,0E0h, 53h, 88h
    750	0B75  C3 53 84 82 C3 73			     db	     0C3h, 53h,	84h, 82h,0C3h, 73h
    751	0B7B  86 C3 DD 53 8F C3			     db	      86h,0C3h,0DDh, 53h, 8Fh,0C3h
    752	0B81  C4 85 C3 43 8C C3			     db	     0C4h, 85h,0C3h, 43h, 8Ch,0C3h
    753	0B87  53 84 82 C3 73 86			     db	      53h, 84h,	82h,0C3h, 73h, 86h
    754	0B8D  C3 63 8F C3 C4 85			     db	     0C3h, 63h,	8Fh,0C3h,0C4h, 85h
    755	0B93  C3 43 8C C3 53 84			     db	     0C3h, 43h,	8Ch,0C3h, 53h, 84h
    756	0B99  43 DD 73 86 C3 63			     db	      43h,0DDh,	73h, 86h,0C3h, 63h
Turbo Assembler	 Version 2.01	     03/22/26 12:39:10	    Page 15
335BOSPT.asm



    757	0B9F  8F C3 C4 85 C3 C4			     db	      8Fh,0C3h,0C4h, 85h,0C3h,0C4h
    758	0BA5  8D C3 05 04 E0 73			     db	      8Dh,0C3h,	05h, 04h,0E0h, 73h
    759	0BAB  DD 43 86 C3 63 8F			     db	     0DDh, 43h,	86h,0C3h, 63h, 8Fh
    760	0BB1  C3 C4 85 C3 C4 8D			     db	     0C3h,0C4h,	85h,0C3h,0C4h, 8Dh
    761	0BB7  C3 06 04 07 04 87			     db	     0C3h, 06h,	04h, 07h, 04h, 87h
    762	0BBD  C3 53 8F C3 C4 85			     db	     0C3h, 53h,	8Fh,0C3h,0C4h, 85h
    763	0BC3  C3 C4 8D C3 C4 DD			     db	     0C3h,0C4h,	8Dh,0C3h,0C4h,0DDh
    764	0BC9  73 07 04 88 C3 43			     db	      73h, 07h,	04h, 88h,0C3h, 43h
    765	0BCF  85 C3 DD 43 86 C3			     db	      85h,0C3h,0DDh, 43h, 86h,0C3h
    766	0BD5  C4 8A C4 86 C3 E0			     db	     0C4h, 8Ah,0C4h, 86h,0C3h,0E0h
    767	0BDB  08 04 04 20 53 89			     db	      08h, 04h,	04h, 20h, 53h, 89h
    768	0BE1  C3 C4 85 C3 53 86			     db	     0C3h,0C4h,	85h,0C3h, 53h, 86h
    769	0BE7  C3 C4 89 63 84 C3			     db	     0C3h,0C4h,	89h, 63h, 84h,0C3h
    770	0BED  09 04 85 C3 43 89			     db	      09h, 04h,	85h,0C3h, 43h, 89h
    771	0BF3  C3 C4 85 C3 53 86			     db	     0C3h,0C4h,	85h,0C3h, 53h, 86h
    772	0BF9  C3 C4 8A C4 86 C3			     db	     0C3h,0C4h,	8Ah,0C4h, 86h,0C3h
    773	0BFF  C4 E0 07 04 85 C3			     db	     0C4h,0E0h,	07h, 04h, 85h,0C3h
    774	0C05  DD C4 89 C3 C4 85			     db	     0DDh,0C4h,	89h,0C3h,0C4h, 85h
    775	0C0B  C3 0A 04 94 C3 43			     db	     0C3h, 0Ah,	04h, 94h,0C3h, 43h
    776	0C11  DD 63 85 C3 43 89			     db	     0DDh, 63h,	85h,0C3h, 43h, 89h
    777	0C17  C3 C4 85 C3 0A 04			     db	     0C3h,0C4h,	85h,0C3h, 0Ah, 04h
    778	0C1D  94 C3 06 04 85 C3			     db	      94h,0C3h,	06h, 04h, 85h,0C3h
    779	0C23  43 89 C3 C4 85 C3			     db	      43h, 89h,0C3h,0C4h, 85h,0C3h
    780	0C29  63 DD 05 04 94 C3			     db	      63h,0DDh,	05h, 04h, 94h,0C3h
    781	0C2F  06 04 85 C3 43 89			     db	      06h, 04h,	85h,0C3h, 43h, 89h
    782	0C35  C3 C4 85 C3 06 04			     db	     0C3h,0C4h,	85h,0C3h, 06h, 04h
    783	0C3B  DD 53 94 D6 E1 05			     db	     0DDh, 53h,	94h,0D6h,0E1h, 05h
    784	0C41  04 85 C3 43 89 C7			     db	      04h, 85h,0C3h, 43h, 89h,0C7h
    785	0C47  C9 85 C3 53 95 C3			     db	     0C9h, 85h,0C3h, 53h, 95h,0C3h
    786	0C4D  C5 85 D6 E1 05 04			     db	     0C5h, 85h,0D6h,0E1h, 05h, 04h
    787	0C53  85 C3 43 88 D9 CC			     db	      85h,0C3h,	43h, 88h,0D9h,0CCh
    788	0C59  C9 85 C3 C4 DD C4			     db	     0C9h, 85h,0C3h,0C4h,0DDh,0C4h
    789	0C5F  41 50 C2 50 41 C1			     db	      41h, 50h,0C2h, 50h, 41h,0C1h
    790	0C65  89 C3 C4 85 D6 E1			     db	      89h,0C3h,0C4h, 85h,0D6h,0E1h
    791	0C6B  05 04 85 C3 43 87			     db	      05h, 04h,	85h,0C3h, 43h, 87h
    792	0C71  D9 CC C9 CA CB 84			     db	     0D9h,0CCh,0C9h,0CAh,0CBh, 84h
    793	0C77  C3 53 95 C3 C4 85			     db	     0C3h, 53h,	95h,0C3h,0C4h, 85h
    794	0C7D  D6 E1 05 04 85 C3			     db	     0D6h,0E1h,	05h, 04h, 85h,0C3h
    795	0C83  43 86 D9 CC 48 CA			     db	      43h, 86h,0D9h,0CCh, 48h,0CAh
    796	0C89  CB 84 C3 53 86 C3			     db	     0CBh, 84h,0C3h, 53h, 86h,0C3h
    797	0C8F  C4 8D C3 43 84 D6			     db	     0C4h, 8Dh,0C3h, 43h, 84h,0D6h
    798	0C95  E1 43 DD 53 85 C3			     db	     0E1h, 43h,0DDh, 53h, 85h,0C3h
    799	0C9B  43 85 D9 CC 48 C8			     db	      43h, 85h,0D9h,0CCh, 48h,0C8h
    800	0CA1  CB 85 C3 53 86 C3			     db	     0CBh, 85h,0C3h, 53h, 86h,0C3h
    801	0CA7  C4 8D C3 C4 DD 84			     db	     0C4h, 8Dh,0C3h,0C4h,0DDh, 84h
    802	0CAD  D6 E1 DD 73 85 C3			     db	     0D6h,0E1h,0DDh, 73h, 85h,0C3h
    803	0CB3  43 85 48 49 C7 C9			     db	      43h, 85h,	48h, 49h,0C7h,0C9h
    804	0CB9  CA 84 C3 43 DD 86			     db	     0CAh, 84h,0C3h, 43h,0DDh, 86h
    805	0CBF  C3 C4 8D C3 43 84			     db	     0C3h,0C4h,	8Dh,0C3h, 43h, 84h
    806	0CC5  D6 E1 05 04 85 C3			     db	     0D6h,0E1h,	05h, 04h, 85h,0C3h
    807	0CCB  DD C4 85 C3 C8 C7			     db	     0DDh,0C4h,	85h,0C3h,0C8h,0C7h
    808	0CD1  C9 49 85 C3 53 86			     db	     0C9h, 49h,	85h,0C3h, 53h, 86h
    809	0CD7  C3 C4 85 C3 C4 86			     db	     0C3h,0C4h,	85h,0C3h,0C4h, 86h
    810	0CDD  C3 43 84 C3 06 04			     db	     0C3h, 43h,	84h,0C3h, 06h, 04h
Turbo Assembler	 Version 2.01	     03/22/26 12:39:10	    Page 16
335BOSPT.asm



    811	0CE3  8D C3 C8 C7 C9 49			     db	      8Dh,0C3h,0C8h,0C7h,0C9h, 49h
    812	0CE9  85 C3 53 86 C3 DD			     db	      85h,0C3h,	53h, 86h,0C3h,0DDh
    813	0CEF  85 C3 DD 86 C3 43			     db	      85h,0C3h,0DDh, 86h,0C3h, 43h
    814	0CF5  84 C3 06 04 C1 41			     db	      84h,0C3h,	06h, 04h,0C1h, 41h
    815	0CFB  50 C2 C1 C2 40 C2			     db	      50h,0C2h,0C1h,0C2h, 40h,0C2h
    816	0D01  81 C3 43 CA CB 86			     db	      81h,0C3h,	43h,0CAh,0CBh, 86h
    817	0D07  C3 53 86 C3 C4 85			     db	     0C3h, 53h,	86h,0C3h,0C4h, 85h
    818	0D0D  C3 C4 86 C5 C4 85			     db	     0C3h,0C4h,	86h,0C5h,0C4h, 85h
    819	0D13  C3 C4 C5 73 8D C3			     db	     0C3h,0C4h,0C5h, 73h, 8Dh,0C3h
    820	0D19  43 CB 87 C3 DD 43			     db	      43h,0CBh,	87h,0C3h,0DDh, 43h
    821	0D1F  86 C3 C4 85 C3 43			     db	      86h,0C3h,0C4h, 85h,0C3h, 43h
    822	0D25  91 C3 43 85 C3 43			     db	      91h,0C3h,	43h, 85h,0C3h, 43h
    823	0D2B  85 C3 43 88 C3 DD			     db	      85h,0C3h,	43h, 88h,0C3h,0DDh
    824	0D31  43 86 C3 C4 85 C3			     db	      43h, 86h,0C3h,0C4h, 85h,0C3h
    825	0D37  43 C1 41 50 C2 40			     db	      43h,0C1h,	41h, 50h,0C2h, 40h
    826	0D3D  51 40 C2 C1 81 C3			     db	      51h, 40h,0C2h,0C1h, 81h,0C3h
    827	0D43  DD C4 85 C3 43 85			     db	     0DDh,0C4h,	85h,0C3h, 43h, 85h
    828	0D49  C3 43 85 C3 C4 DD			     db	     0C3h, 43h,	85h,0C3h,0C4h,0DDh
    829	0D4F  63 86 C3 C4 85 C3			     db	      63h, 86h,0C3h,0C4h, 85h,0C3h
    830	0D55  DD C4 91 C3 43 85			     db	     0DDh,0C4h,	91h,0C3h, 43h, 85h
    831	0D5B  C3 43 85 C3 C4 DD			     db	     0C3h, 43h,	85h,0C3h,0C4h,0DDh
    832	0D61  85 C3 05 04 86 C3			     db	      85h,0C3h,	05h, 04h, 86h,0C3h
    833	0D67  C4 85 C3 43 87 C3			     db	     0C4h, 85h,0C3h, 43h, 87h,0C3h
    834	0D6D  89 C3 43 85 C3 43			     db	      89h,0C3h,	43h, 85h,0C3h, 43h
    835	0D73  85 C3 43 85 C3 05			     db	      85h,0C3h,	43h, 85h,0C3h, 05h
    836	0D79  04 86 C3 C4 85 C3			     db	      04h, 86h,0C3h,0C4h, 85h,0C3h
    837	0D7F  43 87 C3 C5 43 86			     db	      43h, 87h,0C3h,0C5h, 43h, 86h
    838	0D85  C3 43 85 C3 43 85			     db	     0C3h, 43h,	85h,0C3h, 43h, 85h
    839	0D8B  C3 43 85 C3 05 04			     db	     0C3h, 43h,	85h,0C3h, 05h, 04h
    840	0D91  86 C3 C4 85 C3 43			     db	      86h,0C3h,0C4h, 85h,0C3h, 43h
    841	0D97  87 C3 53 86 C3 43			     db	      87h,0C3h,	53h, 86h,0C3h, 43h
    842	0D9D  85 C3 DD C4 85 C3			     db	      85h,0C3h,0DDh,0C4h, 85h,0C3h
    843	0DA3  43 85 C3 05 04 86			     db	      43h, 85h,0C3h, 05h, 04h, 86h
    844	0DA9  C3 DD 85 C3 43 87			     db	     0C3h,0DDh,	85h,0C3h, 43h, 87h
    845	0DAF  C3 53 86 C3 01 1D			     db	     0C3h, 53h,	86h,0C3h, 01h, 1Dh
    846	0DB5  85 C3 87 C3 43 85			     db	      85h,0C3h,	87h,0C3h, 43h, 85h
    847	0DBB  C3 63 DD C4 86 C3			     db	     0C3h, 63h,0DDh,0C4h, 86h,0C3h
    848	0DC1  C4 85 C3 C4 DD 87			     db	     0C4h, 85h,0C3h,0C4h,0DDh, 87h
    849	0DC7  C3 53 86 C3 43 85			     db	     0C3h, 53h,	86h,0C3h, 43h, 85h
    850	0DCD  C3 87 C3 43 85 C3			     db	     0C3h, 87h,0C3h, 43h, 85h,0C3h
    851	0DD3  06 04 DD 05 04 DD			     db	      06h, 04h,0DDh, 05h, 04h,0DDh
    852	0DD9  43 82 53 87 C3 53			     db	      43h, 82h,	53h, 87h,0C3h, 53h
    853	0DDF  86 C3 DD C4 85 C3			     db	      86h,0C3h,0DDh,0C4h, 85h,0C3h
    854	0DE5  43 85 C3 43 85 C3			     db	      43h, 85h,0C3h, 43h, 85h,0C3h
    855	0DEB  0A 04 DD 73 82			     db	      0Ah, 04h,0DDh, 73h, 82h
    856	0DF0			     loc_17:
    857	0DF0  53				     push    bx
    858				     ;*		     xchg    ax,bx
    859	0DF1  87 C3				     db	      87h,0C3h		     ;	Fixup -	byte match
    860	0DF3  43				     inc     bx
    861				     ;*		     fld     qword ptr ss:data_8e[bp]	     ; Push onto stack
    862	0DF4  DD 86 C3 43			     db	     0DDh, 86h,0C3h, 43h     ;	Fixup -	byte match
    863	0DF8  85 C3				     test    ax,bx
    864	0DFA  43				     inc     bx
Turbo Assembler	 Version 2.01	     03/22/26 12:39:10	    Page 17
335BOSPT.asm



    865	0DFB  85 C3				     test    ax,bx
    866	0DFD  43				     inc     bx
    867	0DFE  85 C3				     test    ax,bx
    868	0E00  15 8704				     adc     ax,8704h
    869	0E03  C3				     retn
    870										     ;*	No entry point to code
    871	0E04  53				     push    bx
    872	0E05  86 C3				     xchg    al,bl
    873	0E07  43				     inc     bx
    874	0E08  85 C3				     test    ax,bx
    875	0E0A  43				     inc     bx
    876	0E0B  85 C3				     test    ax,bx
    877	0E0D  43				     inc     bx
    878	0E0E  85 C3				     test    ax,bx
    879	0E10  C4 DD 10 04 DD 43			     db	     0C4h,0DDh,	10h, 04h,0DDh, 43h
    880	0E16  87 C3 53 86 C3 43			     db	      87h,0C3h,	53h, 86h,0C3h, 43h
    881	0E1C  85 C3 43 85 DD 43			     db	      85h,0C3h,	43h, 85h,0DDh, 43h
    882	0E22  85 C3 73 DD 63 DD			     db	      85h,0C3h,	73h,0DDh, 63h,0DDh
    883	0E28  0A 04 87 C3 DD 43			     db	      0Ah, 04h,	87h,0C3h,0DDh, 43h
    884	0E2E  86 C3 43 85 C3 43			     db	      86h,0C3h,	43h, 85h,0C3h, 43h
    885	0E34  85 C3 43 85 C3 53			     db	      85h,0C3h,	43h, 85h,0C3h, 53h
    886	0E3A  89 C3 53 DD 53 89			     db	      89h,0C3h,	53h,0DDh, 53h, 89h
    887	0E40  C3 06 04 44 53 85			     db	     0C3h, 06h,	04h, 44h, 53h, 85h
    888	0E46  C3 43 85 C3 73 DD			     db	     0C3h, 43h,	85h,0C3h, 73h,0DDh
    889	0E4C  73 89 C3 53 DD 53			     db	      73h, 89h,0C3h, 53h,0DDh, 53h
    890	0E52  89 C3 DD 73 44 63			     db	      89h,0C3h,0DDh, 73h, 44h, 63h
    891	0E58  85 C3 43 85 C3 53			     db	      85h,0C3h,	43h, 85h,0C3h, 53h
    892	0E5E  DD 06 04 89 DD 06			     db	     0DDh, 06h,	04h, 89h,0DDh, 06h
    893	0E64  04 89 C3 73 44 73			     db	      04h, 89h,0C3h, 73h, 44h, 73h
    894	0E6A  85 C3 43 85 C3 0A			     db	      85h,0C3h,	43h, 85h,0C3h, 0Ah
    895	0E70  04 89 C3 06 04 84			     db	      04h, 89h,0C3h, 06h, 04h, 84h
    896	0E76  C3 07 04 89 C2 50			     db	     0C3h, 07h,	04h, 89h,0C2h, 50h
    897	0E7C  81 C3 DD C4 8B			     db	      81h,0C3h,0DDh,0C4h, 8Bh
    898
    899	0E81			     locloop_18:
    900	0E81  C3				     retn
    901	0E82  63 DD 89 C3 06 04			     db	      63h,0DDh,	89h,0C3h, 06h, 04h
    902	0E88  84 C3 07 04 40 51			     db	      84h,0C3h,	07h, 04h, 40h, 51h
    903	0E8E  50 C2 85 C3 43 C1			     db	      50h,0C2h,	85h,0C3h, 43h,0C1h
    904	0E94  61 C1 C2 C1 41 81			     db	      61h,0C1h,0C2h,0C1h, 41h, 81h
    905	0E9A  C3 63 DD 89 C3 43			     db	     0C3h, 63h,0DDh, 89h,0C3h, 43h
    906	0EA0  E0 43 E0 C4 84 C3			     db	     0E0h, 43h,0E0h,0C4h, 84h,0C3h
    907	0EA6  C4 DD 05 04 89 63			     db	     0C4h,0DDh,	05h, 04h, 89h, 63h
    908	0EAC  E0 53 8B C3 53 8B			     db	     0E0h, 53h,	8Bh,0C3h, 53h, 8Bh
    909	0EB2  C3 C4 8A C3 07 04			     db	     0C3h,0C4h,	8Ah,0C3h, 07h, 04h
    910	0EB8  84 C3 43 E0 C4 0D			     db	      84h,0C3h,	43h,0E0h,0C4h, 0Dh
    911	0EBE  04 85 C3 53 8B C3			     db	      04h, 85h,0C3h, 53h, 8Bh,0C3h
    912	0EC4  C4 8A C3				     db	     0C4h, 8Ah,0C3h
    913
    914	0EC7			     locloop_19:
    915	0EC7  07				     pop     es
    916	0EC8  04 84				     add     al,84h
    917	0ECA  C3				     retn
    918	0ECB  63 0D 04 85 C3 73			     db	      63h, 0Dh,	04h, 85h,0C3h, 73h
Turbo Assembler	 Version 2.01	     03/22/26 12:39:10	    Page 18
335BOSPT.asm



    919	0ED1  89 C3 C4 8A C3 07			     db	      89h,0C3h,0C4h, 8Ah,0C3h, 07h
    920	0ED7  04 84 C3 63 E0 63			     db	      04h, 84h,0C3h, 63h,0E0h, 63h
    921	0EDD  E0 53 DD 63 85 C3			     db	     0E0h, 53h,0DDh, 63h, 85h,0C3h
    922	0EE3  73 89 C3 DD 8A C3			     db	      73h, 89h,0C3h,0DDh, 8Ah,0C3h
    923	0EE9  53 DD 43 DD C4 84			     db	      53h,0DDh,	43h,0DDh,0C4h, 84h
    924	0EEF  C3 63 89 C3 C4 DD			     db	     0C3h, 63h,	89h,0C3h,0C4h,0DDh
    925	0EF5  43 85 C3 C4 DD 53			     db	      43h, 85h,0C3h,0C4h,0DDh, 53h
    926	0EFB  89 C3 C4 8A C3 08			     db	      89h,0C3h,0C4h, 8Ah,0C3h, 08h
    927	0F01  04 88 C1 C2 50 84			     db	      04h, 88h,0C1h,0C2h, 50h, 84h
    928	0F07  C3 43 DD C4 85 C3			     db	     0C3h, 43h,0DDh,0C4h, 85h,0C3h
    929	0F0D  53 DD C4 89 C3 C4			     db	      53h,0DDh,0C4h, 89h,0C3h,0C4h
    930	0F13  8A C3 08 04 C2 50			     db	      8Ah,0C3h,	08h, 04h,0C2h, 50h
    931	0F19  41 40 89 C3 63 85			     db	      41h, 40h,	89h,0C3h, 63h, 85h
    932	0F1F  C3 53 8B C3 C4 8A			     db	     0C3h, 53h,	8Bh,0C3h,0C4h, 8Ah
    933	0F25  C3 E0 63 DD 53 88			     db	     0C3h,0E0h,	63h,0DDh, 53h, 88h
    934	0F2B  8B C3 43 85 C3 53			     db	      8Bh,0C3h,	43h, 85h,0C3h, 53h
    935	0F31  8B C3 C4 8C C3 05			     db	      8Bh,0C3h,0C4h, 8Ch,0C3h, 05h
    936	0F37  04 87 C3 E0 8B C3			     db	      04h, 87h,0C3h,0E0h, 8Bh,0C3h
    937	0F3D  87 C3 53 8B C3 8D			     db	      87h,0C3h,	53h, 8Bh,0C3h, 8Dh
    938	0F43  C3 DD 73 87 C3 C4			     db	     0C3h,0DDh,	73h, 87h,0C3h,0C4h
    939	0F49  8B C3 87 C3 53 8B			     db	      8Bh,0C3h,	87h,0C3h, 53h, 8Bh
    940	0F4F  C3 8D C3 05 04 87			     db	     0C3h, 8Dh,0C3h, 05h, 04h, 87h
    941	0F55  43 8B C3 43 85 C3			     db	      43h, 8Bh,0C3h, 43h, 85h,0C3h
    942	0F5B  53 99 C3 05 04 84			     db	      53h, 99h,0C3h, 05h, 04h, 84h
    943	0F61  C3 E0 53 8B C3 43			     db	     0C3h,0E0h,	53h, 8Bh,0C3h, 43h
    944	0F67  85 C3 53 99 C3 05			     db	      85h,0C3h,	53h, 99h,0C3h, 05h
    945	0F6D  04 84 C3 63 8B C3			     db	      04h, 84h,0C3h, 63h, 8Bh,0C3h
    946	0F73  43 85 C3 53 A4 C3			     db	      43h, 85h,0C3h, 53h,0A4h,0C3h
    947	0F79  63 8B C3 43 85 C3			     db	      63h, 8Bh,0C3h, 43h, 85h,0C3h
    948	0F7F  53 92 C3 DD 61 40			     db	      53h, 92h,0C3h,0DDh, 61h, 40h
    949	0F85  C2 40 51 40 82 C3			     db	     0C2h, 40h,	51h, 40h, 82h,0C3h
    950	0F8B  63 8B C3 43 85 C3			     db	      63h, 8Bh,0C3h, 43h, 85h,0C3h
    951	0F91  53 C2 40 51 40 61			     db	      53h,0C2h,	40h, 51h, 40h, 61h
    952	0F97  40 84 C3 DD 90 C3			     db	      40h, 84h,0C3h,0DDh, 90h,0C3h
    953	0F9D  63 85 C3 85 C3 C4			     db	      63h, 85h,0C3h, 85h,0C3h,0C4h
    954	0FA3  DD 85 C3 53 92 C3			     db	     0DDh, 85h,0C3h, 53h, 92h,0C3h
    955	0FA9  C4 95 85 C3 85 C3			     db	     0C4h, 95h,	85h,0C3h, 85h,0C3h
    956	0FAF  43 85 C3 C4 DD C4			     db	      43h, 85h,0C3h,0C4h,0DDh,0C4h
    957	0FB5  82 C4 84 DD 43 88			     db	      82h,0C4h,	84h,0DDh, 43h, 88h
    958	0FBB  C3 C4 95 85 C3 85			     db	     0C3h,0C4h,	95h, 85h,0C3h, 85h
    959	0FC1  C3 43 85 C3 53 81			     db	     0C3h, 43h,	85h,0C3h, 53h, 81h
    960	0FC7  63 82 DD 43 88 C3			     db	      63h, 82h,0DDh, 43h, 88h,0C3h
    961	0FCD  C4 95 8B C3 43 85			     db	     0C4h, 95h,	8Bh,0C3h, 43h, 85h
    962	0FD3  C3 53 82 C4 83 C3			     db	     0C3h, 53h,	82h,0C4h, 83h,0C3h
    963	0FD9  53 88 C3 C4 DD 43			     db	      53h, 88h,0C3h,0C4h,0DDh, 43h
    964	0FDF  88 C3 43 85 C3 C4			     db	      88h,0C3h,	43h, 85h,0C3h,0C4h
    965	0FE5  8B C3 53 8E C3 53			     db	      8Bh,0C3h,	53h, 8Eh,0C3h, 53h
    966	0FEB  88 C3 C4 DD 43 88			     db	      88h,0C3h,0C4h,0DDh, 43h, 88h
    967	0FF1  C3 43 85 C3 C4 8B			     db	     0C3h, 43h,	85h,0C3h,0C4h, 8Bh
    968	0FF7  C3 53 8E C3 53 88			     db	     0C3h, 53h,	8Eh,0C3h, 53h, 88h
    969	0FFD  C3 63 88 C3 43 85			     db	     0C3h, 63h,	88h,0C3h, 43h, 85h
    970	1003  C3 C4 8B C3 73 8C			     db	     0C3h,0C4h,	8Bh,0C3h, 73h, 8Ch
    971	1009  C3 53 88 C3 63 88			     db	     0C3h, 53h,	88h,0C3h, 63h, 88h
    972	100F  C3 43 85 C3 C4 8B			     db	     0C3h, 43h,	85h,0C3h,0C4h, 8Bh
Turbo Assembler	 Version 2.01	     03/22/26 12:39:10	    Page 19
335BOSPT.asm



    973	1015  C3 C4 DD 53 8C C3			     db	     0C3h,0C4h,0DDh, 53h, 8Ch,0C3h
    974	101B  43 DD 86 C3 05 04			     db	      43h,0DDh,	86h,0C3h, 05h, 04h
    975	1021  88 C3 C4 DD 85 C3			     db	      88h,0C3h,0C4h,0DDh, 85h,0C3h
    976	1027  DD 8B C3 05 04 8B			     db	     0DDh, 8Bh,0C3h, 05h, 04h, 8Bh
    977	102D  C3 43 DD 86 C3 73			     db	     0C3h, 43h,0DDh, 86h,0C3h, 73h
    978	1033  DD 88 C3 43 85 C3			     db	     0DDh, 88h,0C3h, 43h, 85h,0C3h
    979	1039  DD 8B C3 05 04 8B			     db	     0DDh, 8Bh,0C3h, 05h, 04h, 8Bh
    980	103F  C3 53 86 C3 43 DD			     db	     0C3h, 53h,	86h,0C3h, 43h,0DDh
    981	1045  43 C5 88 C3 43 85			     db	      43h,0C5h,	88h,0C3h, 43h, 85h
    982	104B  C3 C4 85 C3 C5 85			     db	     0C3h,0C4h,	85h,0C3h,0C5h, 85h
    983	1051  C3 63 8C C3 53 86			     db	     0C3h, 63h,	8Ch,0C3h, 53h, 86h
    984	1057  C3 DD 53 44 88 C3			     db	     0C3h,0DDh,	53h, 44h, 88h,0C3h
    985	105D  DD C4 85 C3 C4 85			     db	     0DDh,0C4h,	85h,0C3h,0C4h, 85h
    986	1063  C3 C4 85 C3 63 8C			     db	     0C3h,0C4h,	85h,0C3h, 63h, 8Ch
    987	1069  C3 53 86 C3 53 44			     db	     0C3h, 53h,	86h,0C3h, 53h, 44h
    988	106F  C4 88 C3 43 85 C3			     db	     0C4h, 88h,0C3h, 43h, 85h,0C3h
    989	1075  C4 85 C3 C4 85 C3			     db	     0C4h, 85h,0C3h,0C4h, 85h,0C3h
    990	107B  43 8E C3 DD 43 86			     db	      43h, 8Eh,0C3h,0DDh, 43h, 86h
    991	1081  C3 43 44 C4 C5 88			     db	     0C3h, 43h,	44h,0C4h,0C5h, 88h
    992	1087  C3 DD C4 85 C3 DD			     db	     0C3h,0DDh,0C4h, 85h,0C3h,0DDh
    993	108D  85 C3 C4 85 C3 43			     db	      85h,0C3h,0C4h, 85h,0C3h, 43h
    994	1093  8E C3 C4 DD C4 86			     db	      8Eh,0C3h,0C4h,0DDh,0C4h, 86h
    995	1099  C3 C4 C5 43 C5 C4			     db	     0C3h,0C4h,0C5h, 43h,0C5h,0C4h
    996	109F  88 C3 43 85 C3 C4			     db	      88h,0C3h,	43h, 85h,0C3h,0C4h
    997	10A5  85 C3 C5 85 C3 43			     db	      85h,0C3h,0C5h, 85h,0C3h, 43h
    998	10AB  84 C3 89 C3 53 86			     db	      84h,0C3h,	89h,0C3h, 53h, 86h
    999
   1000	10B1			     locloop_20:
   1001	10B1  C3				     retn
   1002										     ;*	No entry point to code
   1003	10B2  C5 43 DD				     lds     ax,dword ptr [bp+di-23h]	     ; Load seg:offset ptr
   1004	10B5  43				     inc     bx
   1005				     ;*		     mov     bl,al
   1006	10B6  88 C3				     db	      88h,0C3h		     ;	Fixup -	byte match
   1007	10B8  43				     inc     bx
   1008	10B9  85 C3				     test    ax,bx
   1009	10BB  C4 85 C4C3			     les     ax,dword ptr ds:data_1e[di]     ; Load seg:offset ptr
   1010	10BF  85 C3				     test    ax,bx
   1011	10C1  43				     inc     bx
   1012	10C2  84 C3				     test    al,bl
   1013				     ;*		     mov     bx,ax
   1014	10C4  89 C3				     db	      89h,0C3h		     ;	Fixup -	byte match
   1015	10C6  53				     push    bx
   1016	10C7  86 C3				     xchg    al,bl
   1017	10C9  05 8804				     add     ax,8804h
   1018	10CC  C3				     retn
   1019										     ;*	No entry point to code
   1020	10CD  43				     inc     bx
   1021	10CE  85 C3				     test    ax,bx
   1022	10D0  C4 85 C4C3			     les     ax,dword ptr ds:data_13e[di]    ; Load seg:offset ptr
   1023	10D4  85 C3				     test    ax,bx
   1024	10D6  43				     inc     bx
   1025	10D7  8E C3				     mov     es,bx
   1026	10D9  43				     inc     bx
Turbo Assembler	 Version 2.01	     03/22/26 12:39:10	    Page 20
335BOSPT.asm



   1027				     ;*		     fld     qword ptr ss:data_10e[bp]	     ; Push onto stack
   1028	10DA  DD 86 C3 73			     db	     0DDh, 86h,0C3h, 73h     ;	Fixup -	byte match
   1029				     ;*		     db	     0DDh, 88h,0C3h,0C4h,0DDh, 85h
   1030	10DE  DD 88 C3 C4 DD 85			     db	     0DDh, 88h,0C3h,0C4h,0DDh, 85h   ;	Fixup -	byte match
   1031	10E4  C3 C4 85 C3 C4 85			     db	     0C3h,0C4h,	85h,0C3h,0C4h, 85h
   1032	10EA  C3 43 8E C3 53 86			     db	     0C3h, 43h,	8Eh,0C3h, 53h, 86h
   1033	10F0  C3 73 DD 88 C3 43			     db	     0C3h, 73h,0DDh, 88h,0C3h, 43h
   1034	10F6  87 85 C3 C4 85 C3			     db	      87h, 85h,0C3h,0C4h, 85h,0C3h
   1035	10FC  63 8C C3 53 86 C3			     db	      63h, 8Ch,0C3h, 53h, 86h,0C3h
   1036	1102  05 04 88 C3 43 87			     db	      05h, 04h,	88h,0C3h, 43h, 87h
   1037	1108  85 C3 C4 85 C3 63			     db	      85h,0C3h,0C4h, 85h,0C3h, 63h
   1038	110E  8C C3 53 86 C3 E0			     db	      8Ch,0C3h,	53h, 86h,0C3h,0E0h
   1039	1114  43 E0 43 88 C3 43			     db	      43h,0E0h,	43h, 88h,0C3h, 43h
   1040	111A  87 85 C3 C4 85 C3			     db	      87h, 85h,0C3h,0C4h, 85h,0C3h
   1041	1120  63 8C C3 43 DD 95			     db	      63h, 8Ch,0C3h, 43h,0DDh, 95h
   1042	1126  C3 43 85 C3 E0 85			     db	     0C3h, 43h,	85h,0C3h,0E0h, 85h
   1043	112C  C3 C4 85 C3 63 8C			     db	     0C3h,0C4h,	85h,0C3h, 63h, 8Ch
   1044	1132  C3 53 50 41 50 61			     db	     0C3h, 53h,	50h, 41h, 50h, 61h
   1045	1138  60 61 81 C3 43 85			     db	      60h, 61h,	81h,0C3h, 43h, 85h
   1046	113E  C3 C4 85 C3 C4 85			     db	     0C3h,0C4h,	85h,0C3h,0C4h, 85h
   1047	1144  C3 DD 63 8B C3 DD			     db	     0C3h,0DDh,	63h, 8Bh,0C3h,0DDh
   1048	114A  43 95 C3 43 85 C3			     db	      43h, 95h,0C3h, 43h, 85h,0C3h
   1049	1150  C4 85 C3 C4 85 C3			     db	     0C4h, 85h,0C3h,0C4h, 85h,0C3h
   1050	1156  73 8B C3 53 95 C3			     db	      73h, 8Bh,0C3h, 53h, 95h,0C3h
   1051	115C  43 85 C3 C4 E0 53			     db	      43h, 85h,0C3h,0C4h,0E0h, 53h
   1052	1162  E0 C4 DD 85 C3 63			     db	     0E0h,0C4h,0DDh, 85h,0C3h, 63h
   1053	1168  8C C3 53 86 C3 43			     db	      8Ch,0C3h,	53h, 86h,0C3h, 43h
   1054	116E  C5 01 20 73 E0 53			     db	     0C5h, 01h,	20h, 73h,0E0h, 53h
   1055	1174  DD 53 E0 73 06 04			     db	     0DDh, 53h,0E0h, 73h, 06h, 04h
   1056	117A  85 C3 63 8C C3 53			     db	      85h,0C3h,	63h, 8Ch,0C3h, 53h
   1057	1180  86 C3 C4 C5 C4 44			     db	      86h,0C3h,0C4h,0C5h,0C4h, 44h
   1058	1186  73 DD 0C 04 C4 01			     db	      73h,0DDh,	0Ch, 04h,0C4h, 01h
   1059	118C  1D 53 DD 85 C3 C4			     db	      1Dh, 53h,0DDh, 85h,0C3h,0C4h
   1060	1192  8F C3 DD 53 E0 43			     db	      8Fh,0C3h,0DDh, 53h,0E0h, 43h
   1061	1198  E0 43 C5 C4 44 13			     db	     0E0h, 43h,0C5h,0C4h, 44h, 13h
   1062	119E  04 53 E0 53 85 C3			     db	      04h, 53h,0E0h, 53h, 85h,0C3h
   1063	11A4  C4 8F C3 08 04 C5			     db	     0C4h, 8Fh,0C3h, 08h, 04h,0C5h
   1064	11AA  05 04 E0 C4 E0 0C			     db	      05h, 04h,0E0h,0C4h,0E0h, 0Ch
   1065	11B0  04 E0 C4 85 C3 C4			     db	      04h,0E0h,0C4h, 85h,0C3h,0C4h
   1066	11B6  85 C3 C4 85 C3 53			     db	      85h,0C3h,0C4h, 85h,0C3h, 53h
   1067	11BC  86 C3 0B 04 8F C3			     db	      86h,0C3h,	0Bh, 04h, 8Fh,0C3h
   1068	11C2  53 83 85 C3 C4 85			     db	      53h, 83h,	85h,0C3h,0C4h, 85h
   1069	11C8  C3 C4 85 C3 53 86			     db	     0C3h,0C4h,	85h,0C3h, 53h, 86h
   1070	11CE  C3 0B 04 8F C3 C4			     db	     0C3h, 0Bh,	04h, 8Fh,0C3h,0C4h
   1071	11D4  01 1D 83 85 C3 DD			     db	      01h, 1Dh,	83h, 85h,0C3h,0DDh
   1072	11DA  85 C3 C4 85 C3 C4			     db	      85h,0C3h,0C4h, 85h,0C3h,0C4h
   1073	11E0  E0 C4 86 C3 0B 04			     db	     0E0h,0C4h,	86h,0C3h, 0Bh, 04h
   1074	11E6  8F C3 53 83 85 C3			     db	      8Fh,0C3h,	53h, 83h, 85h,0C3h
   1075	11EC  C4 85 C3 C4 8F C3			     db	     0C4h, 85h,0C3h,0C4h, 8Fh,0C3h
   1076	11F2  53 E0 C4 E0 63 E0			     db	      53h,0E0h,0C4h,0E0h, 63h,0E0h
   1077	11F8  C4 C1 C2 40 41 40			     db	     0C4h,0C1h,0C2h, 40h, 41h, 40h
   1078	11FE  87 C3 53 83 85 C3			     db	      87h,0C3h,	53h, 83h, 85h,0C3h
   1079	1204  C4 85 C3 C4 40 51			     db	     0C4h, 85h,0C3h,0C4h, 40h, 51h
   1080	120A  C1 51 40 41 C1 81			     db	     0C1h, 51h,	40h, 41h,0C1h, 81h
Turbo Assembler	 Version 2.01	     03/22/26 12:39:10	    Page 21
335BOSPT.asm



   1081	1210  C3 43 99 C3 53 83			     db	     0C3h, 43h,	99h,0C3h, 53h, 83h
   1082	1216  85 C3 C4 85 C3 DD			     db	      85h,0C3h,0C4h, 85h,0C3h,0DDh
   1083	121C  8F C3 43 8F C3 C4			     db	      8Fh,0C3h,	43h, 8Fh,0C3h,0C4h
   1084	1222  88 C3 53 83 85 C3			     db	      88h,0C3h,	53h, 83h, 85h,0C3h
   1085	1228  DD 85 C3 C4 85 C3			     db	     0DDh, 85h,0C3h,0C4h, 85h,0C3h
   1086	122E  E0 73 E0 73 C2 40			     db	     0E0h, 73h,0E0h, 73h,0C2h, 40h
   1087	1234  41 40 41 40 C2 40			     db	      41h, 40h,	41h, 40h,0C2h, 40h
   1088	123A  81 C3 C4 88 C3 43			     db	      81h,0C3h,0C4h, 88h,0C3h, 43h
   1089	1240  DD 83 85 C3 C4 85			     db	     0DDh, 83h,	85h,0C3h,0C4h, 85h
   1090	1246  C3 C4 85 C3 0B 04			     db	     0C3h,0C4h,	85h,0C3h, 0Bh, 04h
   1091	124C  99 C3 53 83 85 C3			     db	      99h,0C3h,	53h, 83h, 85h,0C3h
   1092	1252  C4 85 C3 C4 85 C3			     db	     0C4h, 85h,0C3h,0C4h, 85h,0C3h
   1093	1258  09 04 DD C4 85 C3			     db	      09h, 04h,0DDh,0C4h, 85h,0C3h
   1094	125E  43 54 8E C3 53 83			     db	      43h, 54h,	8Eh,0C3h, 53h, 83h
   1095	1264  93 C3 43 DD 08 04			     db	      93h,0C3h,	43h,0DDh, 08h, 04h
   1096	126A  85 C3 C4 C5 C4 C5			     db	      85h,0C3h,0C4h,0C5h,0C4h,0C5h
   1097	1270  C4 8E C3 53 83 C1			     db	     0C4h, 8Eh,0C3h, 53h, 83h,0C1h
   1098	1276  05 02 40 41 C1 41			     db	      05h, 02h,	40h, 41h,0C1h, 41h
   1099	127C  60 81 C3 05 04 8B			     db	      60h, 81h,0C3h, 05h, 04h, 8Bh
   1100	1282  C3 C5 C4 C5 43 8E			     db	     0C3h,0C5h,0C4h,0C5h, 43h, 8Eh
   1101	1288  C3 53 C7 40 93 C3			     db	     0C3h, 53h,0C7h, 40h, 93h,0C3h
   1102	128E  05 04 70 41 50 81			     db	      05h, 04h,	70h, 41h, 50h, 81h
   1103	1294  C3 73 C1 C2 C1 41			     db	     0C3h, 73h,0C1h,0C2h,0C1h, 41h
   1104	129A  40 87 C3 43 DD 83			     db	      40h, 87h,0C3h, 43h,0DDh, 83h
   1105	12A0  84 CB 81 CB 8C C3			     db	      84h,0CBh,	81h,0CBh, 8Ch,0C3h
   1106	12A6  05 04 8B C3 63 DD			     db	      05h, 04h,	8Bh,0C3h, 63h,0DDh
   1107	12AC  8E C3 53 83 83 C3			     db	      8Eh,0C3h,	53h, 83h, 83h,0C3h
   1108	12B2  CA CB CA CB 8B C3			     db	     0CAh,0CBh,0CAh,0CBh, 8Bh,0C3h
   1109	12B8  43 DD 53 85 C3 0A			     db	      43h,0DDh,	53h, 85h,0C3h, 0Ah
   1110	12BE  04 84 C3 C4 88 C3			     db	      04h, 84h,0C3h,0C4h, 88h,0C3h
   1111	12C4  53 83 83 C4 C9 C8			     db	      53h, 83h,	83h,0C4h,0C9h,0C8h
   1112	12CA  49 4A 89 C3 05 04			     db	      49h, 4Ah,	89h,0C3h, 05h, 04h
   1113	12D0  85 C3 0A 04 84 C3			     db	      85h,0C3h,	0Ah, 04h, 84h,0C3h
   1114	12D6  C4 88 C3 53 83 83			     db	     0C4h, 88h,0C3h, 53h, 83h, 83h
   1115	12DC  C4 C8 58 CA 4A 88			     db	     0C4h,0C8h,	58h,0CAh, 4Ah, 88h
   1116	12E2  C3 05 04 85 C3 0A			     db	     0C3h, 05h,	04h, 85h,0C3h, 0Ah
   1117	12E8  04 84 C3 C4 88 C3			     db	      04h, 84h,0C3h,0C4h, 88h,0C3h
   1118	12EE  73 81 01 20 C4 46			     db	      73h, 81h,	01h, 20h,0C4h, 46h
   1119	12F4  68 CA CB 88 C3 05			     db	      68h,0CAh,0CBh, 88h,0C3h, 05h
   1120	12FA  04 95 C3 C4 88 C3			     db	      04h, 95h,0C3h,0C4h, 88h,0C3h
   1121	1300  05 04 53 46 78 CA			     db	      05h, 04h,	53h, 46h, 78h,0CAh
   1122	1306  CB 87 C3 DD 73 95			     db	     0CBh, 87h,0C3h,0DDh, 73h, 95h
   1123	130C  C3 73 84 C3 73 DD			     db	     0C3h, 73h,	84h,0C3h, 73h,0DDh
   1124	1312  C4 C7 C8 C7 78 49			     db	     0C4h,0C7h,0C8h,0C7h, 78h, 49h
   1125	1318  CB 87 C3 05 04 97			     db	     0CBh, 87h,0C3h, 05h, 04h, 97h
   1126	131E  C3 53 84 C3 05 04			     db	     0C3h, 53h,	84h,0C3h, 05h, 04h
   1127	1324  C4 C7 06 09 CA CB			     db	     0C4h,0C7h,	06h, 09h,0CAh,0CBh
   1128	132A  88 C3 05 04 97 C3			     db	      88h,0C3h,	05h, 04h, 97h,0C3h
   1129	1330  53 84 C3 C4 DD 63			     db	      53h, 84h,0C3h,0C4h,0DDh, 63h
   1130	1336  C4 C7 C9 C7 48 C7			     db	     0C4h,0C7h,0C9h,0C7h, 48h,0C7h
   1131	133C  48 CA CB 88 C3 05			     db	      48h,0CAh,0CBh, 88h,0C3h, 05h
   1132	1342  04 97 C3 E0 43 84			     db	      04h, 97h,0C3h,0E0h, 43h, 84h
   1133	1348  C3 C4 DD 63 63 48			     db	     0C3h,0C4h,0DDh, 63h, 63h, 48h
   1134	134E  C7 68 CB 87 C3 05			     db	     0C7h, 68h,0CBh, 87h,0C3h, 05h
Turbo Assembler	 Version 2.01	     03/22/26 12:39:10	    Page 22
335BOSPT.asm



   1135	1354  04 91 C3 C4 8C C3			     db	      04h, 91h,0C3h,0C4h, 8Ch,0C3h
   1136	135A  05 04 73 DD 43 68			     db	      05h, 04h,	73h,0DDh, 43h, 68h
   1137	1360  CA CB 85 C3 05 04			     db	     0CAh,0CBh,	85h,0C3h, 05h, 04h
   1138	1366  91 C3 C4 C1 41 40			     db	      91h,0C3h,0C4h,0C1h, 41h, 40h
   1139	136C  61 40 81 C3 05 04			     db	      61h, 40h,	81h,0C3h, 05h, 04h
   1140	1372  07 04 C7 58 49 CB			     db	      07h, 04h,0C7h, 58h, 49h,0CBh
   1141	1378  84 C3 05 04 91 C3			     db	      84h,0C3h,	05h, 04h, 91h,0C3h
   1142	137E  DD 8C C3 53 01 1D			     db	     0DDh, 8Ch,0C3h, 53h, 01h, 1Dh
   1143	1384  C4 3C 00 10 3F 00			     db	     0C4h, 3Ch,	00h, 10h, 3Fh, 00h
   1144	138A  10 3F 00 27 42 00			     db	      10h, 3Fh,	00h, 27h, 42h, 00h
   1145	1390  3A 61 00 06 76 00			     db	      3Ah, 61h,	00h, 06h, 76h, 00h
   1146	1396  34 79 00 24 A9 00			     db	      34h, 79h,	00h, 24h,0A9h, 00h
   1147	139C  17 B7 00 2E CC 00			     db	      17h,0B7h,	00h, 2Eh,0CCh, 00h
   1148	13A2  36 FF FF FF FF 03			     db	      36h,0FFh,0FFh,0FFh,0FFh, 03h
   1149	13A8  80 AA F8 00 0C 00			     db	      80h,0AAh,0F8h, 00h, 0Ch, 00h
   1150	13AE  0C 40 8A 07 00 13			     db	      0Ch, 40h,	8Ah, 07h, 00h, 13h
   1151	13B4  00 0D 40 B6 06 00			     db	      00h, 0Dh,	40h,0B6h, 06h, 00h
   1152	13BA  14 00 11 40 A7 0B			     db	      14h, 00h,	11h, 40h,0A7h, 0Bh
   1153	13C0  00 14 00 15 80 BE			     db	      00h, 14h,	00h, 15h, 80h,0BEh
   1154	13C6  0F 00 19 00 32 40			     db	      0Fh, 00h,	19h, 00h, 32h, 40h
   1155	13CC  B4 2E 00 3C 00 4F			     db	     0B4h, 2Eh,	00h, 3Ch, 00h, 4Fh
   1156	13D2  40 99 45 00 5C 00			     db	      40h, 99h,	45h, 00h, 5Ch, 00h
   1157	13D8  57 40 91 4D 00 63			     db	      57h, 40h,	91h, 4Dh, 00h, 63h
   1158	13DE  00 6D 40 9D 69 00			     db	      00h, 6Dh,	40h, 9Dh, 69h, 00h
   1159	13E4  74 00 90 40 18 8B			     db	      74h, 00h,	90h, 40h, 18h, 8Bh
   1160	13EA  00 97 00 9A 40 B3			     db	      00h, 97h,	00h, 9Ah, 40h,0B3h
   1161	13F0  93 00 A1 00 9F 80			     db	      93h, 00h,0A1h, 00h, 9Fh, 80h
   1162	13F6  2B 97 00 A7 00 C7			     db	      2Bh, 97h,	00h,0A7h, 00h,0C7h
   1163	13FC  40 27 BD 00 D0 00			     db	      40h, 27h,0BDh, 00h,0D0h, 00h
   1164	1402  C8 80 06 C1 00 D3			     db	     0C8h, 80h,	06h,0C1h, 00h,0D3h
   1165	1408  00 DE 40 94 D0 00			     db	      00h,0DEh,	40h, 94h,0D0h, 00h
   1166	140E  E5 00 F2 80 B4 E8			     db	     0E5h, 00h,0F2h, 80h,0B4h,0E8h
   1167	1414  00 F6 00 FD 80 A5			     db	      00h,0F6h,	00h,0FDh, 80h,0A5h
   1168	141A  F8 00 03 00 FF FF			     db	     0F8h, 00h,	03h, 00h,0FFh,0FFh
   1169	1420  0C 00 1B 81 0E 0C			     db	      0Ch, 00h,	1Bh, 81h, 0Eh, 0Ch
   1170	1426  00 1B 00 FF FF FF			     db	      00h, 1Bh,	00h,0FFh,0FFh,0FFh
   1171	142C  1E 00 1C 84 0E 1E			     db	      1Eh, 00h,	1Ch, 84h, 0Eh, 1Eh
   1172	1432  00 1C 00 FF FF FF			     db	      00h, 1Ch,	00h,0FFh,0FFh,0FFh
   1173	1438  1F 00 05 80 06 04			     db	      1Fh, 00h,	05h, 80h, 06h, 04h
   1174	143E  00 FF 00 FF FF FF			     db	      00h,0FFh,	00h,0FFh,0FFh,0FFh
   1175	1444  5A 00 25 84 0E 5A			     db	      5Ah, 00h,	25h, 84h, 0Eh, 5Ah
   1176	144A  00 25 00 FF FF FF			     db	      00h, 25h,	00h,0FFh,0FFh,0FFh
   1177	1450  80 00 29 81 0F B0			     db	      80h, 00h,	29h, 81h, 0Fh,0B0h
   1178	1456  00 39 00 FF FF FF			     db	      00h, 39h,	00h,0FFh,0FFh,0FFh
   1179	145C  8F 00 3E C4 0F B1			     db	      8Fh, 00h,	3Eh,0C4h, 0Fh,0B1h
   1180	1462  00 11 00 FF FF FF			     db	      00h, 11h,	00h,0FFh,0FFh,0FFh
   1181	1468  92 00 0A C2 0F D5			     db	      92h, 00h,	0Ah,0C2h, 0Fh,0D5h
   1182	146E  00 32 00 FF FF FF			     db	      00h, 32h,	00h,0FFh,0FFh,0FFh
   1183	1474  96 00 1E 82 0E 96			     db	      96h, 00h,	1Eh, 82h, 0Eh, 96h
   1184	147A  00 1E 00 FF FF FF			     db	      00h, 1Eh,	00h,0FFh,0FFh,0FFh
   1185	1480  A9 00 1E 82 0E A9			     db	     0A9h, 00h,	1Eh, 82h, 0Eh,0A9h
   1186	1486  00 1E 00 FF FF FF			     db	      00h, 1Eh,	00h,0FFh,0FFh,0FFh
   1187	148C  B0 00 39 C1 0F 80			     db	     0B0h, 00h,	39h,0C1h, 0Fh, 80h
   1188	1492  00 29 00 FF FF FF			     db	      00h, 29h,	00h,0FFh,0FFh,0FFh
Turbo Assembler	 Version 2.01	     03/22/26 12:39:10	    Page 23
335BOSPT.asm



   1189	1498  B1 00 11 84 0F 8F			     db	     0B1h, 00h,	11h, 84h, 0Fh, 8Fh
   1190	149E  00 3E 00 FF FF FF			     db	      00h, 3Eh,	00h,0FFh,0FFh,0FFh
   1191	14A4  BC 00 1E 81 0E BC			     db	     0BCh, 00h,	1Eh, 81h, 0Eh,0BCh
   1192	14AA  00 1E 00 FF FF FF			     db	      00h, 1Eh,	00h,0FFh,0FFh,0FFh
   1193	14B0  D5 00 32 82 0F 92			     db	     0D5h, 00h,	32h, 82h, 0Fh, 92h
   1194	14B6  00 0A 00 FF FF FF			     db	      00h, 0Ah,	00h,0FFh,0FFh,0FFh
   1195	14BC  DD 00 01 82 0E 83			     db	     0DDh, 00h,	01h, 82h, 0Eh, 83h
   1196	14C2  00 1E 00 FF FF FF			     db	      00h, 1Eh,	00h,0FFh,0FFh,0FFh
   1197	14C8  F9 00 0F 84 0E F9			     db	     0F9h, 00h,	0Fh, 84h, 0Eh,0F9h
   1198	14CE  00 0F 00 FF FF FF			     db	      00h, 0Fh,	00h,0FFh,0FFh,0FFh
   1199	14D4  FF FF 2B 00 02 33			     db	     0FFh,0FFh,	2Bh, 00h, 02h, 33h
   1200	14DA  D5 00 00 FF FF 2B			     db	     0D5h, 00h,	00h,0FFh,0FFh, 2Bh
   1201	14E0  00 01 3A D5 00 FF			     db	      00h, 01h,	3Ah,0D5h, 00h,0FFh
   1202	14E6  45 D5 FF FF FF FF			     db	      45h,0D5h,0FFh,0FFh,0FFh,0FFh
   1203	14EC  2C 00 80 BA D5 00			     db	      2Ch, 00h,	80h,0BAh,0D5h, 00h
   1204	14F2  FF C5 D5 FF FF FF			     db	     0FFh,0C5h,0D5h,0FFh,0FFh,0FFh
   1205	14F8  FF 2C 00 40 33 D6			     db	     0FFh, 2Ch,	00h, 40h, 33h,0D6h
   1206	14FE  00 00 FF FF 2C 00			     db	      00h, 00h,0FFh,0FFh, 2Ch, 00h
   1207	1504  20 03 D7 00 00 FF			     db	      20h, 03h,0D7h, 00h, 00h,0FFh
   1208	150A  FF 2C 00 10 C3 D7			     db	     0FFh, 2Ch,	00h, 10h,0C3h,0D7h
   1209	1510  00 00 FF FF FF FF			     db	      00h, 00h,0FFh,0FFh,0FFh,0FFh
   1210	1516  18 AF 00 0F			     db	      18h,0AFh,	00h, 0Fh
   1211	151A  43 61 76 65 72 6E	20+		     db	     'Cavern of	Plata'
   1212	      6F 66 20 50 6C 61	74+
   1213	      61
   1214	1529  13 00 05 0A 0A 00			     db	      13h, 00h,	05h, 0Ah, 0Ah, 00h
   1215	152F  00 37 FF D0 00 00			     db	      00h, 37h,0FFh,0D0h, 00h, 00h
   1216	1535  20 00 19 00 2B 00			     db	      20h, 00h,	19h, 00h, 2Bh, 00h
   1217	153B  02 00 00 06 00 16			     db	      02h, 00h,	00h, 06h, 00h, 16h
   1218	1541  FF 73 00 04 20 00			     db	     0FFh, 73h,	00h, 04h, 20h, 00h
   1219	1547  00 00 2B 00 01 00			     db	      00h, 00h,	2Bh, 00h, 01h, 00h
   1220	154D  00 0B 00 14 FF 00			     db	      00h, 0Bh,	00h, 14h,0FFh, 00h
   1221	1553  00 00 10 00 00 00			     db	      00h, 00h,	10h, 00h, 00h, 00h
   1222	1559  0B 00 14 00 00 0B			     db	      0Bh, 00h,	14h, 00h, 00h, 0Bh
   1223	155F  00 16 FF 01 00 00			     db	      00h, 16h,0FFh, 01h, 00h, 00h
   1224	1565  10 00 00 00 0B 00			     db	      10h, 00h,	00h, 00h, 0Bh, 00h
   1225	156B  16 01 00 1D 00 11			     db	      16h, 01h,	00h, 1Dh, 00h, 11h
   1226	1571  FF 04 00 00 00 00			     db	     0FFh, 04h,	00h, 00h, 00h, 00h
   1227	1577  00 00 1D 00 11 04			     db	      00h, 00h,	1Dh, 00h, 11h, 04h
   1228	157D  00 23 00 0E FF 03			     db	      00h, 23h,	00h, 0Eh,0FFh, 03h
   1229	1583  00 00 00 00 00 00			     db	      00h, 00h,	00h, 00h, 00h, 00h
   1230	1589  23 00 0E 03 00 24			     db	      23h, 00h,	0Eh, 03h, 00h, 24h
   1231	158F  00 16 FF 03 00 00			     db	      00h, 16h,0FFh, 03h, 00h, 00h
   1232	1595  00 00 00 00 24 00			     db	      00h, 00h,	00h, 00h, 24h, 00h
   1233	159B  16 03 00 26 00 23			     db	      16h, 03h,	00h, 26h, 00h, 23h
   1234	15A1  FF 04 00 00 00 00			     db	     0FFh, 04h,	00h, 00h, 00h, 00h
   1235	15A7  00 00 26 00 23 04			     db	      00h, 00h,	26h, 00h, 23h, 04h
   1236	15AD  00 2C 00 11 FF 04			     db	      00h, 2Ch,	00h, 11h,0FFh, 04h
   1237	15B3  00 00 00 00 00 00			     db	      00h, 00h,	00h, 00h, 00h, 00h
   1238	15B9  2C 00 11 04 00 3C			     db	      2Ch, 00h,	11h, 04h, 00h, 3Ch
   1239	15BF  00 02 FF 73 00 00			     db	      00h, 02h,0FFh, 73h, 00h, 00h
   1240	15C5  20 00 18 00 2C 00			     db	      20h, 00h,	18h, 00h, 2Ch, 00h
   1241	15CB  80 00 00 44 00 1E			     db	      80h, 00h,	00h, 44h, 00h, 1Eh
   1242	15D1  FF 02 00 00 00 00			     db	     0FFh, 02h,	00h, 00h, 00h, 00h
Turbo Assembler	 Version 2.01	     03/22/26 12:39:10	    Page 24
335BOSPT.asm



   1243	15D7  00 00 44 00 1E 02			     db	      00h, 00h,	44h, 00h, 1Eh, 02h
   1244	15DD  00 4C 00 38 FF 02			     db	      00h, 4Ch,	00h, 38h,0FFh, 02h
   1245	15E3  00 00 00 00 00 00			     db	      00h, 00h,	00h, 00h, 00h, 00h
   1246	15E9  4C 00 38 02 00 4D			     db	      4Ch, 00h,	38h, 02h, 00h, 4Dh
   1247	15EF  00 16 FF D0 00 00			     db	      00h, 16h,0FFh,0D0h, 00h, 00h
   1248	15F5  00 00 00 00 FF FF			     db	      00h, 00h,	00h, 00h,0FFh,0FFh
   1249	15FB  00 00 00 4E 00 3C			     db	      00h, 00h,	00h, 4Eh, 00h, 3Ch
   1250	1601  FF 04 00 00 00 00			     db	     0FFh, 04h,	00h, 00h, 00h, 00h
   1251	1607  00 00 4E 00 3C 04			     db	      00h, 00h,	4Eh, 00h, 3Ch, 04h
   1252	160D  00 59 00 16 FF D0			     db	      00h, 59h,	00h, 16h,0FFh,0D0h
   1253	1613  00 00 00 00 00 00			     db	      00h, 00h,	00h, 00h, 00h, 00h
   1254	1619  FF FF 00 00 00 58			     db	     0FFh,0FFh,	00h, 00h, 00h, 58h
   1255	161F  00 1E FF 03 00 00			     db	      00h, 1Eh,0FFh, 03h, 00h, 00h
   1256	1625  00 00 00 00 58 00			     db	      00h, 00h,	00h, 00h, 58h, 00h
   1257	162B  1E 03 00 5F 00 1E			     db	      1Eh, 03h,	00h, 5Fh, 00h, 1Eh
   1258	1631  FF D0 00 00 20 00			     db	     0FFh,0D0h,	00h, 00h, 20h, 00h
   1259	1637  19 00 2C 00 40 00			     db	      19h, 00h,	2Ch, 00h, 40h, 00h
   1260	163D  00 5F 00 35 FF 03			     db	      00h, 5Fh,	00h, 35h,0FFh, 03h
   1261	1643  00 00 00 00 00 00			     db	      00h, 00h,	00h, 00h, 00h, 00h
   1262	1649  5F 00 35 03 00 6C			     db	      5Fh, 00h,	35h, 03h, 00h, 6Ch
   1263	164F  00 26 FF 04 00 00			     db	      00h, 26h,0FFh, 04h, 00h, 00h
   1264	1655  00 00 00 00 6C 00			     db	      00h, 00h,	00h, 00h, 6Ch, 00h
   1265	165B  26 04 00 6E 00 0C			     db	      26h, 04h,	00h, 6Eh, 00h, 0Ch
   1266	1661  FF 02 00 00 00 00			     db	     0FFh, 02h,	00h, 00h, 00h, 00h
   1267	1667  00 00 6E 00 0C 02			     db	      00h, 00h,	6Eh, 00h, 0Ch, 02h
   1268	166D  00 71 00 21 FF 03			     db	      00h, 71h,	00h, 21h,0FFh, 03h
   1269	1673  00 00 00 00 00 00			     db	      00h, 00h,	00h, 00h, 00h, 00h
   1270	1679  71 00 21 03 00 76			     db	      71h, 00h,	21h, 03h, 00h, 76h
   1271	167F  00 02 FF 03 00 00			     db	      00h, 02h,0FFh, 03h, 00h, 00h
   1272	1685  00 00 00 00 76 00			     db	      00h, 00h,	00h, 00h, 76h, 00h
   1273	168B  02 03 00 82 00 26			     db	      02h, 03h,	00h, 82h, 00h, 26h
   1274	1691  FF 04 00 00 00 00			     db	     0FFh, 04h,	00h, 00h, 00h, 00h
   1275	1697  00 00 82 00 26 04			     db	      00h, 00h,	82h, 00h, 26h, 04h
   1276	169D  00 84 00 11 FF 04			     db	      00h, 84h,	00h, 11h,0FFh, 04h
   1277	16A3  00 00 00 00 00 00			     db	      00h, 00h,	00h, 00h, 00h, 00h
   1278	16A9  84 00 11 04 00 84			     db	      84h, 00h,	11h, 04h, 00h, 84h
   1279	16AF  00 22 FF 02 00 00			     db	      00h, 22h,0FFh, 02h, 00h, 00h
   1280	16B5  00 00 00 00 84 00			     db	      00h, 00h,	00h, 00h, 84h, 00h
   1281	16BB  22 02 00 86 00 00			     db	      22h, 02h,	00h, 86h, 00h, 00h
   1282	16C1  FF 00 00 00 10 00			     db	     0FFh, 00h,	00h, 00h, 10h, 00h
   1283	16C7  00 00 86 00 00 00			     db	      00h, 00h,	86h, 00h, 00h, 00h
   1284	16CD  00 86 00 02 FF 01			     db	      00h, 86h,	00h, 02h,0FFh, 01h
   1285	16D3  00 00 10 00 00 00			     db	      00h, 00h,	10h, 00h, 00h, 00h
   1286	16D9  86 00 02 01 00 86			     db	      86h, 00h,	02h, 01h, 00h, 86h
   1287	16DF  00 0C FF 03 00 00			     db	      00h, 0Ch,0FFh, 03h, 00h, 00h
   1288	16E5  00 00 00 00 86 00			     db	      00h, 00h,	00h, 00h, 86h, 00h
   1289	16EB  0C 03 00 86 00 33			     db	      0Ch, 03h,	00h, 86h, 00h, 33h
   1290	16F1  FF 02 00 00 00 00			     db	     0FFh, 02h,	00h, 00h, 00h, 00h
   1291	16F7  00 00 86 00 33 02			     db	      00h, 00h,	86h, 00h, 33h, 02h
   1292	16FD  00 88 00 0C FF D0			     db	      00h, 88h,	00h, 0Ch,0FFh,0D0h
   1293	1703  00 00 20 00 19 00			     db	      00h, 00h,	20h, 00h, 19h, 00h
   1294	1709  2C 00 20 00 00 8B			     db	      2Ch, 00h,	20h, 00h, 00h, 8Bh
   1295	170F  00 0C FF 03 00 00			     db	      00h, 0Ch,0FFh, 03h, 00h, 00h
   1296	1715  00 00 00 00 8B 00			     db	      00h, 00h,	00h, 00h, 8Bh, 00h
Turbo Assembler	 Version 2.01	     03/22/26 12:39:10	    Page 25
335BOSPT.asm



   1297	171B  0C 03 00 8D 00 1E			     db	      0Ch, 03h,	00h, 8Dh, 00h, 1Eh
   1298	1721  FF 02 00 00 00 00			     db	     0FFh, 02h,	00h, 00h, 00h, 00h
   1299	1727  00 00 8D 00 1E 02			     db	      00h, 00h,	8Dh, 00h, 1Eh, 02h
   1300	172D  00 90 00 3A FF 04			     db	      00h, 90h,	00h, 3Ah,0FFh, 04h
   1301	1733  00 00 00 00 00 00			     db	      00h, 00h,	00h, 00h, 00h, 00h
   1302	1739  90 00 3A 04 00 9A			     db	      90h, 00h,	3Ah, 04h, 00h, 9Ah
   1303	173F  00 31 FF D0 00 00			     db	      00h, 31h,0FFh,0D0h, 00h, 00h
   1304	1745  00 00 00 00 FF FF			     db	      00h, 00h,	00h, 00h,0FFh,0FFh
   1305	174B  00 00 00 9B 00 0F			     db	      00h, 00h,	00h, 9Bh, 00h, 0Fh
   1306	1751  FF 02 00 00 00 00			     db	     0FFh, 02h,	00h, 00h, 00h, 00h
   1307	1757  00 00 9B 00 0F 02			     db	      00h, 00h,	9Bh, 00h, 0Fh, 02h
   1308	175D  00 9C 00 01 FF 00			     db	      00h, 9Ch,	00h, 01h,0FFh, 00h
   1309	1763  00 00 10 00 00 00			     db	      00h, 00h,	10h, 00h, 00h, 00h
   1310	1769  9C 00 01 00 00 9C			     db	      9Ch, 00h,	01h, 00h, 00h, 9Ch
   1311	176F  00 03 FF 01 00 00			     db	      00h, 03h,0FFh, 01h, 00h, 00h
   1312	1775  10 00 00 00 9C 00			     db	      10h, 00h,	00h, 00h, 9Ch, 00h
   1313	177B  03 01 00 B0 00 1E			     db	      03h, 01h,	00h,0B0h, 00h, 1Eh
   1314	1781  FF 00 00 00 10 00			     db	     0FFh, 00h,	00h, 00h, 10h, 00h
   1315	1787  00 00 B0 00 1E 00			     db	      00h, 00h,0B0h, 00h, 1Eh, 00h
   1316	178D  00 B0 00 20 FF 01			     db	      00h,0B0h,	00h, 20h,0FFh, 01h
   1317	1793  00 00 10 00 00 00			     db	      00h, 00h,	10h, 00h, 00h, 00h
   1318	1799  B0 00 20 01 00 B0			     db	     0B0h, 00h,	20h, 01h, 00h,0B0h
   1319	179F  00 31 FF 03 00 00			     db	      00h, 31h,0FFh, 03h, 00h, 00h
   1320	17A5  00 00 00 00 B0 00			     db	      00h, 00h,	00h, 00h,0B0h, 00h
   1321	17AB  31 03 00 B1 00 06			     db	      31h, 03h,	00h,0B1h, 00h, 06h
   1322	17B1  FF 04 00 00 00 00			     db	     0FFh, 04h,	00h, 00h, 00h, 00h
   1323	17B7  00 00 B1 00 06 04			     db	      00h, 00h,0B1h, 00h, 06h, 04h
   1324	17BD  00 B2 00 27 FF D0			     db	      00h,0B2h,	00h, 27h,0FFh,0D0h
   1325	17C3  00 00 20 00 18 00			     db	      00h, 00h,	20h, 00h, 18h, 00h
   1326	17C9  2C 00 10 00 00 BD			     db	      2Ch, 00h,	10h, 00h, 00h,0BDh
   1327	17CF  00 17 FF 04 00 00			     db	      00h, 17h,0FFh, 04h, 00h, 00h
   1328	17D5  00 00 00 00 BD 00			     db	      00h, 00h,	00h, 00h,0BDh, 00h
   1329	17DB  17 04 00 C0 00 2C			     db	      17h, 04h,	00h,0C0h, 00h, 2Ch
   1330	17E1  FF 02 00 00 00 00			     db	     0FFh, 02h,	00h, 00h, 00h, 00h
   1331	17E7  00 00 C0 00 2C 02			     db	      00h, 00h,0C0h, 00h, 2Ch, 02h
   1332	17ED  00 C4 00 09 FF 03			     db	      00h,0C4h,	00h, 09h,0FFh, 03h
   1333	17F3  00 00 00 00 00 00			     db	      00h, 00h,	00h, 00h, 00h, 00h
   1334	17F9  C4 00 09 03 00 C5			     db	     0C4h, 00h,	09h, 03h, 00h,0C5h
   1335	17FF  00 0C FF 04 00 00			     db	      00h, 0Ch,0FFh, 04h, 00h, 00h
   1336	1805  00 00 00 00 C5 00			     db	      00h, 00h,	00h, 00h,0C5h, 00h
   1337	180B  0C 04 00 CD 00 1C			     db	      0Ch, 04h,	00h,0CDh, 00h, 1Ch
   1338	1811  FF D0 00 00 00 00			     db	     0FFh,0D0h,	00h, 00h, 00h, 00h
   1339	1817  00 00 FF FF 00 00			     db	      00h, 00h,0FFh,0FFh, 00h, 00h
   1340	181D  00 D0 00 0F FF D0			     db	      00h,0D0h,	00h, 0Fh,0FFh,0D0h
   1341	1823  00 00 00 00 00 00			     db	      00h, 00h,	00h, 00h, 00h, 00h
   1342	1829  FF FF 00 00 00 D0			     db	     0FFh,0FFh,	00h, 00h, 00h,0D0h
   1343	182F  00 11 FF D0 00 00			     db	      00h, 11h,0FFh,0D0h, 00h, 00h
   1344	1835  00 00 00 00 FF FF			     db	      00h, 00h,	00h, 00h,0FFh,0FFh
   1345	183B  00 00 00 D4 00 3C			     db	      00h, 00h,	00h,0D4h, 00h, 3Ch
   1346	1841  FF 03 00 00 00 00			     db	     0FFh, 03h,	00h, 00h, 00h, 00h
   1347	1847  00 00 D4 00 3C 03			     db	      00h, 00h,0D4h, 00h, 3Ch, 03h
   1348	184D  00 D6 00 25 FF 02			     db	      00h,0D6h,	00h, 25h,0FFh, 02h
   1349	1853  00 00 00 00 00 00			     db	      00h, 00h,	00h, 00h, 00h, 00h
   1350	1859  D6 00 25 02 00 D8			     db	     0D6h, 00h,	25h, 02h, 00h,0D8h
Turbo Assembler	 Version 2.01	     03/22/26 12:39:10	    Page 26
335BOSPT.asm



   1351	185F  00 0F FF D0 00 00			     db	      00h, 0Fh,0FFh,0D0h, 00h, 00h
   1352	1865  00 00 00 00 FF FF			     db	      00h, 00h,	00h, 00h,0FFh,0FFh
   1353	186B  00 00 00 D8 00 11			     db	      00h, 00h,	00h,0D8h, 00h, 11h
   1354	1871  FF D0 00 00 00 00			     db	     0FFh,0D0h,	00h, 00h, 00h, 00h
   1355	1877  00 00 FF FF 00 00			     db	      00h, 00h,0FFh,0FFh, 00h, 00h
   1356	187D  00 DE 00 0A FF 02			     db	      00h,0DEh,	00h, 0Ah,0FFh, 02h
   1357	1883  00 00 00 00 00 00			     db	      00h, 00h,	00h, 00h, 00h, 00h
   1358	1889  DE 00 0A 02 00 DE			     db	     0DEh, 00h,	0Ah, 02h, 00h,0DEh
   1359	188F  00 11 FF D0 00 00			     db	      00h, 11h,0FFh,0D0h, 00h, 00h
   1360	1895  00 00 00 00 FF FF			     db	      00h, 00h,	00h, 00h,0FFh,0FFh
   1361	189B  00 00 00 DE 00 1B			     db	      00h, 00h,	00h,0DEh, 00h, 1Bh
   1362	18A1  FF 03 00 00 00 00			     db	     0FFh, 03h,	00h, 00h, 00h, 00h
   1363	18A7  00 00 DE 00 1B 03			     db	      00h, 00h,0DEh, 00h, 1Bh, 03h
   1364	18AD  00 E6 00 1B FF 02			     db	      00h,0E6h,	00h, 1Bh,0FFh, 02h
   1365	18B3  00 00 00 00 00 00			     db	      00h, 00h,	00h, 00h, 00h, 00h
   1366	18B9  E6 00 1B 02 00 E8			     db	     0E6h, 00h,	1Bh, 02h, 00h,0E8h
   1367	18BF  00 35 FF 00 00 00			     db	      00h, 35h,0FFh, 00h, 00h, 00h
   1368	18C5  10 00 00 00 E8 00			     db	      10h, 00h,	00h, 00h,0E8h, 00h
   1369	18CB  35 00 00 E8 00 37			     db	      35h, 00h,	00h,0E8h, 00h, 37h
   1370	18D1  FF 01 00 00 10 00			     db	     0FFh, 01h,	00h, 00h, 10h, 00h
   1371	18D7  00 00 E8 00 37 01			     db	      00h, 00h,0E8h, 00h, 37h, 01h
   1372	18DD  00 F4 00 37 FF 02			     db	      00h,0F4h,	00h, 37h,0FFh, 02h
   1373	18E3  00 00 00 00 00 00			     db	      00h, 00h,	00h, 00h, 00h, 00h
   1374	18E9  F4 00 37 02 00 FF			     db	     0F4h, 00h,	37h, 02h, 00h,0FFh
   1375	18EF  FF				     db	     0FFh
   1376
   1377	18F0			     zr3_35	     endp
   1378
   1379	18F0			     seg_a	     ends
   1380
   1381
   1382
   1383						     end     start
Turbo Assembler	 Version 2.01	     03/22/26 12:39:10	    Page 27
Symbol Table




Symbol Name			  Type	 Value

??DATE				  Text	 "03/22/26"
??FILENAME			  Text	 "335BOSPT"
??TIME				  Text	 "12:39:09"
??VERSION			  Number 0201
@CPU				  Text	 0101H
@CURSEG				  Text	 SEG_A
@FILENAME			  Text	 335BOSPT
@WORDSIZE			  Text	 2
DATA_10E			  Number 73C3
DATA_11E			  Number 84C3
DATA_12E			  Number A1D3
DATA_13E			  Number C4C3
DATA_14E			  Number C5C3
DATA_15E			  Number DDC3
DATA_16E			  Number E004
DATA_1E				  Number C4C3
DATA_3				  Word	 SEG_A:05C3
DATA_4				  Word	 SEG_A:06C3
DATA_5				  Word	 SEG_A:07C3
DATA_6				  Word	 SEG_A:0AC3
DATA_7E				  Number 1CD3
DATA_8E				  Number 43C3
DATA_9E				  Number 53C3
LOCLOOP_1			  Near	 SEG_A:00CB
LOCLOOP_10			  Near	 SEG_A:05F1
LOCLOOP_12			  Near	 SEG_A:05FF
LOCLOOP_15			  Near	 SEG_A:08A4
LOCLOOP_18			  Near	 SEG_A:0E81
LOCLOOP_19			  Near	 SEG_A:0EC7
LOCLOOP_2			  Near	 SEG_A:014A
LOCLOOP_20			  Near	 SEG_A:10B1
LOC_13				  Near	 SEG_A:083C
LOC_14				  Near	 SEG_A:0851
LOC_17				  Near	 SEG_A:0DF0
LOC_3				  Near	 SEG_A:01C8
LOC_4				  Near	 SEG_A:046F
LOC_5				  Near	 SEG_A:0471
LOC_8				  Near	 SEG_A:051B
LOC_9				  Near	 SEG_A:0585
START				  Near	 SEG_A:0000
TARGET				  Number 5432
ZR3_35				  Far	 SEG_A:0000

Macro Name

CALLF
CALLFX
CALLS
JMPN
JMPS
Turbo Assembler	 Version 2.01	     03/22/26 12:39:10	    Page 28
Symbol Table




Groups & Segments		  Bit Size Align  Combine Class

SEG_A				  16  18F0 Byte	  Public
